Archive member included because of file (symbol)

../../external/mbed/LPC1768/mbed.ar(stdio.LPC1768.o)
                              ../../src/syscalls.o (_sys_close)
../../external/mbed/LPC1768/mbed.ar(Base.LPC1768.o)
                              ../../external/mbed/LPC1768/mbed.ar(stdio.LPC1768.o) (_ZTIN4mbed4BaseE)
../../external/mbed/LPC1768/capi.ar(startup_LPC17xx.LPC1768.o)
                              (Reset_Handler)
../../external/mbed/LPC1768/capi.ar(system_LPC17xx.LPC1768.o)
                              ../../external/mbed/LPC1768/capi.ar(startup_LPC17xx.LPC1768.o) (SystemInit)
../../external/mbed/LPC1768/capi.ar(core_cm3.LPC1768.o)
                              ../../src/syscalls.o (__get_MSP)
../../external/mbed/LPC1768/capi.ar(serial_api.LPC1768.o)
                              ../../external/mbed/LPC1768/mbed.ar(stdio.LPC1768.o) (serial_baud)
../../external/mbed/LPC1768/capi.ar(exit.LPC1768.o)
                              ../../src/gcc4mbed.o (exit)
../../external/mbed/LPC1768/capi.ar(pinmap.LPC1768.o)
                              ../../external/mbed/LPC1768/capi.ar(serial_api.LPC1768.o) (pinmap_merge)
../../external/mbed/LPC1768/capi.ar(semihost_api.LPC1768.o)
                              ../../external/mbed/LPC1768/capi.ar(exit.LPC1768.o) (semihost_exit)
../../external/mbed/LPC1768/capi.ar(utils_api.LPC1768.o)
                              ../../external/mbed/LPC1768/capi.ar(exit.LPC1768.o) (mbed_die)
../../external/mbed/LPC1768/capi.ar(wait_api.LPC1768.o)
                              ../../external/mbed/LPC1768/capi.ar(utils_api.LPC1768.o) (wait_ms)
../../external/mbed/LPC1768/capi.ar(gpio_api.LPC1768.o)
                              ../../external/mbed/LPC1768/capi.ar(utils_api.LPC1768.o) (gpio_output)
../../external/mbed/LPC1768/capi.ar(us_ticker_api.LPC1768.o)
                              ../../external/mbed/LPC1768/capi.ar(wait_api.LPC1768.o) (us_ticker_read)
../../external/mbed/LPC1768/capi.ar(timer_api.LPC1768.o)
                              ../../external/mbed/LPC1768/capi.ar(us_ticker_api.LPC1768.o) (timer_frequency)
../../external/gcc/LPC1768/libstdc++.a(class_type_info.o)
                              ../../external/mbed/LPC1768/mbed.ar(stdio.LPC1768.o) (_ZTVN10__cxxabiv117__class_type_infoE)
../../external/gcc/LPC1768/libstdc++.a(del_op.o)
                              ../../external/mbed/LPC1768/mbed.ar(stdio.LPC1768.o) (_ZdlPv)
../../external/gcc/LPC1768/libstdc++.a(del_opv.o)
                              ../../external/mbed/LPC1768/mbed.ar(Base.LPC1768.o) (_ZdaPv)
../../external/gcc/LPC1768/libstdc++.a(dyncast.o)
                              ../../external/mbed/LPC1768/mbed.ar(stdio.LPC1768.o) (__dynamic_cast)
../../external/gcc/LPC1768/libstdc++.a(new_op.o)
                              ../../external/mbed/LPC1768/mbed.ar(Base.LPC1768.o) (_Znwj)
../../external/gcc/LPC1768/libstdc++.a(new_opv.o)
                              ../../external/mbed/LPC1768/mbed.ar(Base.LPC1768.o) (_Znaj)
../../external/gcc/LPC1768/libstdc++.a(pure.o)
                              ../../external/mbed/LPC1768/mbed.ar(stdio.LPC1768.o) (__cxa_pure_virtual)
../../external/gcc/LPC1768/libstdc++.a(si_class_type_info.o)
                              ../../external/mbed/LPC1768/mbed.ar(stdio.LPC1768.o) (_ZTVN10__cxxabiv120__si_class_type_infoE)
../../external/gcc/LPC1768/libstdc++.a(tinfo.o)
                              ../../external/gcc/LPC1768/libstdc++.a(class_type_info.o) (_ZNSt9type_infoD2Ev)
../../external/gcc/LPC1768/libstdc++.a(vmi_class_type_info.o)
                              ../../external/mbed/LPC1768/mbed.ar(stdio.LPC1768.o) (_ZTVN10__cxxabiv121__vmi_class_type_infoE)
../../external/gcc/LPC1768/libstdc++.a(eh_terminate.o)
                              ../../external/gcc/LPC1768/libstdc++.a(pure.o) (_ZSt9terminatev)
../../external/gcc/LPC1768/libstdc++.a(eh_unex_handler.o)
                              ../../external/gcc/LPC1768/libstdc++.a(eh_terminate.o) (_ZN10__cxxabiv120__unexpected_handlerE)
../../external/gcc/LPC1768/libstdc++.a(new_handler.o)
                              ../../external/gcc/LPC1768/libstdc++.a(new_op.o) (__new_handler)
../../external/gcc/LPC1768/libstdc++.a(eh_exception.o)
                              ../../external/gcc/LPC1768/libstdc++.a(new_handler.o) (_ZNSt9exceptionD2Ev)
../../external/gcc/LPC1768/libstdc++.a(eh_term_handler.o)
                              ../../external/gcc/LPC1768/libstdc++.a(eh_terminate.o) (_ZN10__cxxabiv119__terminate_handlerE)
../../external/gcc/LPC1768/libstdc++.a(vterminate.o)
                              ../../external/gcc/LPC1768/libstdc++.a(eh_term_handler.o) (_ZN9__gnu_cxx27__verbose_terminate_handlerEv)
../../external/gcc/LPC1768/libstdc++.a(cp-demangle.o)
                              ../../external/gcc/LPC1768/libstdc++.a(vterminate.o) (__cxa_demangle)
../../external/gcc/LPC1768/libstdc++.a(eh_type.o)
                              ../../external/gcc/LPC1768/libstdc++.a(vterminate.o) (__cxa_current_exception_type)
[...]
Memory Configuration

Name             Origin             Length             Attributes
IROM             0x00000000         0x00080000         xr
IRAM0            0x10000000         0x00008000         xrw
IRAM1            0x2007c000         0x00004000         xrw
IRAM2            0x20080000         0x00004000         xrw
*default*        0x00000000         0xffffffff

Linker script and memory map

LOAD /media/6aafac43-5450-453e-a142-f588400933c0/Sandbox/arm/bin/../lib/gcc/arm-none-eabi/4.5.2/thumb2/crti.o
LOAD /media/6aafac43-5450-453e-a142-f588400933c0/Sandbox/arm/bin/../lib/gcc/arm-none-eabi/4.5.2/thumb2/crtbegin.o
LOAD ../../src/gcc4mbed.o
LOAD ../../src/syscalls.o
LOAD ../../external/mbed/LPC1768/mbed.ar
LOAD ../../external/mbed/LPC1768/capi.ar
LOAD ../../external/FATFileSystem/LPC1768/FATFileSystem.ar
LOAD ../../external/gcc/LPC1768/libstdc++.a
LOAD ../../external/gcc/LPC1768/libm.a
START GROUP
LOAD /media/6aafac43-5450-453e-a142-f588400933c0/Sandbox/arm/bin/../lib/gcc/arm-none-eabi/4.5.2/thumb2/libgcc.a
LOAD ../../external/gcc/LPC1768/libc.a
END GROUP
LOAD /media/6aafac43-5450-453e-a142-f588400933c0/Sandbox/arm/bin/../lib/gcc/arm-none-eabi/4.5.2/thumb2/crtend.o
LOAD /media/6aafac43-5450-453e-a142-f588400933c0/Sandbox/arm/bin/../lib/gcc/arm-none-eabi/4.5.2/thumb2/crtn.o

.text           0x00000000      0x318
 *(RESET)
 RESET          0x00000000       0xc4 ../../external/mbed/LPC1768/capi.ar(startup_LPC17xx.LPC1768.o)
                0x00000000                __Vectors
 *(.text .text.*)
 .text          0x000000c4       0x30 /media/6aafac43-5450-453e-a142-f588400933c0/Sandbox/arm/bin/../lib/gcc/arm-none-eabi/4.5.2/thumb2/crtbegin.o
 .text.__main   0x000000f4      0x108 ../../src/gcc4mbed.o
                0x000000f4                __main
 .text          0x000001fc       0x24 ../../external/mbed/LPC1768/capi.ar(startup_LPC17xx.LPC1768.o)
                0x000001fc                Reset_Handler
                0x00000204                NMI_Handler
                0x00000206                HardFault_Handler
                0x00000208                MemManage_Handler
                0x0000020a                BusFault_Handler
                0x0000020c                UsageFault_Handler
                0x0000020e                SVC_Handler
                0x00000210                DebugMon_Handler
                0x00000212                PendSV_Handler
                0x00000214                SysTick_Handler
                0x00000216                TIMER2_IRQHandler
                0x00000216                RIT_IRQHandler
                0x00000216                I2C0_IRQHandler
                0x00000216                PWM1_IRQHandler
                0x00000216                I2C1_IRQHandler
                0x00000216                EINT2_IRQHandler
                0x00000216                UART1_IRQHandler
                0x00000216                EINT3_IRQHandler
                0x00000216                TIMER3_IRQHandler
                0x00000216                UART0_IRQHandler
                0x00000216                PLL0_IRQHandler
                0x00000216                CAN_IRQHandler
                0x00000216                PLL1_IRQHandler
                0x00000216                SSP0_IRQHandler
                0x00000216                I2S_IRQHandler
                0x00000216                I2C2_IRQHandler
                0x00000216                RTC_IRQHandler
                0x00000216                TIMER0_IRQHandler
                0x00000216                SPI_IRQHandler
                0x00000216                EINT1_IRQHandler
                0x00000216                TIMER1_IRQHandler
                0x00000216                UART2_IRQHandler
                0x00000216                ADC_IRQHandler
                0x00000216                SSP1_IRQHandler
                0x00000216                USB_IRQHandler
                0x00000216                BOD_IRQHandler
                0x00000216                WDT_IRQHandler
                0x00000216                QEI_IRQHandler
                0x00000216                EINT0_IRQHandler
                0x00000216                DMA_IRQHandler
                0x00000216                UART3_IRQHandler
                0x00000216                MCPWM_IRQHandler
                0x00000216                ENET_IRQHandler
 .text.setup_aeabi_stdio
                0x00000220       0x28 ../../external/gcc/LPC1768/libc.a(lib_a-clibabi_stdio.o)
 .text.__libc_init_array
                0x00000248       0x48 ../../external/gcc/LPC1768/libc.a(lib_a-init.o)
                0x00000248                __libc_init_array
 *(.gnu.linkonce.t.*)
 *(.glue_7)
 .glue_7        0x00000000        0x0 linker stubs
 *(.glue_7t)
 .glue_7t       0x00000000        0x0 linker stubs
 *(.gcc_except_table)
 *(.rodata .rodata*)
 .rodata.str1.1
                0x00000290        0x2 ../../external/gcc/LPC1768/libc.a(lib_a-impure.o)
 *fill*         0x00000292        0x2 00
 .rodata.__sf_fake_stdin
                0x00000294       0x20 ../../external/gcc/LPC1768/libc.a(lib_a-findfp.o)
                0x00000294                __sf_fake_stdin
 .rodata.__sf_fake_stdout
                0x000002b4       0x20 ../../external/gcc/LPC1768/libc.a(lib_a-findfp.o)
                0x000002b4                __sf_fake_stdout
 .rodata.__sf_fake_stderr
                0x000002d4       0x20 ../../external/gcc/LPC1768/libc.a(lib_a-findfp.o)
                0x000002d4                __sf_fake_stderr
 *(.gnu.linkonce.r.*)
                0x000002f4                . = ALIGN (0x4)
 *(.init)
 .init          0x000002f4        0x4 /media/6aafac43-5450-453e-a142-f588400933c0/Sandbox/arm/bin/../lib/gcc/arm-none-eabi/4.5.2/thumb2/crti.o
                0x000002f4                _init
 .init          0x000002f8        0x8 /media/6aafac43-5450-453e-a142-f588400933c0/Sandbox/arm/bin/../lib/gcc/arm-none-eabi/4.5.2/thumb2/crtn.o
                0x00000300                . = ALIGN (0x4)
                0x00000300                __preinit_array_start = .
 *(.preinit_array)
 .preinit_array
                0x00000300        0x4 ../../external/gcc/LPC1768/libc.a(lib_a-clibabi_stdio.o)
                0x00000304                __preinit_array_end = .
                0x00000304                . = ALIGN (0x4)
                0x00000304                __init_array_start = .
 *(SORT(.init_array.*))
 *(.init_array)
 .init_array    0x00000304        0x4 /media/6aafac43-5450-453e-a142-f588400933c0/Sandbox/arm/bin/../lib/gcc/arm-none-eabi/4.5.2/thumb2/crtbegin.o
                0x00000308                __init_array_end = .
                0x00000308                . = ALIGN (0x4)
 *crtbegin.o(.ctors)
 *(EXCLUDE_FILE(*crtend.o) .ctors)
 *(SORT(.ctors.*))
 *crtend.o(.ctors)
                0x00000308                . = ALIGN (0x4)
 *(.fini)
 .fini          0x00000308        0x4 /media/6aafac43-5450-453e-a142-f588400933c0/Sandbox/arm/bin/../lib/gcc/arm-none-eabi/4.5.2/thumb2/crti.o
                0x00000308                _fini
 .fini          0x0000030c        0x8 /media/6aafac43-5450-453e-a142-f588400933c0/Sandbox/arm/bin/../lib/gcc/arm-none-eabi/4.5.2/thumb2/crtn.o
                0x00000314                . = ALIGN (0x4)
                0x00000314                __fini_array_start = .
 *(.fini_array)
 .fini_array    0x00000314        0x4 /media/6aafac43-5450-453e-a142-f588400933c0/Sandbox/arm/bin/../lib/gcc/arm-none-eabi/4.5.2/thumb2/crtbegin.o
 *(SORT(.fini_array.*))
                0x00000318                __fini_array_end = .
                0x00000318                . = ALIGN (0x4)
 *crtbegin.o(.dtors)
 *(EXCLUDE_FILE(*crtend.o) .dtors)
 *(SORT(.dtors.*))
 *crtend.o(.dtors)
                0x00000318                _etext = .
                0x00000318                _sifastcode = .
                0x00000318                __exidx_start = .

.vfp11_veneer   0x00000318        0x0
 .vfp11_veneer  0x00000000        0x0 linker stubs

.v4_bx          0x00000318        0x0
 .v4_bx         0x00000000        0x0 linker stubs

i.SystemInit    0x00000318       0x78
 i.SystemInit   0x00000318       0x78 ../../external/mbed/LPC1768/capi.ar(system_LPC17xx.LPC1768.o)
                0x00000318                SystemInit

i.exit          0x00000390       0x16
 i.exit         0x00000390       0x16 ../../external/mbed/LPC1768/capi.ar(exit.LPC1768.o)
                0x00000390                exit

i.pin_function  0x000003a8       0x38
 i.pin_function
                0x000003a8       0x38 ../../external/mbed/LPC1768/capi.ar(pinmap.LPC1768.o)
                0x000003a8                pin_function

i.pin_mode      0x000003e0       0x68
 i.pin_mode     0x000003e0       0x68 ../../external/mbed/LPC1768/capi.ar(pinmap.LPC1768.o)
                0x000003e0                pin_mode

i.semihost_exit
                0x00000448        0xc
 i.semihost_exit
                0x00000448        0xc ../../external/mbed/LPC1768/capi.ar(semihost_api.LPC1768.o)
                0x00000448                semihost_exit

i.mbed_die      0x00000454       0x78
 i.mbed_die     0x00000454       0x78 ../../external/mbed/LPC1768/capi.ar(utils_api.LPC1768.o)
                0x00000454                mbed_die

i.wait_ms       0x000004cc       0x1c
 i.wait_ms      0x000004cc       0x1c ../../external/mbed/LPC1768/capi.ar(wait_api.LPC1768.o)
                0x000004cc                wait_ms

i.gpio_output   0x000004e8       0x30
 i.gpio_output  0x000004e8       0x30 ../../external/mbed/LPC1768/capi.ar(gpio_api.LPC1768.o)
                0x000004e8                gpio_output

i.gpio_write    0x00000518       0x18
 i.gpio_write   0x00000518       0x18 ../../external/mbed/LPC1768/capi.ar(gpio_api.LPC1768.o)
                0x00000518                gpio_write

i.us_ticker_read
                0x00000530       0x38
 i.us_ticker_read
                0x00000530       0x38 ../../external/mbed/LPC1768/capi.ar(us_ticker_api.LPC1768.o)
                0x00000530                us_ticker_read

i.timer_frequency
                0x00000568       0x14
 i.timer_frequency
                0x00000568       0x14 ../../external/mbed/LPC1768/capi.ar(timer_api.LPC1768.o)
                0x00000568                timer_frequency

i.timer_init    0x0000057c       0x70
 i.timer_init   0x0000057c       0x70 ../../external/mbed/LPC1768/capi.ar(timer_api.LPC1768.o)
                0x0000057c                timer_init

i.timer_read    0x000005ec        0x4
 i.timer_read   0x000005ec        0x4 ../../external/mbed/LPC1768/capi.ar(timer_api.LPC1768.o)
                0x000005ec                timer_read

i.timer_start   0x000005f0        0xc
 i.timer_start  0x000005f0        0xc ../../external/mbed/LPC1768/capi.ar(timer_api.LPC1768.o)
                0x000005f0                timer_start

.ARM.exidx
 *(.ARM.exidx* .gnu.linkonce.armexidx.*)
                0x000005fc                __exidx_end = .

.fastcode       0x10000000        0x0 load address 0x000005fc
                0x10000000                . = ALIGN (0x4)
                0x10000000                _sfastcode = .
 *(.glue_7t)
 *(.glue_7)
 *(.fastcode)
                0x10000000                . = ALIGN (0x4)
                0x10000000                _efastcode = .
                0x10000000                _sidata = .

.usb_ram
 *.o(USB_RAM)

.data           0x10000000       0xfc load address 0x000005fc
                0x000005fc                _sidata = LOADADDR (.data)
                0x10000000                . = ALIGN (0x4)
                0x10000000                _sdata = .
 *(.ARM.__AT_0x10000000)
 *(vtable vtable.*)
 *(.data .data.*)
 .data          0x10000000        0x4 ../../external/mbed/LPC1768/capi.ar(system_LPC17xx.LPC1768.o)
                0x10000000                SystemCoreClock
 .data          0x10000004        0x4 ../../external/mbed/LPC1768/capi.ar(us_ticker_api.LPC1768.o)
 .data.impure_data
                0x10000008       0xf0 ../../external/gcc/LPC1768/libc.a(lib_a-impure.o)
 .data._impure_ptr
                0x100000f8        0x4 ../../external/gcc/LPC1768/libc.a(lib_a-impure.o)
                0x100000f8                _impure_ptr
 *(.gnu.linkonce.d*)
                0x100000fc                . = ALIGN (0x4)
                0x100000fc                _edata = .

.jcr            0x100000fc        0x0 load address 0x000006f8
 .jcr           0x100000fc        0x0 /media/6aafac43-5450-453e-a142-f588400933c0/Sandbox/arm/bin/../lib/gcc/arm-none-eabi/4.5.2/thumb2/crtbegin.o

.bss            0x100000fc       0x10 load address 0x000006f8
                0x100000fc                . = ALIGN (0x4)
                0x100000fc                _sbss = .
 *(.bss .bss.*)
 .bss           0x100000fc        0x1 /media/6aafac43-5450-453e-a142-f588400933c0/Sandbox/arm/bin/../lib/gcc/arm-none-eabi/4.5.2/thumb2/crtbegin.o
 *(.gnu.linkonce.b*)
 *(COMMON)
 *fill*         0x100000fd        0x3 00
 COMMON         0x10000100        0xc ../../external/gcc/LPC1768/libc.a(lib_a-clibabi_stdio.o)
                0x10000100                __aeabi_stdin
                0x10000104                __aeabi_stdout
                0x10000108                __aeabi_stderr
                0x1000010c                . = ALIGN (0x4)
                0x1000010c                _ebss = .

.stackarea      0x1000010c        0x4 load address 0x000006f8
                0x10000110                . = ALIGN (0x8)
 *fill*         0x1000010c        0x4 00
                0x10000110                _sstack = .
 *(.stackarea .stackarea.*)
                0x10000110                . = ALIGN (0x8)
                0x10000110                _estack = .
                0x10000110                . = ALIGN (0x4)
                0x10000110                _end = .
                0x10000110                PROVIDE (end, .)
                0x10008000                _stack = 0x10008000

.stab
 *(.stab)

.stabstr
 *(.stabstr)

.stab.excl
 *(.stab.excl)

.stab.exclstr
 *(.stab.exclstr)

.stab.index
 *(.stab.index)

.stab.indexstr
 *(.stab.indexstr)

.debug
 *(.debug)

.line
 *(.line)

.debug_srcinfo
 *(.debug_srcinfo)

.debug_sfnames
 *(.debug_sfnames)

.ARM.attributes
                0x00000000       0x2b
 .ARM.attributes
                0x00000000       0x19 /media/6aafac43-5450-453e-a142-f588400933c0/Sandbox/arm/bin/../lib/gcc/arm-none-eabi/4.5.2/thumb2/crti.o
 .ARM.attributes
                0x00000019       0x29 /media/6aafac43-5450-453e-a142-f588400933c0/Sandbox/arm/bin/../lib/gcc/arm-none-eabi/4.5.2/thumb2/crtbegin.o
 .ARM.attributes
                0x00000042       0x31 ../../src/gcc4mbed.o
 .ARM.attributes
                0x00000073       0x31 ../../src/syscalls.o
 .ARM.attributes
                0x000000a4       0x48 ../../external/mbed/LPC1768/mbed.ar(stdio.LPC1768.o)
 .ARM.attributes
                0x000000ec       0x48 ../../external/mbed/LPC1768/mbed.ar(Base.LPC1768.o)
 .ARM.attributes
                0x00000134       0x3e ../../external/mbed/LPC1768/capi.ar(startup_LPC17xx.LPC1768.o)
 .ARM.attributes
                0x00000172       0x48 ../../external/mbed/LPC1768/capi.ar(system_LPC17xx.LPC1768.o)
 .ARM.attributes
                0x000001ba       0x49 ../../external/mbed/LPC1768/capi.ar(core_cm3.LPC1768.o)
 .ARM.attributes
                0x00000203       0x48 ../../external/mbed/LPC1768/capi.ar(serial_api.LPC1768.o)
 .ARM.attributes
                0x0000024b       0x48 ../../external/mbed/LPC1768/capi.ar(exit.LPC1768.o)
 .ARM.attributes
                0x00000293       0x48 ../../external/mbed/LPC1768/capi.ar(pinmap.LPC1768.o)
 .ARM.attributes
                0x000002db       0x48 ../../external/mbed/LPC1768/capi.ar(semihost_api.LPC1768.o)
 .ARM.attributes
                0x00000323       0x48 ../../external/mbed/LPC1768/capi.ar(utils_api.LPC1768.o)
 .ARM.attributes
                0x0000036b       0x48 ../../external/mbed/LPC1768/capi.ar(wait_api.LPC1768.o)
 .ARM.attributes
                0x000003b3       0x48 ../../external/mbed/LPC1768/capi.ar(gpio_api.LPC1768.o)
 .ARM.attributes
                0x000003fb       0x48 ../../external/mbed/LPC1768/capi.ar(us_ticker_api.LPC1768.o)
 .ARM.attributes
                0x00000443       0x48 ../../external/mbed/LPC1768/capi.ar(timer_api.LPC1768.o)
 .ARM.attributes
                0x0000048b       0x29 ../../external/gcc/LPC1768/libstdc++.a(class_type_info.o)
 .ARM.attributes
                0x000004b4       0x29 ../../external/gcc/LPC1768/libstdc++.a(del_op.o)
 .ARM.attributes
                0x000004dd       0x29 ../../external/gcc/LPC1768/libstdc++.a(del_opv.o)
 .ARM.attributes
                0x00000506       0x29 ../../external/gcc/LPC1768/libstdc++.a(dyncast.o)
 .ARM.attributes
                0x0000052f       0x29 ../../external/gcc/LPC1768/libstdc++.a(new_op.o)
 .ARM.attributes
                0x00000558       0x29 ../../external/gcc/LPC1768/libstdc++.a(new_opv.o)
 .ARM.attributes
                0x00000581       0x29 ../../external/gcc/LPC1768/libstdc++.a(pure.o)
 .ARM.attributes
                0x000005aa       0x29 ../../external/gcc/LPC1768/libstdc++.a(si_class_type_info.o)
 .ARM.attributes
                0x000005d3       0x29 ../../external/gcc/LPC1768/libstdc++.a(tinfo.o)
 .ARM.attributes
                0x000005fc       0x29 ../../external/gcc/LPC1768/libstdc++.a(vmi_class_type_info.o)
 .ARM.attributes
                0x00000625       0x29 ../../external/gcc/LPC1768/libstdc++.a(eh_terminate.o)
 .ARM.attributes
                0x0000064e       0x29 ../../external/gcc/LPC1768/libstdc++.a(eh_unex_handler.o)
 .ARM.attributes
                0x00000677       0x29 ../../external/gcc/LPC1768/libstdc++.a(new_handler.o)
 .ARM.attributes
                0x000006a0       0x29 ../../external/gcc/LPC1768/libstdc++.a(eh_exception.o)
 .ARM.attributes
                0x000006c9       0x29 ../../external/gcc/LPC1768/libstdc++.a(eh_term_handler.o)
 .ARM.attributes
                0x000006f2       0x29 ../../external/gcc/LPC1768/libstdc++.a(vterminate.o)
 .ARM.attributes
                0x0000071b       0x29 ../../external/gcc/LPC1768/libstdc++.a(cp-demangle.o)
 .ARM.attributes
                0x00000744       0x29 ../../external/gcc/LPC1768/libstdc++.a(eh_type.o)
 .ARM.attributes
                0x0000076d       0x29 ../../external/gcc/LPC1768/libstdc++.a(eh_globals.o)
 .ARM.attributes
                0x00000796       0x29 ../../external/gcc/LPC1768/libm.a(lib_a-s_scalbn.o)
 .ARM.attributes
                0x000007bf       0x29 ../../external/gcc/LPC1768/libm.a(lib_a-s_copysign.o)
 .ARM.attributes
                0x000007e8       0x1b /media/6aafac43-5450-453e-a142-f588400933c0/Sandbox/arm/bin/../lib/gcc/arm-none-eabi/4.5.2/thumb2/libgcc.a(_arm_addsubdf3.o)
 .ARM.attributes
                0x00000803       0x1b /media/6aafac43-5450-453e-a142-f588400933c0/Sandbox/arm/bin/../lib/gcc/arm-none-eabi/4.5.2/thumb2/libgcc.a(_arm_muldivdf3.o)
 .ARM.attributes
                0x0000081e       0x1b /media/6aafac43-5450-453e-a142-f588400933c0/Sandbox/arm/bin/../lib/gcc/arm-none-eabi/4.5.2/thumb2/libgcc.a(_arm_fixdfsi.o)
 .ARM.attributes
                0x00000839       0x1b /media/6aafac43-5450-453e-a142-f588400933c0/Sandbox/arm/bin/../lib/gcc/arm-none-eabi/4.5.2/thumb2/libgcc.a(_arm_truncdfsf2.o)
 .ARM.attributes
                0x00000854       0x1b /media/6aafac43-5450-453e-a142-f588400933c0/Sandbox/arm/bin/../lib/gcc/arm-none-eabi/4.5.2/thumb2/libgcc.a(_arm_addsubsf3.o)
 .ARM.attributes
                0x0000086f       0x1b /media/6aafac43-5450-453e-a142-f588400933c0/Sandbox/arm/bin/../lib/gcc/arm-none-eabi/4.5.2/thumb2/libgcc.a(_arm_muldivsf3.o)
 .ARM.attributes
                0x0000088a       0x1b /media/6aafac43-5450-453e-a142-f588400933c0/Sandbox/arm/bin/../lib/gcc/arm-none-eabi/4.5.2/thumb2/libgcc.a(_arm_cmpsf2.o)
 .ARM.attributes
                0x000008a5       0x29 ../../external/gcc/LPC1768/libc.a(lib_a-abort.o)
 .ARM.attributes
                0x000008ce       0x29 ../../external/gcc/LPC1768/libc.a(lib_a-clibabi_assert.o)
 .ARM.attributes
                0x000008f7       0x29 ../../external/gcc/LPC1768/libc.a(lib_a-clibabi_stdio.o)
 .ARM.attributes
                0x00000920       0x29 ../../external/gcc/LPC1768/libc.a(lib_a-fprintf.o)
 .ARM.attributes
                0x00000949       0x29 ../../external/gcc/LPC1768/libc.a(lib_a-fputs.o)
 .ARM.attributes
                0x00000972       0x29 ../../external/gcc/LPC1768/libc.a(lib_a-fvwrite.o)
 .ARM.attributes
                0x0000099b       0x29 ../../external/gcc/LPC1768/libc.a(lib_a-fwrite.o)
 .ARM.attributes
                0x000009c4       0x29 ../../external/gcc/LPC1768/libc.a(lib_a-impure.o)
 .ARM.attributes
                0x000009ed       0x29 ../../external/gcc/LPC1768/libc.a(lib_a-init.o)
 .ARM.attributes
                0x00000a16       0x29 ../../external/gcc/LPC1768/libc.a(lib_a-malloc.o)
 .ARM.attributes
                0x00000a3f       0x29 ../../external/gcc/LPC1768/libc.a(lib_a-mallocr.o)
 .ARM.attributes
                0x00000a68       0x29 ../../external/gcc/LPC1768/libc.a(lib_a-memchr.o)
 .ARM.attributes
                0x00000a91       0x29 ../../external/gcc/LPC1768/libc.a(lib_a-memcmp.o)
 .ARM.attributes
                0x00000aba       0x29 ../../external/gcc/LPC1768/libc.a(lib_a-memcpy.o)
 .ARM.attributes
                0x00000ae3       0x29 ../../external/gcc/LPC1768/libc.a(lib_a-memmove.o)
 .ARM.attributes
                0x00000b0c       0x29 ../../external/gcc/LPC1768/libc.a(lib_a-mlock.o)
 .ARM.attributes
                0x00000b35       0x29 ../../external/gcc/LPC1768/libc.a(lib_a-realloc.o)
 .ARM.attributes
                0x00000b5e       0x29 ../../external/gcc/LPC1768/libc.a(lib_a-reallocr.o)
 .ARM.attributes
                0x00000b87       0x29 ../../external/gcc/LPC1768/libc.a(lib_a-reent.o)
 .ARM.attributes
                0x00000bb0       0x29 ../../external/gcc/LPC1768/libc.a(lib_a-sbrkr.o)
 .ARM.attributes
                0x00000bd9       0x29 ../../external/gcc/LPC1768/libc.a(lib_a-signal.o)
 .ARM.attributes
                0x00000c02       0x29 ../../external/gcc/LPC1768/libc.a(lib_a-signalr.o)
 .ARM.attributes
                0x00000c2b       0x29 ../../external/gcc/LPC1768/libc.a(lib_a-sprintf.o)
 .ARM.attributes
                0x00000c54       0x29 ../../external/gcc/LPC1768/libc.a(lib_a-sscanf.o)
 .ARM.attributes
                0x00000c7d       0x29 ../../external/gcc/LPC1768/libc.a(lib_a-stdio.o)
 .ARM.attributes
                0x00000ca6       0x29 ../../external/gcc/LPC1768/libc.a(lib_a-strcmp.o)
 .ARM.attributes
                0x00000ccf       0x29 ../../external/gcc/LPC1768/libc.a(lib_a-strcpy.o)
 .ARM.attributes
                0x00000cf8       0x29 ../../external/gcc/LPC1768/libc.a(lib_a-strlen.o)
 .ARM.attributes
                0x00000d21       0x29 ../../external/gcc/LPC1768/libc.a(lib_a-strncmp.o)
 .ARM.attributes
                0x00000d4a       0x29 ../../external/gcc/LPC1768/libc.a(lib_a-strncpy.o)
 .ARM.attributes
                0x00000d73       0x29 ../../external/gcc/LPC1768/libc.a(lib_a-svfprintf.o)
 .ARM.attributes
                0x00000d9c       0x29 ../../external/gcc/LPC1768/libc.a(lib_a-svfscanf.o)
 .ARM.attributes
                0x00000dc5       0x29 ../../external/gcc/LPC1768/libc.a(lib_a-syswrite.o)
 .ARM.attributes
                0x00000dee       0x29 ../../external/gcc/LPC1768/libc.a(lib_a-vfprintf.o)
 .ARM.attributes
                0x00000e17       0x29 ../../external/gcc/LPC1768/libc.a(lib_a-writer.o)
 .ARM.attributes
                0x00000e40       0x29 ../../external/gcc/LPC1768/libc.a(lib_a-wsetup.o)
 .ARM.attributes
                0x00000e69       0x29 ../../external/gcc/LPC1768/libc.a(lib_a-assert.o)
 .ARM.attributes
                0x00000e92       0x29 ../../external/gcc/LPC1768/libc.a(lib_a-closer.o)
 .ARM.attributes
                0x00000ebb       0x29 ../../external/gcc/LPC1768/libc.a(lib_a-ctype_.o)
 .ARM.attributes
                0x00000ee4       0x29 ../../external/gcc/LPC1768/libc.a(lib_a-dtoa.o)
 .ARM.attributes
                0x00000f0d       0x29 ../../external/gcc/LPC1768/libc.a(lib_a-fflush.o)
 .ARM.attributes
                0x00000f36       0x29 ../../external/gcc/LPC1768/libc.a(lib_a-findfp.o)
 .ARM.attributes
                0x00000f5f       0x29 ../../external/gcc/LPC1768/libc.a(lib_a-fiprintf.o)
 .ARM.attributes
                0x00000f88       0x29 ../../external/gcc/LPC1768/libc.a(lib_a-freer.o)
 .ARM.attributes
                0x00000fb1       0x29 ../../external/gcc/LPC1768/libc.a(lib_a-fwalk.o)
 .ARM.attributes
                0x00000fda       0x29 ../../external/gcc/LPC1768/libc.a(lib_a-iswspace.o)
 .ARM.attributes
                0x00001003       0x29 ../../external/gcc/LPC1768/libc.a(lib_a-locale.o)
 .ARM.attributes
                0x0000102c       0x29 ../../external/gcc/LPC1768/libc.a(lib_a-lseekr.o)
 .ARM.attributes
                0x00001055       0x29 ../../external/gcc/LPC1768/libc.a(lib_a-makebuf.o)
 .ARM.attributes
                0x0000107e       0x29 ../../external/gcc/LPC1768/libc.a(lib_a-mbrtowc.o)
 .ARM.attributes
                0x000010a7       0x29 ../../external/gcc/LPC1768/libc.a(lib_a-mbtowc_r.o)
 .ARM.attributes
                0x000010d0       0x29 ../../external/gcc/LPC1768/libc.a(lib_a-memset.o)
 .ARM.attributes
                0x000010f9       0x29 ../../external/gcc/LPC1768/libc.a(lib_a-mprec.o)
 .ARM.attributes
                0x00001122       0x29 ../../external/gcc/LPC1768/libc.a(lib_a-readr.o)
 .ARM.attributes
                0x0000114b       0x29 ../../external/gcc/LPC1768/libc.a(lib_a-s_fpclassify.o)
 .ARM.attributes
                0x00001174       0x29 ../../external/gcc/LPC1768/libc.a(lib_a-sccl.o)
 .ARM.attributes
                0x0000119d       0x29 ../../external/gcc/LPC1768/libc.a(lib_a-sf_nan.o)
 .ARM.attributes
                0x000011c6       0x29 ../../external/gcc/LPC1768/libc.a(lib_a-strtod.o)
 .ARM.attributes
                0x000011ef       0x29 ../../external/gcc/LPC1768/libc.a(lib_a-strtol.o)
 .ARM.attributes
                0x00001218       0x29 ../../external/gcc/LPC1768/libc.a(lib_a-strtoll_r.o)
 .ARM.attributes
                0x00001241       0x29 ../../external/gcc/LPC1768/libc.a(lib_a-strtoul.o)
 .ARM.attributes
                0x0000126a       0x29 ../../external/gcc/LPC1768/libc.a(lib_a-strtoull_r.o)
 .ARM.attributes
                0x00001293       0x29 ../../external/gcc/LPC1768/libc.a(lib_a-svfiprintf.o)
 .ARM.attributes
                0x000012bc       0x29 ../../external/gcc/LPC1768/libc.a(lib_a-svfiscanf.o)
 .ARM.attributes
                0x000012e5       0x29 ../../external/gcc/LPC1768/libc.a(lib_a-ungetc.o)
 .ARM.attributes
                0x0000130e       0x29 ../../external/gcc/LPC1768/libc.a(lib_a-vfiprintf.o)
 .ARM.attributes
                0x00001337       0x29 ../../external/gcc/LPC1768/libc.a(lib_a-callocr.o)
 .ARM.attributes
                0x00001360       0x29 ../../external/gcc/LPC1768/libc.a(lib_a-fclose.o)
 .ARM.attributes
                0x00001389       0x29 ../../external/gcc/LPC1768/libc.a(lib_a-fputwc.o)
 .ARM.attributes
                0x000013b2       0x29 ../../external/gcc/LPC1768/libc.a(lib_a-fstatr.o)
 .ARM.attributes
                0x000013db       0x29 ../../external/gcc/LPC1768/libc.a(lib_a-gdtoa-gethex.o)
 .ARM.attributes
                0x00001404       0x29 ../../external/gcc/LPC1768/libc.a(lib_a-gdtoa-hexnan.o)
 .ARM.attributes
                0x0000142d       0x29 ../../external/gcc/LPC1768/libc.a(lib_a-isattyr.o)
 .ARM.attributes
                0x00001456       0x29 ../../external/gcc/LPC1768/libc.a(lib_a-wbuf.o)
 .ARM.attributes
                0x0000147f       0x29 ../../external/gcc/LPC1768/libc.a(lib_a-wcrtomb.o)
 .ARM.attributes
                0x000014a8       0x29 ../../external/gcc/LPC1768/libc.a(lib_a-wctomb_r.o)
 .ARM.attributes
                0x000014d1       0x1b /media/6aafac43-5450-453e-a142-f588400933c0/Sandbox/arm/bin/../lib/gcc/arm-none-eabi/4.5.2/thumb2/libgcc.a(_udivsi3.o)
 .ARM.attributes
                0x000014ec       0x1b /media/6aafac43-5450-453e-a142-f588400933c0/Sandbox/arm/bin/../lib/gcc/arm-none-eabi/4.5.2/thumb2/libgcc.a(_divsi3.o)
 .ARM.attributes
                0x00001507       0x1b /media/6aafac43-5450-453e-a142-f588400933c0/Sandbox/arm/bin/../lib/gcc/arm-none-eabi/4.5.2/thumb2/libgcc.a(_dvmd_tls.o)
 .ARM.attributes
                0x00001522       0x1b /media/6aafac43-5450-453e-a142-f588400933c0/Sandbox/arm/bin/../lib/gcc/arm-none-eabi/4.5.2/thumb2/libgcc.a(_arm_cmpdf2.o)
 .ARM.attributes
                0x0000153d       0x1b /media/6aafac43-5450-453e-a142-f588400933c0/Sandbox/arm/bin/../lib/gcc/arm-none-eabi/4.5.2/thumb2/libgcc.a(_arm_fixunsdfsi.o)
 .ARM.attributes
                0x00001558       0x1b /media/6aafac43-5450-453e-a142-f588400933c0/Sandbox/arm/bin/../lib/gcc/arm-none-eabi/4.5.2/thumb2/libgcc.a(_aeabi_uldivmod.o)
 .ARM.attributes
                0x00001573       0x29 /media/6aafac43-5450-453e-a142-f588400933c0/Sandbox/arm/bin/../lib/gcc/arm-none-eabi/4.5.2/thumb2/libgcc.a(bpabi.o)
 .ARM.attributes
                0x0000159c       0x29 /media/6aafac43-5450-453e-a142-f588400933c0/Sandbox/arm/bin/../lib/gcc/arm-none-eabi/4.5.2/thumb2/libgcc.a(_divdi3.o)
 .ARM.attributes
                0x000015c5       0x29 /media/6aafac43-5450-453e-a142-f588400933c0/Sandbox/arm/bin/../lib/gcc/arm-none-eabi/4.5.2/thumb2/libgcc.a(_udivdi3.o)
 .ARM.attributes
                0x000015ee       0x29 /media/6aafac43-5450-453e-a142-f588400933c0/Sandbox/arm/bin/../lib/gcc/arm-none-eabi/4.5.2/thumb2/crtend.o
 .ARM.attributes
                0x00001617       0x19 /media/6aafac43-5450-453e-a142-f588400933c0/Sandbox/arm/bin/../lib/gcc/arm-none-eabi/4.5.2/thumb2/crtn.o

.comment        0x00000000      0xcf0
 .comment       0x00000000       0x2a ../../src/gcc4mbed.o
                                 0x2b (size before relaxing)
 .comment       0x00000000       0x2b ../../src/syscalls.o
 .comment       0x0000002a       0xea ../../external/mbed/LPC1768/mbed.ar(stdio.LPC1768.o)
 .comment       0x00000114       0xe8 ../../external/mbed/LPC1768/mbed.ar(Base.LPC1768.o)
 .comment       0x000001fc       0xbc ../../external/mbed/LPC1768/capi.ar(startup_LPC17xx.LPC1768.o)
 .comment       0x000002b8       0xdf ../../external/mbed/LPC1768/capi.ar(system_LPC17xx.LPC1768.o)
 .comment       0x00000397      0x174 ../../external/mbed/LPC1768/capi.ar(core_cm3.LPC1768.o)
 .comment       0x0000050b       0xe3 ../../external/mbed/LPC1768/capi.ar(serial_api.LPC1768.o)
 .comment       0x000005ee       0xd7 ../../external/mbed/LPC1768/capi.ar(exit.LPC1768.o)
 .comment       0x000006c5       0xdb ../../external/mbed/LPC1768/capi.ar(pinmap.LPC1768.o)
 .comment       0x000007a0       0xe7 ../../external/mbed/LPC1768/capi.ar(semihost_api.LPC1768.o)
 .comment       0x00000887       0xe1 ../../external/mbed/LPC1768/capi.ar(utils_api.LPC1768.o)
 .comment       0x00000968       0xdf ../../external/mbed/LPC1768/capi.ar(wait_api.LPC1768.o)
 .comment       0x00000a47       0xdf ../../external/mbed/LPC1768/capi.ar(gpio_api.LPC1768.o)
 .comment       0x00000b26       0xe9 ../../external/mbed/LPC1768/capi.ar(us_ticker_api.LPC1768.o)
 .comment       0x00000c0f       0xe1 ../../external/mbed/LPC1768/capi.ar(timer_api.LPC1768.o)

.arm_vfe_header
                0x00000000       0x34
 .arm_vfe_header
                0x00000000        0x4 ../../external/mbed/LPC1768/mbed.ar(stdio.LPC1768.o)
 .arm_vfe_header
                0x00000004        0x4 ../../external/mbed/LPC1768/mbed.ar(Base.LPC1768.o)
 .arm_vfe_header
                0x00000008        0x4 ../../external/mbed/LPC1768/capi.ar(system_LPC17xx.LPC1768.o)
 .arm_vfe_header
                0x0000000c        0x4 ../../external/mbed/LPC1768/capi.ar(core_cm3.LPC1768.o)
 .arm_vfe_header
                0x00000010        0x4 ../../external/mbed/LPC1768/capi.ar(serial_api.LPC1768.o)
 .arm_vfe_header
                0x00000014        0x4 ../../external/mbed/LPC1768/capi.ar(exit.LPC1768.o)
 .arm_vfe_header
                0x00000018        0x4 ../../external/mbed/LPC1768/capi.ar(pinmap.LPC1768.o)
 .arm_vfe_header
                0x0000001c        0x4 ../../external/mbed/LPC1768/capi.ar(semihost_api.LPC1768.o)
 .arm_vfe_header
                0x00000020        0x4 ../../external/mbed/LPC1768/capi.ar(utils_api.LPC1768.o)
 .arm_vfe_header
                0x00000024        0x4 ../../external/mbed/LPC1768/capi.ar(wait_api.LPC1768.o)
 .arm_vfe_header
                0x00000028        0x4 ../../external/mbed/LPC1768/capi.ar(gpio_api.LPC1768.o)
 .arm_vfe_header
                0x0000002c        0x4 ../../external/mbed/LPC1768/capi.ar(us_ticker_api.LPC1768.o)
 .arm_vfe_header
                0x00000030        0x4 ../../external/mbed/LPC1768/capi.ar(timer_api.LPC1768.o)

.debug_aranges  0x00000000       0xa0
 *(.debug_aranges)
 .debug_aranges
                0x00000000       0x20 ../../src/gcc4mbed.o
 .debug_aranges
                0x00000020       0x80 ../../src/syscalls.o

.debug_pubnames
                0x00000000       0xb1
 *(.debug_pubnames)
 .debug_pubnames
                0x00000000       0x1d ../../src/gcc4mbed.o
 .debug_pubnames
                0x0000001d       0x94 ../../src/syscalls.o

.debug_info     0x00000000     0x1004
 *(.debug_info .gnu.linkonce.wi.*)
 .debug_info    0x00000000       0xea ../../src/gcc4mbed.o
 .debug_info    0x000000ea      0xf1a ../../src/syscalls.o

.debug_abbrev   0x00000000      0x35d
 *(.debug_abbrev)
 .debug_abbrev  0x00000000       0x7e ../../src/gcc4mbed.o
 .debug_abbrev  0x0000007e      0x2df ../../src/syscalls.o

.debug_line     0x00000000      0x37c
 *(.debug_line)
 .debug_line    0x00000000       0x6e ../../src/gcc4mbed.o
 .debug_line    0x0000006e      0x30e ../../src/syscalls.o

.debug_frame    0x00000000     0x42f0
 *(.debug_frame)
 .debug_frame   0x00000000       0x2c ../../src/gcc4mbed.o
 .debug_frame   0x0000002c      0x128 ../../src/syscalls.o
 .debug_frame   0x00000154       0x54 ../../external/mbed/LPC1768/mbed.ar(stdio.LPC1768.o)
 .debug_frame   0x000001a8       0x44 ../../external/mbed/LPC1768/mbed.ar(stdio.LPC1768.o)
 .debug_frame   0x000001ec       0x54 ../../external/mbed/LPC1768/mbed.ar(stdio.LPC1768.o)
 .debug_frame   0x00000240       0x50 ../../external/mbed/LPC1768/mbed.ar(stdio.LPC1768.o)
 .debug_frame   0x00000290       0x44 ../../external/mbed/LPC1768/mbed.ar(stdio.LPC1768.o)
 .debug_frame   0x000002d4       0x4c ../../external/mbed/LPC1768/mbed.ar(stdio.LPC1768.o)
 .debug_frame   0x00000320       0x44 ../../external/mbed/LPC1768/mbed.ar(stdio.LPC1768.o)
 .debug_frame   0x00000364       0x44 ../../external/mbed/LPC1768/mbed.ar(stdio.LPC1768.o)
 .debug_frame   0x000003a8       0x50 ../../external/mbed/LPC1768/mbed.ar(stdio.LPC1768.o)
 .debug_frame   0x000003f8       0x44 ../../external/mbed/LPC1768/mbed.ar(stdio.LPC1768.o)
 .debug_frame   0x0000043c       0x44 ../../external/mbed/LPC1768/mbed.ar(stdio.LPC1768.o)
 .debug_frame   0x00000480       0x44 ../../external/mbed/LPC1768/mbed.ar(stdio.LPC1768.o)
 .debug_frame   0x000004c4       0x44 ../../external/mbed/LPC1768/mbed.ar(stdio.LPC1768.o)
 .debug_frame   0x00000508       0x58 ../../external/mbed/LPC1768/mbed.ar(stdio.LPC1768.o)
 .debug_frame   0x00000560       0x44 ../../external/mbed/LPC1768/mbed.ar(stdio.LPC1768.o)
 .debug_frame   0x000005a4       0x44 ../../external/mbed/LPC1768/mbed.ar(stdio.LPC1768.o)
 .debug_frame   0x000005e8       0x44 ../../external/mbed/LPC1768/mbed.ar(stdio.LPC1768.o)
 .debug_frame   0x0000062c       0x44 ../../external/mbed/LPC1768/mbed.ar(stdio.LPC1768.o)
 .debug_frame   0x00000670       0x44 ../../external/mbed/LPC1768/mbed.ar(stdio.LPC1768.o)
 .debug_frame   0x000006b4       0x54 ../../external/mbed/LPC1768/mbed.ar(stdio.LPC1768.o)
 .debug_frame   0x00000708       0x50 ../../external/mbed/LPC1768/mbed.ar(stdio.LPC1768.o)
 .debug_frame   0x00000758       0x50 ../../external/mbed/LPC1768/mbed.ar(stdio.LPC1768.o)
 .debug_frame   0x000007a8       0x50 ../../external/mbed/LPC1768/mbed.ar(stdio.LPC1768.o)
                0x000007a8                __ARM_grp_.debug_frame$i._ZN4mbed10FileHandle4flenEv
 .debug_frame   0x000007f8       0x44 ../../external/mbed/LPC1768/mbed.ar(Base.LPC1768.o)
 .debug_frame   0x0000083c       0x44 ../../external/mbed/LPC1768/mbed.ar(Base.LPC1768.o)
 .debug_frame   0x00000880       0x44 ../../external/mbed/LPC1768/mbed.ar(Base.LPC1768.o)
 .debug_frame   0x000008c4       0x44 ../../external/mbed/LPC1768/mbed.ar(Base.LPC1768.o)
 .debug_frame   0x00000908       0x44 ../../external/mbed/LPC1768/mbed.ar(Base.LPC1768.o)
 .debug_frame   0x0000094c       0x54 ../../external/mbed/LPC1768/mbed.ar(Base.LPC1768.o)
 .debug_frame   0x000009a0       0x44 ../../external/mbed/LPC1768/mbed.ar(Base.LPC1768.o)
 .debug_frame   0x000009e4       0x50 ../../external/mbed/LPC1768/mbed.ar(Base.LPC1768.o)
 .debug_frame   0x00000a34       0x80 ../../external/mbed/LPC1768/mbed.ar(Base.LPC1768.o)
 .debug_frame   0x00000ab4       0x4c ../../external/mbed/LPC1768/mbed.ar(Base.LPC1768.o)
 .debug_frame   0x00000b00       0x50 ../../external/mbed/LPC1768/mbed.ar(Base.LPC1768.o)
 .debug_frame   0x00000b50       0x50 ../../external/mbed/LPC1768/mbed.ar(Base.LPC1768.o)
 .debug_frame   0x00000ba0       0x50 ../../external/mbed/LPC1768/mbed.ar(Base.LPC1768.o)
 .debug_frame   0x00000bf0       0x50 ../../external/mbed/LPC1768/mbed.ar(Base.LPC1768.o)
 .debug_frame   0x00000c40       0x4c ../../external/mbed/LPC1768/mbed.ar(Base.LPC1768.o)
                0x00000c40                __ARM_grp_.debug_frame$t._ZN4mbed17rpc_method_callerINS_4BaseEXadL_ZNS1_11delete_selfEvEEEEvPS1_PKcPc
 .debug_frame   0x00000c8c       0x4c ../../external/mbed/LPC1768/mbed.ar(Base.LPC1768.o)
                0x00000c8c                __ARM_grp_.debug_frame$i._ZN4mbed13BaseDirHandle8closedirEv
 .debug_frame   0x00000cd8       0x50 ../../external/mbed/LPC1768/mbed.ar(Base.LPC1768.o)
                0x00000cd8                __ARM_grp_.debug_frame$i._ZN4mbed13BaseDirHandle7readdirEv
 .debug_frame   0x00000d28       0x44 ../../external/mbed/LPC1768/mbed.ar(Base.LPC1768.o)
                0x00000d28                __ARM_grp_.debug_frame$i._ZN4mbed13BaseDirHandle7telldirEv
 .debug_frame   0x00000d6c       0x44 ../../external/mbed/LPC1768/mbed.ar(Base.LPC1768.o)
                0x00000d6c                __ARM_grp_.debug_frame$i._ZN4mbed13BaseDirHandle7seekdirEl
 .debug_frame   0x00000db0       0x44 ../../external/mbed/LPC1768/mbed.ar(Base.LPC1768.o)
                0x00000db0                __ARM_grp_.debug_frame$i._ZN4mbed13BaseDirHandle9rewinddirEv
 .debug_frame   0x00000df4       0xe4 ../../external/mbed/LPC1768/capi.ar(startup_LPC17xx.LPC1768.o)
 .debug_frame   0x00000ed8       0x44 ../../external/mbed/LPC1768/capi.ar(system_LPC17xx.LPC1768.o)
 .debug_frame   0x00000f1c       0x44 ../../external/mbed/LPC1768/capi.ar(system_LPC17xx.LPC1768.o)
 .debug_frame   0x00000f60       0x94 ../../external/mbed/LPC1768/capi.ar(core_cm3.LPC1768.o)
 .debug_frame   0x00000ff4       0x50 ../../external/mbed/LPC1768/capi.ar(serial_api.LPC1768.o)
 .debug_frame   0x00001044       0x60 ../../external/mbed/LPC1768/capi.ar(serial_api.LPC1768.o)
 .debug_frame   0x000010a4       0x50 ../../external/mbed/LPC1768/capi.ar(serial_api.LPC1768.o)
 .debug_frame   0x000010f4       0x44 ../../external/mbed/LPC1768/capi.ar(serial_api.LPC1768.o)
 .debug_frame   0x00001138       0x44 ../../external/mbed/LPC1768/capi.ar(serial_api.LPC1768.o)
 .debug_frame   0x0000117c       0x44 ../../external/mbed/LPC1768/capi.ar(serial_api.LPC1768.o)
 .debug_frame   0x000011c0       0x44 ../../external/mbed/LPC1768/capi.ar(serial_api.LPC1768.o)
 .debug_frame   0x00001204       0x44 ../../external/mbed/LPC1768/capi.ar(serial_api.LPC1768.o)
 .debug_frame   0x00001248       0x44 ../../external/mbed/LPC1768/capi.ar(serial_api.LPC1768.o)
 .debug_frame   0x0000128c       0x44 ../../external/mbed/LPC1768/capi.ar(serial_api.LPC1768.o)
 .debug_frame   0x000012d0       0x54 ../../external/mbed/LPC1768/capi.ar(exit.LPC1768.o)
 .debug_frame   0x00001324       0x44 ../../external/mbed/LPC1768/capi.ar(pinmap.LPC1768.o)
 .debug_frame   0x00001368       0x58 ../../external/mbed/LPC1768/capi.ar(pinmap.LPC1768.o)
 .debug_frame   0x000013c0       0x78 ../../external/mbed/LPC1768/capi.ar(pinmap.LPC1768.o)
 .debug_frame   0x00001438       0x44 ../../external/mbed/LPC1768/capi.ar(pinmap.LPC1768.o)
 .debug_frame   0x0000147c       0x44 ../../external/mbed/LPC1768/capi.ar(pinmap.LPC1768.o)
 .debug_frame   0x000014c0       0x50 ../../external/mbed/LPC1768/capi.ar(semihost_api.LPC1768.o)
 .debug_frame   0x00001510       0x4c ../../external/mbed/LPC1768/capi.ar(semihost_api.LPC1768.o)
 .debug_frame   0x0000155c       0x48 ../../external/mbed/LPC1768/capi.ar(semihost_api.LPC1768.o)
 .debug_frame   0x000015a4       0x48 ../../external/mbed/LPC1768/capi.ar(semihost_api.LPC1768.o)
 .debug_frame   0x000015ec       0x4c ../../external/mbed/LPC1768/capi.ar(semihost_api.LPC1768.o)
 .debug_frame   0x00001638       0x48 ../../external/mbed/LPC1768/capi.ar(semihost_api.LPC1768.o)
 .debug_frame   0x00001680       0x4c ../../external/mbed/LPC1768/capi.ar(semihost_api.LPC1768.o)
 .debug_frame   0x000016cc       0x4c ../../external/mbed/LPC1768/capi.ar(semihost_api.LPC1768.o)
 .debug_frame   0x00001718       0x50 ../../external/mbed/LPC1768/capi.ar(semihost_api.LPC1768.o)
 .debug_frame   0x00001768       0x50 ../../external/mbed/LPC1768/capi.ar(semihost_api.LPC1768.o)
 .debug_frame   0x000017b8       0x48 ../../external/mbed/LPC1768/capi.ar(semihost_api.LPC1768.o)
 .debug_frame   0x00001800       0x48 ../../external/mbed/LPC1768/capi.ar(semihost_api.LPC1768.o)
 .debug_frame   0x00001848       0x44 ../../external/mbed/LPC1768/capi.ar(semihost_api.LPC1768.o)
 .debug_frame   0x0000188c       0x54 ../../external/mbed/LPC1768/capi.ar(utils_api.LPC1768.o)
 .debug_frame   0x000018e0       0x44 ../../external/mbed/LPC1768/capi.ar(utils_api.LPC1768.o)
 .debug_frame   0x00001924       0x5c ../../external/mbed/LPC1768/capi.ar(utils_api.LPC1768.o)
 .debug_frame   0x00001980       0x44 ../../external/mbed/LPC1768/capi.ar(utils_api.LPC1768.o)
 .debug_frame   0x000019c4       0x44 ../../external/mbed/LPC1768/capi.ar(utils_api.LPC1768.o)
 .debug_frame   0x00001a08       0x50 ../../external/mbed/LPC1768/capi.ar(wait_api.LPC1768.o)
 .debug_frame   0x00001a58       0x50 ../../external/mbed/LPC1768/capi.ar(wait_api.LPC1768.o)
 .debug_frame   0x00001aa8       0x50 ../../external/mbed/LPC1768/capi.ar(wait_api.LPC1768.o)
 .debug_frame   0x00001af8       0x50 ../../external/mbed/LPC1768/capi.ar(gpio_api.LPC1768.o)
 .debug_frame   0x00001b48       0x50 ../../external/mbed/LPC1768/capi.ar(gpio_api.LPC1768.o)
 .debug_frame   0x00001b98       0x44 ../../external/mbed/LPC1768/capi.ar(gpio_api.LPC1768.o)
 .debug_frame   0x00001bdc       0x44 ../../external/mbed/LPC1768/capi.ar(gpio_api.LPC1768.o)
 .debug_frame   0x00001c20       0x44 ../../external/mbed/LPC1768/capi.ar(gpio_api.LPC1768.o)
 .debug_frame   0x00001c64       0x54 ../../external/mbed/LPC1768/capi.ar(us_ticker_api.LPC1768.o)
 .debug_frame   0x00001cb8       0x44 ../../external/mbed/LPC1768/capi.ar(timer_api.LPC1768.o)
 .debug_frame   0x00001cfc       0x44 ../../external/mbed/LPC1768/capi.ar(timer_api.LPC1768.o)
 .debug_frame   0x00001d40       0x44 ../../external/mbed/LPC1768/capi.ar(timer_api.LPC1768.o)
 .debug_frame   0x00001d84       0x44 ../../external/mbed/LPC1768/capi.ar(timer_api.LPC1768.o)
 .debug_frame   0x00001dc8       0x44 ../../external/mbed/LPC1768/capi.ar(timer_api.LPC1768.o)
 .debug_frame   0x00001e0c       0x44 ../../external/mbed/LPC1768/capi.ar(timer_api.LPC1768.o)
 .debug_frame   0x00001e50       0x44 ../../external/mbed/LPC1768/capi.ar(timer_api.LPC1768.o)
 .debug_frame   0x00001e94       0xdc ../../external/gcc/LPC1768/libstdc++.a(class_type_info.o)
 .debug_frame   0x00001f70       0x20 ../../external/gcc/LPC1768/libstdc++.a(del_op.o)
 .debug_frame   0x00001f90       0x20 ../../external/gcc/LPC1768/libstdc++.a(del_opv.o)
 .debug_frame   0x00001fb0       0x8c ../../external/gcc/LPC1768/libstdc++.a(dyncast.o)
 .debug_frame   0x0000203c       0x28 ../../external/gcc/LPC1768/libstdc++.a(new_op.o)
 .debug_frame   0x00002064       0x20 ../../external/gcc/LPC1768/libstdc++.a(new_opv.o)
 .debug_frame   0x00002084       0x28 ../../external/gcc/LPC1768/libstdc++.a(pure.o)
 .debug_frame   0x000020ac       0xac ../../external/gcc/LPC1768/libstdc++.a(si_class_type_info.o)
 .debug_frame   0x00002158       0xa4 ../../external/gcc/LPC1768/libstdc++.a(tinfo.o)
 .debug_frame   0x000021fc      0x170 ../../external/gcc/LPC1768/libstdc++.a(vmi_class_type_info.o)
 .debug_frame   0x0000236c       0x90 ../../external/gcc/LPC1768/libstdc++.a(eh_terminate.o)
 .debug_frame   0x000023fc       0x60 ../../external/gcc/LPC1768/libstdc++.a(new_handler.o)
 .debug_frame   0x0000245c       0xd8 ../../external/gcc/LPC1768/libstdc++.a(eh_exception.o)
 .debug_frame   0x00002534       0x40 ../../external/gcc/LPC1768/libstdc++.a(vterminate.o)
 .debug_frame   0x00002574      0x578 ../../external/gcc/LPC1768/libstdc++.a(cp-demangle.o)
 .debug_frame   0x00002aec       0x28 ../../external/gcc/LPC1768/libstdc++.a(eh_type.o)
 .debug_frame   0x00002b14       0x30 ../../external/gcc/LPC1768/libstdc++.a(eh_globals.o)
 .debug_frame   0x00002b44       0x30 ../../external/gcc/LPC1768/libm.a(lib_a-s_scalbn.o)
 .debug_frame   0x00002b74       0x2c ../../external/gcc/LPC1768/libm.a(lib_a-s_copysign.o)
 .debug_frame   0x00002ba0       0x28 ../../external/gcc/LPC1768/libc.a(lib_a-abort.o)
 .debug_frame   0x00002bc8       0x28 ../../external/gcc/LPC1768/libc.a(lib_a-clibabi_assert.o)
 .debug_frame   0x00002bf0       0x20 ../../external/gcc/LPC1768/libc.a(lib_a-clibabi_stdio.o)
 .debug_frame   0x00002c10       0x50 ../../external/gcc/LPC1768/libc.a(lib_a-fprintf.o)
 .debug_frame   0x00002c60       0x3c ../../external/gcc/LPC1768/libc.a(lib_a-fputs.o)
 .debug_frame   0x00002c9c       0x3c ../../external/gcc/LPC1768/libc.a(lib_a-fvwrite.o)
 .debug_frame   0x00002cd8       0x54 ../../external/gcc/LPC1768/libc.a(lib_a-fwrite.o)
 .debug_frame   0x00002d2c       0x2c ../../external/gcc/LPC1768/libc.a(lib_a-init.o)
 .debug_frame   0x00002d58       0x30 ../../external/gcc/LPC1768/libc.a(lib_a-malloc.o)
 .debug_frame   0x00002d88       0x3c ../../external/gcc/LPC1768/libc.a(lib_a-mallocr.o)
 .debug_frame   0x00002dc4       0x28 ../../external/gcc/LPC1768/libc.a(lib_a-memchr.o)
 .debug_frame   0x00002dec       0x2c ../../external/gcc/LPC1768/libc.a(lib_a-memcmp.o)
 .debug_frame   0x00002e18       0x28 ../../external/gcc/LPC1768/libc.a(lib_a-memcpy.o)
 .debug_frame   0x00002e40       0x28 ../../external/gcc/LPC1768/libc.a(lib_a-memmove.o)
 .debug_frame   0x00002e68       0x30 ../../external/gcc/LPC1768/libc.a(lib_a-mlock.o)
 .debug_frame   0x00002e98       0x20 ../../external/gcc/LPC1768/libc.a(lib_a-realloc.o)
 .debug_frame   0x00002eb8       0x3c ../../external/gcc/LPC1768/libc.a(lib_a-reallocr.o)
 .debug_frame   0x00002ef4       0x64 ../../external/gcc/LPC1768/libc.a(lib_a-reent.o)
 .debug_frame   0x00002f58       0x2c ../../external/gcc/LPC1768/libc.a(lib_a-sbrkr.o)
 .debug_frame   0x00002f84       0xc0 ../../external/gcc/LPC1768/libc.a(lib_a-signal.o)
 .debug_frame   0x00003044       0x3c ../../external/gcc/LPC1768/libc.a(lib_a-signalr.o)
 .debug_frame   0x00003080       0x58 ../../external/gcc/LPC1768/libc.a(lib_a-sprintf.o)
 .debug_frame   0x000030d8       0x60 ../../external/gcc/LPC1768/libc.a(lib_a-sscanf.o)
 .debug_frame   0x00003138       0x80 ../../external/gcc/LPC1768/libc.a(lib_a-stdio.o)
 .debug_frame   0x000031b8       0x20 ../../external/gcc/LPC1768/libc.a(lib_a-strcmp.o)
 .debug_frame   0x000031d8       0x20 ../../external/gcc/LPC1768/libc.a(lib_a-strcpy.o)
 .debug_frame   0x000031f8       0x20 ../../external/gcc/LPC1768/libc.a(lib_a-strlen.o)
 .debug_frame   0x00003218       0x2c ../../external/gcc/LPC1768/libc.a(lib_a-strncmp.o)
 .debug_frame   0x00003244       0x2c ../../external/gcc/LPC1768/libc.a(lib_a-strncpy.o)
 .debug_frame   0x00003270       0x3c ../../external/gcc/LPC1768/libc.a(lib_a-svfprintf.o)
 .debug_frame   0x000032ac       0x3c ../../external/gcc/LPC1768/libc.a(lib_a-svfscanf.o)
 .debug_frame   0x000032e8       0x2c ../../external/gcc/LPC1768/libc.a(lib_a-syswrite.o)
 .debug_frame   0x00003314       0x58 ../../external/gcc/LPC1768/libc.a(lib_a-vfprintf.o)
 .debug_frame   0x0000336c       0x2c ../../external/gcc/LPC1768/libc.a(lib_a-writer.o)
 .debug_frame   0x00003398       0x2c ../../external/gcc/LPC1768/libc.a(lib_a-wsetup.o)
 .debug_frame   0x000033c4       0x48 ../../external/gcc/LPC1768/libc.a(lib_a-assert.o)
 .debug_frame   0x0000340c       0x2c ../../external/gcc/LPC1768/libc.a(lib_a-closer.o)
 .debug_frame   0x00003438       0x68 ../../external/gcc/LPC1768/libc.a(lib_a-dtoa.o)
 .debug_frame   0x000034a0       0x40 ../../external/gcc/LPC1768/libc.a(lib_a-fflush.o)
 .debug_frame   0x000034e0      0x120 ../../external/gcc/LPC1768/libc.a(lib_a-findfp.o)
 .debug_frame   0x00003600       0x50 ../../external/gcc/LPC1768/libc.a(lib_a-fiprintf.o)
 .debug_frame   0x00003650       0x50 ../../external/gcc/LPC1768/libc.a(lib_a-freer.o)
 .debug_frame   0x000036a0       0x54 ../../external/gcc/LPC1768/libc.a(lib_a-fwalk.o)
 .debug_frame   0x000036f4       0x20 ../../external/gcc/LPC1768/libc.a(lib_a-iswspace.o)
 .debug_frame   0x00003714       0x98 ../../external/gcc/LPC1768/libc.a(lib_a-locale.o)
 .debug_frame   0x000037ac       0x2c ../../external/gcc/LPC1768/libc.a(lib_a-lseekr.o)
 .debug_frame   0x000037d8       0x30 ../../external/gcc/LPC1768/libc.a(lib_a-makebuf.o)
 .debug_frame   0x00003808       0x58 ../../external/gcc/LPC1768/libc.a(lib_a-mbrtowc.o)
 .debug_frame   0x00003860       0x48 ../../external/gcc/LPC1768/libc.a(lib_a-mbtowc_r.o)
 .debug_frame   0x000038a8       0x20 ../../external/gcc/LPC1768/libc.a(lib_a-memset.o)
 .debug_frame   0x000038c8      0x238 ../../external/gcc/LPC1768/libc.a(lib_a-mprec.o)
 .debug_frame   0x00003b00       0x2c ../../external/gcc/LPC1768/libc.a(lib_a-readr.o)
 .debug_frame   0x00003b2c       0x20 ../../external/gcc/LPC1768/libc.a(lib_a-s_fpclassify.o)
 .debug_frame   0x00003b4c       0x30 ../../external/gcc/LPC1768/libc.a(lib_a-sccl.o)
 .debug_frame   0x00003b7c       0x20 ../../external/gcc/LPC1768/libc.a(lib_a-sf_nan.o)
 .debug_frame   0x00003b9c       0x8c ../../external/gcc/LPC1768/libc.a(lib_a-strtod.o)
 .debug_frame   0x00003c28       0x58 ../../external/gcc/LPC1768/libc.a(lib_a-strtol.o)
 .debug_frame   0x00003c80       0x38 ../../external/gcc/LPC1768/libc.a(lib_a-strtoll_r.o)
 .debug_frame   0x00003cb8       0x58 ../../external/gcc/LPC1768/libc.a(lib_a-strtoul.o)
 .debug_frame   0x00003d10       0x38 ../../external/gcc/LPC1768/libc.a(lib_a-strtoull_r.o)
 .debug_frame   0x00003d48       0x68 ../../external/gcc/LPC1768/libc.a(lib_a-svfiprintf.o)
 .debug_frame   0x00003db0       0x98 ../../external/gcc/LPC1768/libc.a(lib_a-svfiscanf.o)
 .debug_frame   0x00003e48       0x5c ../../external/gcc/LPC1768/libc.a(lib_a-ungetc.o)
 .debug_frame   0x00003ea4       0x80 ../../external/gcc/LPC1768/libc.a(lib_a-vfiprintf.o)
 .debug_frame   0x00003f24       0x28 ../../external/gcc/LPC1768/libc.a(lib_a-callocr.o)
 .debug_frame   0x00003f4c       0x3c ../../external/gcc/LPC1768/libc.a(lib_a-fclose.o)
 .debug_frame   0x00003f88       0x50 ../../external/gcc/LPC1768/libc.a(lib_a-fputwc.o)
 .debug_frame   0x00003fd8       0x2c ../../external/gcc/LPC1768/libc.a(lib_a-fstatr.o)
 .debug_frame   0x00004004       0x8c ../../external/gcc/LPC1768/libc.a(lib_a-gdtoa-gethex.o)
 .debug_frame   0x00004090       0x5c ../../external/gcc/LPC1768/libc.a(lib_a-gdtoa-hexnan.o)
 .debug_frame   0x000040ec       0x2c ../../external/gcc/LPC1768/libc.a(lib_a-isattyr.o)
 .debug_frame   0x00004118       0x3c ../../external/gcc/LPC1768/libc.a(lib_a-wbuf.o)
 .debug_frame   0x00004154       0x50 ../../external/gcc/LPC1768/libc.a(lib_a-wcrtomb.o)
 .debug_frame   0x000041a4       0x44 ../../external/gcc/LPC1768/libc.a(lib_a-wctomb_r.o)
 .debug_frame   0x000041e8       0x20 /media/6aafac43-5450-453e-a142-f588400933c0/Sandbox/arm/bin/../lib/gcc/arm-none-eabi/4.5.2/thumb2/libgcc.a(_udivsi3.o)
 .debug_frame   0x00004208       0x20 /media/6aafac43-5450-453e-a142-f588400933c0/Sandbox/arm/bin/../lib/gcc/arm-none-eabi/4.5.2/thumb2/libgcc.a(_divsi3.o)
 .debug_frame   0x00004228       0x50 /media/6aafac43-5450-453e-a142-f588400933c0/Sandbox/arm/bin/../lib/gcc/arm-none-eabi/4.5.2/thumb2/libgcc.a(bpabi.o)
 .debug_frame   0x00004278       0x3c /media/6aafac43-5450-453e-a142-f588400933c0/Sandbox/arm/bin/../lib/gcc/arm-none-eabi/4.5.2/thumb2/libgcc.a(_divdi3.o)
 .debug_frame   0x000042b4       0x3c /media/6aafac43-5450-453e-a142-f588400933c0/Sandbox/arm/bin/../lib/gcc/arm-none-eabi/4.5.2/thumb2/libgcc.a(_udivdi3.o)

.debug_str      0x00000000      0x701
 *(.debug_str)
 .debug_str     0x00000000       0xc5 ../../src/gcc4mbed.o
                                 0xd7 (size before relaxing)
 .debug_str     0x000000c5      0x63c ../../src/syscalls.o
                                0x72b (size before relaxing)

.debug_loc      0x00000000      0x666
 *(.debug_loc)
 .debug_loc     0x00000000       0x49 ../../src/gcc4mbed.o
 .debug_loc     0x00000049      0x61d ../../src/syscalls.o

.debug_macinfo
 *(.debug_macinfo)

.debug_weaknames
 *(.debug_weaknames)

.debug_funcnames
 *(.debug_funcnames)

.debug_typenames
 *(.debug_typenames)

.debug_varnames
 *(.debug_varnames)
                0xbaadf00d                PROVIDE (__ARM_grp_.debug_frame$i._ZN4mbed14FileSystemLike6renameEPKcS2_, 0xbaadf00d)
                0xbaadf00d                PROVIDE (__ARM_grp_.debug_frame$i._ZN4mbed10DigitalOut5writeEi, 0xbaadf00d)
                0xbaadf00d                PROVIDE (__ARM_grp_.debug_frame$$$i._ZN4mbed14FileSystemLike6renameEPKcS2_$i._ZN4mbed14FileSystemLike6renameEPKcS2_, 0xbaadf00d)
                0xbaadf00d                PROVIDE (__ARM_grp_.debug_frame$i._ZN4mbed14FileSystemLike5mkdirEPKci, 0xbaadf00d)
OUTPUT(HelloWorld.elf elf32-littlearm)

.debug_pubtypes
                0x00000000      0x19e
 .debug_pubtypes
                0x00000000       0x12 ../../src/gcc4mbed.o
 .debug_pubtypes
                0x00000012      0x18c ../../src/syscalls.o

.debug_ranges   0x00000000      0x1c0
 .debug_ranges  0x00000000       0x28 ../../src/gcc4mbed.o
 .debug_ranges  0x00000028      0x198 ../../src/syscalls.o

Cross Reference Table

Symbol                                            File
ADC_IRQHandler                                    ../../external/mbed/LPC1768/capi.ar(startup_LPC17xx.LPC1768.o)
BOD_IRQHandler                                    ../../external/mbed/LPC1768/capi.ar(startup_LPC17xx.LPC1768.o)
BusFault_Handler                                  ../../external/mbed/LPC1768/capi.ar(startup_LPC17xx.LPC1768.o)
CAN_IRQHandler                                    ../../external/mbed/LPC1768/capi.ar(startup_LPC17xx.LPC1768.o)
DMA_IRQHandler                                    ../../external/mbed/LPC1768/capi.ar(startup_LPC17xx.LPC1768.o)
DebugMon_Handler                                  ../../external/mbed/LPC1768/capi.ar(startup_LPC17xx.LPC1768.o)
EINT0_IRQHandler                                  ../../external/mbed/LPC1768/capi.ar(startup_LPC17xx.LPC1768.o)
EINT1_IRQHandler                                  ../../external/mbed/LPC1768/capi.ar(startup_LPC17xx.LPC1768.o)
EINT2_IRQHandler                                  ../../external/mbed/LPC1768/capi.ar(startup_LPC17xx.LPC1768.o)
EINT3_IRQHandler                                  ../../external/mbed/LPC1768/capi.ar(startup_LPC17xx.LPC1768.o)
ENET_IRQHandler                                   ../../external/mbed/LPC1768/capi.ar(startup_LPC17xx.LPC1768.o)
FunctionalityNotSupported                         ../../external/mbed/LPC1768/capi.ar(utils_api.LPC1768.o)
HardFault_Handler                                 ../../external/mbed/LPC1768/capi.ar(startup_LPC17xx.LPC1768.o)
I2C0_IRQHandler                                   ../../external/mbed/LPC1768/capi.ar(startup_LPC17xx.LPC1768.o)
I2C1_IRQHandler                                   ../../external/mbed/LPC1768/capi.ar(startup_LPC17xx.LPC1768.o)
I2C2_IRQHandler                                   ../../external/mbed/LPC1768/capi.ar(startup_LPC17xx.LPC1768.o)
I2S_IRQHandler                                    ../../external/mbed/LPC1768/capi.ar(startup_LPC17xx.LPC1768.o)
Lib$$Request$$armlib                              ../../external/mbed/LPC1768/capi.ar(timer_api.LPC1768.o)
                                                  ../../external/mbed/LPC1768/capi.ar(us_ticker_api.LPC1768.o)
                                                  ../../external/mbed/LPC1768/capi.ar(gpio_api.LPC1768.o)
                                                  ../../external/mbed/LPC1768/capi.ar(wait_api.LPC1768.o)
                                                  ../../external/mbed/LPC1768/capi.ar(utils_api.LPC1768.o)
                                                  ../../external/mbed/LPC1768/capi.ar(semihost_api.LPC1768.o)
                                                  ../../external/mbed/LPC1768/capi.ar(pinmap.LPC1768.o)
                                                  ../../external/mbed/LPC1768/capi.ar(exit.LPC1768.o)
                                                  ../../external/mbed/LPC1768/capi.ar(serial_api.LPC1768.o)
                                                  ../../external/mbed/LPC1768/capi.ar(core_cm3.LPC1768.o)
                                                  ../../external/mbed/LPC1768/capi.ar(system_LPC17xx.LPC1768.o)
                                                  ../../external/mbed/LPC1768/mbed.ar(Base.LPC1768.o)
                                                  ../../external/mbed/LPC1768/mbed.ar(stdio.LPC1768.o)
Lib$$Request$$cpplib                              ../../external/mbed/LPC1768/mbed.ar(Base.LPC1768.o)
                                                  ../../external/mbed/LPC1768/mbed.ar(stdio.LPC1768.o)
MCPWM_IRQHandler                                  ../../external/mbed/LPC1768/capi.ar(startup_LPC17xx.LPC1768.o)
MemManage_Handler                                 ../../external/mbed/LPC1768/capi.ar(startup_LPC17xx.LPC1768.o)
NMI_Handler                                       ../../external/mbed/LPC1768/capi.ar(startup_LPC17xx.LPC1768.o)
PLL0_IRQHandler                                   ../../external/mbed/LPC1768/capi.ar(startup_LPC17xx.LPC1768.o)
PLL1_IRQHandler                                   ../../external/mbed/LPC1768/capi.ar(startup_LPC17xx.LPC1768.o)
PWM1_IRQHandler                                   ../../external/mbed/LPC1768/capi.ar(startup_LPC17xx.LPC1768.o)
PendSV_Handler                                    ../../external/mbed/LPC1768/capi.ar(startup_LPC17xx.LPC1768.o)
QEI_IRQHandler                                    ../../external/mbed/LPC1768/capi.ar(startup_LPC17xx.LPC1768.o)
RIT_IRQHandler                                    ../../external/mbed/LPC1768/capi.ar(startup_LPC17xx.LPC1768.o)
RTC_IRQHandler                                    ../../external/mbed/LPC1768/capi.ar(startup_LPC17xx.LPC1768.o)
Reset_Handler                                     ../../external/mbed/LPC1768/capi.ar(startup_LPC17xx.LPC1768.o)
SPI_IRQHandler                                    ../../external/mbed/LPC1768/capi.ar(startup_LPC17xx.LPC1768.o)
SSP0_IRQHandler                                   ../../external/mbed/LPC1768/capi.ar(startup_LPC17xx.LPC1768.o)
SSP1_IRQHandler                                   ../../external/mbed/LPC1768/capi.ar(startup_LPC17xx.LPC1768.o)
SVC_Handler                                       ../../external/mbed/LPC1768/capi.ar(startup_LPC17xx.LPC1768.o)
SysTick_Handler                                   ../../external/mbed/LPC1768/capi.ar(startup_LPC17xx.LPC1768.o)
SystemCoreClock                                   ../../external/mbed/LPC1768/capi.ar(system_LPC17xx.LPC1768.o)
                                                  ../../external/mbed/LPC1768/capi.ar(timer_api.LPC1768.o)
                                                  ../../external/mbed/LPC1768/capi.ar(serial_api.LPC1768.o)
SystemCoreClockUpdate                             ../../external/mbed/LPC1768/capi.ar(system_LPC17xx.LPC1768.o)
SystemInit                                        ../../external/mbed/LPC1768/capi.ar(system_LPC17xx.LPC1768.o)
                                                  ../../external/mbed/LPC1768/capi.ar(startup_LPC17xx.LPC1768.o)
TIMER0_IRQHandler                                 ../../external/mbed/LPC1768/capi.ar(startup_LPC17xx.LPC1768.o)
TIMER1_IRQHandler                                 ../../external/mbed/LPC1768/capi.ar(startup_LPC17xx.LPC1768.o)
TIMER2_IRQHandler                                 ../../external/mbed/LPC1768/capi.ar(startup_LPC17xx.LPC1768.o)
TIMER3_IRQHandler                                 ../../external/mbed/LPC1768/capi.ar(startup_LPC17xx.LPC1768.o)
UART0_IRQHandler                                  ../../external/mbed/LPC1768/capi.ar(startup_LPC17xx.LPC1768.o)
UART1_IRQHandler                                  ../../external/mbed/LPC1768/capi.ar(startup_LPC17xx.LPC1768.o)
UART2_IRQHandler                                  ../../external/mbed/LPC1768/capi.ar(startup_LPC17xx.LPC1768.o)
UART3_IRQHandler                                  ../../external/mbed/LPC1768/capi.ar(startup_LPC17xx.LPC1768.o)
USB_IRQHandler                                    ../../external/mbed/LPC1768/capi.ar(startup_LPC17xx.LPC1768.o)
UsageFault_Handler                                ../../external/mbed/LPC1768/capi.ar(startup_LPC17xx.LPC1768.o)
WDT_IRQHandler                                    ../../external/mbed/LPC1768/capi.ar(startup_LPC17xx.LPC1768.o)
_Balloc                                           ../../external/gcc/LPC1768/libc.a(lib_a-mprec.o)
                                                  ../../external/gcc/LPC1768/libc.a(lib_a-gdtoa-gethex.o)
                                                  ../../external/gcc/LPC1768/libc.a(lib_a-strtod.o)
                                                  ../../external/gcc/LPC1768/libc.a(lib_a-dtoa.o)
_Bfree                                            ../../external/gcc/LPC1768/libc.a(lib_a-mprec.o)
                                                  ../../external/gcc/LPC1768/libc.a(lib_a-gdtoa-gethex.o)
                                                  ../../external/gcc/LPC1768/libc.a(lib_a-strtod.o)
                                                  ../../external/gcc/LPC1768/libc.a(lib_a-dtoa.o)
_Jv_RegisterClasses                               /media/6aafac43-5450-453e-a142-f588400933c0/Sandbox/arm/bin/../lib/gcc/arm-none-eabi/4.5.2/thumb2/crtbegin.o
_PathLocale                                       ../../external/gcc/LPC1768/libc.a(lib_a-locale.o)
__ARM_grp_.debug_frame$i._ZN4mbed10FileHandle4flenEv ../../external/mbed/LPC1768/mbed.ar(stdio.LPC1768.o)
__ARM_grp_.debug_frame$i._ZN4mbed13BaseDirHandle7readdirEv ../../external/mbed/LPC1768/mbed.ar(Base.LPC1768.o)
__ARM_grp_.debug_frame$i._ZN4mbed13BaseDirHandle7seekdirEl ../../external/mbed/LPC1768/mbed.ar(Base.LPC1768.o)
__ARM_grp_.debug_frame$i._ZN4mbed13BaseDirHandle7telldirEv ../../external/mbed/LPC1768/mbed.ar(Base.LPC1768.o)
__ARM_grp_.debug_frame$i._ZN4mbed13BaseDirHandle8closedirEv ../../external/mbed/LPC1768/mbed.ar(Base.LPC1768.o)
__ARM_grp_.debug_frame$i._ZN4mbed13BaseDirHandle9rewinddirEv ../../external/mbed/LPC1768/mbed.ar(Base.LPC1768.o)
__ARM_grp_.debug_frame$t._ZN4mbed17rpc_method_callerINS_4BaseEXadL_ZNS1_11delete_selfEvEEEEvPS1_PKcPc ../../external/mbed/LPC1768/mbed.ar(Base.LPC1768.o)
__REV16                                           ../../external/mbed/LPC1768/capi.ar(core_cm3.LPC1768.o)
__REVSH                                           ../../external/mbed/LPC1768/capi.ar(core_cm3.LPC1768.o)
__Vectors                                         ../../external/mbed/LPC1768/capi.ar(startup_LPC17xx.LPC1768.o)
__adddf3                                          /media/6aafac43-5450-453e-a142-f588400933c0/Sandbox/arm/bin/../lib/gcc/arm-none-eabi/4.5.2/thumb2/libgcc.a(_arm_addsubdf3.o)
__addsf3                                          /media/6aafac43-5450-453e-a142-f588400933c0/Sandbox/arm/bin/../lib/gcc/arm-none-eabi/4.5.2/thumb2/libgcc.a(_arm_addsubsf3.o)
__aeabi_BUFSIZ                                    ../../external/gcc/LPC1768/libc.a(lib_a-clibabi_stdio.o)
__aeabi_FILENAME_MAX                              ../../external/gcc/LPC1768/libc.a(lib_a-clibabi_stdio.o)
__aeabi_FOPEN_MAX                                 ../../external/gcc/LPC1768/libc.a(lib_a-clibabi_stdio.o)
__aeabi_IOFBF                                     ../../external/gcc/LPC1768/libc.a(lib_a-clibabi_stdio.o)
__aeabi_IOLBF                                     ../../external/gcc/LPC1768/libc.a(lib_a-clibabi_stdio.o)
__aeabi_IONBF                                     ../../external/gcc/LPC1768/libc.a(lib_a-clibabi_stdio.o)
__aeabi_L_tmpnam                                  ../../external/gcc/LPC1768/libc.a(lib_a-clibabi_stdio.o)
__aeabi_TMP_MAX                                   ../../external/gcc/LPC1768/libc.a(lib_a-clibabi_stdio.o)
__aeabi_assert                                    ../../external/gcc/LPC1768/libc.a(lib_a-clibabi_assert.o)
                                                  ../../external/mbed/LPC1768/capi.ar(serial_api.LPC1768.o)
__aeabi_cdcmpeq                                   /media/6aafac43-5450-453e-a142-f588400933c0/Sandbox/arm/bin/../lib/gcc/arm-none-eabi/4.5.2/thumb2/libgcc.a(_arm_cmpdf2.o)
__aeabi_cdcmple                                   /media/6aafac43-5450-453e-a142-f588400933c0/Sandbox/arm/bin/../lib/gcc/arm-none-eabi/4.5.2/thumb2/libgcc.a(_arm_cmpdf2.o)
__aeabi_cdrcmple                                  /media/6aafac43-5450-453e-a142-f588400933c0/Sandbox/arm/bin/../lib/gcc/arm-none-eabi/4.5.2/thumb2/libgcc.a(_arm_cmpdf2.o)
__aeabi_cfcmpeq                                   /media/6aafac43-5450-453e-a142-f588400933c0/Sandbox/arm/bin/../lib/gcc/arm-none-eabi/4.5.2/thumb2/libgcc.a(_arm_cmpsf2.o)
__aeabi_cfcmple                                   /media/6aafac43-5450-453e-a142-f588400933c0/Sandbox/arm/bin/../lib/gcc/arm-none-eabi/4.5.2/thumb2/libgcc.a(_arm_cmpsf2.o)
                                                  ../../external/mbed/LPC1768/capi.ar(serial_api.LPC1768.o)
__aeabi_cfrcmple                                  /media/6aafac43-5450-453e-a142-f588400933c0/Sandbox/arm/bin/../lib/gcc/arm-none-eabi/4.5.2/thumb2/libgcc.a(_arm_cmpsf2.o)
__aeabi_d2f                                       /media/6aafac43-5450-453e-a142-f588400933c0/Sandbox/arm/bin/../lib/gcc/arm-none-eabi/4.5.2/thumb2/libgcc.a(_arm_truncdfsf2.o)
                                                  ../../external/gcc/LPC1768/libc.a(lib_a-strtod.o)
                                                  ../../external/gcc/LPC1768/libc.a(lib_a-svfscanf.o)
                                                  ../../external/mbed/LPC1768/capi.ar(serial_api.LPC1768.o)
__aeabi_d2iz                                      /media/6aafac43-5450-453e-a142-f588400933c0/Sandbox/arm/bin/../lib/gcc/arm-none-eabi/4.5.2/thumb2/libgcc.a(_arm_fixdfsi.o)
                                                  ../../external/gcc/LPC1768/libc.a(lib_a-strtod.o)
                                                  ../../external/gcc/LPC1768/libc.a(lib_a-dtoa.o)
                                                  ../../external/mbed/LPC1768/capi.ar(wait_api.LPC1768.o)
__aeabi_d2uiz                                     /media/6aafac43-5450-453e-a142-f588400933c0/Sandbox/arm/bin/../lib/gcc/arm-none-eabi/4.5.2/thumb2/libgcc.a(_arm_fixunsdfsi.o)
                                                  ../../external/gcc/LPC1768/libc.a(lib_a-strtod.o)
__aeabi_dadd                                      /media/6aafac43-5450-453e-a142-f588400933c0/Sandbox/arm/bin/../lib/gcc/arm-none-eabi/4.5.2/thumb2/libgcc.a(_arm_addsubdf3.o)
                                                  ../../external/gcc/LPC1768/libc.a(lib_a-strtod.o)
                                                  ../../external/gcc/LPC1768/libc.a(lib_a-dtoa.o)
                                                  ../../external/gcc/LPC1768/libm.a(lib_a-s_scalbn.o)
__aeabi_dcmpeq                                    /media/6aafac43-5450-453e-a142-f588400933c0/Sandbox/arm/bin/../lib/gcc/arm-none-eabi/4.5.2/thumb2/libgcc.a(_arm_cmpdf2.o)
                                                  ../../external/gcc/LPC1768/libc.a(lib_a-strtod.o)
                                                  ../../external/gcc/LPC1768/libc.a(lib_a-dtoa.o)
                                                  ../../external/gcc/LPC1768/libc.a(lib_a-vfprintf.o)
                                                  ../../external/gcc/LPC1768/libc.a(lib_a-svfprintf.o)
__aeabi_dcmpge                                    /media/6aafac43-5450-453e-a142-f588400933c0/Sandbox/arm/bin/../lib/gcc/arm-none-eabi/4.5.2/thumb2/libgcc.a(_arm_cmpdf2.o)
                                                  ../../external/gcc/LPC1768/libc.a(lib_a-dtoa.o)
__aeabi_dcmpgt                                    /media/6aafac43-5450-453e-a142-f588400933c0/Sandbox/arm/bin/../lib/gcc/arm-none-eabi/4.5.2/thumb2/libgcc.a(_arm_cmpdf2.o)
                                                  ../../external/gcc/LPC1768/libc.a(lib_a-strtod.o)
                                                  ../../external/gcc/LPC1768/libc.a(lib_a-dtoa.o)
__aeabi_dcmple                                    /media/6aafac43-5450-453e-a142-f588400933c0/Sandbox/arm/bin/../lib/gcc/arm-none-eabi/4.5.2/thumb2/libgcc.a(_arm_cmpdf2.o)
                                                  ../../external/gcc/LPC1768/libc.a(lib_a-strtod.o)
__aeabi_dcmplt                                    /media/6aafac43-5450-453e-a142-f588400933c0/Sandbox/arm/bin/../lib/gcc/arm-none-eabi/4.5.2/thumb2/libgcc.a(_arm_cmpdf2.o)
                                                  ../../external/gcc/LPC1768/libc.a(lib_a-strtod.o)
                                                  ../../external/gcc/LPC1768/libc.a(lib_a-dtoa.o)
                                                  ../../external/gcc/LPC1768/libc.a(lib_a-vfprintf.o)
                                                  ../../external/gcc/LPC1768/libc.a(lib_a-svfprintf.o)
__aeabi_ddiv                                      /media/6aafac43-5450-453e-a142-f588400933c0/Sandbox/arm/bin/../lib/gcc/arm-none-eabi/4.5.2/thumb2/libgcc.a(_arm_muldivdf3.o)
                                                  ../../external/gcc/LPC1768/libc.a(lib_a-strtod.o)
                                                  ../../external/gcc/LPC1768/libc.a(lib_a-mprec.o)
                                                  ../../external/gcc/LPC1768/libc.a(lib_a-dtoa.o)
                                                  ../../external/mbed/LPC1768/capi.ar(serial_api.LPC1768.o)
__aeabi_dmul                                      /media/6aafac43-5450-453e-a142-f588400933c0/Sandbox/arm/bin/../lib/gcc/arm-none-eabi/4.5.2/thumb2/libgcc.a(_arm_muldivdf3.o)
                                                  ../../external/gcc/LPC1768/libc.a(lib_a-strtod.o)
                                                  ../../external/gcc/LPC1768/libc.a(lib_a-mprec.o)
                                                  ../../external/gcc/LPC1768/libc.a(lib_a-dtoa.o)
                                                  ../../external/gcc/LPC1768/libm.a(lib_a-s_scalbn.o)
                                                  ../../external/mbed/LPC1768/capi.ar(wait_api.LPC1768.o)
                                                  ../../external/mbed/LPC1768/capi.ar(serial_api.LPC1768.o)
__aeabi_drsub                                     /media/6aafac43-5450-453e-a142-f588400933c0/Sandbox/arm/bin/../lib/gcc/arm-none-eabi/4.5.2/thumb2/libgcc.a(_arm_addsubdf3.o)
__aeabi_dsub                                      /media/6aafac43-5450-453e-a142-f588400933c0/Sandbox/arm/bin/../lib/gcc/arm-none-eabi/4.5.2/thumb2/libgcc.a(_arm_addsubdf3.o)
                                                  ../../external/gcc/LPC1768/libc.a(lib_a-strtod.o)
                                                  ../../external/gcc/LPC1768/libc.a(lib_a-dtoa.o)
__aeabi_f2d                                       /media/6aafac43-5450-453e-a142-f588400933c0/Sandbox/arm/bin/../lib/gcc/arm-none-eabi/4.5.2/thumb2/libgcc.a(_arm_addsubdf3.o)
                                                  ../../external/mbed/LPC1768/capi.ar(wait_api.LPC1768.o)
                                                  ../../external/mbed/LPC1768/capi.ar(serial_api.LPC1768.o)
__aeabi_fadd                                      /media/6aafac43-5450-453e-a142-f588400933c0/Sandbox/arm/bin/../lib/gcc/arm-none-eabi/4.5.2/thumb2/libgcc.a(_arm_addsubsf3.o)
                                                  ../../external/mbed/LPC1768/capi.ar(serial_api.LPC1768.o)
__aeabi_fcmpeq                                    /media/6aafac43-5450-453e-a142-f588400933c0/Sandbox/arm/bin/../lib/gcc/arm-none-eabi/4.5.2/thumb2/libgcc.a(_arm_cmpsf2.o)
                                                  ../../external/gcc/LPC1768/libc.a(lib_a-strtod.o)
__aeabi_fcmpge                                    /media/6aafac43-5450-453e-a142-f588400933c0/Sandbox/arm/bin/../lib/gcc/arm-none-eabi/4.5.2/thumb2/libgcc.a(_arm_cmpsf2.o)
__aeabi_fcmpgt                                    /media/6aafac43-5450-453e-a142-f588400933c0/Sandbox/arm/bin/../lib/gcc/arm-none-eabi/4.5.2/thumb2/libgcc.a(_arm_cmpsf2.o)
                                                  ../../external/gcc/LPC1768/libc.a(lib_a-strtod.o)
__aeabi_fcmple                                    /media/6aafac43-5450-453e-a142-f588400933c0/Sandbox/arm/bin/../lib/gcc/arm-none-eabi/4.5.2/thumb2/libgcc.a(_arm_cmpsf2.o)
__aeabi_fcmplt                                    /media/6aafac43-5450-453e-a142-f588400933c0/Sandbox/arm/bin/../lib/gcc/arm-none-eabi/4.5.2/thumb2/libgcc.a(_arm_cmpsf2.o)
                                                  ../../external/gcc/LPC1768/libc.a(lib_a-strtod.o)
__aeabi_fdiv                                      /media/6aafac43-5450-453e-a142-f588400933c0/Sandbox/arm/bin/../lib/gcc/arm-none-eabi/4.5.2/thumb2/libgcc.a(_arm_muldivsf3.o)
                                                  ../../external/mbed/LPC1768/capi.ar(serial_api.LPC1768.o)
__aeabi_fmul                                      /media/6aafac43-5450-453e-a142-f588400933c0/Sandbox/arm/bin/../lib/gcc/arm-none-eabi/4.5.2/thumb2/libgcc.a(_arm_muldivsf3.o)
__aeabi_frsub                                     /media/6aafac43-5450-453e-a142-f588400933c0/Sandbox/arm/bin/../lib/gcc/arm-none-eabi/4.5.2/thumb2/libgcc.a(_arm_addsubsf3.o)
__aeabi_fsub                                      /media/6aafac43-5450-453e-a142-f588400933c0/Sandbox/arm/bin/../lib/gcc/arm-none-eabi/4.5.2/thumb2/libgcc.a(_arm_addsubsf3.o)
                                                  ../../external/mbed/LPC1768/capi.ar(serial_api.LPC1768.o)
__aeabi_i2d                                       /media/6aafac43-5450-453e-a142-f588400933c0/Sandbox/arm/bin/../lib/gcc/arm-none-eabi/4.5.2/thumb2/libgcc.a(_arm_addsubdf3.o)
                                                  ../../external/gcc/LPC1768/libc.a(lib_a-strtod.o)
                                                  ../../external/gcc/LPC1768/libc.a(lib_a-dtoa.o)
__aeabi_i2f                                       /media/6aafac43-5450-453e-a142-f588400933c0/Sandbox/arm/bin/../lib/gcc/arm-none-eabi/4.5.2/thumb2/libgcc.a(_arm_addsubsf3.o)
                                                  ../../external/mbed/LPC1768/capi.ar(serial_api.LPC1768.o)
__aeabi_idiv                                      /media/6aafac43-5450-453e-a142-f588400933c0/Sandbox/arm/bin/../lib/gcc/arm-none-eabi/4.5.2/thumb2/libgcc.a(_divsi3.o)
                                                  ../../external/gcc/LPC1768/libc.a(lib_a-mprec.o)
                                                  ../../external/gcc/LPC1768/libc.a(lib_a-vfprintf.o)
                                                  ../../external/gcc/LPC1768/libc.a(lib_a-svfprintf.o)
__aeabi_idiv0                                     /media/6aafac43-5450-453e-a142-f588400933c0/Sandbox/arm/bin/../lib/gcc/arm-none-eabi/4.5.2/thumb2/libgcc.a(_dvmd_tls.o)
                                                  /media/6aafac43-5450-453e-a142-f588400933c0/Sandbox/arm/bin/../lib/gcc/arm-none-eabi/4.5.2/thumb2/libgcc.a(_divsi3.o)
                                                  /media/6aafac43-5450-453e-a142-f588400933c0/Sandbox/arm/bin/../lib/gcc/arm-none-eabi/4.5.2/thumb2/libgcc.a(_udivsi3.o)
__aeabi_idivmod                                   /media/6aafac43-5450-453e-a142-f588400933c0/Sandbox/arm/bin/../lib/gcc/arm-none-eabi/4.5.2/thumb2/libgcc.a(_divsi3.o)
                                                  ../../external/gcc/LPC1768/libc.a(lib_a-vfprintf.o)
                                                  ../../external/gcc/LPC1768/libc.a(lib_a-svfprintf.o)
__aeabi_l2d                                       /media/6aafac43-5450-453e-a142-f588400933c0/Sandbox/arm/bin/../lib/gcc/arm-none-eabi/4.5.2/thumb2/libgcc.a(_arm_addsubdf3.o)
__aeabi_l2f                                       /media/6aafac43-5450-453e-a142-f588400933c0/Sandbox/arm/bin/../lib/gcc/arm-none-eabi/4.5.2/thumb2/libgcc.a(_arm_addsubsf3.o)
__aeabi_ldiv0                                     /media/6aafac43-5450-453e-a142-f588400933c0/Sandbox/arm/bin/../lib/gcc/arm-none-eabi/4.5.2/thumb2/libgcc.a(_dvmd_tls.o)
                                                  /media/6aafac43-5450-453e-a142-f588400933c0/Sandbox/arm/bin/../lib/gcc/arm-none-eabi/4.5.2/thumb2/libgcc.a(_aeabi_uldivmod.o)
__aeabi_stderr                                    ../../external/gcc/LPC1768/libc.a(lib_a-clibabi_stdio.o)
                                                  ../../external/mbed/LPC1768/capi.ar(utils_api.LPC1768.o)
                                                  ../../external/mbed/LPC1768/capi.ar(pinmap.LPC1768.o)
                                                  ../../external/mbed/LPC1768/capi.ar(serial_api.LPC1768.o)
__aeabi_stdin                                     ../../external/gcc/LPC1768/libc.a(lib_a-clibabi_stdio.o)
__aeabi_stdout                                    ../../external/gcc/LPC1768/libc.a(lib_a-clibabi_stdio.o)
__aeabi_ui2d                                      /media/6aafac43-5450-453e-a142-f588400933c0/Sandbox/arm/bin/../lib/gcc/arm-none-eabi/4.5.2/thumb2/libgcc.a(_arm_addsubdf3.o)
                                                  ../../external/gcc/LPC1768/libc.a(lib_a-strtod.o)
                                                  ../../external/gcc/LPC1768/libc.a(lib_a-dtoa.o)
                                                  ../../external/mbed/LPC1768/capi.ar(serial_api.LPC1768.o)
__aeabi_ui2f                                      /media/6aafac43-5450-453e-a142-f588400933c0/Sandbox/arm/bin/../lib/gcc/arm-none-eabi/4.5.2/thumb2/libgcc.a(_arm_addsubsf3.o)
                                                  ../../external/mbed/LPC1768/capi.ar(serial_api.LPC1768.o)
__aeabi_uidiv                                     /media/6aafac43-5450-453e-a142-f588400933c0/Sandbox/arm/bin/../lib/gcc/arm-none-eabi/4.5.2/thumb2/libgcc.a(_udivsi3.o)
                                                  /media/6aafac43-5450-453e-a142-f588400933c0/Sandbox/arm/bin/../lib/gcc/arm-none-eabi/4.5.2/thumb2/libgcc.a(_udivdi3.o)
                                                  /media/6aafac43-5450-453e-a142-f588400933c0/Sandbox/arm/bin/../lib/gcc/arm-none-eabi/4.5.2/thumb2/libgcc.a(_divdi3.o)
                                                  ../../external/gcc/LPC1768/libc.a(lib_a-svfiscanf.o)
                                                  ../../external/gcc/LPC1768/libc.a(lib_a-strtoul.o)
                                                  ../../external/gcc/LPC1768/libc.a(lib_a-strtol.o)
                                                  ../../external/gcc/LPC1768/libc.a(lib_a-dtoa.o)
                                                  ../../external/gcc/LPC1768/libc.a(lib_a-fwrite.o)
__aeabi_uidivmod                                  /media/6aafac43-5450-453e-a142-f588400933c0/Sandbox/arm/bin/../lib/gcc/arm-none-eabi/4.5.2/thumb2/libgcc.a(_udivsi3.o)
                                                  /media/6aafac43-5450-453e-a142-f588400933c0/Sandbox/arm/bin/../lib/gcc/arm-none-eabi/4.5.2/thumb2/libgcc.a(_udivdi3.o)
                                                  /media/6aafac43-5450-453e-a142-f588400933c0/Sandbox/arm/bin/../lib/gcc/arm-none-eabi/4.5.2/thumb2/libgcc.a(_divdi3.o)
                                                  ../../external/gcc/LPC1768/libc.a(lib_a-strtoul.o)
                                                  ../../external/gcc/LPC1768/libc.a(lib_a-strtol.o)
__aeabi_ul2d                                      /media/6aafac43-5450-453e-a142-f588400933c0/Sandbox/arm/bin/../lib/gcc/arm-none-eabi/4.5.2/thumb2/libgcc.a(_arm_addsubdf3.o)
__aeabi_ul2f                                      /media/6aafac43-5450-453e-a142-f588400933c0/Sandbox/arm/bin/../lib/gcc/arm-none-eabi/4.5.2/thumb2/libgcc.a(_arm_addsubsf3.o)
__aeabi_uldivmod                                  /media/6aafac43-5450-453e-a142-f588400933c0/Sandbox/arm/bin/../lib/gcc/arm-none-eabi/4.5.2/thumb2/libgcc.a(_aeabi_uldivmod.o)
                                                  ../../external/gcc/LPC1768/libc.a(lib_a-vfiprintf.o)
                                                  ../../external/gcc/LPC1768/libc.a(lib_a-svfiprintf.o)
                                                  ../../external/gcc/LPC1768/libc.a(lib_a-strtoull_r.o)
                                                  ../../external/gcc/LPC1768/libc.a(lib_a-strtoll_r.o)
                                                  ../../external/gcc/LPC1768/libc.a(lib_a-vfprintf.o)
                                                  ../../external/gcc/LPC1768/libc.a(lib_a-svfprintf.o)
__any_on                                          ../../external/gcc/LPC1768/libc.a(lib_a-mprec.o)
                                                  ../../external/gcc/LPC1768/libc.a(lib_a-gdtoa-gethex.o)
__ascii_mbtowc                                    ../../external/gcc/LPC1768/libc.a(lib_a-mbtowc_r.o)
__ascii_wctomb                                    ../../external/gcc/LPC1768/libc.a(lib_a-wctomb_r.o)
__assert                                          ../../external/gcc/LPC1768/libc.a(lib_a-assert.o)
                                                  ../../external/gcc/LPC1768/libc.a(lib_a-clibabi_assert.o)
__assert_func                                     ../../external/gcc/LPC1768/libc.a(lib_a-assert.o)
__b2d                                             ../../external/gcc/LPC1768/libc.a(lib_a-mprec.o)
__cmpdf2                                          /media/6aafac43-5450-453e-a142-f588400933c0/Sandbox/arm/bin/../lib/gcc/arm-none-eabi/4.5.2/thumb2/libgcc.a(_arm_cmpdf2.o)
__cmpsf2                                          /media/6aafac43-5450-453e-a142-f588400933c0/Sandbox/arm/bin/../lib/gcc/arm-none-eabi/4.5.2/thumb2/libgcc.a(_arm_cmpsf2.o)
__copybits                                        ../../external/gcc/LPC1768/libc.a(lib_a-mprec.o)
                                                  ../../external/gcc/LPC1768/libc.a(lib_a-strtod.o)
__ctype_ptr__                                     ../../external/gcc/LPC1768/libc.a(lib_a-ctype_.o)
                                                  ../../external/gcc/LPC1768/libc.a(lib_a-svfiscanf.o)
                                                  ../../external/gcc/LPC1768/libc.a(lib_a-strtoull_r.o)
                                                  ../../external/gcc/LPC1768/libc.a(lib_a-strtoul.o)
                                                  ../../external/gcc/LPC1768/libc.a(lib_a-strtoll_r.o)
                                                  ../../external/gcc/LPC1768/libc.a(lib_a-strtol.o)
                                                  ../../external/gcc/LPC1768/libc.a(lib_a-iswspace.o)
                                                  ../../external/gcc/LPC1768/libc.a(lib_a-svfscanf.o)
__cxa_current_exception_type                      ../../external/gcc/LPC1768/libstdc++.a(eh_type.o)
                                                  ../../external/gcc/LPC1768/libstdc++.a(vterminate.o)
__cxa_demangle                                    ../../external/gcc/LPC1768/libstdc++.a(cp-demangle.o)
                                                  ../../external/gcc/LPC1768/libstdc++.a(vterminate.o)
__cxa_get_globals                                 ../../external/gcc/LPC1768/libstdc++.a(eh_globals.o)
                                                  ../../external/gcc/LPC1768/libstdc++.a(eh_type.o)
__cxa_get_globals_fast                            ../../external/gcc/LPC1768/libstdc++.a(eh_globals.o)
__cxa_pure_virtual                                ../../external/gcc/LPC1768/libstdc++.a(pure.o)
                                                  ../../external/gcc/LPC1768/libstdc++.a(eh_exception.o)
                                                  ../../external/mbed/LPC1768/mbed.ar(stdio.LPC1768.o)
__cxxabiv1::__base_class_type_info::__is_public_p() const ../../external/gcc/LPC1768/libstdc++.a(vmi_class_type_info.o)
__cxxabiv1::__base_class_type_info::__is_virtual_p() const ../../external/gcc/LPC1768/libstdc++.a(vmi_class_type_info.o)
__cxxabiv1::__base_class_type_info::__offset() const ../../external/gcc/LPC1768/libstdc++.a(vmi_class_type_info.o)
__cxxabiv1::__class_type_info::__do_catch(std::type_info const*, void**, unsigned int) const ../../external/gcc/LPC1768/libstdc++.a(class_type_info.o)
                                                  ../../external/gcc/LPC1768/libstdc++.a(vmi_class_type_info.o)
                                                  ../../external/gcc/LPC1768/libstdc++.a(si_class_type_info.o)
__cxxabiv1::__class_type_info::__do_dyncast(int, __cxxabiv1::__class_type_info::__sub_kind, __cxxabiv1::__class_type_info const*, void const*, __cxxabiv1::__class_type_info const*, void const*, __cxxabiv1::__class_type_info::__dyncast_result&) const ../../external/gcc/LPC1768/libstdc++.a(class_type_info.o)
__cxxabiv1::__class_type_info::__do_find_public_src(int, void const*, __cxxabiv1::__class_type_info const*, void const*) const ../../external/gcc/LPC1768/libstdc++.a(class_type_info.o)
__cxxabiv1::__class_type_info::__do_upcast(__cxxabiv1::__class_type_info const*, void const*, __cxxabiv1::__class_type_info::__upcast_result&) const ../../external/gcc/LPC1768/libstdc++.a(class_type_info.o)
                                                  ../../external/gcc/LPC1768/libstdc++.a(vmi_class_type_info.o)
                                                  ../../external/gcc/LPC1768/libstdc++.a(si_class_type_info.o)
__cxxabiv1::__class_type_info::__do_upcast(__cxxabiv1::__class_type_info const*, void**) const ../../external/gcc/LPC1768/libstdc++.a(class_type_info.o)
                                                  ../../external/gcc/LPC1768/libstdc++.a(vmi_class_type_info.o)
                                                  ../../external/gcc/LPC1768/libstdc++.a(si_class_type_info.o)
__cxxabiv1::__class_type_info::__dyncast_result::__dyncast_result(int) ../../external/gcc/LPC1768/libstdc++.a(dyncast.o)
                                                  ../../external/gcc/LPC1768/libstdc++.a(vmi_class_type_info.o)
__cxxabiv1::__class_type_info::__dyncast_result::__dyncast_result(int) ../../external/gcc/LPC1768/libstdc++.a(dyncast.o)
                                                  ../../external/gcc/LPC1768/libstdc++.a(vmi_class_type_info.o)
__cxxabiv1::__class_type_info::__find_public_src(int, void const*, __cxxabiv1::__class_type_info const*, void const*) const ../../external/gcc/LPC1768/libstdc++.a(dyncast.o)
                                                  ../../external/gcc/LPC1768/libstdc++.a(vmi_class_type_info.o)
__cxxabiv1::__class_type_info::__upcast_result::__upcast_result(int) ../../external/gcc/LPC1768/libstdc++.a(class_type_info.o)
                                                  ../../external/gcc/LPC1768/libstdc++.a(vmi_class_type_info.o)
__cxxabiv1::__class_type_info::__upcast_result::__upcast_result(int) ../../external/gcc/LPC1768/libstdc++.a(class_type_info.o)
                                                  ../../external/gcc/LPC1768/libstdc++.a(vmi_class_type_info.o)
__cxxabiv1::__class_type_info::~__class_type_info() ../../external/gcc/LPC1768/libstdc++.a(class_type_info.o)
__cxxabiv1::__class_type_info::~__class_type_info() ../../external/gcc/LPC1768/libstdc++.a(class_type_info.o)
                                                  ../../external/gcc/LPC1768/libstdc++.a(vmi_class_type_info.o)
                                                  ../../external/gcc/LPC1768/libstdc++.a(si_class_type_info.o)
__cxxabiv1::__class_type_info::~__class_type_info() ../../external/gcc/LPC1768/libstdc++.a(class_type_info.o)
__cxxabiv1::__forced_unwind::~__forced_unwind()   ../../external/gcc/LPC1768/libstdc++.a(eh_exception.o)
__cxxabiv1::__forced_unwind::~__forced_unwind()   ../../external/gcc/LPC1768/libstdc++.a(eh_exception.o)
__cxxabiv1::__forced_unwind::~__forced_unwind()   ../../external/gcc/LPC1768/libstdc++.a(eh_exception.o)
__cxxabiv1::__foreign_exception::~__foreign_exception() ../../external/gcc/LPC1768/libstdc++.a(eh_exception.o)
__cxxabiv1::__foreign_exception::~__foreign_exception() ../../external/gcc/LPC1768/libstdc++.a(eh_exception.o)
__cxxabiv1::__foreign_exception::~__foreign_exception() ../../external/gcc/LPC1768/libstdc++.a(eh_exception.o)
__cxxabiv1::__si_class_type_info::__do_dyncast(int, __cxxabiv1::__class_type_info::__sub_kind, __cxxabiv1::__class_type_info const*, void const*, __cxxabiv1::__class_type_info const*, void const*, __cxxabiv1::__class_type_info::__dyncast_result&) const ../../external/gcc/LPC1768/libstdc++.a(si_class_type_info.o)
__cxxabiv1::__si_class_type_info::__do_find_public_src(int, void const*, __cxxabiv1::__class_type_info const*, void const*) const ../../external/gcc/LPC1768/libstdc++.a(si_class_type_info.o)
__cxxabiv1::__si_class_type_info::__do_upcast(__cxxabiv1::__class_type_info const*, void const*, __cxxabiv1::__class_type_info::__upcast_result&) const ../../external/gcc/LPC1768/libstdc++.a(si_class_type_info.o)
__cxxabiv1::__si_class_type_info::~__si_class_type_info() ../../external/gcc/LPC1768/libstdc++.a(si_class_type_info.o)
__cxxabiv1::__si_class_type_info::~__si_class_type_info() ../../external/gcc/LPC1768/libstdc++.a(si_class_type_info.o)
__cxxabiv1::__si_class_type_info::~__si_class_type_info() ../../external/gcc/LPC1768/libstdc++.a(si_class_type_info.o)
__cxxabiv1::__terminate(void (*)())               ../../external/gcc/LPC1768/libstdc++.a(eh_terminate.o)
__cxxabiv1::__terminate_handler                   ../../external/gcc/LPC1768/libstdc++.a(eh_term_handler.o)
                                                  ../../external/gcc/LPC1768/libstdc++.a(eh_terminate.o)
__cxxabiv1::__unexpected(void (*)())              ../../external/gcc/LPC1768/libstdc++.a(eh_terminate.o)
__cxxabiv1::__unexpected_handler                  ../../external/gcc/LPC1768/libstdc++.a(eh_unex_handler.o)
                                                  ../../external/gcc/LPC1768/libstdc++.a(eh_terminate.o)
__cxxabiv1::__vmi_class_type_info::__do_dyncast(int, __cxxabiv1::__class_type_info::__sub_kind, __cxxabiv1::__class_type_info const*, void const*, __cxxabiv1::__class_type_info const*, void const*, __cxxabiv1::__class_type_info::__dyncast_result&) const ../../external/gcc/LPC1768/libstdc++.a(vmi_class_type_info.o)
__cxxabiv1::__vmi_class_type_info::__do_find_public_src(int, void const*, __cxxabiv1::__class_type_info const*, void const*) const ../../external/gcc/LPC1768/libstdc++.a(vmi_class_type_info.o)
__cxxabiv1::__vmi_class_type_info::__do_upcast(__cxxabiv1::__class_type_info const*, void const*, __cxxabiv1::__class_type_info::__upcast_result&) const ../../external/gcc/LPC1768/libstdc++.a(vmi_class_type_info.o)
__cxxabiv1::__vmi_class_type_info::~__vmi_class_type_info() ../../external/gcc/LPC1768/libstdc++.a(vmi_class_type_info.o)
__cxxabiv1::__vmi_class_type_info::~__vmi_class_type_info() ../../external/gcc/LPC1768/libstdc++.a(vmi_class_type_info.o)
__cxxabiv1::__vmi_class_type_info::~__vmi_class_type_info() ../../external/gcc/LPC1768/libstdc++.a(vmi_class_type_info.o)
__d2b                                             ../../external/gcc/LPC1768/libc.a(lib_a-mprec.o)
                                                  ../../external/gcc/LPC1768/libc.a(lib_a-strtod.o)
                                                  ../../external/gcc/LPC1768/libc.a(lib_a-dtoa.o)
__divdf3                                          /media/6aafac43-5450-453e-a142-f588400933c0/Sandbox/arm/bin/../lib/gcc/arm-none-eabi/4.5.2/thumb2/libgcc.a(_arm_muldivdf3.o)
__divdi3                                          /media/6aafac43-5450-453e-a142-f588400933c0/Sandbox/arm/bin/../lib/gcc/arm-none-eabi/4.5.2/thumb2/libgcc.a(_divdi3.o)
                                                  /media/6aafac43-5450-453e-a142-f588400933c0/Sandbox/arm/bin/../lib/gcc/arm-none-eabi/4.5.2/thumb2/libgcc.a(bpabi.o)
__divsf3                                          /media/6aafac43-5450-453e-a142-f588400933c0/Sandbox/arm/bin/../lib/gcc/arm-none-eabi/4.5.2/thumb2/libgcc.a(_arm_muldivsf3.o)
__divsi3                                          /media/6aafac43-5450-453e-a142-f588400933c0/Sandbox/arm/bin/../lib/gcc/arm-none-eabi/4.5.2/thumb2/libgcc.a(_divsi3.o)
__dso_handle                                      /media/6aafac43-5450-453e-a142-f588400933c0/Sandbox/arm/bin/../lib/gcc/arm-none-eabi/4.5.2/thumb2/crtbegin.o
__dynamic_cast                                    ../../external/gcc/LPC1768/libstdc++.a(dyncast.o)
                                                  ../../external/mbed/LPC1768/mbed.ar(Base.LPC1768.o)
                                                  ../../external/mbed/LPC1768/mbed.ar(stdio.LPC1768.o)
__eqdf2                                           /media/6aafac43-5450-453e-a142-f588400933c0/Sandbox/arm/bin/../lib/gcc/arm-none-eabi/4.5.2/thumb2/libgcc.a(_arm_cmpdf2.o)
__eqsf2                                           /media/6aafac43-5450-453e-a142-f588400933c0/Sandbox/arm/bin/../lib/gcc/arm-none-eabi/4.5.2/thumb2/libgcc.a(_arm_cmpsf2.o)
__extendsfdf2                                     /media/6aafac43-5450-453e-a142-f588400933c0/Sandbox/arm/bin/../lib/gcc/arm-none-eabi/4.5.2/thumb2/libgcc.a(_arm_addsubdf3.o)
__fixdfsi                                         /media/6aafac43-5450-453e-a142-f588400933c0/Sandbox/arm/bin/../lib/gcc/arm-none-eabi/4.5.2/thumb2/libgcc.a(_arm_fixdfsi.o)
__fixunsdfsi                                      /media/6aafac43-5450-453e-a142-f588400933c0/Sandbox/arm/bin/../lib/gcc/arm-none-eabi/4.5.2/thumb2/libgcc.a(_arm_fixunsdfsi.o)
__floatdidf                                       /media/6aafac43-5450-453e-a142-f588400933c0/Sandbox/arm/bin/../lib/gcc/arm-none-eabi/4.5.2/thumb2/libgcc.a(_arm_addsubdf3.o)