Archive member included because of file (symbol)

../../external/mbed/LPC1768/mbed.ar(DigitalOut.LPC1768.o)
                              ./main.o (_ZTVN4mbed10DigitalOutE)
../../external/mbed/LPC1768/mbed.ar(Base.LPC1768.o)
                              ../../external/mbed/LPC1768/mbed.ar(DigitalOut.LPC1768.o) (_ZTIN4mbed4BaseE)
../../external/mbed/LPC1768/mbed.ar(Ticker.LPC1768.o)
                              ./main.o (_ZTVN4mbed6TickerE)
../../external/mbed/LPC1768/mbed.ar(stdio.LPC1768.o)
                              ../../external/mbed/LPC1768/mbed.ar(Base.LPC1768.o) (_ZTIN4mbed8FileLikeE)
../../external/mbed/LPC1768/mbed.ar(FunctionPointer.LPC1768.o)
                              ../../external/mbed/LPC1768/mbed.ar(Ticker.LPC1768.o) (_ZN4mbed15FunctionPointer4callEv)
../../external/mbed/LPC1768/mbed.ar(TimerEvent.LPC1768.o)
                              ../../external/mbed/LPC1768/mbed.ar(Ticker.LPC1768.o) (_ZTIN4mbed10TimerEventE)
../../external/mbed/LPC1768/capi.ar(cmsis_nvic.LPC1768.o)
                              ../../external/mbed/LPC1768/mbed.ar(TimerEvent.LPC1768.o) (NVIC_SetVector)
../../external/mbed/LPC1768/capi.ar(startup_LPC17xx.LPC1768.o)
                              (Reset_Handler)
../../external/mbed/LPC1768/capi.ar(system_LPC17xx.LPC1768.o)
                              ../../external/mbed/LPC1768/capi.ar(startup_LPC17xx.LPC1768.o) (SystemInit)
../../external/mbed/LPC1768/capi.ar(core_cm3.LPC1768.o)
                              ../../src/syscalls.o (__get_MSP)
../../external/mbed/LPC1768/capi.ar(serial_api.LPC1768.o)
                              ../../external/mbed/LPC1768/mbed.ar(stdio.LPC1768.o) (serial_baud)
../../external/mbed/LPC1768/capi.ar(exit.LPC1768.o)
                              ../../src/gcc4mbed.o (exit)
../../external/mbed/LPC1768/capi.ar(pinmap.LPC1768.o)
                              ../../external/mbed/LPC1768/capi.ar(serial_api.LPC1768.o) (pinmap_merge)
../../external/mbed/LPC1768/capi.ar(wait_api.LPC1768.o)
                              ./main.o (wait)
../../external/mbed/LPC1768/capi.ar(gpio_api.LPC1768.o)
                              ../../external/mbed/LPC1768/mbed.ar(DigitalOut.LPC1768.o) (gpio_output)
../../external/mbed/LPC1768/capi.ar(semihost_api.LPC1768.o)
                              ../../external/mbed/LPC1768/capi.ar(exit.LPC1768.o) (semihost_exit)
../../external/mbed/LPC1768/capi.ar(us_ticker_api.LPC1768.o)
                              ../../external/mbed/LPC1768/mbed.ar(TimerEvent.LPC1768.o) (us_ticker_read)
../../external/mbed/LPC1768/capi.ar(utils_api.LPC1768.o)
                              ../../external/mbed/LPC1768/capi.ar(exit.LPC1768.o) (mbed_die)
../../external/mbed/LPC1768/capi.ar(timer_api.LPC1768.o)
                              ../../external/mbed/LPC1768/capi.ar(us_ticker_api.LPC1768.o) (timer_frequency)
../../external/gcc/LPC1768/libstdc++.a(atexit_arm.o)
                              ./main.o (__aeabi_atexit)
../../external/gcc/LPC1768/libstdc++.a(class_type_info.o)
                              ../../external/mbed/LPC1768/mbed.ar(Base.LPC1768.o) (_ZTVN10__cxxabiv117__class_type_infoE)
../../external/gcc/LPC1768/libstdc++.a(del_op.o)
                              ./main.o (_ZdlPv)
../../external/gcc/LPC1768/libstdc++.a(del_opv.o)
                              ../../external/mbed/LPC1768/mbed.ar(Base.LPC1768.o) (_ZdaPv)
../../external/gcc/LPC1768/libstdc++.a(dyncast.o)
                              ../../external/mbed/LPC1768/mbed.ar(Base.LPC1768.o) (__dynamic_cast)
../../external/gcc/LPC1768/libstdc++.a(new_op.o)
                              ../../external/mbed/LPC1768/mbed.ar(DigitalOut.LPC1768.o) (_Znwj)
../../external/gcc/LPC1768/libstdc++.a(new_opv.o)
                              ../../external/mbed/LPC1768/mbed.ar(DigitalOut.LPC1768.o) (_Znaj)
../../external/gcc/LPC1768/libstdc++.a(pure.o)
                              ../../external/mbed/LPC1768/mbed.ar(stdio.LPC1768.o) (__cxa_pure_virtual)
../../external/gcc/LPC1768/libstdc++.a(si_class_type_info.o)
                              ../../external/mbed/LPC1768/mbed.ar(DigitalOut.LPC1768.o) (_ZTVN10__cxxabiv120__si_class_type_infoE)
../../external/gcc/LPC1768/libstdc++.a(tinfo.o)
                              ../../external/gcc/LPC1768/libstdc++.a(class_type_info.o) (_ZNSt9type_infoD2Ev)
../../external/gcc/LPC1768/libstdc++.a(vmi_class_type_info.o)
                              ../../external/mbed/LPC1768/mbed.ar(stdio.LPC1768.o) (_ZTVN10__cxxabiv121__vmi_class_type_infoE)
../../external/gcc/LPC1768/libstdc++.a(eh_terminate.o)
                              ../../external/gcc/LPC1768/libstdc++.a(pure.o) (_ZSt9terminatev)
../../external/gcc/LPC1768/libstdc++.a(eh_unex_handler.o)
                              ../../external/gcc/LPC1768/libstdc++.a(eh_terminate.o) (_ZN10__cxxabiv120__unexpected_handlerE)
../../external/gcc/LPC1768/libstdc++.a(new_handler.o)
                              ../../external/gcc/LPC1768/libstdc++.a(new_op.o) (__new_handler)
[...]
Memory Configuration

Name             Origin             Length             Attributes
IROM             0x00000000         0x00080000         xr
IRAM0            0x10000000         0x00008000         xrw
IRAM1            0x2007c000         0x00004000         xrw
IRAM2            0x20080000         0x00004000         xrw
*default*        0x00000000         0xffffffff

Linker script and memory map

LOAD /media/6aafac43-5450-453e-a142-f588400933c0/Sandbox/arm/bin/../lib/gcc/arm-none-eabi/4.5.2/thumb2/crti.o
LOAD /media/6aafac43-5450-453e-a142-f588400933c0/Sandbox/arm/bin/../lib/gcc/arm-none-eabi/4.5.2/thumb2/crtbegin.o
LOAD ../../src/gcc4mbed.o
LOAD ../../src/syscalls.o
LOAD ./main.o
LOAD ../../external/mbed/LPC1768/mbed.ar
LOAD ../../external/mbed/LPC1768/capi.ar
LOAD ../../external/FATFileSystem/LPC1768/FATFileSystem.ar
LOAD ../../external/gcc/LPC1768/libstdc++.a
LOAD ../../external/gcc/LPC1768/libm.a
START GROUP
LOAD /media/6aafac43-5450-453e-a142-f588400933c0/Sandbox/arm/bin/../lib/gcc/arm-none-eabi/4.5.2/thumb2/libgcc.a
LOAD ../../external/gcc/LPC1768/libc.a
END GROUP
LOAD /media/6aafac43-5450-453e-a142-f588400933c0/Sandbox/arm/bin/../lib/gcc/arm-none-eabi/4.5.2/thumb2/crtend.o
LOAD /media/6aafac43-5450-453e-a142-f588400933c0/Sandbox/arm/bin/../lib/gcc/arm-none-eabi/4.5.2/thumb2/crtn.o

.text           0x00000000     0xe8f4
 *(RESET)
 RESET          0x00000000       0xc4 ../../external/mbed/LPC1768/capi.ar(startup_LPC17xx.LPC1768.o)
                0x00000000                __Vectors
 *(.mbed_init)
 .mbed_init     0x000000c4      0x108 ../../src/gcc4mbed.o
                0x000000c4                __main
 *(i.SystemInit)
 i.SystemInit   0x000001cc       0x78 ../../external/mbed/LPC1768/capi.ar(system_LPC17xx.LPC1768.o)
                0x000001cc                SystemInit
                0x000002fc                . = 0x2fc
 *fill*         0x00000244       0xb8 00
 *(.crp)
                0x00000300                . = 0x300
 *fill*         0x000002fc        0x4 00
 *(.text .text.*)
 .text          0x00000300       0x30 /media/6aafac43-5450-453e-a142-f588400933c0/Sandbox/arm/bin/../lib/gcc/arm-none-eabi/4.5.2/thumb2/crtbegin.o
 .text.__GCC4MBEDOpenStandardHandles
                0x00000330       0x34 ../../src/syscalls.o
                0x00000330                __GCC4MBEDOpenStandardHandles
 .text._kill    0x00000364       0x10 ../../src/syscalls.o
                0x00000364                _kill
 .text._exit    0x00000374        0x8 ../../src/syscalls.o
                0x00000374                _exit
 .text._getpid  0x0000037c        0x4 ../../src/syscalls.o
                0x0000037c                _getpid
 .text._sbrk    0x00000380       0x30 ../../src/syscalls.o
                0x00000380                _sbrk
 .text._close   0x000003b0        0x4 ../../src/syscalls.o
                0x000003b0                _close
 .text._isatty  0x000003b4        0xc ../../src/syscalls.o
                0x000003b4                _isatty
 .text._lseek   0x000003c0      0x120 ../../src/syscalls.o
                0x000003c0                _lseek
 .text._read    0x000004e0       0x34 ../../src/syscalls.o
                0x000004e0                _read
 .text._write   0x00000514       0x38 ../../src/syscalls.o
                0x00000514                _write
 .text._fstat   0x0000054c        0xc ../../src/syscalls.o
                0x0000054c                _fstat
 .text._Z4flipv
                0x00000558       0x18 ./main.o
                0x00000558                _Z4flipv
 .text.main     0x00000570       0x50 ./main.o
                0x00000570                main
 .text._GLOBAL__I_flipper
                0x000005c0       0x7c ./main.o
 .text          0x0000063c       0x24 ../../external/mbed/LPC1768/capi.ar(startup_LPC17xx.LPC1768.o)
                0x0000063c                Reset_Handler
                0x00000644                NMI_Handler
                0x00000646                HardFault_Handler
                0x00000648                MemManage_Handler
                0x0000064a                BusFault_Handler
                0x0000064c                UsageFault_Handler
                0x0000064e                SVC_Handler
                0x00000650                DebugMon_Handler
                0x00000652                PendSV_Handler
                0x00000654                SysTick_Handler
                0x00000656                TIMER2_IRQHandler
                0x00000656                RIT_IRQHandler
                0x00000656                I2C0_IRQHandler
                0x00000656                PWM1_IRQHandler
                0x00000656                I2C1_IRQHandler
                0x00000656                EINT2_IRQHandler
                0x00000656                UART1_IRQHandler
                0x00000656                EINT3_IRQHandler
                0x00000656                TIMER3_IRQHandler
                0x00000656                UART0_IRQHandler
                0x00000656                PLL0_IRQHandler
                0x00000656                CAN_IRQHandler
                0x00000656                PLL1_IRQHandler
                0x00000656                SSP0_IRQHandler
                0x00000656                I2S_IRQHandler
                0x00000656                I2C2_IRQHandler
                0x00000656                RTC_IRQHandler
                0x00000656                TIMER0_IRQHandler
                0x00000656                SPI_IRQHandler
                0x00000656                EINT1_IRQHandler
                0x00000656                TIMER1_IRQHandler
                0x00000656                UART2_IRQHandler
                0x00000656                ADC_IRQHandler
                0x00000656                SSP1_IRQHandler
                0x00000656                USB_IRQHandler
                0x00000656                BOD_IRQHandler
                0x00000656                WDT_IRQHandler
                0x00000656                QEI_IRQHandler
                0x00000656                EINT0_IRQHandler
                0x00000656                DMA_IRQHandler
                0x00000656                UART3_IRQHandler
                0x00000656                MCPWM_IRQHandler
                0x00000656                ENET_IRQHandler
 .text.__aeabi_atexit
                0x00000660        0xa ../../external/gcc/LPC1768/libstdc++.a(atexit_arm.o)
                0x00000660                __aeabi_atexit
 .text._ZNK10__cxxabiv117__class_type_info20__do_find_public_srcEiPKvPKS0_S2_
                0x0000066a        0xc ../../external/gcc/LPC1768/libstdc++.a(class_type_info.o)
                0x0000066a                _ZNK10__cxxabiv117__class_type_info20__do_find_public_srcEiPKvPKS0_S2_
 .text._ZNK10__cxxabiv117__class_type_info11__do_upcastEPKS0_PKvRNS0_15__upcast_resultE
                0x00000676       0x1a ../../external/gcc/LPC1768/libstdc++.a(class_type_info.o)
                0x00000676                _ZNK10__cxxabiv117__class_type_info11__do_upcastEPKS0_PKvRNS0_15__upcast_resultE
 .text._ZNK10__cxxabiv117__class_type_info12__do_dyncastEiNS0_10__sub_kindEPKS0_PKvS3_S5_RNS0_16__dyncast_resultE
                0x00000690       0x3c ../../external/gcc/LPC1768/libstdc++.a(class_type_info.o)
                0x00000690                _ZNK10__cxxabiv117__class_type_info12__do_dyncastEiNS0_10__sub_kindEPKS0_PKvS3_S5_RNS0_16__dyncast_resultE
 .text._ZNK10__cxxabiv117__class_type_info10__do_catchEPKSt9type_infoPPvj
                0x000006cc       0x26 ../../external/gcc/LPC1768/libstdc++.a(class_type_info.o)
                0x000006cc                _ZNK10__cxxabiv117__class_type_info10__do_catchEPKSt9type_infoPPvj
 *fill*         0x000006f2        0x2 00
 .text._ZN10__cxxabiv117__class_type_infoD2Ev
                0x000006f4       0x14 ../../external/gcc/LPC1768/libstdc++.a(class_type_info.o)
                0x000006f4                _ZN10__cxxabiv117__class_type_infoD1Ev
                0x000006f4                _ZN10__cxxabiv117__class_type_infoD2Ev
 .text._ZN10__cxxabiv117__class_type_infoD0Ev
                0x00000708       0x12 ../../external/gcc/LPC1768/libstdc++.a(class_type_info.o)
                0x00000708                _ZN10__cxxabiv117__class_type_infoD0Ev
 .text._ZN10__cxxabiv117__class_type_info15__upcast_resultC2Ei
                0x0000071a        0xc ../../external/gcc/LPC1768/libstdc++.a(class_type_info.o)
                0x0000071a                _ZN10__cxxabiv117__class_type_info15__upcast_resultC2Ei
                0x0000071a                _ZN10__cxxabiv117__class_type_info15__upcast_resultC1Ei
 .text._ZNK10__cxxabiv117__class_type_info11__do_upcastEPKS0_PPv
                0x00000726       0x3a ../../external/gcc/LPC1768/libstdc++.a(class_type_info.o)
                0x00000726                _ZNK10__cxxabiv117__class_type_info11__do_upcastEPKS0_PPv
 .text._ZdlPv   0x00000760        0x8 ../../external/gcc/LPC1768/libstdc++.a(del_op.o)
                0x00000760                _ZdlPv
 .text._ZdaPv   0x00000768        0x4 ../../external/gcc/LPC1768/libstdc++.a(del_opv.o)
                0x00000768                _ZdaPv
 .text._ZN10__cxxabiv112_GLOBAL__N_118contained_public_pENS_17__class_type_info10__sub_kindE
                0x0000076c       0x10 ../../external/gcc/LPC1768/libstdc++.a(dyncast.o)
 .text._ZN10__cxxabiv112_GLOBAL__N_114adjust_pointerIvEEPKT_PKvi
                0x0000077c        0x4 ../../external/gcc/LPC1768/libstdc++.a(dyncast.o)
 .text._ZN10__cxxabiv117__class_type_info16__dyncast_resultC2Ei
                0x00000780        0xe ../../external/gcc/LPC1768/libstdc++.a(dyncast.o)
                0x00000780                _ZN10__cxxabiv117__class_type_info16__dyncast_resultC2Ei
                0x00000780                _ZN10__cxxabiv117__class_type_info16__dyncast_resultC1Ei
 .text._ZNK10__cxxabiv117__class_type_info17__find_public_srcEiPKvPKS0_S2_
                0x0000078e       0x2c ../../external/gcc/LPC1768/libstdc++.a(dyncast.o)
                0x0000078e                _ZNK10__cxxabiv117__class_type_info17__find_public_srcEiPKvPKS0_S2_
 .text.__dynamic_cast
                0x000007ba       0xa4 ../../external/gcc/LPC1768/libstdc++.a(dyncast.o)
                0x000007ba                __dynamic_cast
 *fill*         0x0000085e        0x2 00
 .text.__cxa_pure_virtual
                0x00000860       0x14 ../../external/gcc/LPC1768/libstdc++.a(pure.o)
                0x00000860                __cxa_pure_virtual
 .text._ZNK10__cxxabiv120__si_class_type_info11__do_upcastEPKNS_17__class_type_infoEPKvRNS1_15__upcast_resultE
                0x00000874       0x24 ../../external/gcc/LPC1768/libstdc++.a(si_class_type_info.o)
                0x00000874                _ZNK10__cxxabiv120__si_class_type_info11__do_upcastEPKNS_17__class_type_infoEPKvRNS1_15__upcast_resultE
 .text._ZNK10__cxxabiv120__si_class_type_info12__do_dyncastEiNS_17__class_type_info10__sub_kindEPKS1_PKvS4_S6_RNS1_16__dyncast_resultE
                0x00000898       0x90 ../../external/gcc/LPC1768/libstdc++.a(si_class_type_info.o)
                0x00000898                _ZNK10__cxxabiv120__si_class_type_info12__do_dyncastEiNS_17__class_type_info10__sub_kindEPKS1_PKvS4_S6_RNS1_16__dyncast_resultE
 .text._ZNK10__cxxabiv120__si_class_type_info20__do_find_public_srcEiPKvPKNS_17__class_type_infoES2_
                0x00000928       0x36 ../../external/gcc/LPC1768/libstdc++.a(si_class_type_info.o)
                0x00000928                _ZNK10__cxxabiv120__si_class_type_info20__do_find_public_srcEiPKvPKNS_17__class_type_infoES2_
 *fill*         0x0000095e        0x2 00
 .text._ZN10__cxxabiv120__si_class_type_infoD2Ev
                0x00000960       0x14 ../../external/gcc/LPC1768/libstdc++.a(si_class_type_info.o)
                0x00000960                _ZN10__cxxabiv120__si_class_type_infoD2Ev
                0x00000960                _ZN10__cxxabiv120__si_class_type_infoD1Ev
 .text._ZN10__cxxabiv120__si_class_type_infoD0Ev
                0x00000974       0x12 ../../external/gcc/LPC1768/libstdc++.a(si_class_type_info.o)
                0x00000974                _ZN10__cxxabiv120__si_class_type_infoD0Ev
 *fill*         0x00000986        0x2 00
 .text._ZNSt9type_infoD2Ev
                0x00000988        0xc ../../external/gcc/LPC1768/libstdc++.a(tinfo.o)
                0x00000988                _ZNSt9type_infoD1Ev
                0x00000988                _ZNSt9type_infoD2Ev
 .text._ZNKSt9type_info14__is_pointer_pEv
                0x00000994        0x4 ../../external/gcc/LPC1768/libstdc++.a(tinfo.o)
                0x00000994                _ZNKSt9type_info14__is_pointer_pEv
 .text._ZNKSt9type_info15__is_function_pEv
                0x00000998        0x4 ../../external/gcc/LPC1768/libstdc++.a(tinfo.o)
                0x00000998                _ZNKSt9type_info15__is_function_pEv
 .text._ZNKSt9type_info11__do_upcastEPKN10__cxxabiv117__class_type_infoEPPv
                0x0000099c        0x4 ../../external/gcc/LPC1768/libstdc++.a(tinfo.o)
                0x0000099c                _ZNKSt9type_info11__do_upcastEPKN10__cxxabiv117__class_type_infoEPPv
 .text._ZNSt9type_infoD0Ev
                0x000009a0       0x12 ../../external/gcc/LPC1768/libstdc++.a(tinfo.o)
                0x000009a0                _ZNSt9type_infoD0Ev
 .text._ZNKSt9type_info4nameEv
                0x000009b2        0xc ../../external/gcc/LPC1768/libstdc++.a(tinfo.o)
                0x000009b2                _ZNKSt9type_info4nameEv
 .text._ZNKSt9type_infoeqERKS_
                0x000009be       0x34 ../../external/gcc/LPC1768/libstdc++.a(tinfo.o)
                0x000009be                _ZNKSt9type_infoeqERKS_
 .text._ZNKSt9type_info10__do_catchEPKS_PPvj
                0x000009f2        0x4 ../../external/gcc/LPC1768/libstdc++.a(tinfo.o)
                0x000009f2                _ZNKSt9type_info10__do_catchEPKS_PPvj
 .text._ZN10__cxxabiv112_GLOBAL__N_111contained_pENS_17__class_type_info10__sub_kindE
                0x000009f6        0xa ../../external/gcc/LPC1768/libstdc++.a(vmi_class_type_info.o)
 .text._ZN10__cxxabiv112_GLOBAL__N_19virtual_pENS_17__class_type_info10__sub_kindE
                0x00000a00        0x6 ../../external/gcc/LPC1768/libstdc++.a(vmi_class_type_info.o)
 .text._ZN10__cxxabiv112_GLOBAL__N_114adjust_pointerIvEEPKT_PKvi
                0x00000a06        0x4 ../../external/gcc/LPC1768/libstdc++.a(vmi_class_type_info.o)
 .text._ZN10__cxxabiv112_GLOBAL__N_115convert_to_baseEPKvbi
                0x00000a0a        0xc ../../external/gcc/LPC1768/libstdc++.a(vmi_class_type_info.o)
 *fill*         0x00000a16        0x2 00
 .text._ZN10__cxxabiv121__vmi_class_type_infoD2Ev
                0x00000a18       0x14 ../../external/gcc/LPC1768/libstdc++.a(vmi_class_type_info.o)
                0x00000a18                _ZN10__cxxabiv121__vmi_class_type_infoD1Ev
                0x00000a18                _ZN10__cxxabiv121__vmi_class_type_infoD2Ev
 .text._ZN10__cxxabiv121__vmi_class_type_infoD0Ev
                0x00000a2c       0x12 ../../external/gcc/LPC1768/libstdc++.a(vmi_class_type_info.o)
                0x00000a2c                _ZN10__cxxabiv121__vmi_class_type_infoD0Ev
 .text._ZNK10__cxxabiv122__base_class_type_info14__is_virtual_pEv
                0x00000a3e        0x8 ../../external/gcc/LPC1768/libstdc++.a(vmi_class_type_info.o)
                0x00000a3e                _ZNK10__cxxabiv122__base_class_type_info14__is_virtual_pEv
 .text._ZNK10__cxxabiv122__base_class_type_info13__is_public_pEv
                0x00000a46        0x8 ../../external/gcc/LPC1768/libstdc++.a(vmi_class_type_info.o)
                0x00000a46                _ZNK10__cxxabiv122__base_class_type_info13__is_public_pEv
 .text._ZNK10__cxxabiv122__base_class_type_info8__offsetEv
                0x00000a4e        0x6 ../../external/gcc/LPC1768/libstdc++.a(vmi_class_type_info.o)
                0x00000a4e                _ZNK10__cxxabiv122__base_class_type_info8__offsetEv
 .text._ZNK10__cxxabiv121__vmi_class_type_info20__do_find_public_srcEiPKvPKNS_17__class_type_infoES2_
                0x00000a54       0x96 ../../external/gcc/LPC1768/libstdc++.a(vmi_class_type_info.o)
                0x00000a54                _ZNK10__cxxabiv121__vmi_class_type_info20__do_find_public_srcEiPKvPKNS_17__class_type_infoES2_
 .text._ZNK10__cxxabiv121__vmi_class_type_info11__do_upcastEPKNS_17__class_type_infoEPKvRNS1_15__upcast_resultE
                0x00000aea      0x148 ../../external/gcc/LPC1768/libstdc++.a(vmi_class_type_info.o)
                0x00000aea                _ZNK10__cxxabiv121__vmi_class_type_info11__do_upcastEPKNS_17__class_type_infoEPKvRNS1_15__upcast_resultE
 .text._ZNK10__cxxabiv121__vmi_class_type_info12__do_dyncastEiNS_17__class_type_info10__sub_kindEPKS1_PKvS4_S6_RNS1_16__dyncast_resultE
                0x00000c32      0x2e0 ../../external/gcc/LPC1768/libstdc++.a(vmi_class_type_info.o)
                0x00000c32                _ZNK10__cxxabiv121__vmi_class_type_info12__do_dyncastEiNS_17__class_type_info10__sub_kindEPKS1_PKvS4_S6_RNS1_16__dyncast_resultE
 .text._ZN10__cxxabiv111__terminateEPFvvE
                0x00000f12        0x8 ../../external/gcc/LPC1768/libstdc++.a(eh_terminate.o)
                0x00000f12                _ZN10__cxxabiv111__terminateEPFvvE
 *fill*         0x00000f1a        0x2 00
 .text._ZSt9terminatev
                0x00000f1c       0x10 ../../external/gcc/LPC1768/libstdc++.a(eh_terminate.o)
                0x00000f1c                _ZSt9terminatev
 .text._ZN9__gnu_cxx27__verbose_terminate_handlerEv
                0x00000f2c       0x90 ../../external/gcc/LPC1768/libstdc++.a(vterminate.o)
                0x00000f2c                _ZN9__gnu_cxx27__verbose_terminate_handlerEv
 .text          0x00000fbc     0x26a4 ../../external/gcc/LPC1768/libstdc++.a(cp-demangle.o)
                0x00003580                __cxa_demangle
                0x0000363c                __gcclibcxx_demangle_callback
 .text.__cxa_current_exception_type
                0x00003660       0x1a ../../external/gcc/LPC1768/libstdc++.a(eh_type.o)
                0x00003660                __cxa_current_exception_type
 *fill*         0x0000367a        0x2 00
 .text.__cxa_get_globals
                0x0000367c        0x8 ../../external/gcc/LPC1768/libstdc++.a(eh_globals.o)
                0x0000367c                __cxa_get_globals
 *fill*         0x00003684        0x4 00
 .text.scalbn   0x00003688       0xf8 ../../external/gcc/LPC1768/libm.a(lib_a-s_scalbn.o)
                0x00003688                scalbn
 .text.copysign
                0x00003780       0x10 ../../external/gcc/LPC1768/libm.a(lib_a-s_copysign.o)
                0x00003780                copysign
 .text          0x00003790      0x370 /media/6aafac43-5450-453e-a142-f588400933c0/Sandbox/arm/bin/../lib/gcc/arm-none-eabi/4.5.2/thumb2/libgcc.a(_arm_addsubdf3.o)
                0x00003790                __aeabi_drsub
                0x00003798                __aeabi_dsub
                0x00003798                __subdf3
                0x0000379c                __adddf3
                0x0000379c                __aeabi_dadd
                0x00003a14                __aeabi_ui2d
                0x00003a14                __floatunsidf
                0x00003a34                __floatsidf
                0x00003a34                __aeabi_i2d
                0x00003a58                __extendsfdf2
                0x00003a58                __aeabi_f2d
                0x00003a94                __aeabi_ul2d
                0x00003a94                __floatundidf
                0x00003aa4                __floatdidf
                0x00003aa4                __aeabi_l2d
 .text          0x00003b00      0x424 /media/6aafac43-5450-453e-a142-f588400933c0/Sandbox/arm/bin/../lib/gcc/arm-none-eabi/4.5.2/thumb2/libgcc.a(_arm_muldivdf3.o)
                0x00003b00                __aeabi_dmul
                0x00003b00                __muldf3
                0x00003d54                __aeabi_ddiv
                0x00003d54                __divdf3
 .text          0x00003f24       0x50 /media/6aafac43-5450-453e-a142-f588400933c0/Sandbox/arm/bin/../lib/gcc/arm-none-eabi/4.5.2/thumb2/libgcc.a(_arm_fixdfsi.o)
                0x00003f24                __fixdfsi
                0x00003f24                __aeabi_d2iz
 .text          0x00003f74       0xa0 /media/6aafac43-5450-453e-a142-f588400933c0/Sandbox/arm/bin/../lib/gcc/arm-none-eabi/4.5.2/thumb2/libgcc.a(_arm_truncdfsf2.o)
                0x00003f74                __aeabi_d2f
                0x00003f74                __truncdfsf2
 .text          0x00004014      0x21c /media/6aafac43-5450-453e-a142-f588400933c0/Sandbox/arm/bin/../lib/gcc/arm-none-eabi/4.5.2/thumb2/libgcc.a(_arm_addsubsf3.o)
                0x00004014                __aeabi_frsub
                0x0000401c                __subsf3
                0x0000401c                __aeabi_fsub
                0x00004020                __aeabi_fadd
                0x00004020                __addsf3
                0x00004180                __aeabi_ui2f
                0x00004180                __floatunsisf
                0x00004188                __aeabi_i2f
                0x00004188                __floatsisf
                0x000041a4                __floatundisf
                0x000041a4                __aeabi_ul2f
                0x000041b4                __floatdisf
                0x000041b4                __aeabi_l2f
 .text          0x00004230      0x2a0 /media/6aafac43-5450-453e-a142-f588400933c0/Sandbox/arm/bin/../lib/gcc/arm-none-eabi/4.5.2/thumb2/libgcc.a(_arm_muldivsf3.o)
                0x00004230                __mulsf3
                0x00004230                __aeabi_fmul
                0x00004398                __divsf3
                0x00004398                __aeabi_fdiv
 .text          0x000044d0       0xec /media/6aafac43-5450-453e-a142-f588400933c0/Sandbox/arm/bin/../lib/gcc/arm-none-eabi/4.5.2/thumb2/libgcc.a(_arm_cmpsf2.o)
                0x000044d0                __gtsf2
                0x000044d0                __gesf2
                0x000044d8                __lesf2
                0x000044d8                __ltsf2
                0x000044e0                __nesf2
                0x000044e0                __eqsf2
                0x000044e0                __cmpsf2
                0x00004540                __aeabi_cfrcmple
                0x00004548                __aeabi_cfcmple
                0x00004548                __aeabi_cfcmpeq
                0x00004558                __aeabi_fcmpeq
                0x0000456c                __aeabi_fcmplt
                0x00004580                __aeabi_fcmple
                0x00004594                __aeabi_fcmpge
                0x000045a8                __aeabi_fcmpgt
 .text.abort    0x000045bc        0xe ../../external/gcc/LPC1768/libc.a(lib_a-abort.o)
                0x000045bc                abort
 .text.__aeabi_assert
                0x000045ca        0xe ../../external/gcc/LPC1768/libc.a(lib_a-clibabi_assert.o)
                0x000045ca                __aeabi_assert
 .text.setup_aeabi_stdio
                0x000045d8       0x28 ../../external/gcc/LPC1768/libc.a(lib_a-clibabi_stdio.o)
 .text.__cxa_atexit
                0x00004600       0x16 ../../external/gcc/LPC1768/libc.a(lib_a-cxa_atexit.o)
                0x00004600                __cxa_atexit
 *fill*         0x00004616        0x2 00
 .text.fprintf  0x00004618       0x24 ../../external/gcc/LPC1768/libc.a(lib_a-fprintf.o)
                0x00004618                fprintf
 .text._fputs_r
                0x0000463c       0x74 ../../external/gcc/LPC1768/libc.a(lib_a-fputs.o)
                0x0000463c                _fputs_r
 .text.fputs    0x000046b0       0x14 ../../external/gcc/LPC1768/libc.a(lib_a-fputs.o)
                0x000046b0                fputs
 .text.__sfvwrite_r
                0x000046c4      0x294 ../../external/gcc/LPC1768/libc.a(lib_a-fvwrite.o)
                0x000046c4                __sfvwrite_r
 .text._fwrite_r
                0x00004958       0x90 ../../external/gcc/LPC1768/libc.a(lib_a-fwrite.o)
                0x00004958                _fwrite_r
 .text.fwrite   0x000049e8       0x20 ../../external/gcc/LPC1768/libc.a(lib_a-fwrite.o)
                0x000049e8                fwrite
 .text.__libc_init_array
                0x00004a08       0x48 ../../external/gcc/LPC1768/libc.a(lib_a-init.o)
                0x00004a08                __libc_init_array
 .text.malloc   0x00004a50       0x10 ../../external/gcc/LPC1768/libc.a(lib_a-malloc.o)
                0x00004a50                malloc
 .text.free     0x00004a60       0x10 ../../external/gcc/LPC1768/libc.a(lib_a-malloc.o)
                0x00004a60                free
 .text._malloc_r
                0x00004a70      0x408 ../../external/gcc/LPC1768/libc.a(lib_a-mallocr.o)
                0x00004a70                _malloc_r
 .text.memchr   0x00004e78       0x1c ../../external/gcc/LPC1768/libc.a(lib_a-memchr.o)
                0x00004e78                memchr
 .text.memcmp   0x00004e94       0x1c ../../external/gcc/LPC1768/libc.a(lib_a-memcmp.o)
                0x00004e94                memcmp
 .text.memcpy   0x00004eb0       0x16 ../../external/gcc/LPC1768/libc.a(lib_a-memcpy.o)
                0x00004eb0                memcpy
 .text.memmove  0x00004ec6       0x30 ../../external/gcc/LPC1768/libc.a(lib_a-memmove.o)
                0x00004ec6                memmove
 .text.__malloc_lock
                0x00004ef6        0x2 ../../external/gcc/LPC1768/libc.a(lib_a-mlock.o)
                0x00004ef6                __malloc_lock
 .text.__malloc_unlock
                0x00004ef8        0x2 ../../external/gcc/LPC1768/libc.a(lib_a-mlock.o)
                0x00004ef8                __malloc_unlock
 *fill*         0x00004efa        0x2 00
 .text.realloc  0x00004efc       0x14 ../../external/gcc/LPC1768/libc.a(lib_a-realloc.o)
                0x00004efc                realloc
 .text._realloc_r
                0x00004f10      0x2f8 ../../external/gcc/LPC1768/libc.a(lib_a-reallocr.o)
                0x00004f10                _realloc_r
 .text._sbrk_r  0x00005208       0x24 ../../external/gcc/LPC1768/libc.a(lib_a-sbrkr.o)
                0x00005208                _sbrk_r
 .text._raise_r
                0x0000522c       0x56 ../../external/gcc/LPC1768/libc.a(lib_a-signal.o)
                0x0000522c                _raise_r
 *fill*         0x00005282        0x2 00
 .text.raise    0x00005284       0x10 ../../external/gcc/LPC1768/libc.a(lib_a-signal.o)
                0x00005284                raise
 .text._kill_r  0x00005294       0x24 ../../external/gcc/LPC1768/libc.a(lib_a-signalr.o)
                0x00005294                _kill_r
 .text._getpid_r
                0x000052b8        0x4 ../../external/gcc/LPC1768/libc.a(lib_a-signalr.o)
                0x000052b8                _getpid_r
 .text.sprintf  0x000052bc       0x48 ../../external/gcc/LPC1768/libc.a(lib_a-sprintf.o)
                0x000052bc                sprintf
 .text.sscanf   0x00005304       0x54 ../../external/gcc/LPC1768/libc.a(lib_a-sscanf.o)
                0x00005304                sscanf
 .text.__sread  0x00005358       0x22 ../../external/gcc/LPC1768/libc.a(lib_a-stdio.o)
                0x00005358                __sread
 .text.__seofread
                0x0000537a        0x4 ../../external/gcc/LPC1768/libc.a(lib_a-stdio.o)
                0x0000537a                __seofread
 .text.__swrite
                0x0000537e       0x3a ../../external/gcc/LPC1768/libc.a(lib_a-stdio.o)
                0x0000537e                __swrite
 .text.__sseek  0x000053b8       0x26 ../../external/gcc/LPC1768/libc.a(lib_a-stdio.o)
                0x000053b8                __sseek
 .text.__sclose
                0x000053de        0x8 ../../external/gcc/LPC1768/libc.a(lib_a-stdio.o)
                0x000053de                __sclose
 .text.strcmp   0x000053e6       0x16 ../../external/gcc/LPC1768/libc.a(lib_a-strcmp.o)
                0x000053e6                strcmp
 .text.strcpy   0x000053fc       0x10 ../../external/gcc/LPC1768/libc.a(lib_a-strcpy.o)
                0x000053fc                strcpy
 .text.strlen   0x0000540c       0x10 ../../external/gcc/LPC1768/libc.a(lib_a-strlen.o)
                0x0000540c                strlen
 .text.strncmp  0x0000541c       0x2a ../../external/gcc/LPC1768/libc.a(lib_a-strncmp.o)
                0x0000541c                strncmp
 *fill*         0x00005446        0x2 00
 .text._strtol_r
                0x00005448      0x124 ../../external/gcc/LPC1768/libc.a(lib_a-strtol.o)
                0x00005448                _strtol_r
 .text.strtol   0x0000556c       0x1c ../../external/gcc/LPC1768/libc.a(lib_a-strtol.o)
                0x0000556c                strtol
 .text._svfprintf_r
                0x00005588     0x1100 ../../external/gcc/LPC1768/libc.a(lib_a-svfprintf.o)
                0x00005588                _svfprintf_r
 .text.__ssvfscanf_r
                0x00006688      0xbdc ../../external/gcc/LPC1768/libc.a(lib_a-svfscanf.o)
                0x00006688                __ssvfscanf_r
 .text.write    0x00007264       0x1c ../../external/gcc/LPC1768/libc.a(lib_a-syswrite.o)
                0x00007264                write
 .text._vfprintf_r
                0x00007280     0x11cc ../../external/gcc/LPC1768/libc.a(lib_a-vfprintf.o)
                0x00007280                _vfprintf_r
 .text._write_r
                0x0000844c       0x28 ../../external/gcc/LPC1768/libc.a(lib_a-writer.o)
                0x0000844c                _write_r
 .text.__swsetup_r
                0x00008474       0xdc ../../external/gcc/LPC1768/libc.a(lib_a-wsetup.o)
                0x00008474                __swsetup_r
 .text.__register_exitproc
                0x00008550       0xc0 ../../external/gcc/LPC1768/libc.a(lib_a-__atexit.o)
                0x00008550                __register_exitproc
 .text.__assert_func
                0x00008610       0x38 ../../external/gcc/LPC1768/libc.a(lib_a-assert.o)
                0x00008610                __assert_func
 .text.__assert
                0x00008648        0xa ../../external/gcc/LPC1768/libc.a(lib_a-assert.o)
                0x00008648                __assert
 *fill*         0x00008652        0x2 00
 .text._close_r
                0x00008654       0x24 ../../external/gcc/LPC1768/libc.a(lib_a-closer.o)
                0x00008654                _close_r
 .text.quorem   0x00008678      0x124 ../../external/gcc/LPC1768/libc.a(lib_a-dtoa.o)
 *fill*         0x0000879c        0x4 00
 .text._dtoa_r  0x000087a0      0xc08 ../../external/gcc/LPC1768/libc.a(lib_a-dtoa.o)
                0x000087a0                _dtoa_r
 .text._fflush_r
                0x000093a8      0x174 ../../external/gcc/LPC1768/libc.a(lib_a-fflush.o)
                0x000093a8                _fflush_r
 .text._cleanup_r
                0x0000951c        0xc ../../external/gcc/LPC1768/libc.a(lib_a-findfp.o)
                0x0000951c                _cleanup_r
 .text.std.clone.0
                0x00009528       0x48 ../../external/gcc/LPC1768/libc.a(lib_a-findfp.o)
 .text.__sfmoreglue
                0x00009570       0x28 ../../external/gcc/LPC1768/libc.a(lib_a-findfp.o)
                0x00009570                __sfmoreglue
 .text.__sinit  0x00009598       0x5c ../../external/gcc/LPC1768/libc.a(lib_a-findfp.o)
                0x00009598                __sinit
 .text.__sfp    0x000095f4       0x78 ../../external/gcc/LPC1768/libc.a(lib_a-findfp.o)
                0x000095f4                __sfp
 .text.__sfp_lock_acquire
                0x0000966c        0x2 ../../external/gcc/LPC1768/libc.a(lib_a-findfp.o)
                0x0000966c                __sfp_lock_acquire
 .text.__sfp_lock_release
                0x0000966e        0x2 ../../external/gcc/LPC1768/libc.a(lib_a-findfp.o)
                0x0000966e                __sfp_lock_release
 .text.fiprintf
                0x00009670       0x24 ../../external/gcc/LPC1768/libc.a(lib_a-fiprintf.o)
                0x00009670                fiprintf
 .text._malloc_trim_r
                0x00009694       0x94 ../../external/gcc/LPC1768/libc.a(lib_a-freer.o)
                0x00009694                _malloc_trim_r
 .text._free_r  0x00009728      0x180 ../../external/gcc/LPC1768/libc.a(lib_a-freer.o)
                0x00009728                _free_r
 .text._fwalk   0x000098a8       0x44 ../../external/gcc/LPC1768/libc.a(lib_a-fwalk.o)
                0x000098a8                _fwalk
 .text.iswspace
                0x000098ec       0x1c ../../external/gcc/LPC1768/libc.a(lib_a-iswspace.o)
                0x000098ec                iswspace
 .text.__locale_charset
                0x00009908        0x8 ../../external/gcc/LPC1768/libc.a(lib_a-locale.o)
                0x00009908                __locale_charset
 .text.__locale_mb_cur_max
                0x00009910        0xc ../../external/gcc/LPC1768/libc.a(lib_a-locale.o)
                0x00009910                __locale_mb_cur_max
 .text._localeconv_r
                0x0000991c        0x8 ../../external/gcc/LPC1768/libc.a(lib_a-locale.o)
                0x0000991c                _localeconv_r
 .text._lseek_r
                0x00009924       0x28 ../../external/gcc/LPC1768/libc.a(lib_a-lseekr.o)
                0x00009924                _lseek_r
 .text.__smakebuf_r
                0x0000994c       0xdc ../../external/gcc/LPC1768/libc.a(lib_a-makebuf.o)
                0x0000994c                __smakebuf_r
 .text._mbrtowc_r
                0x00009a28       0x54 ../../external/gcc/LPC1768/libc.a(lib_a-mbrtowc.o)
                0x00009a28                _mbrtowc_r
 .text.__ascii_mbtowc
                0x00009a7c       0x26 ../../external/gcc/LPC1768/libc.a(lib_a-mbtowc_r.o)
                0x00009a7c                __ascii_mbtowc
 .text.memset   0x00009aa2       0x10 ../../external/gcc/LPC1768/libc.a(lib_a-memset.o)
                0x00009aa2                memset
 .text._Balloc  0x00009ab2       0x62 ../../external/gcc/LPC1768/libc.a(lib_a-mprec.o)
                0x00009ab2                _Balloc
 .text._Bfree   0x00009b14       0x2e ../../external/gcc/LPC1768/libc.a(lib_a-mprec.o)
                0x00009b14                _Bfree
 .text.__multadd
                0x00009b42       0x7c ../../external/gcc/LPC1768/libc.a(lib_a-mprec.o)
                0x00009b42                __multadd
 .text.__s2b    0x00009bbe       0x7c ../../external/gcc/LPC1768/libc.a(lib_a-mprec.o)
                0x00009bbe                __s2b
 .text.__hi0bits
                0x00009c3a       0x40 ../../external/gcc/LPC1768/libc.a(lib_a-mprec.o)
                0x00009c3a                __hi0bits
 .text.__lo0bits
                0x00009c7a       0x64 ../../external/gcc/LPC1768/libc.a(lib_a-mprec.o)
                0x00009c7a                __lo0bits
 .text.__i2b    0x00009cde       0x12 ../../external/gcc/LPC1768/libc.a(lib_a-mprec.o)
                0x00009cde                __i2b
 .text.__multiply
                0x00009cf0      0x124 ../../external/gcc/LPC1768/libc.a(lib_a-mprec.o)
                0x00009cf0                __multiply
 .text.__pow5mult
                0x00009e14       0xa4 ../../external/gcc/LPC1768/libc.a(lib_a-mprec.o)
                0x00009e14                __pow5mult
 .text.__lshift
                0x00009eb8       0x98 ../../external/gcc/LPC1768/libc.a(lib_a-mprec.o)
                0x00009eb8                __lshift
 .text.__mcmp   0x00009f50       0x3a ../../external/gcc/LPC1768/libc.a(lib_a-mprec.o)
                0x00009f50                __mcmp
 .text.__mdiff  0x00009f8a       0xc6 ../../external/gcc/LPC1768/libc.a(lib_a-mprec.o)
                0x00009f8a                __mdiff
 .text.__ulp    0x0000a050       0x40 ../../external/gcc/LPC1768/libc.a(lib_a-mprec.o)
                0x0000a050                __ulp
 .text.__b2d    0x0000a090       0xa4 ../../external/gcc/LPC1768/libc.a(lib_a-mprec.o)
                0x0000a090                __b2d
 .text.__d2b    0x0000a134       0xbc ../../external/gcc/LPC1768/libc.a(lib_a-mprec.o)
                0x0000a134                __d2b
 .text.__ratio  0x0000a1f0       0x46 ../../external/gcc/LPC1768/libc.a(lib_a-mprec.o)
                0x0000a1f0                __ratio
 .text.__copybits
                0x0000a236       0x32 ../../external/gcc/LPC1768/libc.a(lib_a-mprec.o)
                0x0000a236                __copybits
 .text.__any_on
                0x0000a268       0x4a ../../external/gcc/LPC1768/libc.a(lib_a-mprec.o)
                0x0000a268                __any_on
 *fill*         0x0000a2b2        0x2 00
 .text._read_r  0x0000a2b4       0x28 ../../external/gcc/LPC1768/libc.a(lib_a-readr.o)
                0x0000a2b4                _read_r
 .text.__fpclassifyd
                0x0000a2dc       0x64 ../../external/gcc/LPC1768/libc.a(lib_a-s_fpclassify.o)
                0x0000a2dc                __fpclassifyd
 .text.__sccl   0x0000a340       0x64 ../../external/gcc/LPC1768/libc.a(lib_a-sccl.o)
                0x0000a340                __sccl
 .text.nanf     0x0000a3a4        0x8 ../../external/gcc/LPC1768/libc.a(lib_a-sf_nan.o)
                0x0000a3a4                nanf
 .text.match    0x0000a3ac       0x2c ../../external/gcc/LPC1768/libc.a(lib_a-strtod.o)
 .text._strtod_r
                0x0000a3d8      0xbd8 ../../external/gcc/LPC1768/libc.a(lib_a-strtod.o)
                0x0000a3d8                _strtod_r
 .text._strtoll_r
                0x0000afb0      0x16c ../../external/gcc/LPC1768/libc.a(lib_a-strtoll_r.o)
                0x0000afb0                _strtoll_r
 .text._strtoul_r
                0x0000b11c       0xfc ../../external/gcc/LPC1768/libc.a(lib_a-strtoul.o)
                0x0000b11c                _strtoul_r
 .text._strtoull_r
                0x0000b218      0x154 ../../external/gcc/LPC1768/libc.a(lib_a-strtoull_r.o)
                0x0000b218                _strtoull_r
 .text.__ssprint_r
                0x0000b36c       0xf6 ../../external/gcc/LPC1768/libc.a(lib_a-svfiprintf.o)
                0x0000b36c                __ssprint_r
 .text._sungetc_r
                0x0000b462       0x7a ../../external/gcc/LPC1768/libc.a(lib_a-svfiscanf.o)
                0x0000b462                _sungetc_r
 .text.__ssrefill_r
                0x0000b4dc       0x3a ../../external/gcc/LPC1768/libc.a(lib_a-svfiscanf.o)
                0x0000b4dc                __ssrefill_r
 .text._sfread_r
                0x0000b516       0x70 ../../external/gcc/LPC1768/libc.a(lib_a-svfiscanf.o)
                0x0000b516                _sfread_r
 .text.__submore
                0x0000b586       0x78 ../../external/gcc/LPC1768/libc.a(lib_a-ungetc.o)
                0x0000b586                __submore
 .text.__sprint_r
                0x0000b5fe       0x74 ../../external/gcc/LPC1768/libc.a(lib_a-vfiprintf.o)
                0x0000b5fe                __sprint_r
 *fill*         0x0000b672        0x2 00
 .text._vfiprintf_r
                0x0000b674      0x914 ../../external/gcc/LPC1768/libc.a(lib_a-vfiprintf.o)
                0x0000b674                _vfiprintf_r
 .text._calloc_r
                0x0000bf88       0x58 ../../external/gcc/LPC1768/libc.a(lib_a-callocr.o)
                0x0000bf88                _calloc_r
 .text._fclose_r
                0x0000bfe0       0xac ../../external/gcc/LPC1768/libc.a(lib_a-fclose.o)
                0x0000bfe0                _fclose_r
 .text.fclose   0x0000c08c       0x10 ../../external/gcc/LPC1768/libc.a(lib_a-fclose.o)
                0x0000c08c                fclose
 .text._fputwc_r
                0x0000c09c       0xbe ../../external/gcc/LPC1768/libc.a(lib_a-fputwc.o)
                0x0000c09c                _fputwc_r
 *fill*         0x0000c15a        0x2 00
 .text._fstat_r
                0x0000c15c       0x24 ../../external/gcc/LPC1768/libc.a(lib_a-fstatr.o)
                0x0000c15c                _fstat_r
 .text.rshift   0x0000c180       0x6c ../../external/gcc/LPC1768/libc.a(lib_a-gdtoa-gethex.o)
 .text.htinit.clone.0
                0x0000c1ec       0x1c ../../external/gcc/LPC1768/libc.a(lib_a-gdtoa-gethex.o)
 .text.__hexdig_init
                0x0000c208       0x2c ../../external/gcc/LPC1768/libc.a(lib_a-gdtoa-gethex.o)
                0x0000c208                __hexdig_init
 .text.__gethex
                0x0000c234      0x460 ../../external/gcc/LPC1768/libc.a(lib_a-gdtoa-gethex.o)
                0x0000c234                __gethex
 .text.L_shift  0x0000c694       0x34 ../../external/gcc/LPC1768/libc.a(lib_a-gdtoa-hexnan.o)
 .text.__hexnan
                0x0000c6c8      0x11c ../../external/gcc/LPC1768/libc.a(lib_a-gdtoa-hexnan.o)
                0x0000c6c8                __hexnan
 .text._isatty_r
                0x0000c7e4       0x24 ../../external/gcc/LPC1768/libc.a(lib_a-isattyr.o)
                0x0000c7e4                _isatty_r
 .text.__swbuf_r
                0x0000c808       0xcc ../../external/gcc/LPC1768/libc.a(lib_a-wbuf.o)
                0x0000c808                __swbuf_r
 .text._wcrtomb_r
                0x0000c8d4       0x50 ../../external/gcc/LPC1768/libc.a(lib_a-wcrtomb.o)
                0x0000c8d4                _wcrtomb_r
 .text.__ascii_wctomb
                0x0000c924       0x1a ../../external/gcc/LPC1768/libc.a(lib_a-wctomb_r.o)
                0x0000c924                __ascii_wctomb
 *fill*         0x0000c93e        0x2 00
 .text          0x0000c940      0x278 /media/6aafac43-5450-453e-a142-f588400933c0/Sandbox/arm/bin/../lib/gcc/arm-none-eabi/4.5.2/thumb2/libgcc.a(_udivsi3.o)
                0x0000c940                __udivsi3
                0x0000c940                __aeabi_uidiv
                0x0000cb9c                __aeabi_uidivmod
 .text          0x0000cbb8      0x2b0 /media/6aafac43-5450-453e-a142-f588400933c0/Sandbox/arm/bin/../lib/gcc/arm-none-eabi/4.5.2/thumb2/libgcc.a(_divsi3.o)
                0x0000cbb8                __aeabi_idiv
                0x0000cbb8                __divsi3
                0x0000ce4c                __aeabi_idivmod
 .text          0x0000ce68        0x4 /media/6aafac43-5450-453e-a142-f588400933c0/Sandbox/arm/bin/../lib/gcc/arm-none-eabi/4.5.2/thumb2/libgcc.a(_dvmd_tls.o)
                0x0000ce68                __aeabi_ldiv0
                0x0000ce68                __aeabi_idiv0
 .text          0x0000ce6c      0x110 /media/6aafac43-5450-453e-a142-f588400933c0/Sandbox/arm/bin/../lib/gcc/arm-none-eabi/4.5.2/thumb2/libgcc.a(_arm_cmpdf2.o)
                0x0000ce6c                __gtdf2
                0x0000ce6c                __gedf2
                0x0000ce74                __ltdf2
                0x0000ce74                __ledf2
                0x0000ce7c                __cmpdf2
                0x0000ce7c                __eqdf2
                0x0000ce7c                __nedf2
                0x0000cef8                __aeabi_cdrcmple
                0x0000cf08                __aeabi_cdcmple
                0x0000cf08                __aeabi_cdcmpeq
                0x0000cf18                __aeabi_dcmpeq
                0x0000cf2c                __aeabi_dcmplt
                0x0000cf40                __aeabi_dcmple
                0x0000cf54                __aeabi_dcmpge
                0x0000cf68                __aeabi_dcmpgt
 .text          0x0000cf7c       0x40 /media/6aafac43-5450-453e-a142-f588400933c0/Sandbox/arm/bin/../lib/gcc/arm-none-eabi/4.5.2/thumb2/libgcc.a(_arm_fixunsdfsi.o)
                0x0000cf7c                __fixunsdfsi
                0x0000cf7c                __aeabi_d2uiz
 .text          0x0000cfbc       0x2c /media/6aafac43-5450-453e-a142-f588400933c0/Sandbox/arm/bin/../lib/gcc/arm-none-eabi/4.5.2/thumb2/libgcc.a(_aeabi_uldivmod.o)
                0x0000cfbc                __aeabi_uldivmod
 .text          0x0000cfe8       0x60 /media/6aafac43-5450-453e-a142-f588400933c0/Sandbox/arm/bin/../lib/gcc/arm-none-eabi/4.5.2/thumb2/libgcc.a(bpabi.o)
                0x0000cfe8                __gnu_ldivmod_helper
                0x0000d018                __gnu_uldivmod_helper
 .text          0x0000d048      0x360 /media/6aafac43-5450-453e-a142-f588400933c0/Sandbox/arm/bin/../lib/gcc/arm-none-eabi/4.5.2/thumb2/libgcc.a(_divdi3.o)
                0x0000d048                __divdi3
 .text          0x0000d3a8      0x308 /media/6aafac43-5450-453e-a142-f588400933c0/Sandbox/arm/bin/../lib/gcc/arm-none-eabi/4.5.2/thumb2/libgcc.a(_udivdi3.o)
                0x0000d3a8                __udivdi3
 *(.gnu.linkonce.t.*)
 *(.glue_7)
 .glue_7        0x00000000        0x0 linker stubs
 *(.glue_7t)
 .glue_7t       0x00000000        0x0 linker stubs
 *(.gcc_except_table)
 *(.rodata .rodata*)
 .rodata.str1.4
                0x0000d6b0       0x84 ../../src/syscalls.o
 *fill*         0x0000d734        0x4 00
 .rodata._ZTVN10__cxxabiv117__class_type_infoE
                0x0000d738       0x30 ../../external/gcc/LPC1768/libstdc++.a(class_type_info.o)
                0x0000d738                _ZTVN10__cxxabiv117__class_type_infoE
 .rodata._ZTIN10__cxxabiv117__class_type_infoE
                0x0000d768        0xc ../../external/gcc/LPC1768/libstdc++.a(class_type_info.o)
                0x0000d768                _ZTIN10__cxxabiv117__class_type_infoE
 .rodata._ZTSN10__cxxabiv117__class_type_infoE
                0x0000d774       0x22 ../../external/gcc/LPC1768/libstdc++.a(class_type_info.o)
                0x0000d774                _ZTSN10__cxxabiv117__class_type_infoE
 .rodata.str1.1
                0x0000d796       0x1c ../../external/gcc/LPC1768/libstdc++.a(pure.o)
 *fill*         0x0000d7b2        0x6 00
 .rodata._ZTVN10__cxxabiv120__si_class_type_infoE
                0x0000d7b8       0x30 ../../external/gcc/LPC1768/libstdc++.a(si_class_type_info.o)
                0x0000d7b8                _ZTVN10__cxxabiv120__si_class_type_infoE
 .rodata._ZTIN10__cxxabiv120__si_class_type_infoE
                0x0000d7e8        0xc ../../external/gcc/LPC1768/libstdc++.a(si_class_type_info.o)
                0x0000d7e8                _ZTIN10__cxxabiv120__si_class_type_infoE
 .rodata._ZTSN10__cxxabiv120__si_class_type_infoE
                0x0000d7f4       0x25 ../../external/gcc/LPC1768/libstdc++.a(si_class_type_info.o)
                0x0000d7f4                _ZTSN10__cxxabiv120__si_class_type_infoE
 *fill*         0x0000d819        0x3 00
 .rodata._ZTISt9type_info
                0x0000d81c        0x8 ../../external/gcc/LPC1768/libstdc++.a(tinfo.o)
                0x0000d81c                _ZTISt9type_info
 .rodata._ZTSSt9type_info
                0x0000d824        0xd ../../external/gcc/LPC1768/libstdc++.a(tinfo.o)
                0x0000d824                _ZTSSt9type_info
 *fill*         0x0000d831        0x7 00
 .rodata._ZTVSt9type_info
                0x0000d838       0x20 ../../external/gcc/LPC1768/libstdc++.a(tinfo.o)
                0x0000d838                _ZTVSt9type_info
 .rodata._ZTIN10__cxxabiv121__vmi_class_type_infoE
                0x0000d858        0xc ../../external/gcc/LPC1768/libstdc++.a(vmi_class_type_info.o)
                0x0000d858                _ZTIN10__cxxabiv121__vmi_class_type_infoE
 .rodata._ZTSN10__cxxabiv121__vmi_class_type_infoE
                0x0000d864       0x26 ../../external/gcc/LPC1768/libstdc++.a(vmi_class_type_info.o)
                0x0000d864                _ZTSN10__cxxabiv121__vmi_class_type_infoE
 *fill*         0x0000d88a        0x6 00
 .rodata._ZTVN10__cxxabiv121__vmi_class_type_infoE
                0x0000d890       0x30 ../../external/gcc/LPC1768/libstdc++.a(vmi_class_type_info.o)
                0x0000d890                _ZTVN10__cxxabiv121__vmi_class_type_infoE
 .rodata.str1.1
                0x0000d8c0       0x80 ../../external/gcc/LPC1768/libstdc++.a(vterminate.o)
 .rodata        0x0000d940      0x694 ../../external/gcc/LPC1768/libstdc++.a(cp-demangle.o)
 .rodata.str1.1
                0x0000dfd4      0x552 ../../external/gcc/LPC1768/libstdc++.a(cp-demangle.o)
                                0x601 (size before relaxing)
 .rodata.str1.1
                0x0000e526        0x2 ../../external/gcc/LPC1768/libc.a(lib_a-impure.o)
 .rodata._global_impure_ptr
                0x0000e528        0x4 ../../external/gcc/LPC1768/libc.a(lib_a-impure.o)
                0x0000e528                _global_impure_ptr
 .rodata.zeroes.6599
                0x0000e52c       0x10 ../../external/gcc/LPC1768/libc.a(lib_a-svfprintf.o)
 .rodata.str1.1
                0x0000e53c       0x34 ../../external/gcc/LPC1768/libc.a(lib_a-svfprintf.o)
 .rodata.blanks.6598
                0x0000e570       0x10 ../../external/gcc/LPC1768/libc.a(lib_a-svfprintf.o)
 .rodata.str1.1
                0x0000e580        0x5 ../../external/gcc/LPC1768/libc.a(lib_a-svfscanf.o)
 *fill*         0x0000e585        0x1 00
 .rodata.basefix.6519
                0x0000e586       0x22 ../../external/gcc/LPC1768/libc.a(lib_a-svfscanf.o)
 .rodata.blanks.6613
                0x0000e5a8       0x10 ../../external/gcc/LPC1768/libc.a(lib_a-vfprintf.o)
 .rodata.str1.1
                0x00000000       0x34 ../../external/gcc/LPC1768/libc.a(lib_a-vfprintf.o)
 .rodata.zeroes.6614
                0x0000e5b8       0x10 ../../external/gcc/LPC1768/libc.a(lib_a-vfprintf.o)
 .rodata.str1.1
                0x0000e5c8       0x3c ../../external/gcc/LPC1768/libc.a(lib_a-assert.o)
                                 0x3d (size before relaxing)
 .rodata._ctype_
                0x0000e604      0x101 ../../external/gcc/LPC1768/libc.a(lib_a-ctype_.o)
                0x0000e604                _ctype_
 .rodata.str1.1
                0x0000e705        0xd ../../external/gcc/LPC1768/libc.a(lib_a-dtoa.o)
                                  0xf (size before relaxing)
 *fill*         0x0000e712        0x2 00
 .rodata.__sf_fake_stdin
                0x0000e714       0x20 ../../external/gcc/LPC1768/libc.a(lib_a-findfp.o)
                0x0000e714                __sf_fake_stdin
 .rodata.__sf_fake_stdout
                0x0000e734       0x20 ../../external/gcc/LPC1768/libc.a(lib_a-findfp.o)
                0x0000e734                __sf_fake_stdout
 .rodata.__sf_fake_stderr
                0x0000e754       0x20 ../../external/gcc/LPC1768/libc.a(lib_a-findfp.o)
                0x0000e754                __sf_fake_stderr
 .rodata.str1.1
                0x0000e774        0x6 ../../external/gcc/LPC1768/libc.a(lib_a-locale.o)
                                  0xb (size before relaxing)
 .rodata.str1.1
                0x00000000        0x1 ../../external/gcc/LPC1768/libc.a(lib_a-mbrtowc.o)
 *fill*         0x0000e77a        0x2 00
 .rodata.p05.5124
                0x0000e77c        0xc ../../external/gcc/LPC1768/libc.a(lib_a-mprec.o)
 .rodata.__mprec_tens
                0x0000e788       0xc8 ../../external/gcc/LPC1768/libc.a(lib_a-mprec.o)
                0x0000e788                __mprec_tens
 .rodata.__mprec_bigtens
                0x0000e850       0x28 ../../external/gcc/LPC1768/libc.a(lib_a-mprec.o)
                0x0000e850                __mprec_bigtens
 .rodata.str1.1
                0x00000000        0x6 ../../external/gcc/LPC1768/libc.a(lib_a-strtod.o)
                                  0xc (size before relaxing)
 .rodata.tinytens
                0x0000e878       0x28 ../../external/gcc/LPC1768/libc.a(lib_a-strtod.o)
 .rodata.blanks.6556
                0x0000e8a0       0x10 ../../external/gcc/LPC1768/libc.a(lib_a-vfiprintf.o)
 .rodata.str1.1
                0x00000000       0x22 ../../external/gcc/LPC1768/libc.a(lib_a-vfiprintf.o)
 .rodata.zeroes.6557
                0x0000e8b0       0x10 ../../external/gcc/LPC1768/libc.a(lib_a-vfiprintf.o)
 .rodata.str1.1
                0x0000e8c0        0xb ../../external/gcc/LPC1768/libc.a(lib_a-gdtoa-gethex.o)
                                 0x19 (size before relaxing)
 *(.gnu.linkonce.r.*)
                0x0000e8cc                . = ALIGN (0x4)
 *fill*         0x0000e8cb        0x1 00
 *(.init)
 .init          0x0000e8cc        0x4 /media/6aafac43-5450-453e-a142-f588400933c0/Sandbox/arm/bin/../lib/gcc/arm-none-eabi/4.5.2/thumb2/crti.o
                0x0000e8cc                _init
 .init          0x0000e8d0        0x8 /media/6aafac43-5450-453e-a142-f588400933c0/Sandbox/arm/bin/../lib/gcc/arm-none-eabi/4.5.2/thumb2/crtn.o
                0x0000e8d8                . = ALIGN (0x4)
                0x0000e8d8                __preinit_array_start = .
 *(.preinit_array)
 .preinit_array
                0x0000e8d8        0x4 ../../external/gcc/LPC1768/libc.a(lib_a-clibabi_stdio.o)
                0x0000e8dc                __preinit_array_end = .
                0x0000e8dc                . = ALIGN (0x4)
                0x0000e8dc                __init_array_start = .
 *(SORT(.init_array.*))
 *(.init_array)
 .init_array    0x0000e8dc        0x4 /media/6aafac43-5450-453e-a142-f588400933c0/Sandbox/arm/bin/../lib/gcc/arm-none-eabi/4.5.2/thumb2/crtbegin.o
 .init_array    0x0000e8e0        0x4 ./main.o
                0x0000e8e4                __init_array_end = .
                0x0000e8e4                . = ALIGN (0x4)
 *crtbegin.o(.ctors)
 *(EXCLUDE_FILE(*crtend.o) .ctors)
 *(SORT(.ctors.*))
 *crtend.o(.ctors)
                0x0000e8e4                . = ALIGN (0x4)
 *(.fini)
 .fini          0x0000e8e4        0x4 /media/6aafac43-5450-453e-a142-f588400933c0/Sandbox/arm/bin/../lib/gcc/arm-none-eabi/4.5.2/thumb2/crti.o
                0x0000e8e4                _fini
 .fini          0x0000e8e8        0x8 /media/6aafac43-5450-453e-a142-f588400933c0/Sandbox/arm/bin/../lib/gcc/arm-none-eabi/4.5.2/thumb2/crtn.o
                0x0000e8f0                . = ALIGN (0x4)
                0x0000e8f0                __fini_array_start = .
 *(.fini_array)
 .fini_array    0x0000e8f0        0x4 /media/6aafac43-5450-453e-a142-f588400933c0/Sandbox/arm/bin/../lib/gcc/arm-none-eabi/4.5.2/thumb2/crtbegin.o
 *(SORT(.fini_array.*))
                0x0000e8f4                __fini_array_end = .
                0x0000e8f4                . = ALIGN (0x4)
 *crtbegin.o(.dtors)
 *(EXCLUDE_FILE(*crtend.o) .dtors)
 *(SORT(.dtors.*))
 *crtend.o(.dtors)
                0x0000e8f4                _etext = .
                0x0000e8f4                _sifastcode = .
                0x0000e8f4                __exidx_start = .

.vfp11_veneer   0x0000e8f4        0x0
 .vfp11_veneer  0x00000000        0x0 linker stubs

.v4_bx          0x0000e8f4        0x0
 .v4_bx         0x00000000        0x0 linker stubs

i._ZN4mbed10DigitalOut15get_rpc_methodsEv
                0x0000e8f4        0x8
 i._ZN4mbed10DigitalOut15get_rpc_methodsEv
                0x0000e8f4        0x8 ../../external/mbed/LPC1768/mbed.ar(DigitalOut.LPC1768.o)
                0x0000e8f4                _ZN4mbed10DigitalOut15get_rpc_methodsEv

i._ZN4mbed10DigitalOutC1E7PinNamePKc
                0x0000e8fc       0x3c
 i._ZN4mbed10DigitalOutC1E7PinNamePKc
                0x0000e8fc       0x3c ../../external/mbed/LPC1768/mbed.ar(DigitalOut.LPC1768.o)
                0x0000e8fc                _ZN4mbed10DigitalOutC1E7PinNamePKc
                0x0000e8fc                _ZN4mbed10DigitalOutC2E7PinNamePKc

i._ZN4mbed10DigitalOutD1Ev
                0x0000e938        0x4
 i._ZN4mbed10DigitalOutD1Ev
                0x0000e938        0x4 ../../external/mbed/LPC1768/mbed.ar(DigitalOut.LPC1768.o)
                0x0000e938                _ZN4mbed10DigitalOutD2Ev
                0x0000e938                _ZN4mbed10DigitalOutD1Ev

t._ZN4mbed17rpc_method_callerINS_10DigitalOutEiXadL_ZNS1_5writeEiEEEEvPNS_4BaseEPKcPc
                0x0000e93c       0x78
 t._ZN4mbed17rpc_method_callerINS_10DigitalOutEiXadL_ZNS1_5writeEiEEEEvPNS_4BaseEPKcPc
                0x0000e93c       0x78 ../../external/mbed/LPC1768/mbed.ar(DigitalOut.LPC1768.o)
                0x0000e93c                _ZN4mbed17rpc_method_callerINS_10DigitalOutEiXadL_ZNS1_5writeEiEEEEvPNS_4BaseEPKcPc

t._ZN4mbed17rpc_method_callerIiNS_10DigitalOutEXadL_ZNS1_4readEvEEEEvPNS_4BaseEPKcPc
                0x0000e9b4       0x38
 t._ZN4mbed17rpc_method_callerIiNS_10DigitalOutEXadL_ZNS1_4readEvEEEEvPNS_4BaseEPKcPc
                0x0000e9b4       0x38 ../../external/mbed/LPC1768/mbed.ar(DigitalOut.LPC1768.o)
                0x0000e9b4                _ZN4mbed17rpc_method_callerIiNS_10DigitalOutEXadL_ZNS1_4readEvEEEEvPNS_4BaseEPKcPc

t._ZN4mbed9rpc_superINS_4BaseEEEPKNS_10rpc_methodEPS1_
                0x0000e9ec        0x4
 t._ZN4mbed9rpc_superINS_4BaseEEEPKNS_10rpc_methodEPS1_
                0x0000e9ec        0x4 ../../external/mbed/LPC1768/mbed.ar(DigitalOut.LPC1768.o)
                0x0000e9ec                _ZN4mbed9rpc_superINS_4BaseEEEPKNS_10rpc_methodEPS1_

i._ZN4mbed10DigitalOut5writeEi
                0x0000e9f0        0xe
 i._ZN4mbed10DigitalOut5writeEi
                0x0000e9f0        0xe ../../external/mbed/LPC1768/mbed.ar(DigitalOut.LPC1768.o)
                0x0000e9f0                _ZN4mbed10DigitalOut5writeEi

i._ZN4mbed10DigitalOut4readEv
                0x0000e9fe        0xe
 i._ZN4mbed10DigitalOut4readEv
                0x0000e9fe        0xe ../../external/mbed/LPC1768/mbed.ar(DigitalOut.LPC1768.o)
                0x0000e9fe                _ZN4mbed10DigitalOut4readEv

i._ZN4mbed10DigitalOutD0Ev
                0x0000ea0c        0xe
 i._ZN4mbed10DigitalOutD0Ev
                0x0000ea0c        0xe ../../external/mbed/LPC1768/mbed.ar(DigitalOut.LPC1768.o)
                0x0000ea0c                _ZN4mbed10DigitalOutD0Ev

i._ZN4mbed10parse_charEPKcPS1_
                0x0000ea1a       0xa2
 i._ZN4mbed10parse_charEPKcPS1_
                0x0000ea1a       0xa2 ../../external/mbed/LPC1768/mbed.ar(DigitalOut.LPC1768.o)
                0x0000ea1a                _ZN4mbed10parse_charEPKcPS1_

i._ZN4mbed4Base11delete_selfEv
                0x0000eabc       0x1e
 i._ZN4mbed4Base11delete_selfEv
                0x0000eabc       0x1e ../../external/mbed/LPC1768/mbed.ar(Base.LPC1768.o)
                0x0000eabc                _ZN4mbed4Base11delete_selfEv

i._ZN4mbed4Base15get_rpc_methodsEv
                0x0000eadc        0x8
 i._ZN4mbed4Base15get_rpc_methodsEv
                0x0000eadc        0x8 ../../external/mbed/LPC1768/mbed.ar(Base.LPC1768.o)
                0x0000eadc                _ZN4mbed4Base15get_rpc_methodsEv

i._ZN4mbed4Base3rpcEPKcS2_Pc
                0x0000eae4       0x98
 i._ZN4mbed4Base3rpcEPKcS2_Pc
                0x0000eae4       0x98 ../../external/mbed/LPC1768/mbed.ar(Base.LPC1768.o)
                0x0000eae4                _ZN4mbed4Base3rpcEPKcS2_Pc

i._ZN4mbed4Base5clearEPKcPc
                0x0000eb7c       0x30
 i._ZN4mbed4Base5clearEPKcPc
                0x0000eb7c       0x30 ../../external/mbed/LPC1768/mbed.ar(Base.LPC1768.o)
                0x0000eb7c                _ZN4mbed4Base5clearEPKcPc

i._ZN4mbed4Base6lookupEPKcj
                0x0000ebac       0x38
 i._ZN4mbed4Base6lookupEPKcj
                0x0000ebac       0x38 ../../external/mbed/LPC1768/mbed.ar(Base.LPC1768.o)
                0x0000ebac                _ZN4mbed4Base6lookupEPKcj

i._ZN4mbed4Base9list_objsEPKcPc
                0x0000ebe4       0x40
 i._ZN4mbed4Base9list_objsEPKcPc
                0x0000ebe4       0x40 ../../external/mbed/LPC1768/mbed.ar(Base.LPC1768.o)
                0x0000ebe4                _ZN4mbed4Base9list_objsEPKcPc

i._ZN4mbed4BaseC1EPKc
                0x0000ec24       0x24
 i._ZN4mbed4BaseC1EPKc
                0x0000ec24       0x24 ../../external/mbed/LPC1768/mbed.ar(Base.LPC1768.o)
                0x0000ec24                _ZN4mbed4BaseC1EPKc
                0x0000ec24                _ZN4mbed4BaseC2EPKc

i._ZN4mbed4BaseD0Ev
                0x0000ec48       0x34
 i._ZN4mbed4BaseD0Ev
                0x0000ec48       0x34 ../../external/mbed/LPC1768/mbed.ar(Base.LPC1768.o)
                0x0000ec48                _ZN4mbed4BaseD0Ev

i._ZN4mbed4BaseD1Ev
                0x0000ec7c       0x38
 i._ZN4mbed4BaseD1Ev
                0x0000ec7c       0x38 ../../external/mbed/LPC1768/mbed.ar(Base.LPC1768.o)
                0x0000ec7c                _ZN4mbed4BaseD1Ev
                0x0000ec7c                _ZN4mbed4BaseD2Ev

t._ZN4mbed17rpc_method_callerINS_4BaseEXadL_ZNS1_11delete_selfEvEEEEvPS1_PKcPc
                0x0000ecb4       0x28
 t._ZN4mbed17rpc_method_callerINS_4BaseEXadL_ZNS1_11delete_selfEvEEEEvPS1_PKcPc
                0x0000ecb4       0x28 ../../external/mbed/LPC1768/mbed.ar(Base.LPC1768.o)
                0x0000ecb4                _ZN4mbed17rpc_method_callerINS_4BaseEXadL_ZNS1_11delete_selfEvEEEEvPS1_PKcPc

i._ZN4mbed6Ticker5setupEj
                0x0000ecdc       0x1e
 i._ZN4mbed6Ticker5setupEj
                0x0000ecdc       0x1e ../../external/mbed/LPC1768/mbed.ar(Ticker.LPC1768.o)
                0x0000ecdc                _ZN4mbed6Ticker5setupEj

i._ZN4mbed6Ticker7handlerEv
                0x0000ecfa       0x1c
 i._ZN4mbed6Ticker7handlerEv
                0x0000ecfa       0x1c ../../external/mbed/LPC1768/mbed.ar(Ticker.LPC1768.o)
                0x0000ecfa                _ZN4mbed6Ticker7handlerEv

i._ZN4mbed6TickerD1Ev
                0x0000ed16        0x4
 i._ZN4mbed6TickerD1Ev
                0x0000ed16        0x4 ../../external/mbed/LPC1768/mbed.ar(Ticker.LPC1768.o)
                0x0000ed16                _ZN4mbed6TickerD2Ev
                0x0000ed16                _ZN4mbed6TickerD1Ev

i._ZN4mbed6TickerD0Ev
                0x0000ed1a        0xe
 i._ZN4mbed6TickerD0Ev
                0x0000ed1a        0xe ../../external/mbed/LPC1768/mbed.ar(Ticker.LPC1768.o)
                0x0000ed1a                _ZN4mbed6TickerD0Ev

i._sys_close    0x0000ed28       0x2c
 i._sys_close   0x0000ed28       0x2c ../../external/mbed/LPC1768/mbed.ar(stdio.LPC1768.o)
                0x0000ed28                _sys_close

i._sys_istty    0x0000ed54       0x28
 i._sys_istty   0x0000ed54       0x28 ../../external/mbed/LPC1768/mbed.ar(stdio.LPC1768.o)
                0x0000ed54                _sys_istty

i._sys_open     0x0000ed7c      0x184
 i._sys_open    0x0000ed7c      0x184 ../../external/mbed/LPC1768/mbed.ar(stdio.LPC1768.o)
                0x0000ed7c                _sys_open

i._sys_read     0x0000ef00       0x40
 i._sys_read    0x0000ef00       0x40 ../../external/mbed/LPC1768/mbed.ar(stdio.LPC1768.o)
                0x0000ef00                _sys_read

i._sys_seek     0x0000ef40       0x2c
 i._sys_seek    0x0000ef40       0x2c ../../external/mbed/LPC1768/mbed.ar(stdio.LPC1768.o)
                0x0000ef40                _sys_seek

i._sys_write    0x0000ef6c       0x54
 i._sys_write   0x0000ef6c       0x54 ../../external/mbed/LPC1768/mbed.ar(stdio.LPC1768.o)
                0x0000ef6c                _sys_write

i._ZN4mbed15FunctionPointer4callEv
                0x0000efc0       0x1a
 i._ZN4mbed15FunctionPointer4callEv
                0x0000efc0       0x1a ../../external/mbed/LPC1768/mbed.ar(FunctionPointer.LPC1768.o)
                0x0000efc0                _ZN4mbed15FunctionPointer4callEv

i._ZN4mbed15FunctionPointer6attachEPFvvE
                0x0000efda        0x8
 i._ZN4mbed15FunctionPointer6attachEPFvvE
                0x0000efda        0x8 ../../external/mbed/LPC1768/mbed.ar(FunctionPointer.LPC1768.o)
                0x0000efda                _ZN4mbed15FunctionPointer6attachEPFvvE

i._ZN4mbed15FunctionPointerC1EPFvvE
                0x0000efe2        0x8
 i._ZN4mbed15FunctionPointerC1EPFvvE
                0x0000efe2        0x8 ../../external/mbed/LPC1768/mbed.ar(FunctionPointer.LPC1768.o)
                0x0000efe2                _ZN4mbed15FunctionPointerC1EPFvvE
                0x0000efe2                _ZN4mbed15FunctionPointerC2EPFvvE

i._ZN4mbed10TimerEvent3irqEv
                0x0000efec       0x5c
 i._ZN4mbed10TimerEvent3irqEv
                0x0000efec       0x5c ../../external/mbed/LPC1768/mbed.ar(TimerEvent.LPC1768.o)
                0x0000efec                _ZN4mbed10TimerEvent3irqEv

i._ZN4mbed10TimerEvent6insertEj
                0x0000f048       0x4c
 i._ZN4mbed10TimerEvent6insertEj
                0x0000f048       0x4c ../../external/mbed/LPC1768/mbed.ar(TimerEvent.LPC1768.o)
                0x0000f048                _ZN4mbed10TimerEvent6insertEj

i._ZN4mbed10TimerEvent6removeEv
                0x0000f094       0x40
 i._ZN4mbed10TimerEvent6removeEv
                0x0000f094       0x40 ../../external/mbed/LPC1768/mbed.ar(TimerEvent.LPC1768.o)
                0x0000f094                _ZN4mbed10TimerEvent6removeEv

i._ZN4mbed10TimerEvent9timestampEv
                0x0000f0d4        0x4
 i._ZN4mbed10TimerEvent9timestampEv
                0x0000f0d4        0x4 ../../external/mbed/LPC1768/mbed.ar(TimerEvent.LPC1768.o)
                0x0000f0d4                _ZN4mbed10TimerEvent9timestampEv

i._ZN4mbed10TimerEventC2Ev
                0x0000f0d8       0x28
 i._ZN4mbed10TimerEventC2Ev
                0x0000f0d8       0x28 ../../external/mbed/LPC1768/mbed.ar(TimerEvent.LPC1768.o)
                0x0000f0d8                _ZN4mbed10TimerEventC2Ev

i._ZN4mbed10TimerEventD0Ev
                0x0000f100       0x48
 i._ZN4mbed10TimerEventD0Ev
                0x0000f100       0x48 ../../external/mbed/LPC1768/mbed.ar(TimerEvent.LPC1768.o)
                0x0000f100                _ZN4mbed10TimerEventD0Ev

i._ZN4mbed10TimerEventD2Ev
                0x0000f148       0x48
 i._ZN4mbed10TimerEventD2Ev
                0x0000f148       0x48 ../../external/mbed/LPC1768/mbed.ar(TimerEvent.LPC1768.o)
                0x0000f148                _ZN4mbed10TimerEventD1Ev
                0x0000f148                _ZN4mbed10TimerEventD2Ev

i.NVIC_SetVector
                0x0000f190       0x38
 i.NVIC_SetVector
                0x0000f190       0x38 ../../external/mbed/LPC1768/capi.ar(cmsis_nvic.LPC1768.o)
                0x0000f190                NVIC_SetVector

.emb_text       0x0000f1c8       0x20
 .emb_text      0x0000f1c8       0x20 ../../external/mbed/LPC1768/capi.ar(core_cm3.LPC1768.o)
                0x0000f1c8                __get_PSP
                0x0000f1ce                __set_PSP
                0x0000f1d4                __get_MSP
                0x0000f1da                __set_MSP
                0x0000f1e0                __REV16
                0x0000f1e4                __REVSH

i.serial_baud   0x0000f1e8      0x1c8
 i.serial_baud  0x0000f1e8      0x1c8 ../../external/mbed/LPC1768/capi.ar(serial_api.LPC1768.o)
                0x0000f1e8                serial_baud

i.serial_format
                0x0000f3b0       0x94
 i.serial_format
                0x0000f3b0       0x94 ../../external/mbed/LPC1768/capi.ar(serial_api.LPC1768.o)
                0x0000f3b0                serial_format

i.serial_getc   0x0000f444        0xc
 i.serial_getc  0x0000f444        0xc ../../external/mbed/LPC1768/capi.ar(serial_api.LPC1768.o)
                0x0000f444                serial_getc

i.serial_init   0x0000f450       0xe4
 i.serial_init  0x0000f450       0xe4 ../../external/mbed/LPC1768/capi.ar(serial_api.LPC1768.o)
                0x0000f450                serial_init

i.serial_putc   0x0000f534        0xc
 i.serial_putc  0x0000f534        0xc ../../external/mbed/LPC1768/capi.ar(serial_api.LPC1768.o)
                0x0000f534                serial_putc

i.exit          0x0000f540       0x16
 i.exit         0x0000f540       0x16 ../../external/mbed/LPC1768/capi.ar(exit.LPC1768.o)
                0x0000f540                exit

i.pin_function  0x0000f558       0x38
 i.pin_function
                0x0000f558       0x38 ../../external/mbed/LPC1768/capi.ar(pinmap.LPC1768.o)
                0x0000f558                pin_function

i.pin_mode      0x0000f590       0x68
 i.pin_mode     0x0000f590       0x68 ../../external/mbed/LPC1768/capi.ar(pinmap.LPC1768.o)
                0x0000f590                pin_mode

i.pinmap_merge  0x0000f5f8       0x3c
 i.pinmap_merge
                0x0000f5f8       0x3c ../../external/mbed/LPC1768/capi.ar(pinmap.LPC1768.o)
                0x0000f5f8                pinmap_merge

i.pinmap_peripheral
                0x0000f634       0x58
 i.pinmap_peripheral
                0x0000f634       0x58 ../../external/mbed/LPC1768/capi.ar(pinmap.LPC1768.o)
                0x0000f634                pinmap_peripheral

i.pinmap_pinout
                0x0000f68c       0xcc
 i.pinmap_pinout
                0x0000f68c       0xcc ../../external/mbed/LPC1768/capi.ar(pinmap.LPC1768.o)
                0x0000f68c                pinmap_pinout

i.wait          0x0000f758       0x30
 i.wait         0x0000f758       0x30 ../../external/mbed/LPC1768/capi.ar(wait_api.LPC1768.o)
                0x0000f758                wait

i.wait_ms       0x0000f788       0x1c
 i.wait_ms      0x0000f788       0x1c ../../external/mbed/LPC1768/capi.ar(wait_api.LPC1768.o)
                0x0000f788                wait_ms

i.gpio_output   0x0000f7a4       0x30
 i.gpio_output  0x0000f7a4       0x30 ../../external/mbed/LPC1768/capi.ar(gpio_api.LPC1768.o)
                0x0000f7a4                gpio_output

i.gpio_write    0x0000f7d4       0x18
 i.gpio_write   0x0000f7d4       0x18 ../../external/mbed/LPC1768/capi.ar(gpio_api.LPC1768.o)
                0x0000f7d4                gpio_write

i.semihost_exit
                0x0000f7ec        0xc
 i.semihost_exit
                0x0000f7ec        0xc ../../external/mbed/LPC1768/capi.ar(semihost_api.LPC1768.o)
                0x0000f7ec                semihost_exit

i.us_ticker_read
                0x0000f7f8       0x38
 i.us_ticker_read
                0x0000f7f8       0x38 ../../external/mbed/LPC1768/capi.ar(us_ticker_api.LPC1768.o)
                0x0000f7f8                us_ticker_read

i.mbed_die      0x0000f830       0x78
 i.mbed_die     0x0000f830       0x78 ../../external/mbed/LPC1768/capi.ar(utils_api.LPC1768.o)
                0x0000f830                mbed_die

i.timer_frequency
                0x0000f8a8       0x14
 i.timer_frequency
                0x0000f8a8       0x14 ../../external/mbed/LPC1768/capi.ar(timer_api.LPC1768.o)
                0x0000f8a8                timer_frequency

i.timer_init    0x0000f8bc       0x70
 i.timer_init   0x0000f8bc       0x70 ../../external/mbed/LPC1768/capi.ar(timer_api.LPC1768.o)
                0x0000f8bc                timer_init

i.timer_read    0x0000f92c        0x4
 i.timer_read   0x0000f92c        0x4 ../../external/mbed/LPC1768/capi.ar(timer_api.LPC1768.o)
                0x0000f92c                timer_read

i.timer_start   0x0000f930        0xc
 i.timer_start  0x0000f930        0xc ../../external/mbed/LPC1768/capi.ar(timer_api.LPC1768.o)
                0x0000f930                timer_start

.constdata      0x0000f93c      0x1c4
 .constdata     0x0000f93c       0x28 ../../external/mbed/LPC1768/mbed.ar(DigitalOut.LPC1768.o)
 .constdata     0x0000f964       0x18 ../../external/mbed/LPC1768/mbed.ar(Base.LPC1768.o)
 .constdata     0x0000f97c       0x18 ../../external/mbed/LPC1768/mbed.ar(Base.LPC1768.o)
                0x0000f97c                _ZN4mbed4Base11_base_funcsE
 .constdata     0x0000f994       0x17 ../../external/mbed/LPC1768/mbed.ar(stdio.LPC1768.o)
                0x0000f994                __stdin_name
                0x0000f99b                __stdout_name
                0x0000f9a3                __stderr_name
 *fill*         0x0000f9ab        0x1 00
 .constdata     0x0000f9ac      0x154 ../../external/mbed/LPC1768/capi.ar(serial_api.LPC1768.o)

.conststring    0x0000fb00       0x30
 .conststring   0x0000fb00       0x16 ../../external/mbed/LPC1768/mbed.ar(DigitalOut.LPC1768.o)
 .conststring   0x0000fb16        0x7 ../../external/mbed/LPC1768/mbed.ar(Base.LPC1768.o)
 .conststring   0x0000fb1d        0xe ../../external/mbed/LPC1768/mbed.ar(Base.LPC1768.o)
 .conststring   0x0000fb2b        0x5 ../../external/mbed/LPC1768/mbed.ar(Base.LPC1768.o)

.constdata__ZTVN4mbed10DigitalOutE
                0x0000fb30       0x18
 .constdata__ZTVN4mbed10DigitalOutE
                0x0000fb30       0x18 ../../external/mbed/LPC1768/mbed.ar(DigitalOut.LPC1768.o)
                0x0000fb30                _ZTVN4mbed10DigitalOutE

.constdata___ARM__ZN4mbed12write_resultIiEEvT_Pc_anon0
                0x0000fb48        0x3
 .constdata___ARM__ZN4mbed12write_resultIiEEvT_Pc_anon0
                0x0000fb48        0x3 ../../external/mbed/LPC1768/mbed.ar(DigitalOut.LPC1768.o)
                0x0000fb48                __ARM__ZN4mbed12write_resultIiEEvT_Pc_anon0

.constdata__ZTIN4mbed10DigitalOutE
                0x0000fb4c        0xc
 .constdata__ZTIN4mbed10DigitalOutE
                0x0000fb4c        0xc ../../external/mbed/LPC1768/mbed.ar(DigitalOut.LPC1768.o)
                0x0000fb4c                _ZTIN4mbed10DigitalOutE

.constdata__ZTSN4mbed10DigitalOutE
                0x0000fb58       0x14
 .constdata__ZTSN4mbed10DigitalOutE
                0x0000fb58       0x14 ../../external/mbed/LPC1768/mbed.ar(DigitalOut.LPC1768.o)
                0x0000fb58                _ZTSN4mbed10DigitalOutE

.constdata__ZTVN4mbed4BaseE
                0x0000fb6c       0x18
 .constdata__ZTVN4mbed4BaseE
                0x0000fb6c       0x18 ../../external/mbed/LPC1768/mbed.ar(Base.LPC1768.o)
                0x0000fb6c                _ZTVN4mbed4BaseE

.constdata__ZTIN4mbed4BaseE
                0x0000fb84        0x8
 .constdata__ZTIN4mbed4BaseE
                0x0000fb84        0x8 ../../external/mbed/LPC1768/mbed.ar(Base.LPC1768.o)
                0x0000fb84                _ZTIN4mbed4BaseE

.constdata__ZTSN4mbed4BaseE
                0x0000fb8c        0xd
 .constdata__ZTSN4mbed4BaseE
                0x0000fb8c        0xd ../../external/mbed/LPC1768/mbed.ar(Base.LPC1768.o)
                0x0000fb8c                _ZTSN4mbed4BaseE

.constdata__ZTIN4mbed14FileSystemLikeE
                0x0000fb9c        0xc
 .constdata__ZTIN4mbed14FileSystemLikeE
                0x0000fb9c        0xc ../../external/mbed/LPC1768/mbed.ar(Base.LPC1768.o)
                0x0000fb9c                _ZTIN4mbed14FileSystemLikeE

.constdata__ZTSN4mbed14FileSystemLikeE
                0x0000fba8       0x18
 .constdata__ZTSN4mbed14FileSystemLikeE
                0x0000fba8       0x18 ../../external/mbed/LPC1768/mbed.ar(Base.LPC1768.o)
                0x0000fba8                _ZTSN4mbed14FileSystemLikeE

.constdata__ZTVN4mbed6TickerE
                0x0000fbc0       0x14
 .constdata__ZTVN4mbed6TickerE
                0x0000fbc0       0x14 ../../external/mbed/LPC1768/mbed.ar(Ticker.LPC1768.o)
                0x0000fbc0                _ZTVN4mbed6TickerE

.constdata__ZTIN4mbed6TickerE
                0x0000fbd4        0xc
 .constdata__ZTIN4mbed6TickerE
                0x0000fbd4        0xc ../../external/mbed/LPC1768/mbed.ar(Ticker.LPC1768.o)
                0x0000fbd4                _ZTIN4mbed6TickerE

.constdata__ZTSN4mbed6TickerE
                0x0000fbe0        0xf
 .constdata__ZTSN4mbed6TickerE
                0x0000fbe0        0xf ../../external/mbed/LPC1768/mbed.ar(Ticker.LPC1768.o)
                0x0000fbe0                _ZTSN4mbed6TickerE

.constdata__ZTIN4mbed8FileLikeE
                0x0000fbf0       0x20
 .constdata__ZTIN4mbed8FileLikeE
                0x0000fbf0       0x20 ../../external/mbed/LPC1768/mbed.ar(stdio.LPC1768.o)
                0x0000fbf0                _ZTIN4mbed8FileLikeE

.constdata__ZTIN4mbed10FileHandleE
                0x0000fc10        0x8
 .constdata__ZTIN4mbed10FileHandleE
                0x0000fc10        0x8 ../../external/mbed/LPC1768/mbed.ar(stdio.LPC1768.o)
                0x0000fc10                _ZTIN4mbed10FileHandleE

.constdata__ZTSN4mbed8FileLikeE
                0x0000fc18       0x11
 .constdata__ZTSN4mbed8FileLikeE
                0x0000fc18       0x11 ../../external/mbed/LPC1768/mbed.ar(stdio.LPC1768.o)
                0x0000fc18                _ZTSN4mbed8FileLikeE

.constdata__ZTSN4mbed10FileHandleE
                0x0000fc29       0x14
 .constdata__ZTSN4mbed10FileHandleE
                0x0000fc29       0x14 ../../external/mbed/LPC1768/mbed.ar(stdio.LPC1768.o)
                0x0000fc29                _ZTSN4mbed10FileHandleE

.constdata__ZTVN4mbed10TimerEventE
                0x0000fc40       0x14
 .constdata__ZTVN4mbed10TimerEventE
                0x0000fc40       0x14 ../../external/mbed/LPC1768/mbed.ar(TimerEvent.LPC1768.o)
                0x0000fc40                _ZTVN4mbed10TimerEventE

.constdata__ZTIN4mbed10TimerEventE
                0x0000fc54        0x8
 .constdata__ZTIN4mbed10TimerEventE
                0x0000fc54        0x8 ../../external/mbed/LPC1768/mbed.ar(TimerEvent.LPC1768.o)
                0x0000fc54                _ZTIN4mbed10TimerEventE

.constdata__ZTSN4mbed10TimerEventE
                0x0000fc5c       0x14
 .constdata__ZTSN4mbed10TimerEventE
                0x0000fc5c       0x14 ../../external/mbed/LPC1768/mbed.ar(TimerEvent.LPC1768.o)
                0x0000fc5c                _ZTSN4mbed10TimerEventE

.ARM.exidx      0x0000fc70        0x8
 *(.ARM.exidx* .gnu.linkonce.armexidx.*)
 .ARM.exidx     0x0000fc78        0x0 ../../external/mbed/LPC1768/mbed.ar(DigitalOut.LPC1768.o)
                                  0x8 (size before relaxing)
 .ARM.exidx     0x0000fc78        0x0 ../../external/mbed/LPC1768/mbed.ar(DigitalOut.LPC1768.o)
                                  0x8 (size before relaxing)
 .ARM.exidx     0x0000fc78        0x0 ../../external/mbed/LPC1768/mbed.ar(DigitalOut.LPC1768.o)
                                  0x8 (size before relaxing)
 .ARM.exidx     0x0000fc78        0x0 ../../external/mbed/LPC1768/mbed.ar(DigitalOut.LPC1768.o)
                                  0x8 (size before relaxing)
 .ARM.exidx     0x0000fc78        0x0 ../../external/mbed/LPC1768/mbed.ar(DigitalOut.LPC1768.o)
                                  0x8 (size before relaxing)
 .ARM.exidx     0x0000fc78        0x0 ../../external/mbed/LPC1768/mbed.ar(DigitalOut.LPC1768.o)
                                  0x8 (size before relaxing)
 .ARM.exidx     0x0000fc78        0x0 ../../external/mbed/LPC1768/mbed.ar(DigitalOut.LPC1768.o)
                                  0x8 (size before relaxing)
 .ARM.exidx     0x0000fc78        0x0 ../../external/mbed/LPC1768/mbed.ar(DigitalOut.LPC1768.o)
                                  0x8 (size before relaxing)
 .ARM.exidx     0x0000fc78        0x0 ../../external/mbed/LPC1768/mbed.ar(DigitalOut.LPC1768.o)
                                  0x8 (size before relaxing)
 .ARM.exidx     0x0000fc78        0x0 ../../external/mbed/LPC1768/mbed.ar(DigitalOut.LPC1768.o)
                                  0x8 (size before relaxing)
 .ARM.exidx     0x0000fc78        0x0 ../../external/mbed/LPC1768/mbed.ar(Base.LPC1768.o)
                                  0x8 (size before relaxing)
 .ARM.exidx     0x0000fc78        0x0 ../../external/mbed/LPC1768/mbed.ar(Base.LPC1768.o)
                                  0x8 (size before relaxing)
 .ARM.exidx     0x0000fc78        0x0 ../../external/mbed/LPC1768/mbed.ar(Base.LPC1768.o)
                                  0x8 (size before relaxing)
 .ARM.exidx     0x0000fc78        0x0 ../../external/mbed/LPC1768/mbed.ar(Base.LPC1768.o)
                                  0x8 (size before relaxing)
 .ARM.exidx     0x0000fc78        0x0 ../../external/mbed/LPC1768/mbed.ar(Base.LPC1768.o)
                                  0x8 (size before relaxing)
 .ARM.exidx     0x0000fc78        0x0 ../../external/mbed/LPC1768/mbed.ar(Base.LPC1768.o)
                                  0x8 (size before relaxing)
 .ARM.exidx     0x0000fc78        0x0 ../../external/mbed/LPC1768/mbed.ar(Base.LPC1768.o)
                                  0x8 (size before relaxing)
 .ARM.exidx     0x0000fc78        0x0 ../../external/mbed/LPC1768/mbed.ar(Base.LPC1768.o)
                                  0x8 (size before relaxing)
 .ARM.exidx     0x0000fc78        0x0 ../../external/mbed/LPC1768/mbed.ar(Base.LPC1768.o)
                                  0x8 (size before relaxing)
 .ARM.exidx     0x0000fc78        0x0 ../../external/mbed/LPC1768/mbed.ar(Base.LPC1768.o)
                                  0x8 (size before relaxing)
 .ARM.exidx     0x0000fc78        0x0 ../../external/mbed/LPC1768/mbed.ar(Ticker.LPC1768.o)
                                  0x8 (size before relaxing)
 .ARM.exidx     0x0000fc78        0x0 ../../external/mbed/LPC1768/mbed.ar(Ticker.LPC1768.o)
                                  0x8 (size before relaxing)
 .ARM.exidx     0x0000fc78        0x0 ../../external/mbed/LPC1768/mbed.ar(Ticker.LPC1768.o)
                                  0x8 (size before relaxing)
 .ARM.exidx     0x0000fc78        0x0 ../../external/mbed/LPC1768/mbed.ar(Ticker.LPC1768.o)
                                  0x8 (size before relaxing)
 .ARM.exidx     0x0000fc78        0x0 ../../external/mbed/LPC1768/mbed.ar(stdio.LPC1768.o)
                                  0x8 (size before relaxing)
 .ARM.exidx     0x0000fc78        0x0 ../../external/mbed/LPC1768/mbed.ar(stdio.LPC1768.o)
                                  0x8 (size before relaxing)
 .ARM.exidx     0x0000fc78        0x0 ../../external/mbed/LPC1768/mbed.ar(stdio.LPC1768.o)
                                  0x8 (size before relaxing)
 .ARM.exidx     0x0000fc78        0x0 ../../external/mbed/LPC1768/mbed.ar(stdio.LPC1768.o)
                                  0x8 (size before relaxing)
 .ARM.exidx     0x0000fc78        0x0 ../../external/mbed/LPC1768/mbed.ar(stdio.LPC1768.o)
                                  0x8 (size before relaxing)
 .ARM.exidx     0x0000fc78        0x0 ../../external/mbed/LPC1768/mbed.ar(stdio.LPC1768.o)
                                  0x8 (size before relaxing)
 .ARM.exidx     0x0000fc78        0x0 ../../external/mbed/LPC1768/mbed.ar(FunctionPointer.LPC1768.o)
                                  0x8 (size before relaxing)
 .ARM.exidx     0x0000fc78        0x0 ../../external/mbed/LPC1768/mbed.ar(FunctionPointer.LPC1768.o)
                                  0x8 (size before relaxing)
 .ARM.exidx     0x0000fc78        0x0 ../../external/mbed/LPC1768/mbed.ar(FunctionPointer.LPC1768.o)
                                  0x8 (size before relaxing)
 .ARM.exidx     0x0000fc78        0x0 ../../external/mbed/LPC1768/mbed.ar(TimerEvent.LPC1768.o)
                                  0x8 (size before relaxing)
 .ARM.exidx     0x0000fc78        0x0 ../../external/mbed/LPC1768/mbed.ar(TimerEvent.LPC1768.o)
                                  0x8 (size before relaxing)
 .ARM.exidx     0x0000fc78        0x0 ../../external/mbed/LPC1768/mbed.ar(TimerEvent.LPC1768.o)
                                  0x8 (size before relaxing)
 .ARM.exidx     0x0000fc78        0x0 ../../external/mbed/LPC1768/mbed.ar(TimerEvent.LPC1768.o)
                                  0x8 (size before relaxing)
 .ARM.exidx     0x0000fc78        0x0 ../../external/mbed/LPC1768/mbed.ar(TimerEvent.LPC1768.o)
                                  0x8 (size before relaxing)
 .ARM.exidx     0x0000fc78        0x0 ../../external/mbed/LPC1768/mbed.ar(TimerEvent.LPC1768.o)
                                  0x8 (size before relaxing)
 .ARM.exidx     0x0000fc78        0x0 ../../external/mbed/LPC1768/mbed.ar(TimerEvent.LPC1768.o)
                                  0x8 (size before relaxing)
 .ARM.exidx     0x0000fc70        0x8 /media/6aafac43-5450-453e-a142-f588400933c0/Sandbox/arm/bin/../lib/gcc/arm-none-eabi/4.5.2/thumb2/libgcc.a(_divdi3.o)
 .ARM.exidx     0x0000fc78        0x0 /media/6aafac43-5450-453e-a142-f588400933c0/Sandbox/arm/bin/../lib/gcc/arm-none-eabi/4.5.2/thumb2/libgcc.a(_udivdi3.o)
                                  0x8 (size before relaxing)
                0x0000fc78                __exidx_end = .

.data           0x10000000      0x680 load address 0x0000fc78
                0x0000fc78                _sidata = LOADADDR (.data)
                0x10000000                . = ALIGN (0x4)
                0x10000000                _sdata = .
 *(.ARM.__AT_0x10000000)
 .ARM.__AT_0x10000000
                0x10000000       0xc4 ../../external/mbed/LPC1768/capi.ar(cmsis_nvic.LPC1768.o)
 *(vtable vtable.*)
 *(.data .data.*)
 .data          0x100000c4        0x4 /media/6aafac43-5450-453e-a142-f588400933c0/Sandbox/arm/bin/../lib/gcc/arm-none-eabi/4.5.2/thumb2/crtbegin.o
                0x100000c4                __dso_handle
 .data          0x100000c8        0x8 ../../external/mbed/LPC1768/mbed.ar(Base.LPC1768.o)
                0x100000c8                _ZN4mbed4Base5_headE
                0x100000cc                _ZN4mbed4Base8_classesE
 .data          0x100000d0        0xc ../../external/mbed/LPC1768/mbed.ar(Base.LPC1768.o)
                0x100000d0                _ZN4mbed4Base11_base_classE
 .data          0x100000dc        0x4 ../../external/mbed/LPC1768/mbed.ar(TimerEvent.LPC1768.o)
                0x100000dc                _ZN4mbed10TimerEvent5_headE
 .data          0x100000e0        0x4 ../../external/mbed/LPC1768/capi.ar(system_LPC17xx.LPC1768.o)
                0x100000e0                SystemCoreClock
 .data          0x100000e4        0x4 ../../external/mbed/LPC1768/capi.ar(us_ticker_api.LPC1768.o)
 .data._ZN10__cxxabiv119__terminate_handlerE
                0x100000e8        0x4 ../../external/gcc/LPC1768/libstdc++.a(eh_term_handler.o)
                0x100000e8                _ZN10__cxxabiv119__terminate_handlerE
 .data.impure_data
                0x100000ec       0xf0 ../../external/gcc/LPC1768/libc.a(lib_a-impure.o)
 .data._impure_ptr
                0x100001dc        0x4 ../../external/gcc/LPC1768/libc.a(lib_a-impure.o)
                0x100001dc                _impure_ptr
 .data.__malloc_av_
                0x100001e0      0x408 ../../external/gcc/LPC1768/libc.a(lib_a-mallocr.o)
                0x100001e0                __malloc_av_
 .data.__malloc_trim_threshold
                0x100005e8        0x4 ../../external/gcc/LPC1768/libc.a(lib_a-mallocr.o)
                0x100005e8                __malloc_trim_threshold
 .data.__malloc_sbrk_base
                0x100005ec        0x4 ../../external/gcc/LPC1768/libc.a(lib_a-mallocr.o)
                0x100005ec                __malloc_sbrk_base
 .data.__ctype_ptr__
                0x100005f0        0x4 ../../external/gcc/LPC1768/libc.a(lib_a-ctype_.o)
                0x100005f0                __ctype_ptr__
 .data.lconv    0x100005f4       0x38 ../../external/gcc/LPC1768/libc.a(lib_a-locale.o)
 .data.lc_ctype_charset
                0x1000062c       0x20 ../../external/gcc/LPC1768/libc.a(lib_a-locale.o)
 .data.__mb_cur_max
                0x1000064c        0x4 ../../external/gcc/LPC1768/libc.a(lib_a-locale.o)
                0x1000064c                __mb_cur_max
 .data.__mbtowc
                0x10000650        0x4 ../../external/gcc/LPC1768/libc.a(lib_a-mbtowc_r.o)
                0x10000650                __mbtowc
 .data.fpinan.5116
                0x10000654       0x14 ../../external/gcc/LPC1768/libc.a(lib_a-strtod.o)
 .data.fpi.5080
                0x10000668       0x14 ../../external/gcc/LPC1768/libc.a(lib_a-strtod.o)
 .data.__wctomb
                0x1000067c        0x4 ../../external/gcc/LPC1768/libc.a(lib_a-wctomb_r.o)
                0x1000067c                __wctomb
 *(.gnu.linkonce.d*)
                0x10000680                . = ALIGN (0x4)
                0x10000680                _edata = .

.jcr            0x10000680        0x0 load address 0x000102f8
 .jcr           0x10000680        0x0 /media/6aafac43-5450-453e-a142-f588400933c0/Sandbox/arm/bin/../lib/gcc/arm-none-eabi/4.5.2/thumb2/crtbegin.o

.bss            0x10000680      0x208 load address 0x000102f8
                0x10000680                . = ALIGN (0x4)
                0x10000680                _sbss = .
 *(.bss .bss.*)
 .bss           0x10000680        0x1 /media/6aafac43-5450-453e-a142-f588400933c0/Sandbox/arm/bin/../lib/gcc/arm-none-eabi/4.5.2/thumb2/crtbegin.o
 *fill*         0x10000681        0x3 00
 .bss._ZZ6_lseekE14pppFileHandles
                0x10000684        0x4 ../../src/syscalls.o
 .bss._ZL8heap_end
                0x10000688        0x4 ../../src/syscalls.o
 .bss._ZL23g_StandardHandlesOpened
                0x1000068c        0x4 ../../src/syscalls.o
 .bss.led1      0x10000690       0x1c ./main.o
                0x10000690                led1
 .bss.led2      0x100006ac       0x1c ./main.o
                0x100006ac                led2
 .bss.flipper   0x100006c8       0x2c ./main.o
                0x100006c8                flipper
 .bss           0x100006f4       0x40 ../../external/mbed/LPC1768/mbed.ar(stdio.LPC1768.o)
 .bss._ZZN9__gnu_cxx27__verbose_terminate_handlerEvE11terminating
                0x10000734        0x1 ../../external/gcc/LPC1768/libstdc++.a(vterminate.o)
 *fill*         0x10000735        0x3 00
 .bss._ZL10eh_globals
                0x10000738        0xc ../../external/gcc/LPC1768/libstdc++.a(eh_globals.o)
 .bss.__malloc_max_total_mem
                0x10000744        0x4 ../../external/gcc/LPC1768/libc.a(lib_a-mallocr.o)
                0x10000744                __malloc_max_total_mem
 .bss.__malloc_max_sbrked_mem
                0x10000748        0x4 ../../external/gcc/LPC1768/libc.a(lib_a-mallocr.o)
                0x10000748                __malloc_max_sbrked_mem
 .bss.__malloc_top_pad
                0x1000074c        0x4 ../../external/gcc/LPC1768/libc.a(lib_a-mallocr.o)
                0x1000074c                __malloc_top_pad
 .bss.__malloc_current_mallinfo
                0x10000750       0x28 ../../external/gcc/LPC1768/libc.a(lib_a-mallocr.o)
                0x10000750                __malloc_current_mallinfo
 *(.gnu.linkonce.b*)
 *(COMMON)
 COMMON         0x10000778        0xc ../../external/gcc/LPC1768/libc.a(lib_a-clibabi_stdio.o)
                0x10000778                __aeabi_stdin
                0x1000077c                __aeabi_stdout
                0x10000780                __aeabi_stderr
 COMMON         0x10000784        0x4 ../../external/gcc/LPC1768/libc.a(lib_a-reent.o)
                0x10000784                errno
 COMMON         0x10000788      0x100 ../../external/gcc/LPC1768/libc.a(lib_a-gdtoa-gethex.o)
                0x10000788                __hexdig
                0x10000888                . = ALIGN (0x4)
                0x10000888                _ebss = .

.fastcode       0x10000888        0x0 load address 0x000102f8
                0x000102f8                _sifastcode = LOADADDR (.fastcode)
                0x10000888                . = ALIGN (0x4)
                0x10000888                _sfastcode = .
 *(.glue_7t)
 *(.glue_7)
 *(.fastcode)
                0x10000888                . = ALIGN (0x4)
                0x10000888                _efastcode = .

.stackarea      0x10000888        0x0 load address 0x000102f8
                0x10000888                . = ALIGN (0x8)
                0x10000888                _sstack = .
 *(.stackarea .stackarea.*)
                0x10000888                . = ALIGN (0x8)
                0x10000888                _estack = .
                0x10000888                . = ALIGN (0x4)
                0x10000888                _end = .
                0x10000888                PROVIDE (end, .)
                0x10008000                _stack = 0x10008000

.AHBSRAM0
 *(AHBSRAM0)

.AHBSRAM1
 *(AHBSRAM1)

.stab
 *(.stab)

.stabstr
 *(.stabstr)

.stab.excl
 *(.stab.excl)

.stab.exclstr
 *(.stab.exclstr)

.stab.index
 *(.stab.index)

.stab.indexstr
 *(.stab.indexstr)

.debug
 *(.debug)

.line
 *(.line)

.debug_srcinfo
 *(.debug_srcinfo)

.debug_sfnames
 *(.debug_sfnames)

.ARM.attributes
                0x00000000       0x2b
 .ARM.attributes
                0x00000000       0x19 /media/6aafac43-5450-453e-a142-f588400933c0/Sandbox/arm/bin/../lib/gcc/arm-none-eabi/4.5.2/thumb2/crti.o
 .ARM.attributes
                0x00000019       0x29 /media/6aafac43-5450-453e-a142-f588400933c0/Sandbox/arm/bin/../lib/gcc/arm-none-eabi/4.5.2/thumb2/crtbegin.o
 .ARM.attributes
                0x00000042       0x31 ../../src/gcc4mbed.o
 .ARM.attributes
                0x00000073       0x31 ../../src/syscalls.o
 .ARM.attributes
                0x000000a4       0x31 ./main.o
 .ARM.attributes
                0x000000d5       0x48 ../../external/mbed/LPC1768/mbed.ar(DigitalOut.LPC1768.o)
 .ARM.attributes
                0x0000011d       0x48 ../../external/mbed/LPC1768/mbed.ar(Base.LPC1768.o)
 .ARM.attributes
                0x00000165       0x48 ../../external/mbed/LPC1768/mbed.ar(Ticker.LPC1768.o)
 .ARM.attributes
                0x000001ad       0x48 ../../external/mbed/LPC1768/mbed.ar(stdio.LPC1768.o)
 .ARM.attributes
                0x000001f5       0x48 ../../external/mbed/LPC1768/mbed.ar(FunctionPointer.LPC1768.o)
 .ARM.attributes
                0x0000023d       0x48 ../../external/mbed/LPC1768/mbed.ar(TimerEvent.LPC1768.o)
 .ARM.attributes
                0x00000285       0x48 ../../external/mbed/LPC1768/capi.ar(cmsis_nvic.LPC1768.o)
 .ARM.attributes
                0x000002cd       0x3e ../../external/mbed/LPC1768/capi.ar(startup_LPC17xx.LPC1768.o)
 .ARM.attributes
                0x0000030b       0x48 ../../external/mbed/LPC1768/capi.ar(system_LPC17xx.LPC1768.o)
 .ARM.attributes
                0x00000353       0x49 ../../external/mbed/LPC1768/capi.ar(core_cm3.LPC1768.o)
 .ARM.attributes
                0x0000039c       0x48 ../../external/mbed/LPC1768/capi.ar(serial_api.LPC1768.o)
 .ARM.attributes
                0x000003e4       0x48 ../../external/mbed/LPC1768/capi.ar(exit.LPC1768.o)
 .ARM.attributes
                0x0000042c       0x48 ../../external/mbed/LPC1768/capi.ar(pinmap.LPC1768.o)
 .ARM.attributes
                0x00000474       0x48 ../../external/mbed/LPC1768/capi.ar(wait_api.LPC1768.o)
 .ARM.attributes
                0x000004bc       0x48 ../../external/mbed/LPC1768/capi.ar(gpio_api.LPC1768.o)
 .ARM.attributes
                0x00000504       0x48 ../../external/mbed/LPC1768/capi.ar(semihost_api.LPC1768.o)
 .ARM.attributes
                0x0000054c       0x48 ../../external/mbed/LPC1768/capi.ar(us_ticker_api.LPC1768.o)
 .ARM.attributes
                0x00000594       0x48 ../../external/mbed/LPC1768/capi.ar(utils_api.LPC1768.o)
 .ARM.attributes
                0x000005dc       0x48 ../../external/mbed/LPC1768/capi.ar(timer_api.LPC1768.o)
 .ARM.attributes
                0x00000624       0x29 ../../external/gcc/LPC1768/libstdc++.a(atexit_arm.o)
 .ARM.attributes
                0x0000064d       0x29 ../../external/gcc/LPC1768/libstdc++.a(class_type_info.o)
 .ARM.attributes
                0x00000676       0x29 ../../external/gcc/LPC1768/libstdc++.a(del_op.o)
 .ARM.attributes
                0x0000069f       0x29 ../../external/gcc/LPC1768/libstdc++.a(del_opv.o)
 .ARM.attributes
                0x000006c8       0x29 ../../external/gcc/LPC1768/libstdc++.a(dyncast.o)
 .ARM.attributes
                0x000006f1       0x29 ../../external/gcc/LPC1768/libstdc++.a(new_op.o)
 .ARM.attributes
                0x0000071a       0x29 ../../external/gcc/LPC1768/libstdc++.a(new_opv.o)
 .ARM.attributes
                0x00000743       0x29 ../../external/gcc/LPC1768/libstdc++.a(pure.o)
 .ARM.attributes