Archive member included because of file (symbol)

../../mri/mri.ar(mri.o)       ../../src/gcc4mbed.o (MriInit)
../../mri/mri.ar(mriasm.o)    ../../mri/mri.ar(mri.o) (MriDisableMbed)
../../external/mbed/LPC1768/mbed.ar(DigitalOut.LPC1768.o)
                              ./main.o (_ZTVN4mbed10DigitalOutE)
../../external/mbed/LPC1768/mbed.ar(Base.LPC1768.o)
                              ../../external/mbed/LPC1768/mbed.ar(DigitalOut.LPC1768.o) (_ZTIN4mbed4BaseE)
../../external/mbed/LPC1768/mbed.ar(Ticker.LPC1768.o)
                              ./main.o (_ZTVN4mbed6TickerE)
../../external/mbed/LPC1768/mbed.ar(stdio.LPC1768.o)
                              ../../external/mbed/LPC1768/mbed.ar(Base.LPC1768.o) (_ZTIN4mbed8FileLikeE)
../../external/mbed/LPC1768/mbed.ar(FunctionPointer.LPC1768.o)
                              ../../external/mbed/LPC1768/mbed.ar(Ticker.LPC1768.o) (_ZN4mbed15FunctionPointer4callEv)
../../external/mbed/LPC1768/mbed.ar(Serial.LPC1768.o)
                              ../../mri/mri.ar(mri.o) (_ZTVN4mbed6SerialE)
../../external/mbed/LPC1768/mbed.ar(TimerEvent.LPC1768.o)
                              ../../external/mbed/LPC1768/mbed.ar(Ticker.LPC1768.o) (_ZTIN4mbed10TimerEventE)
../../external/mbed/LPC1768/mbed.ar(Stream.LPC1768.o)
                              ../../external/mbed/LPC1768/mbed.ar(Serial.LPC1768.o) (_ZTIN4mbed6StreamE)
../../external/mbed/LPC1768/capi.ar(cmsis_nvic.LPC1768.o)
                              ../../external/mbed/LPC1768/mbed.ar(Serial.LPC1768.o) (NVIC_SetVector)
../../external/mbed/LPC1768/capi.ar(startup_LPC17xx.LPC1768.o)
                              (Reset_Handler)
../../external/mbed/LPC1768/capi.ar(system_LPC17xx.LPC1768.o)
                              ../../external/mbed/LPC1768/capi.ar(startup_LPC17xx.LPC1768.o) (SystemInit)
../../external/mbed/LPC1768/capi.ar(core_cm3.LPC1768.o)
                              ../../src/syscalls.o (__get_MSP)
../../external/mbed/LPC1768/capi.ar(serial_api.LPC1768.o)
                              ../../external/mbed/LPC1768/mbed.ar(stdio.LPC1768.o) (serial_baud)
../../external/mbed/LPC1768/capi.ar(exit.LPC1768.o)
                              ../../src/gcc4mbed.o (exit)
../../external/mbed/LPC1768/capi.ar(pinmap.LPC1768.o)
                              ../../external/mbed/LPC1768/capi.ar(serial_api.LPC1768.o) (pinmap_merge)
../../external/mbed/LPC1768/capi.ar(wait_api.LPC1768.o)
                              ./main.o (wait)
../../external/mbed/LPC1768/capi.ar(gpio_api.LPC1768.o)
                              ../../external/mbed/LPC1768/mbed.ar(DigitalOut.LPC1768.o) (gpio_output)
../../external/mbed/LPC1768/capi.ar(semihost_api.LPC1768.o)
                              ../../external/mbed/LPC1768/capi.ar(exit.LPC1768.o) (semihost_exit)
../../external/mbed/LPC1768/capi.ar(us_ticker_api.LPC1768.o)
                              ../../external/mbed/LPC1768/mbed.ar(TimerEvent.LPC1768.o) (us_ticker_read)
../../external/mbed/LPC1768/capi.ar(utils_api.LPC1768.o)
                              ../../external/mbed/LPC1768/capi.ar(exit.LPC1768.o) (mbed_die)
../../external/mbed/LPC1768/capi.ar(timer_api.LPC1768.o)
                              ../../external/mbed/LPC1768/capi.ar(us_ticker_api.LPC1768.o) (timer_frequency)
../../external/gcc/LPC1768/libstdc++.a(atexit_arm.o)
                              ./main.o (__aeabi_atexit)
../../external/gcc/LPC1768/libstdc++.a(class_type_info.o)
                              ../../external/mbed/LPC1768/mbed.ar(Base.LPC1768.o) (_ZTVN10__cxxabiv117__class_type_infoE)
../../external/gcc/LPC1768/libstdc++.a(del_op.o)
                              ./main.o (_ZdlPv)
../../external/gcc/LPC1768/libstdc++.a(del_opv.o)
                              ../../external/mbed/LPC1768/mbed.ar(Base.LPC1768.o) (_ZdaPv)
../../external/gcc/LPC1768/libstdc++.a(dyncast.o)
                              ../../external/mbed/LPC1768/mbed.ar(Base.LPC1768.o) (__dynamic_cast)
../../external/gcc/LPC1768/libstdc++.a(new_op.o)
                              ../../external/mbed/LPC1768/mbed.ar(DigitalOut.LPC1768.o) (_Znwj)
../../external/gcc/LPC1768/libstdc++.a(new_opv.o)
                              ../../external/mbed/LPC1768/mbed.ar(DigitalOut.LPC1768.o) (_Znaj)
../../external/gcc/LPC1768/libstdc++.a(pure.o)
                              ../../external/mbed/LPC1768/mbed.ar(stdio.LPC1768.o) (__cxa_pure_virtual)
../../external/gcc/LPC1768/libstdc++.a(si_class_type_info.o)
                              ../../external/mbed/LPC1768/mbed.ar(DigitalOut.LPC1768.o) (_ZTVN10__cxxabiv120__si_class_type_infoE)
../../external/gcc/LPC1768/libstdc++.a(tinfo.o)
                              ../../external/gcc/LPC1768/libstdc++.a(class_type_info.o) (_ZNSt9type_infoD2Ev)
../../external/gcc/LPC1768/libstdc++.a(vec.o)
                              ../../external/mbed/LPC1768/mbed.ar(Serial.LPC1768.o) (__aeabi_vec_ctor_nocookie_nodtor)
../../external/gcc/LPC1768/libstdc++.a(vmi_class_type_info.o)
[...]
Memory Configuration

Name             Origin             Length             Attributes
IROM             0x00000000         0x00080000         xr
IRAM0            0x10000000         0x00008000         xrw
IRAM1            0x2007c000         0x00004000         xrw
IRAM2            0x20080000         0x00004000         xrw
*default*        0x00000000         0xffffffff

Linker script and memory map

LOAD /media/6aafac43-5450-453e-a142-f588400933c0/Sandbox/arm/bin/../lib/gcc/arm-none-eabi/4.5.2/thumb2/crti.o
LOAD /media/6aafac43-5450-453e-a142-f588400933c0/Sandbox/arm/bin/../lib/gcc/arm-none-eabi/4.5.2/thumb2/crtbegin.o
LOAD ../../src/gcc4mbed.o
LOAD ../../src/syscalls.o
LOAD ./main.o
LOAD ../../mri/mri.ar
LOAD ../../external/mbed/LPC1768/mbed.ar
LOAD ../../external/mbed/LPC1768/capi.ar
LOAD ../../external/FATFileSystem/LPC1768/FATFileSystem.ar
LOAD ../../external/gcc/LPC1768/libstdc++.a
LOAD ../../external/gcc/LPC1768/libm.a
START GROUP
LOAD /media/6aafac43-5450-453e-a142-f588400933c0/Sandbox/arm/bin/../lib/gcc/arm-none-eabi/4.5.2/thumb2/libgcc.a
LOAD ../../external/gcc/LPC1768/libc.a
END GROUP
LOAD /media/6aafac43-5450-453e-a142-f588400933c0/Sandbox/arm/bin/../lib/gcc/arm-none-eabi/4.5.2/thumb2/crtend.o
LOAD /media/6aafac43-5450-453e-a142-f588400933c0/Sandbox/arm/bin/../lib/gcc/arm-none-eabi/4.5.2/thumb2/crtn.o

.text           0x00000000    0x10438
 *(RESET)
 RESET          0x00000000       0xc4 ../../external/mbed/LPC1768/capi.ar(startup_LPC17xx.LPC1768.o)
                0x00000000                __Vectors
 *(.mbed_init)
 .mbed_init     0x000000c4      0x10c ../../src/gcc4mbed.o
                0x000000c4                __main
 *(i.SystemInit)
 i.SystemInit   0x000001d0       0x78 ../../external/mbed/LPC1768/capi.ar(system_LPC17xx.LPC1768.o)
                0x000001d0                SystemInit
                0x000002fc                . = 0x2fc
 *fill*         0x00000248       0xb4 00
 *(.crp)
                0x00000300                . = 0x300
 *fill*         0x000002fc        0x4 00
 *(.text .text.*)
 .text          0x00000300       0x30 /media/6aafac43-5450-453e-a142-f588400933c0/Sandbox/arm/bin/../lib/gcc/arm-none-eabi/4.5.2/thumb2/crtbegin.o
 .text.__GCC4MBEDOpenStandardHandles
                0x00000330       0x34 ../../src/syscalls.o
                0x00000330                __GCC4MBEDOpenStandardHandles
 .text._kill    0x00000364       0x10 ../../src/syscalls.o
                0x00000364                _kill
 .text._exit    0x00000374        0x8 ../../src/syscalls.o
                0x00000374                _exit
 .text._getpid  0x0000037c        0x4 ../../src/syscalls.o
                0x0000037c                _getpid
 .text._sbrk    0x00000380       0x30 ../../src/syscalls.o
                0x00000380                _sbrk
 .text._open    0x000003b0       0x20 ../../src/syscalls.o
                0x000003b0                _open
 .text._close   0x000003d0        0x4 ../../src/syscalls.o
                0x000003d0                _close
 .text._isatty  0x000003d4        0xc ../../src/syscalls.o
                0x000003d4                _isatty
 .text._lseek   0x000003e0      0x120 ../../src/syscalls.o
                0x000003e0                _lseek
 .text._read    0x00000500       0x34 ../../src/syscalls.o
                0x00000500                _read
 .text._write   0x00000534       0x38 ../../src/syscalls.o
                0x00000534                _write
 .text._fstat   0x0000056c        0xc ../../src/syscalls.o
                0x0000056c                _fstat
 .text._Z4flipv
                0x00000578       0x18 ./main.o
                0x00000578                _Z4flipv
 .text.main     0x00000590       0x50 ./main.o
                0x00000590                main
 .text._GLOBAL__I_flipper
                0x000005e0       0x7c ./main.o
 .text._ZL18IsDebuggerAttachedv
                0x0000065c       0x10 ../../mri/mri.ar(mri.o)
 .text._ZL17DisableSingleStepv
                0x0000066c       0x10 ../../mri/mri.ar(mri.o)
 .text._ZL19ClearMonitorPendingv
                0x0000067c       0x10 ../../mri/mri.ar(mri.o)
 .text._ZL25GetFPBCodeComparatorCountv
                0x0000068c       0x18 ../../mri/mri.ar(mri.o)
 .text._ZL18ClearFPBComparatorPm
                0x000006a4        0x6 ../../mri/mri.ar(mri.o)
 *fill*         0x000006aa        0x2 00
 .text._ZL27CalculateFPBComparatorValueml
                0x000006ac       0x44 ../../mri/mri.ar(mri.o)
 .text._ZL27FindFPBBreakpointComparatorml
                0x000006f0       0x34 ../../mri/mri.ar(mri.o)
 .text._ZL15HexCharToNibbleh
                0x00000724       0x2a ../../mri/mri.ar(mri.o)
 .text._ZL12SBuffer_InitP7SBufferPcj
                0x0000074e        0xe ../../mri/mri.ar(mri.o)
 .text._ZL17SBuffer_BytesLeftP7SBuffer
                0x0000075c       0x14 ../../mri/mri.ar(mri.o)
 .text._ZL17SBuffer_WriteCharP7SBufferc
                0x00000770       0x1e ../../mri/mri.ar(mri.o)
 .text._ZL16SBuffer_ReadCharP7SBufferPc
                0x0000078e       0x22 ../../mri/mri.ar(mri.o)
 .text._ZL22SBuffer_WriteByteAsHexP7SBufferh
                0x000007b0       0x38 ../../mri/mri.ar(mri.o)
 .text._ZL21SBuffer_ReadByteAsHexP7SBufferPh
                0x000007e8       0x40 ../../mri/mri.ar(mri.o)
 .text._ZL19SBuffer_WriteStringP7SBufferPKc
                0x00000828       0x1c ../../mri/mri.ar(mri.o)
 .text._ZL25SBuffer_ReadUIntegerAsHexP7SBufferPj
                0x00000844       0x40 ../../mri/mri.ar(mri.o)
 .text._ZL25SBuffer_IsNextCharEqualToP7SBufferc
                0x00000884       0x1c ../../mri/mri.ar(mri.o)
 .text._ZL20SMriState_InitBufferP9SMriState
                0x000008a0        0xc ../../mri/mri.ar(mri.o)
 .text._ZL31SMriState_PrepareStringResponseP9SMriStatePKc
                0x000008ac       0x16 ../../mri/mri.ar(mri.o)
 *fill*         0x000008c2        0x2 00
 .text._ZL24AdvanceToNextInstructionv
                0x000008c4       0x30 ../../mri/mri.ar(mri.o)
 .text._ZL23ClearDebuggerActiveFlagv
                0x000008f4       0x10 ../../mri/mri.ar(mri.o)
 .text._ZL23ClearFaultDetectionFlagv
                0x00000904       0x10 ../../mri/mri.ar(mri.o)
 .text._ZL16WasFaultDetectedv
                0x00000914       0x10 ../../mri/mri.ar(mri.o)
 .text._ZL23ReadMemoryIntoHexBufferP7SBufferPKvi
                0x00000924       0x2e ../../mri/mri.ar(mri.o)
 .text._ZL22WriteHexBufferToMemoryP7SBufferPvi
                0x00000952       0x36 ../../mri/mri.ar(mri.o)
 .text._ZL26SendRegisterFor_T_ResponseP7SBufferhj
                0x00000988       0x2a ../../mri/mri.ar(mri.o)
 .text._ZL37PrepareEmptyResponseForUnknownCommandP9SMriState
                0x000009b2        0x4 ../../mri/mri.ar(mri.o)
 *fill*         0x000009b6        0x2 00
 .text._ZL25HandleRegisterReadCommandP9SMriState
                0x000009b8       0x1c ../../mri/mri.ar(mri.o)
 .text._ZL26HandleRegisterWriteCommandP9SMriState
                0x000009d4       0x48 ../../mri/mri.ar(mri.o)
 .text._ZL23HandleMemoryReadCommandP9SMriState
                0x00000a1c       0x4c ../../mri/mri.ar(mri.o)
 .text._ZL24HandleMemoryWriteCommandP9SMriState
                0x00000a68       0x5c ../../mri/mri.ar(mri.o)
 .text._ZL41ParseBreakpointWatchpointCommandArgumentsP9SMriStateP30SBreakpointWatchpointArguments
                0x00000ac4       0x74 ../../mri/mri.ar(mri.o)
 .text._ZL36HandleBreakpointWatchpointSetCommandP9SMriState
                0x00000b38       0x80 ../../mri/mri.ar(mri.o)
 .text._ZL39HandleBreakpointWatchpointRemoveCommandP9SMriState
                0x00000bb8       0x3c ../../mri/mri.ar(mri.o)
 .text._ZL36GetCurrentlyExecutingExceptionNumberv
                0x00000bf4        0xa ../../mri/mri.ar(mri.o)
 .text._ZL21SBuffer_MatchesStringP7SBufferPKcj
                0x00000bfe       0x42 ../../mri/mri.ar(mri.o)
 .text._ZL21HandleContinueCommandP9SMriState
                0x00000c40       0x30 ../../mri/mri.ar(mri.o)
 .text._ZL23HandleSingleStepCommandP9SMriState
                0x00000c70       0x18 ../../mri/mri.ar(mri.o)
 .text._ZL27SMriState_PrepareForRestartP9SMriState.clone.4
                0x00000c88        0xc ../../mri/mri.ar(mri.o)
 .text.NVIC_SetPriority.clone.7
                0x00000c94       0x28 ../../mri/mri.ar(mri.o)
 .text._ZL18HandleQueryCommandP9SMriState
                0x00000cbc      0x144 ../../mri/mri.ar(mri.o)
 .text._ZN4mbed6Stream4putcEi
                0x00000e00       0x18 ../../mri/mri.ar(mri.o)
                0x00000e00                _ZN4mbed6Stream4putcEi
 .text._ZN4mbed6Stream4getcEv
                0x00000e18       0x14 ../../mri/mri.ar(mri.o)
                0x00000e18                _ZN4mbed6Stream4getcEv
 .text._Z17MriTargetSendChari
                0x00000e2c        0xc ../../mri/mri.ar(mri.o)
                0x00000e2c                _Z17MriTargetSendChari
 .text._Z20MriTargetReceiveCharv
                0x00000e38        0xc ../../mri/mri.ar(mri.o)
                0x00000e38                _Z20MriTargetReceiveCharv
 .text._ZL25SMriState_SendPacketToGDBP9SMriState
                0x00000e44       0x68 ../../mri/mri.ar(mri.o)
 .text._ZL19Send_T_StopResponseP9SMriState
                0x00000eac       0x50 ../../mri/mri.ar(mri.o)
 .text._Z16ControlCDetectedv
                0x00000efc       0x24 ../../mri/mri.ar(mri.o)
                0x00000efc                _Z16ControlCDetectedv
 .text.MriInit  0x00000f20      0x118 ../../mri/mri.ar(mri.o)
                0x00000f20                MriInit
 .text.MriDebugException
                0x00001038      0x260 ../../mri/mri.ar(mri.o)
                0x00001038                MriDebugException
 .text._GLOBAL__I_g_MriContext
                0x00001298       0x34 ../../mri/mri.ar(mri.o)
 .text          0x000012cc      0x140 ../../mri/mri.ar(mriasm.o)
                0x000012cc                MriDisableMbed
                0x000012e4                MriGetIPSR
                0x000013ac                HardFault_Handler
                0x000013ae                MemManage_Handler
                0x000013b0                BusFault_Handler
                0x000013b2                UsageFault_Handler
                0x000013b4                DebugMon_Handler
                0x000013b6                UART0_IRQHandler
                0x000013b8                __MriTestRegisters
 .text          0x0000140c       0x24 ../../external/mbed/LPC1768/capi.ar(startup_LPC17xx.LPC1768.o)
                0x0000140c                Reset_Handler
                0x00001414                NMI_Handler
                0x0000141e                SVC_Handler
                0x00001422                PendSV_Handler
                0x00001424                SysTick_Handler
                0x00001426                TIMER2_IRQHandler
                0x00001426                RIT_IRQHandler
                0x00001426                I2C0_IRQHandler
                0x00001426                PWM1_IRQHandler
                0x00001426                I2C1_IRQHandler
                0x00001426                EINT2_IRQHandler
                0x00001426                UART1_IRQHandler
                0x00001426                EINT3_IRQHandler
                0x00001426                TIMER3_IRQHandler
                0x00001426                PLL0_IRQHandler
                0x00001426                CAN_IRQHandler
                0x00001426                PLL1_IRQHandler
                0x00001426                SSP0_IRQHandler
                0x00001426                I2S_IRQHandler
                0x00001426                I2C2_IRQHandler
                0x00001426                RTC_IRQHandler
                0x00001426                TIMER0_IRQHandler
                0x00001426                SPI_IRQHandler
                0x00001426                EINT1_IRQHandler
                0x00001426                TIMER1_IRQHandler
                0x00001426                UART2_IRQHandler
                0x00001426                ADC_IRQHandler
                0x00001426                SSP1_IRQHandler
                0x00001426                USB_IRQHandler
                0x00001426                BOD_IRQHandler
                0x00001426                WDT_IRQHandler
                0x00001426                QEI_IRQHandler
                0x00001426                EINT0_IRQHandler
                0x00001426                DMA_IRQHandler
                0x00001426                UART3_IRQHandler
                0x00001426                MCPWM_IRQHandler
                0x00001426                ENET_IRQHandler
 .text.__aeabi_atexit
                0x00001430        0xa ../../external/gcc/LPC1768/libstdc++.a(atexit_arm.o)
                0x00001430                __aeabi_atexit
 .text._ZNK10__cxxabiv117__class_type_info20__do_find_public_srcEiPKvPKS0_S2_
                0x0000143a        0xc ../../external/gcc/LPC1768/libstdc++.a(class_type_info.o)
                0x0000143a                _ZNK10__cxxabiv117__class_type_info20__do_find_public_srcEiPKvPKS0_S2_
 .text._ZNK10__cxxabiv117__class_type_info11__do_upcastEPKS0_PKvRNS0_15__upcast_resultE
                0x00001446       0x1a ../../external/gcc/LPC1768/libstdc++.a(class_type_info.o)
                0x00001446                _ZNK10__cxxabiv117__class_type_info11__do_upcastEPKS0_PKvRNS0_15__upcast_resultE
 .text._ZNK10__cxxabiv117__class_type_info12__do_dyncastEiNS0_10__sub_kindEPKS0_PKvS3_S5_RNS0_16__dyncast_resultE
                0x00001460       0x3c ../../external/gcc/LPC1768/libstdc++.a(class_type_info.o)
                0x00001460                _ZNK10__cxxabiv117__class_type_info12__do_dyncastEiNS0_10__sub_kindEPKS0_PKvS3_S5_RNS0_16__dyncast_resultE
 .text._ZNK10__cxxabiv117__class_type_info10__do_catchEPKSt9type_infoPPvj
                0x0000149c       0x26 ../../external/gcc/LPC1768/libstdc++.a(class_type_info.o)
                0x0000149c                _ZNK10__cxxabiv117__class_type_info10__do_catchEPKSt9type_infoPPvj
 *fill*         0x000014c2        0x2 00
 .text._ZN10__cxxabiv117__class_type_infoD2Ev
                0x000014c4       0x14 ../../external/gcc/LPC1768/libstdc++.a(class_type_info.o)
                0x000014c4                _ZN10__cxxabiv117__class_type_infoD1Ev
                0x000014c4                _ZN10__cxxabiv117__class_type_infoD2Ev
 .text._ZN10__cxxabiv117__class_type_infoD0Ev
                0x000014d8       0x12 ../../external/gcc/LPC1768/libstdc++.a(class_type_info.o)
                0x000014d8                _ZN10__cxxabiv117__class_type_infoD0Ev
 .text._ZN10__cxxabiv117__class_type_info15__upcast_resultC2Ei
                0x000014ea        0xc ../../external/gcc/LPC1768/libstdc++.a(class_type_info.o)
                0x000014ea                _ZN10__cxxabiv117__class_type_info15__upcast_resultC2Ei
                0x000014ea                _ZN10__cxxabiv117__class_type_info15__upcast_resultC1Ei
 .text._ZNK10__cxxabiv117__class_type_info11__do_upcastEPKS0_PPv
                0x000014f6       0x3a ../../external/gcc/LPC1768/libstdc++.a(class_type_info.o)
                0x000014f6                _ZNK10__cxxabiv117__class_type_info11__do_upcastEPKS0_PPv
 .text._ZdlPv   0x00001530        0x8 ../../external/gcc/LPC1768/libstdc++.a(del_op.o)
                0x00001530                _ZdlPv
 .text._ZdaPv   0x00001538        0x4 ../../external/gcc/LPC1768/libstdc++.a(del_opv.o)
                0x00001538                _ZdaPv
 .text._ZN10__cxxabiv112_GLOBAL__N_118contained_public_pENS_17__class_type_info10__sub_kindE
                0x0000153c       0x10 ../../external/gcc/LPC1768/libstdc++.a(dyncast.o)
 .text._ZN10__cxxabiv112_GLOBAL__N_114adjust_pointerIvEEPKT_PKvi
                0x0000154c        0x4 ../../external/gcc/LPC1768/libstdc++.a(dyncast.o)
 .text._ZN10__cxxabiv117__class_type_info16__dyncast_resultC2Ei
                0x00001550        0xe ../../external/gcc/LPC1768/libstdc++.a(dyncast.o)
                0x00001550                _ZN10__cxxabiv117__class_type_info16__dyncast_resultC2Ei
                0x00001550                _ZN10__cxxabiv117__class_type_info16__dyncast_resultC1Ei
 .text._ZNK10__cxxabiv117__class_type_info17__find_public_srcEiPKvPKS0_S2_
                0x0000155e       0x2c ../../external/gcc/LPC1768/libstdc++.a(dyncast.o)
                0x0000155e                _ZNK10__cxxabiv117__class_type_info17__find_public_srcEiPKvPKS0_S2_
 .text.__dynamic_cast
                0x0000158a       0xa4 ../../external/gcc/LPC1768/libstdc++.a(dyncast.o)
                0x0000158a                __dynamic_cast
 *fill*         0x0000162e        0x2 00
 .text._Znwj    0x00001630       0x28 ../../external/gcc/LPC1768/libstdc++.a(new_op.o)
                0x00001630                _Znwj
 .text._Znaj    0x00001658        0x4 ../../external/gcc/LPC1768/libstdc++.a(new_opv.o)
                0x00001658                _Znaj
 .text.__cxa_pure_virtual
                0x0000165c       0x14 ../../external/gcc/LPC1768/libstdc++.a(pure.o)
                0x0000165c                __cxa_pure_virtual
 .text._ZNK10__cxxabiv120__si_class_type_info11__do_upcastEPKNS_17__class_type_infoEPKvRNS1_15__upcast_resultE
                0x00001670       0x24 ../../external/gcc/LPC1768/libstdc++.a(si_class_type_info.o)
                0x00001670                _ZNK10__cxxabiv120__si_class_type_info11__do_upcastEPKNS_17__class_type_infoEPKvRNS1_15__upcast_resultE
 .text._ZNK10__cxxabiv120__si_class_type_info12__do_dyncastEiNS_17__class_type_info10__sub_kindEPKS1_PKvS4_S6_RNS1_16__dyncast_resultE
                0x00001694       0x90 ../../external/gcc/LPC1768/libstdc++.a(si_class_type_info.o)
                0x00001694                _ZNK10__cxxabiv120__si_class_type_info12__do_dyncastEiNS_17__class_type_info10__sub_kindEPKS1_PKvS4_S6_RNS1_16__dyncast_resultE
 .text._ZNK10__cxxabiv120__si_class_type_info20__do_find_public_srcEiPKvPKNS_17__class_type_infoES2_
                0x00001724       0x36 ../../external/gcc/LPC1768/libstdc++.a(si_class_type_info.o)
                0x00001724                _ZNK10__cxxabiv120__si_class_type_info20__do_find_public_srcEiPKvPKNS_17__class_type_infoES2_
 *fill*         0x0000175a        0x2 00
 .text._ZN10__cxxabiv120__si_class_type_infoD2Ev
                0x0000175c       0x14 ../../external/gcc/LPC1768/libstdc++.a(si_class_type_info.o)
                0x0000175c                _ZN10__cxxabiv120__si_class_type_infoD2Ev
                0x0000175c                _ZN10__cxxabiv120__si_class_type_infoD1Ev
 .text._ZN10__cxxabiv120__si_class_type_infoD0Ev
                0x00001770       0x12 ../../external/gcc/LPC1768/libstdc++.a(si_class_type_info.o)
                0x00001770                _ZN10__cxxabiv120__si_class_type_infoD0Ev
 *fill*         0x00001782        0x2 00
 .text._ZNSt9type_infoD2Ev
                0x00001784        0xc ../../external/gcc/LPC1768/libstdc++.a(tinfo.o)
                0x00001784                _ZNSt9type_infoD1Ev
                0x00001784                _ZNSt9type_infoD2Ev
 .text._ZNKSt9type_info14__is_pointer_pEv
                0x00001790        0x4 ../../external/gcc/LPC1768/libstdc++.a(tinfo.o)
                0x00001790                _ZNKSt9type_info14__is_pointer_pEv
 .text._ZNKSt9type_info15__is_function_pEv
                0x00001794        0x4 ../../external/gcc/LPC1768/libstdc++.a(tinfo.o)
                0x00001794                _ZNKSt9type_info15__is_function_pEv
 .text._ZNKSt9type_info11__do_upcastEPKN10__cxxabiv117__class_type_infoEPPv
                0x00001798        0x4 ../../external/gcc/LPC1768/libstdc++.a(tinfo.o)
                0x00001798                _ZNKSt9type_info11__do_upcastEPKN10__cxxabiv117__class_type_infoEPPv
 .text._ZNSt9type_infoD0Ev
                0x0000179c       0x12 ../../external/gcc/LPC1768/libstdc++.a(tinfo.o)
                0x0000179c                _ZNSt9type_infoD0Ev
 .text._ZNKSt9type_info4nameEv
                0x000017ae        0xc ../../external/gcc/LPC1768/libstdc++.a(tinfo.o)
                0x000017ae                _ZNKSt9type_info4nameEv
 .text._ZNKSt9type_infoeqERKS_
                0x000017ba       0x34 ../../external/gcc/LPC1768/libstdc++.a(tinfo.o)
                0x000017ba                _ZNKSt9type_infoeqERKS_
 .text._ZNKSt9type_info10__do_catchEPKS_PPvj
                0x000017ee        0x4 ../../external/gcc/LPC1768/libstdc++.a(tinfo.o)
                0x000017ee                _ZNKSt9type_info10__do_catchEPKS_PPvj
 .text.__cxa_vec_ctor
                0x000017f2       0x26 ../../external/gcc/LPC1768/libstdc++.a(vec.o)
                0x000017f2                __cxa_vec_ctor
 .text.__aeabi_vec_ctor_nocookie_nodtor
                0x00001818       0x12 ../../external/gcc/LPC1768/libstdc++.a(vec.o)
                0x00001818                __aeabi_vec_ctor_nocookie_nodtor
 .text._ZN10__cxxabiv112_GLOBAL__N_111contained_pENS_17__class_type_info10__sub_kindE
                0x0000182a        0xa ../../external/gcc/LPC1768/libstdc++.a(vmi_class_type_info.o)
 .text._ZN10__cxxabiv112_GLOBAL__N_19virtual_pENS_17__class_type_info10__sub_kindE
                0x00001834        0x6 ../../external/gcc/LPC1768/libstdc++.a(vmi_class_type_info.o)
 .text._ZN10__cxxabiv112_GLOBAL__N_114adjust_pointerIvEEPKT_PKvi
                0x0000183a        0x4 ../../external/gcc/LPC1768/libstdc++.a(vmi_class_type_info.o)
 .text._ZN10__cxxabiv112_GLOBAL__N_115convert_to_baseEPKvbi
                0x0000183e        0xc ../../external/gcc/LPC1768/libstdc++.a(vmi_class_type_info.o)
 *fill*         0x0000184a        0x2 00
 .text._ZN10__cxxabiv121__vmi_class_type_infoD2Ev
                0x0000184c       0x14 ../../external/gcc/LPC1768/libstdc++.a(vmi_class_type_info.o)
                0x0000184c                _ZN10__cxxabiv121__vmi_class_type_infoD1Ev
                0x0000184c                _ZN10__cxxabiv121__vmi_class_type_infoD2Ev
 .text._ZN10__cxxabiv121__vmi_class_type_infoD0Ev
                0x00001860       0x12 ../../external/gcc/LPC1768/libstdc++.a(vmi_class_type_info.o)
                0x00001860                _ZN10__cxxabiv121__vmi_class_type_infoD0Ev
 .text._ZNK10__cxxabiv122__base_class_type_info14__is_virtual_pEv
                0x00001872        0x8 ../../external/gcc/LPC1768/libstdc++.a(vmi_class_type_info.o)
                0x00001872                _ZNK10__cxxabiv122__base_class_type_info14__is_virtual_pEv
 .text._ZNK10__cxxabiv122__base_class_type_info13__is_public_pEv
                0x0000187a        0x8 ../../external/gcc/LPC1768/libstdc++.a(vmi_class_type_info.o)
                0x0000187a                _ZNK10__cxxabiv122__base_class_type_info13__is_public_pEv
 .text._ZNK10__cxxabiv122__base_class_type_info8__offsetEv
                0x00001882        0x6 ../../external/gcc/LPC1768/libstdc++.a(vmi_class_type_info.o)
                0x00001882                _ZNK10__cxxabiv122__base_class_type_info8__offsetEv
 .text._ZNK10__cxxabiv121__vmi_class_type_info20__do_find_public_srcEiPKvPKNS_17__class_type_infoES2_
                0x00001888       0x96 ../../external/gcc/LPC1768/libstdc++.a(vmi_class_type_info.o)
                0x00001888                _ZNK10__cxxabiv121__vmi_class_type_info20__do_find_public_srcEiPKvPKNS_17__class_type_infoES2_
 .text._ZNK10__cxxabiv121__vmi_class_type_info11__do_upcastEPKNS_17__class_type_infoEPKvRNS1_15__upcast_resultE
                0x0000191e      0x148 ../../external/gcc/LPC1768/libstdc++.a(vmi_class_type_info.o)
                0x0000191e                _ZNK10__cxxabiv121__vmi_class_type_info11__do_upcastEPKNS_17__class_type_infoEPKvRNS1_15__upcast_resultE
 .text._ZNK10__cxxabiv121__vmi_class_type_info12__do_dyncastEiNS_17__class_type_info10__sub_kindEPKS1_PKvS4_S6_RNS1_16__dyncast_resultE
                0x00001a66      0x2e0 ../../external/gcc/LPC1768/libstdc++.a(vmi_class_type_info.o)
                0x00001a66                _ZNK10__cxxabiv121__vmi_class_type_info12__do_dyncastEiNS_17__class_type_info10__sub_kindEPKS1_PKvS4_S6_RNS1_16__dyncast_resultE
 .text._ZN10__cxxabiv111__terminateEPFvvE
                0x00001d46        0x8 ../../external/gcc/LPC1768/libstdc++.a(eh_terminate.o)
                0x00001d46                _ZN10__cxxabiv111__terminateEPFvvE
 *fill*         0x00001d4e        0x2 00
 .text._ZSt9terminatev
                0x00001d50       0x10 ../../external/gcc/LPC1768/libstdc++.a(eh_terminate.o)
                0x00001d50                _ZSt9terminatev
 .text._ZN9__gnu_cxx27__verbose_terminate_handlerEv
                0x00001d60       0x90 ../../external/gcc/LPC1768/libstdc++.a(vterminate.o)
                0x00001d60                _ZN9__gnu_cxx27__verbose_terminate_handlerEv
 .text          0x00001df0     0x26a4 ../../external/gcc/LPC1768/libstdc++.a(cp-demangle.o)
                0x000043b4                __cxa_demangle
                0x00004470                __gcclibcxx_demangle_callback
 .text.__cxa_current_exception_type
                0x00004494       0x1a ../../external/gcc/LPC1768/libstdc++.a(eh_type.o)
                0x00004494                __cxa_current_exception_type
 *fill*         0x000044ae        0x2 00
 .text.__cxa_get_globals
                0x000044b0        0x8 ../../external/gcc/LPC1768/libstdc++.a(eh_globals.o)
                0x000044b0                __cxa_get_globals
 .text.scalbn   0x000044b8       0xf8 ../../external/gcc/LPC1768/libm.a(lib_a-s_scalbn.o)
                0x000044b8                scalbn
 .text.copysign
                0x000045b0       0x10 ../../external/gcc/LPC1768/libm.a(lib_a-s_copysign.o)
                0x000045b0                copysign
 .text          0x000045c0      0x370 /media/6aafac43-5450-453e-a142-f588400933c0/Sandbox/arm/bin/../lib/gcc/arm-none-eabi/4.5.2/thumb2/libgcc.a(_arm_addsubdf3.o)
                0x000045c0                __aeabi_drsub
                0x000045c8                __aeabi_dsub
                0x000045c8                __subdf3
                0x000045cc                __adddf3
                0x000045cc                __aeabi_dadd
                0x00004844                __aeabi_ui2d
                0x00004844                __floatunsidf
                0x00004864                __floatsidf
                0x00004864                __aeabi_i2d
                0x00004888                __extendsfdf2
                0x00004888                __aeabi_f2d
                0x000048c4                __aeabi_ul2d
                0x000048c4                __floatundidf
                0x000048d4                __floatdidf
                0x000048d4                __aeabi_l2d
 .text          0x00004930      0x424 /media/6aafac43-5450-453e-a142-f588400933c0/Sandbox/arm/bin/../lib/gcc/arm-none-eabi/4.5.2/thumb2/libgcc.a(_arm_muldivdf3.o)
                0x00004930                __aeabi_dmul
                0x00004930                __muldf3
                0x00004b84                __aeabi_ddiv
                0x00004b84                __divdf3
 .text          0x00004d54       0x50 /media/6aafac43-5450-453e-a142-f588400933c0/Sandbox/arm/bin/../lib/gcc/arm-none-eabi/4.5.2/thumb2/libgcc.a(_arm_fixdfsi.o)
                0x00004d54                __fixdfsi
                0x00004d54                __aeabi_d2iz
 .text          0x00004da4       0xa0 /media/6aafac43-5450-453e-a142-f588400933c0/Sandbox/arm/bin/../lib/gcc/arm-none-eabi/4.5.2/thumb2/libgcc.a(_arm_truncdfsf2.o)
                0x00004da4                __aeabi_d2f
                0x00004da4                __truncdfsf2
 .text          0x00004e44      0x21c /media/6aafac43-5450-453e-a142-f588400933c0/Sandbox/arm/bin/../lib/gcc/arm-none-eabi/4.5.2/thumb2/libgcc.a(_arm_addsubsf3.o)
                0x00004e44                __aeabi_frsub
                0x00004e4c                __subsf3
                0x00004e4c                __aeabi_fsub
                0x00004e50                __aeabi_fadd
                0x00004e50                __addsf3
                0x00004fb0                __aeabi_ui2f
                0x00004fb0                __floatunsisf
                0x00004fb8                __aeabi_i2f
                0x00004fb8                __floatsisf
                0x00004fd4                __floatundisf
                0x00004fd4                __aeabi_ul2f
                0x00004fe4                __floatdisf
                0x00004fe4                __aeabi_l2f
 .text          0x00005060      0x2a0 /media/6aafac43-5450-453e-a142-f588400933c0/Sandbox/arm/bin/../lib/gcc/arm-none-eabi/4.5.2/thumb2/libgcc.a(_arm_muldivsf3.o)
                0x00005060                __mulsf3
                0x00005060                __aeabi_fmul
                0x000051c8                __divsf3
                0x000051c8                __aeabi_fdiv
 .text          0x00005300       0xec /media/6aafac43-5450-453e-a142-f588400933c0/Sandbox/arm/bin/../lib/gcc/arm-none-eabi/4.5.2/thumb2/libgcc.a(_arm_cmpsf2.o)
                0x00005300                __gtsf2
                0x00005300                __gesf2
                0x00005308                __lesf2
                0x00005308                __ltsf2
                0x00005310                __nesf2
                0x00005310                __eqsf2
                0x00005310                __cmpsf2
                0x00005370                __aeabi_cfrcmple
                0x00005378                __aeabi_cfcmple
                0x00005378                __aeabi_cfcmpeq
                0x00005388                __aeabi_fcmpeq
                0x0000539c                __aeabi_fcmplt
                0x000053b0                __aeabi_fcmple
                0x000053c4                __aeabi_fcmpge
                0x000053d8                __aeabi_fcmpgt
 .text.abort    0x000053ec        0xe ../../external/gcc/LPC1768/libc.a(lib_a-abort.o)
                0x000053ec                abort
 .text.__aeabi_memcpy
                0x000053fa        0x4 ../../external/gcc/LPC1768/libc.a(lib_a-aeabi_memcpy.o)
                0x000053fa                __aeabi_memcpy
                0x000053fa                __aeabi_memcpy4
                0x000053fa                __aeabi_memcpy8
 .text.__aeabi_assert
                0x000053fe        0xe ../../external/gcc/LPC1768/libc.a(lib_a-clibabi_assert.o)
                0x000053fe                __aeabi_assert
 .text.setup_aeabi_stdio
                0x0000540c       0x28 ../../external/gcc/LPC1768/libc.a(lib_a-clibabi_stdio.o)
 .text.__cxa_atexit
                0x00005434       0x16 ../../external/gcc/LPC1768/libc.a(lib_a-cxa_atexit.o)
                0x00005434                __cxa_atexit
 *fill*         0x0000544a        0x2 00
 .text._fclose_r
                0x0000544c       0xac ../../external/gcc/LPC1768/libc.a(lib_a-fclose.o)
                0x0000544c                _fclose_r
 .text.fclose   0x000054f8       0x10 ../../external/gcc/LPC1768/libc.a(lib_a-fclose.o)
                0x000054f8                fclose
 .text._fflush_r
                0x00005508      0x174 ../../external/gcc/LPC1768/libc.a(lib_a-fflush.o)
                0x00005508                _fflush_r
 .text.fflush   0x0000567c       0x24 ../../external/gcc/LPC1768/libc.a(lib_a-fflush.o)
                0x0000567c                fflush
 .text._fgetc_r
                0x000056a0       0x58 ../../external/gcc/LPC1768/libc.a(lib_a-fgetc.o)
                0x000056a0                _fgetc_r
 .text.fgetc    0x000056f8       0x10 ../../external/gcc/LPC1768/libc.a(lib_a-fgetc.o)
                0x000056f8                fgetc
 .text._cleanup_r
                0x00005708        0xc ../../external/gcc/LPC1768/libc.a(lib_a-findfp.o)
                0x00005708                _cleanup_r
 .text.std.clone.0
                0x00005714       0x48 ../../external/gcc/LPC1768/libc.a(lib_a-findfp.o)
 .text.__sfmoreglue
                0x0000575c       0x28 ../../external/gcc/LPC1768/libc.a(lib_a-findfp.o)
                0x0000575c                __sfmoreglue
 .text.__sinit  0x00005784       0x5c ../../external/gcc/LPC1768/libc.a(lib_a-findfp.o)
                0x00005784                __sinit
 .text.__sfp    0x000057e0       0x78 ../../external/gcc/LPC1768/libc.a(lib_a-findfp.o)
                0x000057e0                __sfp
 .text.__sfp_lock_acquire
                0x00005858        0x2 ../../external/gcc/LPC1768/libc.a(lib_a-findfp.o)
                0x00005858                __sfp_lock_acquire
 .text.__sfp_lock_release
                0x0000585a        0x2 ../../external/gcc/LPC1768/libc.a(lib_a-findfp.o)
                0x0000585a                __sfp_lock_release
 .text._fopen_r
                0x0000585c       0x84 ../../external/gcc/LPC1768/libc.a(lib_a-fopen.o)
                0x0000585c                _fopen_r
 .text.fopen    0x000058e0       0x14 ../../external/gcc/LPC1768/libc.a(lib_a-fopen.o)
                0x000058e0                fopen
 .text.fprintf  0x000058f4       0x24 ../../external/gcc/LPC1768/libc.a(lib_a-fprintf.o)
                0x000058f4                fprintf
 .text._fputc_r
                0x00005918       0x48 ../../external/gcc/LPC1768/libc.a(lib_a-fputc.o)
                0x00005918                _fputc_r
 .text.fputc    0x00005960       0x14 ../../external/gcc/LPC1768/libc.a(lib_a-fputc.o)
                0x00005960                fputc
 .text._fputs_r
                0x00005974       0x74 ../../external/gcc/LPC1768/libc.a(lib_a-fputs.o)
                0x00005974                _fputs_r
 .text.fputs    0x000059e8       0x14 ../../external/gcc/LPC1768/libc.a(lib_a-fputs.o)
                0x000059e8                fputs
 .text._malloc_trim_r
                0x000059fc       0x94 ../../external/gcc/LPC1768/libc.a(lib_a-freer.o)
                0x000059fc                _malloc_trim_r
 .text._free_r  0x00005a90      0x180 ../../external/gcc/LPC1768/libc.a(lib_a-freer.o)
                0x00005a90                _free_r
 .text._fseek_r
                0x00005c10      0x2cc ../../external/gcc/LPC1768/libc.a(lib_a-fseek.o)
                0x00005c10                _fseek_r
 .text._fstat_r
                0x00005edc       0x24 ../../external/gcc/LPC1768/libc.a(lib_a-fstatr.o)
                0x00005edc                _fstat_r
 .text.__sfvwrite_r
                0x00005f00      0x294 ../../external/gcc/LPC1768/libc.a(lib_a-fvwrite.o)
                0x00005f00                __sfvwrite_r
 .text._fwalk   0x00006194       0x44 ../../external/gcc/LPC1768/libc.a(lib_a-fwalk.o)
                0x00006194                _fwalk
 .text._fwalk_reent
                0x000061d8       0x48 ../../external/gcc/LPC1768/libc.a(lib_a-fwalk.o)
                0x000061d8                _fwalk_reent
 .text._fwrite_r
                0x00006220       0x90 ../../external/gcc/LPC1768/libc.a(lib_a-fwrite.o)
                0x00006220                _fwrite_r
 .text.fwrite   0x000062b0       0x20 ../../external/gcc/LPC1768/libc.a(lib_a-fwrite.o)
                0x000062b0                fwrite
 .text.__libc_init_array
                0x000062d0       0x48 ../../external/gcc/LPC1768/libc.a(lib_a-init.o)
                0x000062d0                __libc_init_array
 .text.__smakebuf_r
                0x00006318       0xdc ../../external/gcc/LPC1768/libc.a(lib_a-makebuf.o)
                0x00006318                __smakebuf_r
 .text.malloc   0x000063f4       0x10 ../../external/gcc/LPC1768/libc.a(lib_a-malloc.o)
                0x000063f4                malloc
 .text.free     0x00006404       0x10 ../../external/gcc/LPC1768/libc.a(lib_a-malloc.o)
                0x00006404                free
 .text._malloc_r
                0x00006414      0x408 ../../external/gcc/LPC1768/libc.a(lib_a-mallocr.o)
                0x00006414                _malloc_r
 .text.memchr   0x0000681c       0x1c ../../external/gcc/LPC1768/libc.a(lib_a-memchr.o)
                0x0000681c                memchr
 .text.memcmp   0x00006838       0x1c ../../external/gcc/LPC1768/libc.a(lib_a-memcmp.o)
                0x00006838                memcmp
 .text.memcpy   0x00006854       0x16 ../../external/gcc/LPC1768/libc.a(lib_a-memcpy.o)
                0x00006854                memcpy
 .text.memmove  0x0000686a       0x30 ../../external/gcc/LPC1768/libc.a(lib_a-memmove.o)
                0x0000686a                memmove
 .text.memset   0x0000689a       0x10 ../../external/gcc/LPC1768/libc.a(lib_a-memset.o)
                0x0000689a                memset
 .text.__malloc_lock
                0x000068aa        0x2 ../../external/gcc/LPC1768/libc.a(lib_a-mlock.o)
                0x000068aa                __malloc_lock
 .text.__malloc_unlock
                0x000068ac        0x2 ../../external/gcc/LPC1768/libc.a(lib_a-mlock.o)
                0x000068ac                __malloc_unlock
 *fill*         0x000068ae        0x2 00
 .text._open_r  0x000068b0       0x28 ../../external/gcc/LPC1768/libc.a(lib_a-openr.o)
                0x000068b0                _open_r
 .text._putc_r  0x000068d8       0x80 ../../external/gcc/LPC1768/libc.a(lib_a-putc.o)
                0x000068d8                _putc_r
 .text._puts_r  0x00006958       0x70 ../../external/gcc/LPC1768/libc.a(lib_a-puts.o)
                0x00006958                _puts_r
 .text.puts     0x000069c8       0x10 ../../external/gcc/LPC1768/libc.a(lib_a-puts.o)
                0x000069c8                puts
 .text.realloc  0x000069d8       0x14 ../../external/gcc/LPC1768/libc.a(lib_a-realloc.o)
                0x000069d8                realloc
 .text._realloc_r
                0x000069ec      0x2f8 ../../external/gcc/LPC1768/libc.a(lib_a-reallocr.o)
                0x000069ec                _realloc_r
 .text.lflush   0x00006ce4       0x12 ../../external/gcc/LPC1768/libc.a(lib_a-refill.o)
 *fill*         0x00006cf6        0x2 00
 .text.__srefill_r
                0x00006cf8      0x118 ../../external/gcc/LPC1768/libc.a(lib_a-refill.o)
                0x00006cf8                __srefill_r
 .text.__srget_r
                0x00006e10       0x58 ../../external/gcc/LPC1768/libc.a(lib_a-rget.o)
                0x00006e10                __srget_r
 .text._sbrk_r  0x00006e68       0x24 ../../external/gcc/LPC1768/libc.a(lib_a-sbrkr.o)
                0x00006e68                _sbrk_r
 .text.setbuf   0x00006e8c        0xe ../../external/gcc/LPC1768/libc.a(lib_a-setbuf.o)
                0x00006e8c                setbuf
 *fill*         0x00006e9a        0x2 00
 .text.setvbuf  0x00006e9c      0x120 ../../external/gcc/LPC1768/libc.a(lib_a-setvbuf.o)
                0x00006e9c                setvbuf
 .text._raise_r
                0x00006fbc       0x56 ../../external/gcc/LPC1768/libc.a(lib_a-signal.o)
                0x00006fbc                _raise_r
 *fill*         0x00007012        0x2 00
 .text.raise    0x00007014       0x10 ../../external/gcc/LPC1768/libc.a(lib_a-signal.o)
                0x00007014                raise
 .text._kill_r  0x00007024       0x24 ../../external/gcc/LPC1768/libc.a(lib_a-signalr.o)
                0x00007024                _kill_r
 .text._getpid_r
                0x00007048        0x4 ../../external/gcc/LPC1768/libc.a(lib_a-signalr.o)
                0x00007048                _getpid_r
 .text.sprintf  0x0000704c       0x48 ../../external/gcc/LPC1768/libc.a(lib_a-sprintf.o)
                0x0000704c                sprintf
 .text.sscanf   0x00007094       0x54 ../../external/gcc/LPC1768/libc.a(lib_a-sscanf.o)
                0x00007094                sscanf
 .text.__sread  0x000070e8       0x22 ../../external/gcc/LPC1768/libc.a(lib_a-stdio.o)
                0x000070e8                __sread
 .text.__seofread
                0x0000710a        0x4 ../../external/gcc/LPC1768/libc.a(lib_a-stdio.o)
                0x0000710a                __seofread
 .text.__swrite
                0x0000710e       0x3a ../../external/gcc/LPC1768/libc.a(lib_a-stdio.o)
                0x0000710e                __swrite
 .text.__sseek  0x00007148       0x26 ../../external/gcc/LPC1768/libc.a(lib_a-stdio.o)
                0x00007148                __sseek
 .text.__sclose
                0x0000716e        0x8 ../../external/gcc/LPC1768/libc.a(lib_a-stdio.o)
                0x0000716e                __sclose
 .text.strcmp   0x00007176       0x16 ../../external/gcc/LPC1768/libc.a(lib_a-strcmp.o)
                0x00007176                strcmp
 .text.strcpy   0x0000718c       0x10 ../../external/gcc/LPC1768/libc.a(lib_a-strcpy.o)
                0x0000718c                strcpy
 .text.strlen   0x0000719c       0x10 ../../external/gcc/LPC1768/libc.a(lib_a-strlen.o)
                0x0000719c                strlen
 .text.strncmp  0x000071ac       0x2a ../../external/gcc/LPC1768/libc.a(lib_a-strncmp.o)
                0x000071ac                strncmp
 *fill*         0x000071d6        0x2 00
 .text._strtol_r
                0x000071d8      0x124 ../../external/gcc/LPC1768/libc.a(lib_a-strtol.o)
                0x000071d8                _strtol_r
 .text.strtol   0x000072fc       0x1c ../../external/gcc/LPC1768/libc.a(lib_a-strtol.o)
                0x000072fc                strtol
 .text._svfprintf_r
                0x00007318     0x1100 ../../external/gcc/LPC1768/libc.a(lib_a-svfprintf.o)
                0x00007318                _svfprintf_r
 .text.__ssvfscanf_r
                0x00008418      0xbdc ../../external/gcc/LPC1768/libc.a(lib_a-svfscanf.o)
                0x00008418                __ssvfscanf_r
 .text.write    0x00008ff4       0x1c ../../external/gcc/LPC1768/libc.a(lib_a-syswrite.o)
                0x00008ff4                write
 .text._vfprintf_r
                0x00009010     0x11cc ../../external/gcc/LPC1768/libc.a(lib_a-vfprintf.o)
                0x00009010                _vfprintf_r
 .text.__swbuf_r
                0x0000a1dc       0xcc ../../external/gcc/LPC1768/libc.a(lib_a-wbuf.o)
                0x0000a1dc                __swbuf_r
 .text._write_r
                0x0000a2a8       0x28 ../../external/gcc/LPC1768/libc.a(lib_a-writer.o)
                0x0000a2a8                _write_r
 .text.__swsetup_r
                0x0000a2d0       0xdc ../../external/gcc/LPC1768/libc.a(lib_a-wsetup.o)
                0x0000a2d0                __swsetup_r
 .text.__register_exitproc
                0x0000a3ac       0xc0 ../../external/gcc/LPC1768/libc.a(lib_a-__atexit.o)
                0x0000a3ac                __register_exitproc
 .text.__assert_func
                0x0000a46c       0x38 ../../external/gcc/LPC1768/libc.a(lib_a-assert.o)
                0x0000a46c                __assert_func
 .text.__assert
                0x0000a4a4        0xa ../../external/gcc/LPC1768/libc.a(lib_a-assert.o)
                0x0000a4a4                __assert
 *fill*         0x0000a4ae        0x2 00
 .text._close_r
                0x0000a4b0       0x24 ../../external/gcc/LPC1768/libc.a(lib_a-closer.o)
                0x0000a4b0                _close_r
 .text.quorem   0x0000a4d4      0x124 ../../external/gcc/LPC1768/libc.a(lib_a-dtoa.o)
 .text._dtoa_r  0x0000a5f8      0xc08 ../../external/gcc/LPC1768/libc.a(lib_a-dtoa.o)
                0x0000a5f8                _dtoa_r
 .text.fiprintf
                0x0000b200       0x24 ../../external/gcc/LPC1768/libc.a(lib_a-fiprintf.o)
                0x0000b200                fiprintf
 .text.__sflags
                0x0000b224       0x64 ../../external/gcc/LPC1768/libc.a(lib_a-flags.o)
                0x0000b224                __sflags
 .text._isatty_r
                0x0000b288       0x24 ../../external/gcc/LPC1768/libc.a(lib_a-isattyr.o)
                0x0000b288                _isatty_r
 .text.iswspace
                0x0000b2ac       0x1c ../../external/gcc/LPC1768/libc.a(lib_a-iswspace.o)
                0x0000b2ac                iswspace
 .text.__locale_charset
                0x0000b2c8        0x8 ../../external/gcc/LPC1768/libc.a(lib_a-locale.o)
                0x0000b2c8                __locale_charset
 .text.__locale_mb_cur_max
                0x0000b2d0        0xc ../../external/gcc/LPC1768/libc.a(lib_a-locale.o)
                0x0000b2d0                __locale_mb_cur_max
 .text._localeconv_r
                0x0000b2dc        0x8 ../../external/gcc/LPC1768/libc.a(lib_a-locale.o)
                0x0000b2dc                _localeconv_r
 .text._lseek_r
                0x0000b2e4       0x28 ../../external/gcc/LPC1768/libc.a(lib_a-lseekr.o)
                0x0000b2e4                _lseek_r
 .text._mbrtowc_r
                0x0000b30c       0x54 ../../external/gcc/LPC1768/libc.a(lib_a-mbrtowc.o)
                0x0000b30c                _mbrtowc_r
 .text.__ascii_mbtowc
                0x0000b360       0x26 ../../external/gcc/LPC1768/libc.a(lib_a-mbtowc_r.o)
                0x0000b360                __ascii_mbtowc
 .text._Balloc  0x0000b386       0x62 ../../external/gcc/LPC1768/libc.a(lib_a-mprec.o)
                0x0000b386                _Balloc
 .text._Bfree   0x0000b3e8       0x2e ../../external/gcc/LPC1768/libc.a(lib_a-mprec.o)
                0x0000b3e8                _Bfree
 .text.__multadd
                0x0000b416       0x7c ../../external/gcc/LPC1768/libc.a(lib_a-mprec.o)
                0x0000b416                __multadd
 .text.__s2b    0x0000b492       0x7c ../../external/gcc/LPC1768/libc.a(lib_a-mprec.o)
                0x0000b492                __s2b
 .text.__hi0bits
                0x0000b50e       0x40 ../../external/gcc/LPC1768/libc.a(lib_a-mprec.o)
                0x0000b50e                __hi0bits
 .text.__lo0bits
                0x0000b54e       0x64 ../../external/gcc/LPC1768/libc.a(lib_a-mprec.o)
                0x0000b54e                __lo0bits
 .text.__i2b    0x0000b5b2       0x12 ../../external/gcc/LPC1768/libc.a(lib_a-mprec.o)
                0x0000b5b2                __i2b
 .text.__multiply
                0x0000b5c4      0x124 ../../external/gcc/LPC1768/libc.a(lib_a-mprec.o)
                0x0000b5c4                __multiply
 .text.__pow5mult
                0x0000b6e8       0xa4 ../../external/gcc/LPC1768/libc.a(lib_a-mprec.o)
                0x0000b6e8                __pow5mult
 .text.__lshift
                0x0000b78c       0x98 ../../external/gcc/LPC1768/libc.a(lib_a-mprec.o)
                0x0000b78c                __lshift
 .text.__mcmp   0x0000b824       0x3a ../../external/gcc/LPC1768/libc.a(lib_a-mprec.o)
                0x0000b824                __mcmp
 .text.__mdiff  0x0000b85e       0xc6 ../../external/gcc/LPC1768/libc.a(lib_a-mprec.o)
                0x0000b85e                __mdiff
 .text.__ulp    0x0000b924       0x40 ../../external/gcc/LPC1768/libc.a(lib_a-mprec.o)
                0x0000b924                __ulp
 .text.__b2d    0x0000b964       0xa4 ../../external/gcc/LPC1768/libc.a(lib_a-mprec.o)
                0x0000b964                __b2d
 .text.__d2b    0x0000ba08       0xbc ../../external/gcc/LPC1768/libc.a(lib_a-mprec.o)
                0x0000ba08                __d2b
 .text.__ratio  0x0000bac4       0x46 ../../external/gcc/LPC1768/libc.a(lib_a-mprec.o)
                0x0000bac4                __ratio
 .text.__copybits
                0x0000bb0a       0x32 ../../external/gcc/LPC1768/libc.a(lib_a-mprec.o)
                0x0000bb0a                __copybits
 .text.__any_on
                0x0000bb3c       0x4a ../../external/gcc/LPC1768/libc.a(lib_a-mprec.o)
                0x0000bb3c                __any_on
 *fill*         0x0000bb86        0x2 00
 .text._read_r  0x0000bb88       0x28 ../../external/gcc/LPC1768/libc.a(lib_a-readr.o)
                0x0000bb88                _read_r
 .text.__fpclassifyd
                0x0000bbb0       0x64 ../../external/gcc/LPC1768/libc.a(lib_a-s_fpclassify.o)
                0x0000bbb0                __fpclassifyd
 .text.__sccl   0x0000bc14       0x64 ../../external/gcc/LPC1768/libc.a(lib_a-sccl.o)
                0x0000bc14                __sccl
 .text.nanf     0x0000bc78        0x8 ../../external/gcc/LPC1768/libc.a(lib_a-sf_nan.o)
                0x0000bc78                nanf
 .text.match    0x0000bc80       0x2c ../../external/gcc/LPC1768/libc.a(lib_a-strtod.o)
 *fill*         0x0000bcac        0x4 00
 .text._strtod_r
                0x0000bcb0      0xbd8 ../../external/gcc/LPC1768/libc.a(lib_a-strtod.o)
                0x0000bcb0                _strtod_r
 .text._strtoll_r
                0x0000c888      0x16c ../../external/gcc/LPC1768/libc.a(lib_a-strtoll_r.o)
                0x0000c888                _strtoll_r
 .text._strtoul_r
                0x0000c9f4       0xfc ../../external/gcc/LPC1768/libc.a(lib_a-strtoul.o)
                0x0000c9f4                _strtoul_r
 .text._strtoull_r
                0x0000caf0      0x154 ../../external/gcc/LPC1768/libc.a(lib_a-strtoull_r.o)
                0x0000caf0                _strtoull_r
 .text.__ssprint_r
                0x0000cc44       0xf6 ../../external/gcc/LPC1768/libc.a(lib_a-svfiprintf.o)
                0x0000cc44                __ssprint_r
 .text._sungetc_r
                0x0000cd3a       0x7a ../../external/gcc/LPC1768/libc.a(lib_a-svfiscanf.o)
                0x0000cd3a                _sungetc_r
 .text.__ssrefill_r
                0x0000cdb4       0x3a ../../external/gcc/LPC1768/libc.a(lib_a-svfiscanf.o)
                0x0000cdb4                __ssrefill_r
 .text._sfread_r
                0x0000cdee       0x70 ../../external/gcc/LPC1768/libc.a(lib_a-svfiscanf.o)
                0x0000cdee                _sfread_r
 .text.__submore
                0x0000ce5e       0x78 ../../external/gcc/LPC1768/libc.a(lib_a-ungetc.o)
                0x0000ce5e                __submore
 .text.__sprint_r
                0x0000ced6       0x74 ../../external/gcc/LPC1768/libc.a(lib_a-vfiprintf.o)
                0x0000ced6                __sprint_r
 *fill*         0x0000cf4a        0x2 00
 .text._vfiprintf_r
                0x0000cf4c      0x914 ../../external/gcc/LPC1768/libc.a(lib_a-vfiprintf.o)
                0x0000cf4c                _vfiprintf_r
 .text._calloc_r
                0x0000d860       0x58 ../../external/gcc/LPC1768/libc.a(lib_a-callocr.o)
                0x0000d860                _calloc_r
 .text._fputwc_r
                0x0000d8b8       0xbe ../../external/gcc/LPC1768/libc.a(lib_a-fputwc.o)
                0x0000d8b8                _fputwc_r
 .text.rshift   0x0000d976       0x6c ../../external/gcc/LPC1768/libc.a(lib_a-gdtoa-gethex.o)
 *fill*         0x0000d9e2        0x2 00
 .text.htinit.clone.0
                0x0000d9e4       0x1c ../../external/gcc/LPC1768/libc.a(lib_a-gdtoa-gethex.o)
 .text.__hexdig_init
                0x0000da00       0x2c ../../external/gcc/LPC1768/libc.a(lib_a-gdtoa-gethex.o)
                0x0000da00                __hexdig_init
 .text.__gethex
                0x0000da2c      0x460 ../../external/gcc/LPC1768/libc.a(lib_a-gdtoa-gethex.o)
                0x0000da2c                __gethex
 .text.L_shift  0x0000de8c       0x34 ../../external/gcc/LPC1768/libc.a(lib_a-gdtoa-hexnan.o)
 .text.__hexnan
                0x0000dec0      0x11c ../../external/gcc/LPC1768/libc.a(lib_a-gdtoa-hexnan.o)
                0x0000dec0                __hexnan
 .text._wcrtomb_r
                0x0000dfdc       0x50 ../../external/gcc/LPC1768/libc.a(lib_a-wcrtomb.o)
                0x0000dfdc                _wcrtomb_r
 .text.__ascii_wctomb
                0x0000e02c       0x1a ../../external/gcc/LPC1768/libc.a(lib_a-wctomb_r.o)
                0x0000e02c                __ascii_wctomb
 *fill*         0x0000e046        0x2 00
 .text          0x0000e048      0x278 /media/6aafac43-5450-453e-a142-f588400933c0/Sandbox/arm/bin/../lib/gcc/arm-none-eabi/4.5.2/thumb2/libgcc.a(_udivsi3.o)
                0x0000e048                __udivsi3
                0x0000e048                __aeabi_uidiv
                0x0000e2a4                __aeabi_uidivmod
 .text          0x0000e2c0      0x2b0 /media/6aafac43-5450-453e-a142-f588400933c0/Sandbox/arm/bin/../lib/gcc/arm-none-eabi/4.5.2/thumb2/libgcc.a(_divsi3.o)
                0x0000e2c0                __aeabi_idiv
                0x0000e2c0                __divsi3
                0x0000e554                __aeabi_idivmod
 .text          0x0000e570        0x4 /media/6aafac43-5450-453e-a142-f588400933c0/Sandbox/arm/bin/../lib/gcc/arm-none-eabi/4.5.2/thumb2/libgcc.a(_dvmd_tls.o)
                0x0000e570                __aeabi_ldiv0
                0x0000e570                __aeabi_idiv0
 .text          0x0000e574      0x110 /media/6aafac43-5450-453e-a142-f588400933c0/Sandbox/arm/bin/../lib/gcc/arm-none-eabi/4.5.2/thumb2/libgcc.a(_arm_cmpdf2.o)
                0x0000e574                __gtdf2
                0x0000e574                __gedf2
                0x0000e57c                __ltdf2
                0x0000e57c                __ledf2
                0x0000e584                __cmpdf2
                0x0000e584                __eqdf2
                0x0000e584                __nedf2
                0x0000e600                __aeabi_cdrcmple
                0x0000e610                __aeabi_cdcmple
                0x0000e610                __aeabi_cdcmpeq
                0x0000e620                __aeabi_dcmpeq
                0x0000e634                __aeabi_dcmplt
                0x0000e648                __aeabi_dcmple
                0x0000e65c                __aeabi_dcmpge
                0x0000e670                __aeabi_dcmpgt
 .text          0x0000e684       0x40 /media/6aafac43-5450-453e-a142-f588400933c0/Sandbox/arm/bin/../lib/gcc/arm-none-eabi/4.5.2/thumb2/libgcc.a(_arm_fixunsdfsi.o)
                0x0000e684                __fixunsdfsi
                0x0000e684                __aeabi_d2uiz
 .text          0x0000e6c4       0x2c /media/6aafac43-5450-453e-a142-f588400933c0/Sandbox/arm/bin/../lib/gcc/arm-none-eabi/4.5.2/thumb2/libgcc.a(_aeabi_uldivmod.o)
                0x0000e6c4                __aeabi_uldivmod
 .text          0x0000e6f0       0x60 /media/6aafac43-5450-453e-a142-f588400933c0/Sandbox/arm/bin/../lib/gcc/arm-none-eabi/4.5.2/thumb2/libgcc.a(bpabi.o)
                0x0000e6f0                __gnu_ldivmod_helper
                0x0000e720                __gnu_uldivmod_helper
 .text          0x0000e750      0x360 /media/6aafac43-5450-453e-a142-f588400933c0/Sandbox/arm/bin/../lib/gcc/arm-none-eabi/4.5.2/thumb2/libgcc.a(_divdi3.o)
                0x0000e750                __divdi3
 .text          0x0000eab0      0x308 /media/6aafac43-5450-453e-a142-f588400933c0/Sandbox/arm/bin/../lib/gcc/arm-none-eabi/4.5.2/thumb2/libgcc.a(_udivdi3.o)
                0x0000eab0                __udivdi3
 *(.gnu.linkonce.t.*)
 *(.glue_7)
 .glue_7        0x00000000        0x0 linker stubs
 *(.glue_7t)
 .glue_7t       0x00000000        0x0 linker stubs
 *(.gcc_except_table)
 *(.rodata .rodata*)
 .rodata.str1.4
                0x0000edb8       0x84 ../../src/syscalls.o
 .rodata._ZZL35HandleQueryTransferMemoryMapCommandP9SMriStateE12MemoryMapXML
                0x0000ee3c      0x1fc ../../mri/mri.ar(mri.o)
 .rodata._ZZL26HandleQueryTransferCommandP9SMriStateE15MemoryMapObject
                0x0000f038        0xb ../../mri/mri.ar(mri.o)
 .rodata._ZL15NibbleToHexChar
                0x0000f043       0x10 ../../mri/mri.ar(mri.o)
 *fill*         0x0000f053        0x1 00
 .rodata._ZZL16HandleGDBCommandP9SMriStateE12CommandTable
                0x0000f054       0x50 ../../mri/mri.ar(mri.o)
 .rodata._ZZL26DetermineCauseOfDebugEventvE21DebugEventToSignalMap
                0x0000f0a4       0x20 ../../mri/mri.ar(mri.o)
 .rodata.str1.1
                0x0000f0c4       0x78 ../../mri/mri.ar(mri.o)
 .rodata._ZZL18HandleQueryCommandP9SMriStateE17qSupportedCommand
                0x0000f13c        0xa ../../mri/mri.ar(mri.o)
 .rodata._ZZL35HandleQueryTransferMemoryMapCommandP9SMriStateE11ReadCommand
                0x0000f146        0x5 ../../mri/mri.ar(mri.o)
 .rodata._ZZL18HandleQueryCommandP9SMriStateE12qXferCommand
                0x0000f14b        0x5 ../../mri/mri.ar(mri.o)
 .rodata._ZZL27HandleQuerySupportedCommandP9SMriStateE20QuerySupportResponse
                0x0000f150       0x23 ../../mri/mri.ar(mri.o)
 *fill*         0x0000f173        0x5 00
 .rodata._ZTVN10__cxxabiv117__class_type_infoE
                0x0000f178       0x30 ../../external/gcc/LPC1768/libstdc++.a(class_type_info.o)
                0x0000f178                _ZTVN10__cxxabiv117__class_type_infoE
 .rodata._ZTIN10__cxxabiv117__class_type_infoE
                0x0000f1a8        0xc ../../external/gcc/LPC1768/libstdc++.a(class_type_info.o)
                0x0000f1a8                _ZTIN10__cxxabiv117__class_type_infoE
 .rodata._ZTSN10__cxxabiv117__class_type_infoE
                0x0000f1b4       0x22 ../../external/gcc/LPC1768/libstdc++.a(class_type_info.o)
                0x0000f1b4                _ZTSN10__cxxabiv117__class_type_infoE
 .rodata.str1.1
                0x0000f1d6       0x1c ../../external/gcc/LPC1768/libstdc++.a(pure.o)
 *fill*         0x0000f1f2        0x6 00
 .rodata._ZTVN10__cxxabiv120__si_class_type_infoE
                0x0000f1f8       0x30 ../../external/gcc/LPC1768/libstdc++.a(si_class_type_info.o)
                0x0000f1f8                _ZTVN10__cxxabiv120__si_class_type_infoE
 .rodata._ZTIN10__cxxabiv120__si_class_type_infoE
                0x0000f228        0xc ../../external/gcc/LPC1768/libstdc++.a(si_class_type_info.o)
                0x0000f228                _ZTIN10__cxxabiv120__si_class_type_infoE
 .rodata._ZTSN10__cxxabiv120__si_class_type_infoE
                0x0000f234       0x25 ../../external/gcc/LPC1768/libstdc++.a(si_class_type_info.o)
                0x0000f234                _ZTSN10__cxxabiv120__si_class_type_infoE
 *fill*         0x0000f259        0x3 00
 .rodata._ZTISt9type_info
                0x0000f25c        0x8 ../../external/gcc/LPC1768/libstdc++.a(tinfo.o)
                0x0000f25c                _ZTISt9type_info
 .rodata._ZTSSt9type_info
                0x0000f264        0xd ../../external/gcc/LPC1768/libstdc++.a(tinfo.o)
                0x0000f264                _ZTSSt9type_info
 *fill*         0x0000f271        0x7 00
 .rodata._ZTVSt9type_info
                0x0000f278       0x20 ../../external/gcc/LPC1768/libstdc++.a(tinfo.o)
                0x0000f278                _ZTVSt9type_info
 .rodata._ZTIN10__cxxabiv121__vmi_class_type_infoE
                0x0000f298        0xc ../../external/gcc/LPC1768/libstdc++.a(vmi_class_type_info.o)
                0x0000f298                _ZTIN10__cxxabiv121__vmi_class_type_infoE
 .rodata._ZTSN10__cxxabiv121__vmi_class_type_infoE
                0x0000f2a4       0x26 ../../external/gcc/LPC1768/libstdc++.a(vmi_class_type_info.o)
                0x0000f2a4                _ZTSN10__cxxabiv121__vmi_class_type_infoE
 *fill*         0x0000f2ca        0x6 00
 .rodata._ZTVN10__cxxabiv121__vmi_class_type_infoE
                0x0000f2d0       0x30 ../../external/gcc/LPC1768/libstdc++.a(vmi_class_type_info.o)
                0x0000f2d0                _ZTVN10__cxxabiv121__vmi_class_type_infoE
 .rodata.str1.1
                0x0000f300       0x80 ../../external/gcc/LPC1768/libstdc++.a(vterminate.o)
 .rodata        0x0000f380      0x694 ../../external/gcc/LPC1768/libstdc++.a(cp-demangle.o)
 .rodata.str1.1
                0x0000fa14      0x552 ../../external/gcc/LPC1768/libstdc++.a(cp-demangle.o)
                                0x601 (size before relaxing)
 .rodata.__aeabi_ctype_table_C
                0x0000ff66      0x101 ../../external/gcc/LPC1768/libc.a(lib_a-clibabi_ctype.o)
                0x0000ff66                __aeabi_ctype_table_
                0x0000ff66                __aeabi_ctype_table_C
 *fill*         0x00010067        0x1 00
 .rodata.__sf_fake_stdin
                0x00010068       0x20 ../../external/gcc/LPC1768/libc.a(lib_a-findfp.o)
                0x00010068                __sf_fake_stdin
 .rodata.__sf_fake_stdout
                0x00010088       0x20 ../../external/gcc/LPC1768/libc.a(lib_a-findfp.o)
                0x00010088                __sf_fake_stdout
 .rodata.__sf_fake_stderr
                0x000100a8       0x20 ../../external/gcc/LPC1768/libc.a(lib_a-findfp.o)
                0x000100a8                __sf_fake_stderr
 .rodata.str1.1
                0x000100c8        0x2 ../../external/gcc/LPC1768/libc.a(lib_a-impure.o)
 *fill*         0x000100ca        0x2 00
 .rodata._global_impure_ptr
                0x000100cc        0x4 ../../external/gcc/LPC1768/libc.a(lib_a-impure.o)
                0x000100cc                _global_impure_ptr
 .rodata.str1.1
                0x00000000        0x2 ../../external/gcc/LPC1768/libc.a(lib_a-puts.o)
 .rodata.zeroes.6599
                0x000100d0       0x10 ../../external/gcc/LPC1768/libc.a(lib_a-svfprintf.o)
 .rodata.str1.1
                0x000100e0       0x34 ../../external/gcc/LPC1768/libc.a(lib_a-svfprintf.o)
 .rodata.blanks.6598
                0x00010114       0x10 ../../external/gcc/LPC1768/libc.a(lib_a-svfprintf.o)
 .rodata.str1.1
                0x00010124        0x5 ../../external/gcc/LPC1768/libc.a(lib_a-svfscanf.o)
 *fill*         0x00010129        0x1 00
 .rodata.basefix.6519
                0x0001012a       0x22 ../../external/gcc/LPC1768/libc.a(lib_a-svfscanf.o)
 .rodata.blanks.6613
                0x0001014c       0x10 ../../external/gcc/LPC1768/libc.a(lib_a-vfprintf.o)
 .rodata.str1.1
                0x00000000       0x34 ../../external/gcc/LPC1768/libc.a(lib_a-vfprintf.o)
 .rodata.zeroes.6614
                0x0001015c       0x10 ../../external/gcc/LPC1768/libc.a(lib_a-vfprintf.o)
 .rodata.str1.1
                0x0001016c       0x3c ../../external/gcc/LPC1768/libc.a(lib_a-assert.o)
                                 0x3d (size before relaxing)
 .rodata._ctype_
                0x000101a8      0x101 ../../external/gcc/LPC1768/libc.a(lib_a-ctype_.o)
                0x000101a8                _ctype_
 .rodata.str1.1
                0x000102a9        0xd ../../external/gcc/LPC1768/libc.a(lib_a-dtoa.o)
                                  0xf (size before relaxing)
 .rodata.str1.1
                0x000102b6        0x6 ../../external/gcc/LPC1768/libc.a(lib_a-locale.o)
                                  0xb (size before relaxing)
 .rodata.str1.1
                0x00000000        0x1 ../../external/gcc/LPC1768/libc.a(lib_a-mbrtowc.o)
 .rodata.p05.5124
                0x000102bc        0xc ../../external/gcc/LPC1768/libc.a(lib_a-mprec.o)
 .rodata.__mprec_tens
                0x000102c8       0xc8 ../../external/gcc/LPC1768/libc.a(lib_a-mprec.o)
                0x000102c8                __mprec_tens
 .rodata.__mprec_bigtens
                0x00010390       0x28 ../../external/gcc/LPC1768/libc.a(lib_a-mprec.o)
                0x00010390                __mprec_bigtens
 .rodata.str1.1
                0x00000000        0x6 ../../external/gcc/LPC1768/libc.a(lib_a-strtod.o)
                                  0xc (size before relaxing)
 .rodata.tinytens
                0x000103b8       0x28 ../../external/gcc/LPC1768/libc.a(lib_a-strtod.o)
 .rodata.blanks.6556
                0x000103e0       0x10 ../../external/gcc/LPC1768/libc.a(lib_a-vfiprintf.o)
 .rodata.str1.1
                0x00000000       0x22 ../../external/gcc/LPC1768/libc.a(lib_a-vfiprintf.o)
 .rodata.zeroes.6557
                0x000103f0       0x10 ../../external/gcc/LPC1768/libc.a(lib_a-vfiprintf.o)
 .rodata.str1.1
                0x00010400        0xb ../../external/gcc/LPC1768/libc.a(lib_a-gdtoa-gethex.o)
                                 0x19 (size before relaxing)
 *(.gnu.linkonce.r.*)
                0x0001040c                . = ALIGN (0x4)
 *fill*         0x0001040b        0x1 00
 *(.init)
 .init          0x0001040c        0x4 /media/6aafac43-5450-453e-a142-f588400933c0/Sandbox/arm/bin/../lib/gcc/arm-none-eabi/4.5.2/thumb2/crti.o
                0x0001040c                _init
 .init          0x00010410        0x8 /media/6aafac43-5450-453e-a142-f588400933c0/Sandbox/arm/bin/../lib/gcc/arm-none-eabi/4.5.2/thumb2/crtn.o
                0x00010418                . = ALIGN (0x4)
                0x00010418                __preinit_array_start = .
 *(.preinit_array)
 .preinit_array
                0x00010418        0x4 ../../external/gcc/LPC1768/libc.a(lib_a-clibabi_stdio.o)
                0x0001041c                __preinit_array_end = .
                0x0001041c                . = ALIGN (0x4)
                0x0001041c                __init_array_start = .
 *(SORT(.init_array.*))
 *(.init_array)
 .init_array    0x0001041c        0x4 /media/6aafac43-5450-453e-a142-f588400933c0/Sandbox/arm/bin/../lib/gcc/arm-none-eabi/4.5.2/thumb2/crtbegin.o
 .init_array    0x00010420        0x4 ./main.o
 .init_array    0x00010424        0x4 ../../mri/mri.ar(mri.o)
                0x00010428                __init_array_end = .
                0x00010428                . = ALIGN (0x4)
 *crtbegin.o(.ctors)
 *(EXCLUDE_FILE(*crtend.o) .ctors)
 *(SORT(.ctors.*))
 *crtend.o(.ctors)
                0x00010428                . = ALIGN (0x4)
 *(.fini)
 .fini          0x00010428        0x4 /media/6aafac43-5450-453e-a142-f588400933c0/Sandbox/arm/bin/../lib/gcc/arm-none-eabi/4.5.2/thumb2/crti.o
                0x00010428                _fini
 .fini          0x0001042c        0x8 /media/6aafac43-5450-453e-a142-f588400933c0/Sandbox/arm/bin/../lib/gcc/arm-none-eabi/4.5.2/thumb2/crtn.o
                0x00010434                . = ALIGN (0x4)
                0x00010434                __fini_array_start = .
 *(.fini_array)
 .fini_array    0x00010434        0x4 /media/6aafac43-5450-453e-a142-f588400933c0/Sandbox/arm/bin/../lib/gcc/arm-none-eabi/4.5.2/thumb2/crtbegin.o
 *(SORT(.fini_array.*))
                0x00010438                __fini_array_end = .
                0x00010438                . = ALIGN (0x4)
 *crtbegin.o(.dtors)
 *(EXCLUDE_FILE(*crtend.o) .dtors)
 *(SORT(.dtors.*))
 *crtend.o(.dtors)
                0x00010438                _etext = .
                0x00010438                _sifastcode = .
                0x00010438                __exidx_start = .

.vfp11_veneer   0x00010438        0x0
 .vfp11_veneer  0x00000000        0x0 linker stubs

.v4_bx          0x00010438        0x0
 .v4_bx         0x00000000        0x0 linker stubs

i._ZN4mbed10DigitalOut15get_rpc_methodsEv
                0x00010438        0x8
 i._ZN4mbed10DigitalOut15get_rpc_methodsEv
                0x00010438        0x8 ../../external/mbed/LPC1768/mbed.ar(DigitalOut.LPC1768.o)
                0x00010438                _ZN4mbed10DigitalOut15get_rpc_methodsEv

i._ZN4mbed10DigitalOutC1E7PinNamePKc
                0x00010440       0x3c
 i._ZN4mbed10DigitalOutC1E7PinNamePKc
                0x00010440       0x3c ../../external/mbed/LPC1768/mbed.ar(DigitalOut.LPC1768.o)
                0x00010440                _ZN4mbed10DigitalOutC1E7PinNamePKc
                0x00010440                _ZN4mbed10DigitalOutC2E7PinNamePKc

i._ZN4mbed10DigitalOutD1Ev
                0x0001047c        0x4
 i._ZN4mbed10DigitalOutD1Ev
                0x0001047c        0x4 ../../external/mbed/LPC1768/mbed.ar(DigitalOut.LPC1768.o)
                0x0001047c                _ZN4mbed10DigitalOutD2Ev
                0x0001047c                _ZN4mbed10DigitalOutD1Ev

t._ZN4mbed17rpc_method_callerINS_10DigitalOutEiXadL_ZNS1_5writeEiEEEEvPNS_4BaseEPKcPc
                0x00010480       0x78
 t._ZN4mbed17rpc_method_callerINS_10DigitalOutEiXadL_ZNS1_5writeEiEEEEvPNS_4BaseEPKcPc
                0x00010480       0x78 ../../external/mbed/LPC1768/mbed.ar(DigitalOut.LPC1768.o)
                0x00010480                _ZN4mbed17rpc_method_callerINS_10DigitalOutEiXadL_ZNS1_5writeEiEEEEvPNS_4BaseEPKcPc

t._ZN4mbed17rpc_method_callerIiNS_10DigitalOutEXadL_ZNS1_4readEvEEEEvPNS_4BaseEPKcPc
                0x000104f8       0x38
 t._ZN4mbed17rpc_method_callerIiNS_10DigitalOutEXadL_ZNS1_4readEvEEEEvPNS_4BaseEPKcPc
                0x000104f8       0x38 ../../external/mbed/LPC1768/mbed.ar(DigitalOut.LPC1768.o)
                0x000104f8                _ZN4mbed17rpc_method_callerIiNS_10DigitalOutEXadL_ZNS1_4readEvEEEEvPNS_4BaseEPKcPc

t._ZN4mbed9rpc_superINS_4BaseEEEPKNS_10rpc_methodEPS1_
                0x00010530        0x4
 t._ZN4mbed9rpc_superINS_4BaseEEEPKNS_10rpc_methodEPS1_
                0x00010530        0x4 ../../external/mbed/LPC1768/mbed.ar(DigitalOut.LPC1768.o)
                0x00010530                _ZN4mbed9rpc_superINS_4BaseEEEPKNS_10rpc_methodEPS1_

i._ZN4mbed10DigitalOut5writeEi
                0x00010534        0xe
 i._ZN4mbed10DigitalOut5writeEi
                0x00010534        0xe ../../external/mbed/LPC1768/mbed.ar(DigitalOut.LPC1768.o)
                0x00010534                _ZN4mbed10DigitalOut5writeEi

i._ZN4mbed10DigitalOut4readEv
                0x00010542        0xe
 i._ZN4mbed10DigitalOut4readEv
                0x00010542        0xe ../../external/mbed/LPC1768/mbed.ar(DigitalOut.LPC1768.o)
                0x00010542                _ZN4mbed10DigitalOut4readEv

i._ZN4mbed10DigitalOutD0Ev
                0x00010550        0xe
 i._ZN4mbed10DigitalOutD0Ev
                0x00010550        0xe ../../external/mbed/LPC1768/mbed.ar(DigitalOut.LPC1768.o)
                0x00010550                _ZN4mbed10DigitalOutD0Ev

i._ZN4mbed10parse_charEPKcPS1_
                0x0001055e       0xa2
 i._ZN4mbed10parse_charEPKcPS1_
                0x0001055e       0xa2 ../../external/mbed/LPC1768/mbed.ar(DigitalOut.LPC1768.o)
                0x0001055e                _ZN4mbed10parse_charEPKcPS1_

i._ZN4mbed4Base11delete_selfEv
                0x00010600       0x1e
 i._ZN4mbed4Base11delete_selfEv
                0x00010600       0x1e ../../external/mbed/LPC1768/mbed.ar(Base.LPC1768.o)
                0x00010600                _ZN4mbed4Base11delete_selfEv

i._ZN4mbed4Base15get_rpc_methodsEv
                0x00010620        0x8
 i._ZN4mbed4Base15get_rpc_methodsEv
                0x00010620        0x8 ../../external/mbed/LPC1768/mbed.ar(Base.LPC1768.o)
                0x00010620                _ZN4mbed4Base15get_rpc_methodsEv

i._ZN4mbed4Base3rpcEPKcS2_Pc
                0x00010628       0x98
 i._ZN4mbed4Base3rpcEPKcS2_Pc
                0x00010628       0x98 ../../external/mbed/LPC1768/mbed.ar(Base.LPC1768.o)
                0x00010628                _ZN4mbed4Base3rpcEPKcS2_Pc

i._ZN4mbed4Base5clearEPKcPc
                0x000106c0       0x30
 i._ZN4mbed4Base5clearEPKcPc
                0x000106c0       0x30 ../../external/mbed/LPC1768/mbed.ar(Base.LPC1768.o)
                0x000106c0                _ZN4mbed4Base5clearEPKcPc

i._ZN4mbed4Base6lookupEPKcj
                0x000106f0       0x38
 i._ZN4mbed4Base6lookupEPKcj
                0x000106f0       0x38 ../../external/mbed/LPC1768/mbed.ar(Base.LPC1768.o)
                0x000106f0                _ZN4mbed4Base6lookupEPKcj

i._ZN4mbed4Base9list_objsEPKcPc
                0x00010728       0x40
 i._ZN4mbed4Base9list_objsEPKcPc
                0x00010728       0x40 ../../external/mbed/LPC1768/mbed.ar(Base.LPC1768.o)
                0x00010728                _ZN4mbed4Base9list_objsEPKcPc

i._ZN4mbed4BaseC1EPKc
                0x00010768       0x24
 i._ZN4mbed4BaseC1EPKc
                0x00010768       0x24 ../../external/mbed/LPC1768/mbed.ar(Base.LPC1768.o)
                0x00010768                _ZN4mbed4BaseC1EPKc
                0x00010768                _ZN4mbed4BaseC2EPKc

i._ZN4mbed4BaseD0Ev
                0x0001078c       0x34
 i._ZN4mbed4BaseD0Ev
                0x0001078c       0x34 ../../external/mbed/LPC1768/mbed.ar(Base.LPC1768.o)
                0x0001078c                _ZN4mbed4BaseD0Ev

i._ZN4mbed4BaseD1Ev
                0x000107c0       0x38
 i._ZN4mbed4BaseD1Ev
                0x000107c0       0x38 ../../external/mbed/LPC1768/mbed.ar(Base.LPC1768.o)
                0x000107c0                _ZN4mbed4BaseD1Ev
                0x000107c0                _ZN4mbed4BaseD2Ev

t._ZN4mbed17rpc_method_callerINS_4BaseEXadL_ZNS1_11delete_selfEvEEEEvPS1_PKcPc
                0x000107f8       0x28
 t._ZN4mbed17rpc_method_callerINS_4BaseEXadL_ZNS1_11delete_selfEvEEEEvPS1_PKcPc
                0x000107f8       0x28 ../../external/mbed/LPC1768/mbed.ar(Base.LPC1768.o)
                0x000107f8                _ZN4mbed17rpc_method_callerINS_4BaseEXadL_ZNS1_11delete_selfEvEEEEvPS1_PKcPc

i._ZN4mbed6Ticker5setupEj
                0x00010820       0x1e
 i._ZN4mbed6Ticker5setupEj
                0x00010820       0x1e ../../external/mbed/LPC1768/mbed.ar(Ticker.LPC1768.o)
                0x00010820                _ZN4mbed6Ticker5setupEj

i._ZN4mbed6Ticker7handlerEv
                0x0001083e       0x1c
 i._ZN4mbed6Ticker7handlerEv
                0x0001083e       0x1c ../../external/mbed/LPC1768/mbed.ar(Ticker.LPC1768.o)
                0x0001083e                _ZN4mbed6Ticker7handlerEv

i._ZN4mbed6TickerD1Ev
                0x0001085a        0x4
 i._ZN4mbed6TickerD1Ev
                0x0001085a        0x4 ../../external/mbed/LPC1768/mbed.ar(Ticker.LPC1768.o)
                0x0001085a                _ZN4mbed6TickerD2Ev
                0x0001085a                _ZN4mbed6TickerD1Ev

i._ZN4mbed6TickerD0Ev
                0x0001085e        0xe
 i._ZN4mbed6TickerD0Ev
                0x0001085e        0xe ../../external/mbed/LPC1768/mbed.ar(Ticker.LPC1768.o)
                0x0001085e                _ZN4mbed6TickerD0Ev

i._ZN4mbed8FileLikeD0Ev
                0x0001086c       0x3c
 i._ZN4mbed8FileLikeD0Ev
                0x0001086c       0x3c ../../external/mbed/LPC1768/mbed.ar(stdio.LPC1768.o)
                0x0001086c                _ZN4mbed8FileLikeD0Ev

i._ZN4mbed8FileLikeD2Ev
                0x000108a8       0x34
 i._ZN4mbed8FileLikeD2Ev
                0x000108a8       0x34 ../../external/mbed/LPC1768/mbed.ar(stdio.LPC1768.o)
                0x000108a8                _ZN4mbed8FileLikeD2Ev
                0x000108a8                _ZN4mbed8FileLikeD1Ev

i._sys_close    0x000108dc       0x2c
 i._sys_close   0x000108dc       0x2c ../../external/mbed/LPC1768/mbed.ar(stdio.LPC1768.o)
                0x000108dc                _sys_close

i._sys_istty    0x00010908       0x28
 i._sys_istty   0x00010908       0x28 ../../external/mbed/LPC1768/mbed.ar(stdio.LPC1768.o)
                0x00010908                _sys_istty

i._sys_open     0x00010930      0x184
 i._sys_open    0x00010930      0x184 ../../external/mbed/LPC1768/mbed.ar(stdio.LPC1768.o)
                0x00010930                _sys_open

i._sys_read     0x00010ab4       0x40
 i._sys_read    0x00010ab4       0x40 ../../external/mbed/LPC1768/mbed.ar(stdio.LPC1768.o)
                0x00010ab4                _sys_read

i._sys_seek     0x00010af4       0x2c
 i._sys_seek    0x00010af4       0x2c ../../external/mbed/LPC1768/mbed.ar(stdio.LPC1768.o)
                0x00010af4                _sys_seek

i._sys_write    0x00010b20       0x54
 i._sys_write   0x00010b20       0x54 ../../external/mbed/LPC1768/mbed.ar(stdio.LPC1768.o)
                0x00010b20                _sys_write

i._ZN4mbed10FileHandle4flenEv
                0x00010b74       0x3a
 i._ZN4mbed10FileHandle4flenEv
                0x00010b74       0x3a ../../external/mbed/LPC1768/mbed.ar(stdio.LPC1768.o)
                0x00010b74                _ZN4mbed10FileHandle4flenEv

i._ZN4mbed15FunctionPointer4callEv
                0x00010bae       0x1a
 i._ZN4mbed15FunctionPointer4callEv
                0x00010bae       0x1a ../../external/mbed/LPC1768/mbed.ar(FunctionPointer.LPC1768.o)
                0x00010bae                _ZN4mbed15FunctionPointer4callEv

i._ZN4mbed15FunctionPointer6attachEPFvvE
                0x00010bc8        0x8
 i._ZN4mbed15FunctionPointer6attachEPFvvE
                0x00010bc8        0x8 ../../external/mbed/LPC1768/mbed.ar(FunctionPointer.LPC1768.o)
                0x00010bc8                _ZN4mbed15FunctionPointer6attachEPFvvE

i._ZN4mbed15FunctionPointerC1EPFvvE
                0x00010bd0        0x8
 i._ZN4mbed15FunctionPointerC1EPFvvE
                0x00010bd0        0x8 ../../external/mbed/LPC1768/mbed.ar(FunctionPointer.LPC1768.o)
                0x00010bd0                _ZN4mbed15FunctionPointerC1EPFvvE
                0x00010bd0                _ZN4mbed15FunctionPointerC2EPFvvE

i.<Func4>       0x00010bd8        0x6
 i.<Func4>      0x00010bd8        0x6 ../../external/mbed/LPC1768/mbed.ar(Serial.LPC1768.o)

i._ZN4mbed6Serial15get_rpc_methodsEv
                0x00010be0        0x8
 i._ZN4mbed6Serial15get_rpc_methodsEv
                0x00010be0        0x8 ../../external/mbed/LPC1768/mbed.ar(Serial.LPC1768.o)
                0x00010be0                _ZN4mbed6Serial15get_rpc_methodsEv

i._ZN4mbed6Serial4baudEi
                0x00010be8        0x6
 i._ZN4mbed6Serial4baudEi
                0x00010be8        0x6 ../../external/mbed/LPC1768/mbed.ar(Serial.LPC1768.o)
                0x00010be8                _ZN4mbed6Serial4baudEi

i._ZN4mbed6Serial5_getcEv
                0x00010bee        0x6
 i._ZN4mbed6Serial5_getcEv
                0x00010bee        0x6 ../../external/mbed/LPC1768/mbed.ar(Serial.LPC1768.o)
                0x00010bee                _ZN4mbed6Serial5_getcEv

i._ZN4mbed6Serial5_putcEi
                0x00010bf4        0xe
 i._ZN4mbed6Serial5_putcEi
                0x00010bf4        0xe ../../external/mbed/LPC1768/mbed.ar(Serial.LPC1768.o)
                0x00010bf4                _ZN4mbed6Serial5_putcEi

i._ZN4mbed6Serial8readableEv
                0x00010c02        0x6
 i._ZN4mbed6Serial8readableEv
                0x00010c02        0x6 ../../external/mbed/LPC1768/mbed.ar(Serial.LPC1768.o)
                0x00010c02                _ZN4mbed6Serial8readableEv

i._ZN4mbed6Serial9writeableEv
                0x00010c08        0x6
 i._ZN4mbed6Serial9writeableEv
                0x00010c08        0x6 ../../external/mbed/LPC1768/mbed.ar(Serial.LPC1768.o)
                0x00010c08                _ZN4mbed6Serial9writeableEv

i._ZN4mbed6SerialC1E7PinNameS1_PKc
                0x00010c10       0x90
 i._ZN4mbed6SerialC1E7PinNameS1_PKc
                0x00010c10       0x90 ../../external/mbed/LPC1768/mbed.ar(Serial.LPC1768.o)
                0x00010c10                _ZN4mbed6SerialC2E7PinNameS1_PKc
                0x00010c10                _ZN4mbed6SerialC1E7PinNameS1_PKc

i._ZN4mbed6SerialD1Ev
                0x00010ca0        0x4
 i._ZN4mbed6SerialD1Ev
                0x00010ca0        0x4 ../../external/mbed/LPC1768/mbed.ar(Serial.LPC1768.o)
                0x00010ca0                _ZN4mbed6SerialD1Ev
                0x00010ca0                _ZN4mbed6SerialD2Ev

t._ZN4mbed17rpc_method_callerINS_6SerialEiXadL_ZNS1_4baudEiEEEEvPNS_4BaseEPKcPc
                0x00010ca4       0x78
 t._ZN4mbed17rpc_method_callerINS_6SerialEiXadL_ZNS1_4baudEiEEEEvPNS_4BaseEPKcPc
                0x00010ca4       0x78 ../../external/mbed/LPC1768/mbed.ar(Serial.LPC1768.o)
                0x00010ca4                _ZN4mbed17rpc_method_callerINS_6SerialEiXadL_ZNS1_4baudEiEEEEvPNS_4BaseEPKcPc

t._ZN4mbed17rpc_method_callerIiNS_6SerialEXadL_ZNS1_8readableEvEEEEvPNS_4BaseEPKcPc
                0x00010d1c       0x38
 t._ZN4mbed17rpc_method_callerIiNS_6SerialEXadL_ZNS1_8readableEvEEEEvPNS_4BaseEPKcPc
                0x00010d1c       0x38 ../../external/mbed/LPC1768/mbed.ar(Serial.LPC1768.o)
                0x00010d1c                _ZN4mbed17rpc_method_callerIiNS_6SerialEXadL_ZNS1_8readableEvEEEEvPNS_4BaseEPKcPc

t._ZN4mbed17rpc_method_callerIiNS_6SerialEXadL_ZNS1_9writeableEvEEEEvPNS_4BaseEPKcPc
                0x00010d54       0x38
 t._ZN4mbed17rpc_method_callerIiNS_6SerialEXadL_ZNS1_9writeableEvEEEEvPNS_4BaseEPKcPc
                0x00010d54       0x38 ../../external/mbed/LPC1768/mbed.ar(Serial.LPC1768.o)
                0x00010d54                _ZN4mbed17rpc_method_callerIiNS_6SerialEXadL_ZNS1_9writeableEvEEEEvPNS_4BaseEPKcPc

t._ZN4mbed9rpc_superINS_6StreamEEEPKNS_10rpc_methodEPNS_4BaseE
                0x00010d8c        0x4
 t._ZN4mbed9rpc_superINS_6StreamEEEPKNS_10rpc_methodEPNS_4BaseE
                0x00010d8c        0x4 ../../external/mbed/LPC1768/mbed.ar(Serial.LPC1768.o)
                0x00010d8c                _ZN4mbed9rpc_superINS_6StreamEEEPKNS_10rpc_methodEPNS_4BaseE

i._ZN4mbed6SerialD0Ev
                0x00010d90        0xe
 i._ZN4mbed6SerialD0Ev
                0x00010d90        0xe ../../external/mbed/LPC1768/mbed.ar(Serial.LPC1768.o)
                0x00010d90                _ZN4mbed6SerialD0Ev

i._ZN4mbed10TimerEvent3irqEv
                0x00010da0       0x5c
 i._ZN4mbed10TimerEvent3irqEv
                0x00010da0       0x5c ../../external/mbed/LPC1768/mbed.ar(TimerEvent.LPC1768.o)
                0x00010da0                _ZN4mbed10TimerEvent3irqEv

i._ZN4mbed10TimerEvent6insertEj
                0x00010dfc       0x4c
 i._ZN4mbed10TimerEvent6insertEj
                0x00010dfc       0x4c ../../external/mbed/LPC1768/mbed.ar(TimerEvent.LPC1768.o)
                0x00010dfc                _ZN4mbed10TimerEvent6insertEj

i._ZN4mbed10TimerEvent6removeEv
                0x00010e48       0x40
 i._ZN4mbed10TimerEvent6removeEv
                0x00010e48       0x40 ../../external/mbed/LPC1768/mbed.ar(TimerEvent.LPC1768.o)
                0x00010e48                _ZN4mbed10TimerEvent6removeEv

i._ZN4mbed10TimerEvent9timestampEv
                0x00010e88        0x4
 i._ZN4mbed10TimerEvent9timestampEv
                0x00010e88        0x4 ../../external/mbed/LPC1768/mbed.ar(TimerEvent.LPC1768.o)
                0x00010e88                _ZN4mbed10TimerEvent9timestampEv

i._ZN4mbed10TimerEventC2Ev
                0x00010e8c       0x28
 i._ZN4mbed10TimerEventC2Ev
                0x00010e8c       0x28 ../../external/mbed/LPC1768/mbed.ar(TimerEvent.LPC1768.o)
                0x00010e8c                _ZN4mbed10TimerEventC2Ev

i._ZN4mbed10TimerEventD0Ev
                0x00010eb4       0x48
 i._ZN4mbed10TimerEventD0Ev
                0x00010eb4       0x48 ../../external/mbed/LPC1768/mbed.ar(TimerEvent.LPC1768.o)
                0x00010eb4                _ZN4mbed10TimerEventD0Ev

i._ZN4mbed10TimerEventD2Ev
                0x00010efc       0x48
 i._ZN4mbed10TimerEventD2Ev
                0x00010efc       0x48 ../../external/mbed/LPC1768/mbed.ar(TimerEvent.LPC1768.o)
                0x00010efc                _ZN4mbed10TimerEventD1Ev
                0x00010efc                _ZN4mbed10TimerEventD2Ev

i._ZN4mbed6Stream15get_rpc_methodsEv
                0x00010f44        0x8
 i._ZN4mbed6Stream15get_rpc_methodsEv
                0x00010f44        0x8 ../../external/mbed/LPC1768/mbed.ar(Stream.LPC1768.o)
                0x00010f44                _ZN4mbed6Stream15get_rpc_methodsEv

i._ZN4mbed6Stream4flenEv
                0x00010f4c        0x4
 i._ZN4mbed6Stream4flenEv
                0x00010f4c        0x4 ../../external/mbed/LPC1768/mbed.ar(Stream.LPC1768.o)
                0x00010f4c                _ZN4mbed6Stream4flenEv

i._ZN4mbed6Stream4readEPvj
                0x00010f50       0x2a
 i._ZN4mbed6Stream4readEPvj
                0x00010f50       0x2a ../../external/mbed/LPC1768/mbed.ar(Stream.LPC1768.o)
                0x00010f50                _ZN4mbed6Stream4readEPvj

i._ZN4mbed6Stream5closeEv
                0x00010f7a        0x4
 i._ZN4mbed6Stream5closeEv
                0x00010f7a        0x4 ../../external/mbed/LPC1768/mbed.ar(Stream.LPC1768.o)
                0x00010f7a                _ZN4mbed6Stream5closeEv

i._ZN4mbed6Stream5fsyncEv
                0x00010f7e        0x4
 i._ZN4mbed6Stream5fsyncEv
                0x00010f7e        0x4 ../../external/mbed/LPC1768/mbed.ar(Stream.LPC1768.o)
                0x00010f7e                _ZN4mbed6Stream5fsyncEv

i._ZN4mbed6Stream5lseekEli
                0x00010f82        0x4
 i._ZN4mbed6Stream5lseekEli
                0x00010f82        0x4 ../../external/mbed/LPC1768/mbed.ar(Stream.LPC1768.o)
                0x00010f82                _ZN4mbed6Stream5lseekEli

i._ZN4mbed6Stream5writeEPKvj
                0x00010f86       0x2a
 i._ZN4mbed6Stream5writeEPKvj
                0x00010f86       0x2a ../../external/mbed/LPC1768/mbed.ar(Stream.LPC1768.o)
                0x00010f86                _ZN4mbed6Stream5writeEPKvj

i._ZN4mbed6Stream6isattyEv
                0x00010fb0        0x4
 i._ZN4mbed6Stream6isattyEv
                0x00010fb0        0x4 ../../external/mbed/LPC1768/mbed.ar(Stream.LPC1768.o)
                0x00010fb0                _ZN4mbed6Stream6isattyEv

i._ZN4mbed6StreamC2EPKc
                0x00010fb4       0x40
 i._ZN4mbed6StreamC2EPKc
                0x00010fb4       0x40 ../../external/mbed/LPC1768/mbed.ar(Stream.LPC1768.o)
                0x00010fb4                _ZN4mbed6StreamC2EPKc

i._ZN4mbed6StreamD0Ev
                0x00010ff4       0x24
 i._ZN4mbed6StreamD0Ev
                0x00010ff4       0x24 ../../external/mbed/LPC1768/mbed.ar(Stream.LPC1768.o)
                0x00010ff4                _ZN4mbed6StreamD0Ev

i._ZN4mbed6StreamD2Ev
                0x00011018       0x20
 i._ZN4mbed6StreamD2Ev
                0x00011018       0x20 ../../external/mbed/LPC1768/mbed.ar(Stream.LPC1768.o)
                0x00011018                _ZN4mbed6StreamD1Ev
                0x00011018                _ZN4mbed6StreamD2Ev

i._ZThn16_N4mbed6Stream4flenEv
                0x00011038        0x4
 i._ZThn16_N4mbed6Stream4flenEv
                0x00011038        0x4 ../../external/mbed/LPC1768/mbed.ar(Stream.LPC1768.o)
                0x00011038                _ZThn16_N4mbed6Stream4flenEv

i._ZThn16_N4mbed6Stream4readEPvj
                0x0001103c       0x2c
 i._ZThn16_N4mbed6Stream4readEPvj
                0x0001103c       0x2c ../../external/mbed/LPC1768/mbed.ar(Stream.LPC1768.o)
                0x0001103c                _ZThn16_N4mbed6Stream4readEPvj

i._ZThn16_N4mbed6Stream5closeEv
                0x00011068        0x4
 i._ZThn16_N4mbed6Stream5closeEv
                0x00011068        0x4 ../../external/mbed/LPC1768/mbed.ar(Stream.LPC1768.o)
                0x00011068                _ZThn16_N4mbed6Stream5closeEv

i._ZThn16_N4mbed6Stream5fsyncEv
                0x0001106c        0x4
 i._ZThn16_N4mbed6Stream5fsyncEv
                0x0001106c        0x4 ../../external/mbed/LPC1768/mbed.ar(Stream.LPC1768.o)
                0x0001106c                _ZThn16_N4mbed6Stream5fsyncEv

i._ZThn16_N4mbed6Stream5lseekEli
                0x00011070        0x4
 i._ZThn16_N4mbed6Stream5lseekEli
                0x00011070        0x4 ../../external/mbed/LPC1768/mbed.ar(Stream.LPC1768.o)
                0x00011070                _ZThn16_N4mbed6Stream5lseekEli

i._ZThn16_N4mbed6Stream5writeEPKvj
                0x00011074       0x2c
 i._ZThn16_N4mbed6Stream5writeEPKvj
                0x00011074       0x2c ../../external/mbed/LPC1768/mbed.ar(Stream.LPC1768.o)
                0x00011074                _ZThn16_N4mbed6Stream5writeEPKvj

i._ZThn16_N4mbed6Stream6isattyEv
                0x000110a0        0x4
 i._ZThn16_N4mbed6Stream6isattyEv
                0x000110a0        0x4 ../../external/mbed/LPC1768/mbed.ar(Stream.LPC1768.o)
                0x000110a0                _ZThn16_N4mbed6Stream6isattyEv

t._ZN4mbed17rpc_method_callerIiNS_6StreamEiXadL_ZNS1_4putcEiEEEEvPNS_4BaseEPKcPc
                0x000110a4       0x84
 t._ZN4mbed17rpc_method_callerIiNS_6StreamEiXadL_ZNS1_4putcEiEEEEvPNS_4BaseEPKcPc
                0x000110a4       0x84 ../../external/mbed/LPC1768/mbed.ar(Stream.LPC1768.o)
                0x000110a4                _ZN4mbed17rpc_method_callerIiNS_6StreamEiXadL_ZNS1_4putcEiEEEEvPNS_4BaseEPKcPc

t._ZN4mbed17rpc_method_callerIiNS_6StreamEXadL_ZNS1_4getcEvEEEEvPNS_4BaseEPKcPc
                0x00011128       0x38
 t._ZN4mbed17rpc_method_callerIiNS_6StreamEXadL_ZNS1_4getcEvEEEEvPNS_4BaseEPKcPc
                0x00011128       0x38 ../../external/mbed/LPC1768/mbed.ar(Stream.LPC1768.o)
                0x00011128                _ZN4mbed17rpc_method_callerIiNS_6StreamEXadL_ZNS1_4getcEvEEEEvPNS_4BaseEPKcPc

t._ZN4mbed17rpc_method_callerIiNS_6StreamEPKcXadL_ZNS1_4putsES3_EEEEvPNS_4BaseES3_Pc
                0x00011160      0x17c
 t._ZN4mbed17rpc_method_callerIiNS_6StreamEPKcXadL_ZNS1_4putsES3_EEEEvPNS_4BaseES3_Pc
                0x00011160      0x17c ../../external/mbed/LPC1768/mbed.ar(Stream.LPC1768.o)
                0x00011160                _ZN4mbed17rpc_method_callerIiNS_6StreamEPKcXadL_ZNS1_4putsES3_EEEEvPNS_4BaseES3_Pc

i._ZN4mbed6Stream4putsEPKc
                0x000112dc       0x18
 i._ZN4mbed6Stream4putsEPKc
                0x000112dc       0x18 ../../external/mbed/LPC1768/mbed.ar(Stream.LPC1768.o)
                0x000112dc                _ZN4mbed6Stream4putsEPKc

i.NVIC_SetVector
                0x000112f4       0x38
 i.NVIC_SetVector
                0x000112f4       0x38 ../../external/mbed/LPC1768/capi.ar(cmsis_nvic.LPC1768.o)
                0x000112f4                NVIC_SetVector

.emb_text       0x0001132c       0x20
 .emb_text      0x0001132c       0x20 ../../external/mbed/LPC1768/capi.ar(core_cm3.LPC1768.o)
                0x0001132c                __get_PSP
                0x00011332                __set_PSP
                0x00011338                __get_MSP
                0x0001133e                __set_MSP
                0x00011344                __REV16
                0x00011348                __REVSH

i.serial_baud   0x0001134c      0x1c8
 i.serial_baud  0x0001134c      0x1c8 ../../external/mbed/LPC1768/capi.ar(serial_api.LPC1768.o)
                0x0001134c                serial_baud

i.serial_format
                0x00011514       0x94
 i.serial_format
                0x00011514       0x94 ../../external/mbed/LPC1768/capi.ar(serial_api.LPC1768.o)
                0x00011514                serial_format

i.serial_getc   0x000115a8        0xc
 i.serial_getc  0x000115a8        0xc ../../external/mbed/LPC1768/capi.ar(serial_api.LPC1768.o)
                0x000115a8                serial_getc

i.serial_init   0x000115b4       0xe4
 i.serial_init  0x000115b4       0xe4 ../../external/mbed/LPC1768/capi.ar(serial_api.LPC1768.o)
                0x000115b4                serial_init

i.serial_putc   0x00011698        0xc
 i.serial_putc  0x00011698        0xc ../../external/mbed/LPC1768/capi.ar(serial_api.LPC1768.o)
                0x00011698                serial_putc

i.serial_readable
                0x000116a4        0x8
 i.serial_readable
                0x000116a4        0x8 ../../external/mbed/LPC1768/capi.ar(serial_api.LPC1768.o)
                0x000116a4                serial_readable

i.serial_writable
                0x000116ac        0x8
 i.serial_writable
                0x000116ac        0x8 ../../external/mbed/LPC1768/capi.ar(serial_api.LPC1768.o)
                0x000116ac                serial_writable

i.exit          0x000116b4       0x16
 i.exit         0x000116b4       0x16 ../../external/mbed/LPC1768/capi.ar(exit.LPC1768.o)
                0x000116b4                exit

i.pin_function  0x000116cc       0x38
 i.pin_function
                0x000116cc       0x38 ../../external/mbed/LPC1768/capi.ar(pinmap.LPC1768.o)
                0x000116cc                pin_function

i.pin_mode      0x00011704       0x68
 i.pin_mode     0x00011704       0x68 ../../external/mbed/LPC1768/capi.ar(pinmap.LPC1768.o)
                0x00011704                pin_mode

i.pinmap_merge  0x0001176c       0x3c
 i.pinmap_merge
                0x0001176c       0x3c ../../external/mbed/LPC1768/capi.ar(pinmap.LPC1768.o)
                0x0001176c                pinmap_merge

i.pinmap_peripheral
                0x000117a8       0x58
 i.pinmap_peripheral
                0x000117a8       0x58 ../../external/mbed/LPC1768/capi.ar(pinmap.LPC1768.o)
                0x000117a8                pinmap_peripheral

i.pinmap_pinout
                0x00011800       0xcc
 i.pinmap_pinout
                0x00011800       0xcc ../../external/mbed/LPC1768/capi.ar(pinmap.LPC1768.o)
                0x00011800                pinmap_pinout

i.wait          0x000118cc       0x30
 i.wait         0x000118cc       0x30 ../../external/mbed/LPC1768/capi.ar(wait_api.LPC1768.o)
                0x000118cc                wait

i.wait_ms       0x000118fc       0x1c
 i.wait_ms      0x000118fc       0x1c ../../external/mbed/LPC1768/capi.ar(wait_api.LPC1768.o)
                0x000118fc                wait_ms

i.gpio_output   0x00011918       0x30
 i.gpio_output  0x00011918       0x30 ../../external/mbed/LPC1768/capi.ar(gpio_api.LPC1768.o)
                0x00011918                gpio_output

i.gpio_write    0x00011948       0x18
 i.gpio_write   0x00011948       0x18 ../../external/mbed/LPC1768/capi.ar(gpio_api.LPC1768.o)
                0x00011948                gpio_write

i.semihost_exit
                0x00011960        0xc
 i.semihost_exit
                0x00011960        0xc ../../external/mbed/LPC1768/capi.ar(semihost_api.LPC1768.o)
                0x00011960                semihost_exit

i.semihost_uid  0x0001196c       0x14
 i.semihost_uid
                0x0001196c       0x14 ../../external/mbed/LPC1768/capi.ar(semihost_api.LPC1768.o)
                0x0001196c                semihost_uid

i.us_ticker_read
                0x00011980       0x38
 i.us_ticker_read
                0x00011980       0x38 ../../external/mbed/LPC1768/capi.ar(us_ticker_api.LPC1768.o)
                0x00011980                us_ticker_read

i.mbed_die      0x000119b8       0x78
 i.mbed_die     0x000119b8       0x78 ../../external/mbed/LPC1768/capi.ar(utils_api.LPC1768.o)
                0x000119b8                mbed_die

i.timer_frequency
                0x00011a30       0x14
 i.timer_frequency
                0x00011a30       0x14 ../../external/mbed/LPC1768/capi.ar(timer_api.LPC1768.o)
                0x00011a30                timer_frequency

i.timer_init    0x00011a44       0x70
 i.timer_init   0x00011a44       0x70 ../../external/mbed/LPC1768/capi.ar(timer_api.LPC1768.o)
                0x00011a44                timer_init

i.timer_read    0x00011ab4        0x4
 i.timer_read   0x00011ab4        0x4 ../../external/mbed/LPC1768/capi.ar(timer_api.LPC1768.o)
                0x00011ab4                timer_read

i.timer_start   0x00011ab8        0xc
 i.timer_start  0x00011ab8        0xc ../../external/mbed/LPC1768/capi.ar(timer_api.LPC1768.o)
                0x00011ab8                timer_start

.constdata      0x00011ac4      0x234
 .constdata     0x00011ac4       0x28 ../../external/mbed/LPC1768/mbed.ar(DigitalOut.LPC1768.o)
 .constdata     0x00011aec       0x18 ../../external/mbed/LPC1768/mbed.ar(Base.LPC1768.o)
 .constdata     0x00011b04       0x18 ../../external/mbed/LPC1768/mbed.ar(Base.LPC1768.o)
                0x00011b04                _ZN4mbed4Base11_base_funcsE
 .constdata     0x00011b1c       0x17 ../../external/mbed/LPC1768/mbed.ar(stdio.LPC1768.o)
                0x00011b1c                __stdin_name
                0x00011b23                __stdout_name
                0x00011b2b                __stderr_name
 *fill*         0x00011b33        0x1 00
 .constdata     0x00011b34       0x38 ../../external/mbed/LPC1768/mbed.ar(Serial.LPC1768.o)
 .constdata     0x00011b6c       0x38 ../../external/mbed/LPC1768/mbed.ar(Stream.LPC1768.o)
 .constdata     0x00011ba4      0x154 ../../external/mbed/LPC1768/capi.ar(serial_api.LPC1768.o)
