Archive member included because of file (symbol)

../../mri/mri.ar(mri.o)       ../../src/gcc4mbed.o (MriInit)
../../mri/mri.ar(mriasm.o)    ../../mri/mri.ar(mri.o) (MriDisableMbed)
../../external/mbed/LPC1768/mbed.ar(DigitalOut.LPC1768.o)
                              ./main.o (_ZTVN4mbed10DigitalOutE)
../../external/mbed/LPC1768/mbed.ar(Base.LPC1768.o)
                              ../../external/mbed/LPC1768/mbed.ar(DigitalOut.LPC1768.o) (_ZTIN4mbed4BaseE)
../../external/mbed/LPC1768/mbed.ar(stdio.LPC1768.o)
                              ../../external/mbed/LPC1768/mbed.ar(Base.LPC1768.o) (_ZTIN4mbed8FileLikeE)
../../external/mbed/LPC1768/mbed.ar(Serial.LPC1768.o)
                              ../../mri/mri.ar(mri.o) (_ZTVN4mbed6SerialE)
../../external/mbed/LPC1768/mbed.ar(Stream.LPC1768.o)
                              ../../external/mbed/LPC1768/mbed.ar(Serial.LPC1768.o) (_ZTIN4mbed6StreamE)
../../external/mbed/LPC1768/mbed.ar(FunctionPointer.LPC1768.o)
                              ../../external/mbed/LPC1768/mbed.ar(Serial.LPC1768.o) (_ZN4mbed15FunctionPointer4callEv)
../../external/mbed/LPC1768/capi.ar(cmsis_nvic.LPC1768.o)
                              ../../external/mbed/LPC1768/mbed.ar(Serial.LPC1768.o) (NVIC_SetVector)
../../external/mbed/LPC1768/capi.ar(startup_LPC17xx.LPC1768.o)
                              (Reset_Handler)
../../external/mbed/LPC1768/capi.ar(system_LPC17xx.LPC1768.o)
                              ../../external/mbed/LPC1768/capi.ar(startup_LPC17xx.LPC1768.o) (SystemInit)
../../external/mbed/LPC1768/capi.ar(core_cm3.LPC1768.o)
                              ../../src/syscalls.o (__get_MSP)
../../external/mbed/LPC1768/capi.ar(serial_api.LPC1768.o)
                              ../../external/mbed/LPC1768/mbed.ar(stdio.LPC1768.o) (serial_baud)
../../external/mbed/LPC1768/capi.ar(exit.LPC1768.o)
                              ../../src/gcc4mbed.o (exit)
../../external/mbed/LPC1768/capi.ar(pinmap.LPC1768.o)
                              ../../external/mbed/LPC1768/capi.ar(serial_api.LPC1768.o) (pinmap_merge)
../../external/mbed/LPC1768/capi.ar(wait_api.LPC1768.o)
                              ./main.o (wait)
../../external/mbed/LPC1768/capi.ar(gpio_api.LPC1768.o)
                              ../../external/mbed/LPC1768/mbed.ar(DigitalOut.LPC1768.o) (gpio_output)
../../external/mbed/LPC1768/capi.ar(semihost_api.LPC1768.o)
                              ../../external/mbed/LPC1768/capi.ar(exit.LPC1768.o) (semihost_exit)
../../external/mbed/LPC1768/capi.ar(us_ticker_api.LPC1768.o)
                              ../../external/mbed/LPC1768/capi.ar(wait_api.LPC1768.o) (us_ticker_read)
../../external/mbed/LPC1768/capi.ar(utils_api.LPC1768.o)
                              ../../external/mbed/LPC1768/capi.ar(exit.LPC1768.o) (mbed_die)
../../external/mbed/LPC1768/capi.ar(timer_api.LPC1768.o)
                              ../../external/mbed/LPC1768/capi.ar(us_ticker_api.LPC1768.o) (timer_frequency)
../../external/gcc/LPC1768/libstdc++.a(atexit_arm.o)
                              ./main.o (__aeabi_atexit)
../../external/gcc/LPC1768/libstdc++.a(class_type_info.o)
                              ../../external/mbed/LPC1768/mbed.ar(Base.LPC1768.o) (_ZTVN10__cxxabiv117__class_type_infoE)
../../external/gcc/LPC1768/libstdc++.a(del_op.o)
                              ./main.o (_ZdlPv)
../../external/gcc/LPC1768/libstdc++.a(del_opv.o)
                              ../../external/mbed/LPC1768/mbed.ar(Base.LPC1768.o) (_ZdaPv)
../../external/gcc/LPC1768/libstdc++.a(dyncast.o)
                              ../../external/mbed/LPC1768/mbed.ar(Base.LPC1768.o) (__dynamic_cast)
../../external/gcc/LPC1768/libstdc++.a(new_op.o)
                              ../../external/mbed/LPC1768/mbed.ar(DigitalOut.LPC1768.o) (_Znwj)
../../external/gcc/LPC1768/libstdc++.a(new_opv.o)
                              ../../external/mbed/LPC1768/mbed.ar(DigitalOut.LPC1768.o) (_Znaj)
../../external/gcc/LPC1768/libstdc++.a(pure.o)
                              ../../external/mbed/LPC1768/mbed.ar(stdio.LPC1768.o) (__cxa_pure_virtual)
../../external/gcc/LPC1768/libstdc++.a(si_class_type_info.o)
                              ../../external/mbed/LPC1768/mbed.ar(DigitalOut.LPC1768.o) (_ZTVN10__cxxabiv120__si_class_type_infoE)
../../external/gcc/LPC1768/libstdc++.a(tinfo.o)
                              ../../external/gcc/LPC1768/libstdc++.a(class_type_info.o) (_ZNSt9type_infoD2Ev)
../../external/gcc/LPC1768/libstdc++.a(vec.o)
                              ../../external/mbed/LPC1768/mbed.ar(Serial.LPC1768.o) (__aeabi_vec_ctor_nocookie_nodtor)
../../external/gcc/LPC1768/libstdc++.a(vmi_class_type_info.o)
                              ../../external/mbed/LPC1768/mbed.ar(stdio.LPC1768.o) (_ZTVN10__cxxabiv121__vmi_class_type_infoE)
../../external/gcc/LPC1768/libstdc++.a(eh_terminate.o)
                              ../../external/gcc/LPC1768/libstdc++.a(pure.o) (_ZSt9terminatev)
../../external/gcc/LPC1768/libstdc++.a(eh_unex_handler.o)
[...]
Memory Configuration

Name             Origin             Length             Attributes
IROM             0x00000000         0x00080000         xr
IRAM0            0x10000000         0x00008000         xrw
IRAM1            0x2007c000         0x00004000         xrw
IRAM2            0x20080000         0x00004000         xrw
*default*        0x00000000         0xffffffff

Linker script and memory map

LOAD /media/6aafac43-5450-453e-a142-f588400933c0/Sandbox/arm/bin/../lib/gcc/arm-none-eabi/4.5.2/thumb2/crti.o
LOAD /media/6aafac43-5450-453e-a142-f588400933c0/Sandbox/arm/bin/../lib/gcc/arm-none-eabi/4.5.2/thumb2/crtbegin.o
LOAD ./main.o
LOAD ../../src/gcc4mbed.o
LOAD ../../src/syscalls.o
LOAD ../../mri/mri.ar
LOAD ../../external/mbed/LPC1768/mbed.ar
LOAD ../../external/mbed/LPC1768/capi.ar
LOAD ../../external/FATFileSystem/LPC1768/FATFileSystem.ar
LOAD ../../external/gcc/LPC1768/libstdc++.a
LOAD ../../external/gcc/LPC1768/libm.a
START GROUP
LOAD /media/6aafac43-5450-453e-a142-f588400933c0/Sandbox/arm/bin/../lib/gcc/arm-none-eabi/4.5.2/thumb2/libgcc.a
LOAD ../../external/gcc/LPC1768/libc.a
END GROUP
LOAD /media/6aafac43-5450-453e-a142-f588400933c0/Sandbox/arm/bin/../lib/gcc/arm-none-eabi/4.5.2/thumb2/crtend.o
LOAD /media/6aafac43-5450-453e-a142-f588400933c0/Sandbox/arm/bin/../lib/gcc/arm-none-eabi/4.5.2/thumb2/crtn.o

.text           0x00000000    0x103a8
 *(RESET)
 RESET          0x00000000       0xc4 ../../external/mbed/LPC1768/capi.ar(startup_LPC17xx.LPC1768.o)
                0x00000000                __Vectors
 *(.mbed_init)
 .mbed_init     0x000000c4      0x10c ../../src/gcc4mbed.o
                0x000000c4                __main
 *(i.SystemInit)
 i.SystemInit   0x000001d0       0x78 ../../external/mbed/LPC1768/capi.ar(system_LPC17xx.LPC1768.o)
                0x000001d0                SystemInit
                0x000002fc                . = 0x2fc
 *fill*         0x00000248       0xb4 00
 *(.crp)
                0x00000300                . = 0x300
 *fill*         0x000002fc        0x4 00
 *(.text .text.*)
 .text          0x00000300       0x30 /media/6aafac43-5450-453e-a142-f588400933c0/Sandbox/arm/bin/../lib/gcc/arm-none-eabi/4.5.2/thumb2/crtbegin.o
 .text.main     0x00000330       0x28 ./main.o
                0x00000330                main
 .text._GLOBAL__I_myled
                0x00000358       0x2c ./main.o
 .text.__GCC4MBEDOpenStandardHandles
                0x00000384       0x34 ../../src/syscalls.o
                0x00000384                __GCC4MBEDOpenStandardHandles
 .text._kill    0x000003b8       0x10 ../../src/syscalls.o
                0x000003b8                _kill
 .text._exit    0x000003c8        0x8 ../../src/syscalls.o
                0x000003c8                _exit
 .text._getpid  0x000003d0        0x4 ../../src/syscalls.o
                0x000003d0                _getpid
 .text._sbrk    0x000003d4       0x30 ../../src/syscalls.o
                0x000003d4                _sbrk
 .text._open    0x00000404       0x20 ../../src/syscalls.o
                0x00000404                _open
 .text._close   0x00000424        0x4 ../../src/syscalls.o
                0x00000424                _close
 .text._isatty  0x00000428        0xc ../../src/syscalls.o
                0x00000428                _isatty
 .text._lseek   0x00000434      0x120 ../../src/syscalls.o
                0x00000434                _lseek
 .text._read    0x00000554       0x34 ../../src/syscalls.o
                0x00000554                _read
 .text._write   0x00000588       0x38 ../../src/syscalls.o
                0x00000588                _write
 .text._fstat   0x000005c0        0xc ../../src/syscalls.o
                0x000005c0                _fstat
 .text._ZL18IsDebuggerAttachedv
                0x000005cc       0x10 ../../mri/mri.ar(mri.o)
 .text._ZL17DisableSingleStepv
                0x000005dc       0x10 ../../mri/mri.ar(mri.o)
 .text._ZL19ClearMonitorPendingv
                0x000005ec       0x10 ../../mri/mri.ar(mri.o)
 .text._ZL25GetFPBCodeComparatorCountv
                0x000005fc       0x18 ../../mri/mri.ar(mri.o)
 .text._ZL18ClearFPBComparatorPm
                0x00000614        0x6 ../../mri/mri.ar(mri.o)
 *fill*         0x0000061a        0x2 00
 .text._ZL27CalculateFPBComparatorValueml
                0x0000061c       0x44 ../../mri/mri.ar(mri.o)
 .text._ZL27FindFPBBreakpointComparatorml
                0x00000660       0x34 ../../mri/mri.ar(mri.o)
 .text._ZL15HexCharToNibbleh
                0x00000694       0x2a ../../mri/mri.ar(mri.o)
 .text._ZL12SBuffer_InitP7SBufferPcj
                0x000006be        0xe ../../mri/mri.ar(mri.o)
 .text._ZL17SBuffer_BytesLeftP7SBuffer
                0x000006cc       0x14 ../../mri/mri.ar(mri.o)
 .text._ZL17SBuffer_WriteCharP7SBufferc
                0x000006e0       0x1e ../../mri/mri.ar(mri.o)
 .text._ZL16SBuffer_ReadCharP7SBufferPc
                0x000006fe       0x22 ../../mri/mri.ar(mri.o)
 .text._ZL22SBuffer_WriteByteAsHexP7SBufferh
                0x00000720       0x38 ../../mri/mri.ar(mri.o)
 .text._ZL21SBuffer_ReadByteAsHexP7SBufferPh
                0x00000758       0x40 ../../mri/mri.ar(mri.o)
 .text._ZL19SBuffer_WriteStringP7SBufferPKc
                0x00000798       0x1c ../../mri/mri.ar(mri.o)
 .text._ZL25SBuffer_ReadUIntegerAsHexP7SBufferPj
                0x000007b4       0x40 ../../mri/mri.ar(mri.o)
 .text._ZL25SBuffer_IsNextCharEqualToP7SBufferc
                0x000007f4       0x1c ../../mri/mri.ar(mri.o)
 .text._ZL20SMriState_InitBufferP9SMriState
                0x00000810        0xc ../../mri/mri.ar(mri.o)
 .text._ZL31SMriState_PrepareStringResponseP9SMriStatePKc
                0x0000081c       0x16 ../../mri/mri.ar(mri.o)
 *fill*         0x00000832        0x2 00
 .text._ZL24AdvanceToNextInstructionv
                0x00000834       0x30 ../../mri/mri.ar(mri.o)
 .text._ZL23ClearDebuggerActiveFlagv
                0x00000864       0x10 ../../mri/mri.ar(mri.o)
 .text._ZL23ClearFaultDetectionFlagv
                0x00000874       0x10 ../../mri/mri.ar(mri.o)
 .text._ZL16WasFaultDetectedv
                0x00000884       0x10 ../../mri/mri.ar(mri.o)
 .text._ZL23ReadMemoryIntoHexBufferP7SBufferPKvi
                0x00000894       0x2e ../../mri/mri.ar(mri.o)
 .text._ZL22WriteHexBufferToMemoryP7SBufferPvi
                0x000008c2       0x36 ../../mri/mri.ar(mri.o)
 .text._ZL26SendRegisterFor_T_ResponseP7SBufferhj
                0x000008f8       0x2a ../../mri/mri.ar(mri.o)
 .text._ZL37PrepareEmptyResponseForUnknownCommandP9SMriState
                0x00000922        0x4 ../../mri/mri.ar(mri.o)
 *fill*         0x00000926        0x2 00
 .text._ZL25HandleRegisterReadCommandP9SMriState
                0x00000928       0x1c ../../mri/mri.ar(mri.o)
 .text._ZL26HandleRegisterWriteCommandP9SMriState
                0x00000944       0x48 ../../mri/mri.ar(mri.o)
 .text._ZL23HandleMemoryReadCommandP9SMriState
                0x0000098c       0x4c ../../mri/mri.ar(mri.o)
 .text._ZL24HandleMemoryWriteCommandP9SMriState
                0x000009d8       0x5c ../../mri/mri.ar(mri.o)
 .text._ZL41ParseBreakpointWatchpointCommandArgumentsP9SMriStateP30SBreakpointWatchpointArguments
                0x00000a34       0x74 ../../mri/mri.ar(mri.o)
 .text._ZL36HandleBreakpointWatchpointSetCommandP9SMriState
                0x00000aa8       0x80 ../../mri/mri.ar(mri.o)
 .text._ZL39HandleBreakpointWatchpointRemoveCommandP9SMriState
                0x00000b28       0x3c ../../mri/mri.ar(mri.o)
 .text._ZL36GetCurrentlyExecutingExceptionNumberv
                0x00000b64        0xa ../../mri/mri.ar(mri.o)
 .text._ZL21SBuffer_MatchesStringP7SBufferPKcj
                0x00000b6e       0x42 ../../mri/mri.ar(mri.o)
 .text._ZL21HandleContinueCommandP9SMriState
                0x00000bb0       0x30 ../../mri/mri.ar(mri.o)
 .text._ZL23HandleSingleStepCommandP9SMriState
                0x00000be0       0x18 ../../mri/mri.ar(mri.o)
 .text._ZL27SMriState_PrepareForRestartP9SMriState.clone.4
                0x00000bf8        0xc ../../mri/mri.ar(mri.o)
 .text.NVIC_SetPriority.clone.7
                0x00000c04       0x28 ../../mri/mri.ar(mri.o)
 .text._ZL18HandleQueryCommandP9SMriState
                0x00000c2c      0x144 ../../mri/mri.ar(mri.o)
 .text._ZN4mbed6Stream4putcEi
                0x00000d70       0x18 ../../mri/mri.ar(mri.o)
                0x00000d70                _ZN4mbed6Stream4putcEi
 .text._ZN4mbed6Stream4getcEv
                0x00000d88       0x14 ../../mri/mri.ar(mri.o)
                0x00000d88                _ZN4mbed6Stream4getcEv
 .text._Z17MriTargetSendChari
                0x00000d9c        0xc ../../mri/mri.ar(mri.o)
                0x00000d9c                _Z17MriTargetSendChari
 .text._Z20MriTargetReceiveCharv
                0x00000da8        0xc ../../mri/mri.ar(mri.o)
                0x00000da8                _Z20MriTargetReceiveCharv
 .text._ZL25SMriState_SendPacketToGDBP9SMriState
                0x00000db4       0x68 ../../mri/mri.ar(mri.o)
 .text._ZL19Send_T_StopResponseP9SMriState
                0x00000e1c       0x50 ../../mri/mri.ar(mri.o)
 .text._Z16ControlCDetectedv
                0x00000e6c       0x24 ../../mri/mri.ar(mri.o)
                0x00000e6c                _Z16ControlCDetectedv
 .text.MriInit  0x00000e90      0x118 ../../mri/mri.ar(mri.o)
                0x00000e90                MriInit
 .text.MriDebugException
                0x00000fa8      0x260 ../../mri/mri.ar(mri.o)
                0x00000fa8                MriDebugException
 .text._GLOBAL__I_g_MriContext
                0x00001208       0x34 ../../mri/mri.ar(mri.o)
 .text          0x0000123c      0x140 ../../mri/mri.ar(mriasm.o)
                0x0000123c                MriDisableMbed
                0x00001254                MriGetIPSR
                0x0000131c                HardFault_Handler
                0x0000131e                MemManage_Handler
                0x00001320                BusFault_Handler
                0x00001322                UsageFault_Handler
                0x00001324                DebugMon_Handler
                0x00001326                UART0_IRQHandler
                0x00001328                __MriTestRegisters
 .text          0x0000137c       0x24 ../../external/mbed/LPC1768/capi.ar(startup_LPC17xx.LPC1768.o)
                0x0000137c                Reset_Handler
                0x00001384                NMI_Handler
                0x0000138e                SVC_Handler
                0x00001392                PendSV_Handler
                0x00001394                SysTick_Handler
                0x00001396                TIMER2_IRQHandler
                0x00001396                RIT_IRQHandler
                0x00001396                I2C0_IRQHandler
                0x00001396                PWM1_IRQHandler
                0x00001396                I2C1_IRQHandler
                0x00001396                EINT2_IRQHandler
                0x00001396                UART1_IRQHandler
                0x00001396                EINT3_IRQHandler
                0x00001396                TIMER3_IRQHandler
                0x00001396                PLL0_IRQHandler
                0x00001396                CAN_IRQHandler
                0x00001396                PLL1_IRQHandler
                0x00001396                SSP0_IRQHandler
                0x00001396                I2S_IRQHandler
                0x00001396                I2C2_IRQHandler
                0x00001396                RTC_IRQHandler
                0x00001396                TIMER0_IRQHandler
                0x00001396                SPI_IRQHandler
                0x00001396                EINT1_IRQHandler
                0x00001396                TIMER1_IRQHandler
                0x00001396                UART2_IRQHandler
                0x00001396                ADC_IRQHandler
                0x00001396                SSP1_IRQHandler
                0x00001396                USB_IRQHandler
                0x00001396                BOD_IRQHandler
                0x00001396                WDT_IRQHandler
                0x00001396                QEI_IRQHandler
                0x00001396                EINT0_IRQHandler
                0x00001396                DMA_IRQHandler
                0x00001396                UART3_IRQHandler
                0x00001396                MCPWM_IRQHandler
                0x00001396                ENET_IRQHandler
 .text.__aeabi_atexit
                0x000013a0        0xa ../../external/gcc/LPC1768/libstdc++.a(atexit_arm.o)
                0x000013a0                __aeabi_atexit
 .text._ZNK10__cxxabiv117__class_type_info20__do_find_public_srcEiPKvPKS0_S2_
                0x000013aa        0xc ../../external/gcc/LPC1768/libstdc++.a(class_type_info.o)
                0x000013aa                _ZNK10__cxxabiv117__class_type_info20__do_find_public_srcEiPKvPKS0_S2_
 .text._ZNK10__cxxabiv117__class_type_info11__do_upcastEPKS0_PKvRNS0_15__upcast_resultE
                0x000013b6       0x1a ../../external/gcc/LPC1768/libstdc++.a(class_type_info.o)
                0x000013b6                _ZNK10__cxxabiv117__class_type_info11__do_upcastEPKS0_PKvRNS0_15__upcast_resultE
 .text._ZNK10__cxxabiv117__class_type_info12__do_dyncastEiNS0_10__sub_kindEPKS0_PKvS3_S5_RNS0_16__dyncast_resultE
                0x000013d0       0x3c ../../external/gcc/LPC1768/libstdc++.a(class_type_info.o)
                0x000013d0                _ZNK10__cxxabiv117__class_type_info12__do_dyncastEiNS0_10__sub_kindEPKS0_PKvS3_S5_RNS0_16__dyncast_resultE
 .text._ZNK10__cxxabiv117__class_type_info10__do_catchEPKSt9type_infoPPvj
                0x0000140c       0x26 ../../external/gcc/LPC1768/libstdc++.a(class_type_info.o)
                0x0000140c                _ZNK10__cxxabiv117__class_type_info10__do_catchEPKSt9type_infoPPvj
 *fill*         0x00001432        0x2 00
 .text._ZN10__cxxabiv117__class_type_infoD2Ev
                0x00001434       0x14 ../../external/gcc/LPC1768/libstdc++.a(class_type_info.o)
                0x00001434                _ZN10__cxxabiv117__class_type_infoD1Ev
                0x00001434                _ZN10__cxxabiv117__class_type_infoD2Ev
 .text._ZN10__cxxabiv117__class_type_infoD0Ev
                0x00001448       0x12 ../../external/gcc/LPC1768/libstdc++.a(class_type_info.o)
                0x00001448                _ZN10__cxxabiv117__class_type_infoD0Ev
 .text._ZN10__cxxabiv117__class_type_info15__upcast_resultC2Ei
                0x0000145a        0xc ../../external/gcc/LPC1768/libstdc++.a(class_type_info.o)
                0x0000145a                _ZN10__cxxabiv117__class_type_info15__upcast_resultC2Ei
                0x0000145a                _ZN10__cxxabiv117__class_type_info15__upcast_resultC1Ei
 .text._ZNK10__cxxabiv117__class_type_info11__do_upcastEPKS0_PPv
                0x00001466       0x3a ../../external/gcc/LPC1768/libstdc++.a(class_type_info.o)
                0x00001466                _ZNK10__cxxabiv117__class_type_info11__do_upcastEPKS0_PPv
 .text._ZdlPv   0x000014a0        0x8 ../../external/gcc/LPC1768/libstdc++.a(del_op.o)
                0x000014a0                _ZdlPv
 .text._ZdaPv   0x000014a8        0x4 ../../external/gcc/LPC1768/libstdc++.a(del_opv.o)
                0x000014a8                _ZdaPv
 .text._ZN10__cxxabiv112_GLOBAL__N_118contained_public_pENS_17__class_type_info10__sub_kindE
                0x000014ac       0x10 ../../external/gcc/LPC1768/libstdc++.a(dyncast.o)
 .text._ZN10__cxxabiv112_GLOBAL__N_114adjust_pointerIvEEPKT_PKvi
                0x000014bc        0x4 ../../external/gcc/LPC1768/libstdc++.a(dyncast.o)
 .text._ZN10__cxxabiv117__class_type_info16__dyncast_resultC2Ei
                0x000014c0        0xe ../../external/gcc/LPC1768/libstdc++.a(dyncast.o)
                0x000014c0                _ZN10__cxxabiv117__class_type_info16__dyncast_resultC2Ei
                0x000014c0                _ZN10__cxxabiv117__class_type_info16__dyncast_resultC1Ei
 .text._ZNK10__cxxabiv117__class_type_info17__find_public_srcEiPKvPKS0_S2_
                0x000014ce       0x2c ../../external/gcc/LPC1768/libstdc++.a(dyncast.o)
                0x000014ce                _ZNK10__cxxabiv117__class_type_info17__find_public_srcEiPKvPKS0_S2_
 .text.__dynamic_cast
                0x000014fa       0xa4 ../../external/gcc/LPC1768/libstdc++.a(dyncast.o)
                0x000014fa                __dynamic_cast
 *fill*         0x0000159e        0x2 00
 .text._Znwj    0x000015a0       0x28 ../../external/gcc/LPC1768/libstdc++.a(new_op.o)
                0x000015a0                _Znwj
 .text._Znaj    0x000015c8        0x4 ../../external/gcc/LPC1768/libstdc++.a(new_opv.o)
                0x000015c8                _Znaj
 .text.__cxa_pure_virtual
                0x000015cc       0x14 ../../external/gcc/LPC1768/libstdc++.a(pure.o)
                0x000015cc                __cxa_pure_virtual
 .text._ZNK10__cxxabiv120__si_class_type_info11__do_upcastEPKNS_17__class_type_infoEPKvRNS1_15__upcast_resultE
                0x000015e0       0x24 ../../external/gcc/LPC1768/libstdc++.a(si_class_type_info.o)
                0x000015e0                _ZNK10__cxxabiv120__si_class_type_info11__do_upcastEPKNS_17__class_type_infoEPKvRNS1_15__upcast_resultE
 .text._ZNK10__cxxabiv120__si_class_type_info12__do_dyncastEiNS_17__class_type_info10__sub_kindEPKS1_PKvS4_S6_RNS1_16__dyncast_resultE
                0x00001604       0x90 ../../external/gcc/LPC1768/libstdc++.a(si_class_type_info.o)
                0x00001604                _ZNK10__cxxabiv120__si_class_type_info12__do_dyncastEiNS_17__class_type_info10__sub_kindEPKS1_PKvS4_S6_RNS1_16__dyncast_resultE
 .text._ZNK10__cxxabiv120__si_class_type_info20__do_find_public_srcEiPKvPKNS_17__class_type_infoES2_
                0x00001694       0x36 ../../external/gcc/LPC1768/libstdc++.a(si_class_type_info.o)
                0x00001694                _ZNK10__cxxabiv120__si_class_type_info20__do_find_public_srcEiPKvPKNS_17__class_type_infoES2_
 *fill*         0x000016ca        0x2 00
 .text._ZN10__cxxabiv120__si_class_type_infoD2Ev
                0x000016cc       0x14 ../../external/gcc/LPC1768/libstdc++.a(si_class_type_info.o)
                0x000016cc                _ZN10__cxxabiv120__si_class_type_infoD2Ev
                0x000016cc                _ZN10__cxxabiv120__si_class_type_infoD1Ev
 .text._ZN10__cxxabiv120__si_class_type_infoD0Ev
                0x000016e0       0x12 ../../external/gcc/LPC1768/libstdc++.a(si_class_type_info.o)
                0x000016e0                _ZN10__cxxabiv120__si_class_type_infoD0Ev
 *fill*         0x000016f2        0x2 00
 .text._ZNSt9type_infoD2Ev
                0x000016f4        0xc ../../external/gcc/LPC1768/libstdc++.a(tinfo.o)
                0x000016f4                _ZNSt9type_infoD1Ev
                0x000016f4                _ZNSt9type_infoD2Ev
 .text._ZNKSt9type_info14__is_pointer_pEv
                0x00001700        0x4 ../../external/gcc/LPC1768/libstdc++.a(tinfo.o)
                0x00001700                _ZNKSt9type_info14__is_pointer_pEv
 .text._ZNKSt9type_info15__is_function_pEv
                0x00001704        0x4 ../../external/gcc/LPC1768/libstdc++.a(tinfo.o)
                0x00001704                _ZNKSt9type_info15__is_function_pEv
 .text._ZNKSt9type_info11__do_upcastEPKN10__cxxabiv117__class_type_infoEPPv
                0x00001708        0x4 ../../external/gcc/LPC1768/libstdc++.a(tinfo.o)
                0x00001708                _ZNKSt9type_info11__do_upcastEPKN10__cxxabiv117__class_type_infoEPPv
 .text._ZNSt9type_infoD0Ev
                0x0000170c       0x12 ../../external/gcc/LPC1768/libstdc++.a(tinfo.o)
                0x0000170c                _ZNSt9type_infoD0Ev
 .text._ZNKSt9type_info4nameEv
                0x0000171e        0xc ../../external/gcc/LPC1768/libstdc++.a(tinfo.o)
                0x0000171e                _ZNKSt9type_info4nameEv
 .text._ZNKSt9type_infoeqERKS_
                0x0000172a       0x34 ../../external/gcc/LPC1768/libstdc++.a(tinfo.o)
                0x0000172a                _ZNKSt9type_infoeqERKS_
 .text._ZNKSt9type_info10__do_catchEPKS_PPvj
                0x0000175e        0x4 ../../external/gcc/LPC1768/libstdc++.a(tinfo.o)
                0x0000175e                _ZNKSt9type_info10__do_catchEPKS_PPvj
 .text.__cxa_vec_ctor
                0x00001762       0x26 ../../external/gcc/LPC1768/libstdc++.a(vec.o)
                0x00001762                __cxa_vec_ctor
 .text.__aeabi_vec_ctor_nocookie_nodtor
                0x00001788       0x12 ../../external/gcc/LPC1768/libstdc++.a(vec.o)
                0x00001788                __aeabi_vec_ctor_nocookie_nodtor
 .text._ZN10__cxxabiv112_GLOBAL__N_111contained_pENS_17__class_type_info10__sub_kindE
                0x0000179a        0xa ../../external/gcc/LPC1768/libstdc++.a(vmi_class_type_info.o)
 .text._ZN10__cxxabiv112_GLOBAL__N_19virtual_pENS_17__class_type_info10__sub_kindE
                0x000017a4        0x6 ../../external/gcc/LPC1768/libstdc++.a(vmi_class_type_info.o)
 .text._ZN10__cxxabiv112_GLOBAL__N_114adjust_pointerIvEEPKT_PKvi
                0x000017aa        0x4 ../../external/gcc/LPC1768/libstdc++.a(vmi_class_type_info.o)
 .text._ZN10__cxxabiv112_GLOBAL__N_115convert_to_baseEPKvbi
                0x000017ae        0xc ../../external/gcc/LPC1768/libstdc++.a(vmi_class_type_info.o)
 *fill*         0x000017ba        0x2 00
 .text._ZN10__cxxabiv121__vmi_class_type_infoD2Ev
                0x000017bc       0x14 ../../external/gcc/LPC1768/libstdc++.a(vmi_class_type_info.o)
                0x000017bc                _ZN10__cxxabiv121__vmi_class_type_infoD1Ev
                0x000017bc                _ZN10__cxxabiv121__vmi_class_type_infoD2Ev
 .text._ZN10__cxxabiv121__vmi_class_type_infoD0Ev
                0x000017d0       0x12 ../../external/gcc/LPC1768/libstdc++.a(vmi_class_type_info.o)
                0x000017d0                _ZN10__cxxabiv121__vmi_class_type_infoD0Ev
 .text._ZNK10__cxxabiv122__base_class_type_info14__is_virtual_pEv
                0x000017e2        0x8 ../../external/gcc/LPC1768/libstdc++.a(vmi_class_type_info.o)
                0x000017e2                _ZNK10__cxxabiv122__base_class_type_info14__is_virtual_pEv
 .text._ZNK10__cxxabiv122__base_class_type_info13__is_public_pEv
                0x000017ea        0x8 ../../external/gcc/LPC1768/libstdc++.a(vmi_class_type_info.o)
                0x000017ea                _ZNK10__cxxabiv122__base_class_type_info13__is_public_pEv
 .text._ZNK10__cxxabiv122__base_class_type_info8__offsetEv
                0x000017f2        0x6 ../../external/gcc/LPC1768/libstdc++.a(vmi_class_type_info.o)
                0x000017f2                _ZNK10__cxxabiv122__base_class_type_info8__offsetEv
 .text._ZNK10__cxxabiv121__vmi_class_type_info20__do_find_public_srcEiPKvPKNS_17__class_type_infoES2_
                0x000017f8       0x96 ../../external/gcc/LPC1768/libstdc++.a(vmi_class_type_info.o)
                0x000017f8                _ZNK10__cxxabiv121__vmi_class_type_info20__do_find_public_srcEiPKvPKNS_17__class_type_infoES2_
 .text._ZNK10__cxxabiv121__vmi_class_type_info11__do_upcastEPKNS_17__class_type_infoEPKvRNS1_15__upcast_resultE
                0x0000188e      0x148 ../../external/gcc/LPC1768/libstdc++.a(vmi_class_type_info.o)
                0x0000188e                _ZNK10__cxxabiv121__vmi_class_type_info11__do_upcastEPKNS_17__class_type_infoEPKvRNS1_15__upcast_resultE
 .text._ZNK10__cxxabiv121__vmi_class_type_info12__do_dyncastEiNS_17__class_type_info10__sub_kindEPKS1_PKvS4_S6_RNS1_16__dyncast_resultE
                0x000019d6      0x2e0 ../../external/gcc/LPC1768/libstdc++.a(vmi_class_type_info.o)
                0x000019d6                _ZNK10__cxxabiv121__vmi_class_type_info12__do_dyncastEiNS_17__class_type_info10__sub_kindEPKS1_PKvS4_S6_RNS1_16__dyncast_resultE
 .text._ZN10__cxxabiv111__terminateEPFvvE
                0x00001cb6        0x8 ../../external/gcc/LPC1768/libstdc++.a(eh_terminate.o)
                0x00001cb6                _ZN10__cxxabiv111__terminateEPFvvE
 *fill*         0x00001cbe        0x2 00
 .text._ZSt9terminatev
                0x00001cc0       0x10 ../../external/gcc/LPC1768/libstdc++.a(eh_terminate.o)
                0x00001cc0                _ZSt9terminatev
 .text._ZN9__gnu_cxx27__verbose_terminate_handlerEv
                0x00001cd0       0x90 ../../external/gcc/LPC1768/libstdc++.a(vterminate.o)
                0x00001cd0                _ZN9__gnu_cxx27__verbose_terminate_handlerEv
 .text          0x00001d60     0x26a4 ../../external/gcc/LPC1768/libstdc++.a(cp-demangle.o)
                0x00004324                __cxa_demangle
                0x000043e0                __gcclibcxx_demangle_callback
 .text.__cxa_current_exception_type
                0x00004404       0x1a ../../external/gcc/LPC1768/libstdc++.a(eh_type.o)
                0x00004404                __cxa_current_exception_type
 *fill*         0x0000441e        0x2 00
 .text.__cxa_get_globals
                0x00004420        0x8 ../../external/gcc/LPC1768/libstdc++.a(eh_globals.o)
                0x00004420                __cxa_get_globals
 .text.scalbn   0x00004428       0xf8 ../../external/gcc/LPC1768/libm.a(lib_a-s_scalbn.o)
                0x00004428                scalbn
 .text.copysign
                0x00004520       0x10 ../../external/gcc/LPC1768/libm.a(lib_a-s_copysign.o)
                0x00004520                copysign
 .text          0x00004530      0x370 /media/6aafac43-5450-453e-a142-f588400933c0/Sandbox/arm/bin/../lib/gcc/arm-none-eabi/4.5.2/thumb2/libgcc.a(_arm_addsubdf3.o)
                0x00004530                __aeabi_drsub
                0x00004538                __aeabi_dsub
                0x00004538                __subdf3
                0x0000453c                __adddf3
                0x0000453c                __aeabi_dadd
                0x000047b4                __aeabi_ui2d
                0x000047b4                __floatunsidf
                0x000047d4                __floatsidf
                0x000047d4                __aeabi_i2d
                0x000047f8                __extendsfdf2
                0x000047f8                __aeabi_f2d
                0x00004834                __aeabi_ul2d
                0x00004834                __floatundidf
                0x00004844                __floatdidf
                0x00004844                __aeabi_l2d
 .text          0x000048a0      0x424 /media/6aafac43-5450-453e-a142-f588400933c0/Sandbox/arm/bin/../lib/gcc/arm-none-eabi/4.5.2/thumb2/libgcc.a(_arm_muldivdf3.o)
                0x000048a0                __aeabi_dmul
                0x000048a0                __muldf3
                0x00004af4                __aeabi_ddiv
                0x00004af4                __divdf3
 .text          0x00004cc4       0x50 /media/6aafac43-5450-453e-a142-f588400933c0/Sandbox/arm/bin/../lib/gcc/arm-none-eabi/4.5.2/thumb2/libgcc.a(_arm_fixdfsi.o)
                0x00004cc4                __fixdfsi
                0x00004cc4                __aeabi_d2iz
 .text          0x00004d14       0xa0 /media/6aafac43-5450-453e-a142-f588400933c0/Sandbox/arm/bin/../lib/gcc/arm-none-eabi/4.5.2/thumb2/libgcc.a(_arm_truncdfsf2.o)
                0x00004d14                __aeabi_d2f
                0x00004d14                __truncdfsf2
 .text          0x00004db4      0x21c /media/6aafac43-5450-453e-a142-f588400933c0/Sandbox/arm/bin/../lib/gcc/arm-none-eabi/4.5.2/thumb2/libgcc.a(_arm_addsubsf3.o)
                0x00004db4                __aeabi_frsub
                0x00004dbc                __subsf3
                0x00004dbc                __aeabi_fsub
                0x00004dc0                __aeabi_fadd
                0x00004dc0                __addsf3
                0x00004f20                __aeabi_ui2f
                0x00004f20                __floatunsisf
                0x00004f28                __aeabi_i2f
                0x00004f28                __floatsisf
                0x00004f44                __floatundisf
                0x00004f44                __aeabi_ul2f
                0x00004f54                __floatdisf
                0x00004f54                __aeabi_l2f
 .text          0x00004fd0      0x2a0 /media/6aafac43-5450-453e-a142-f588400933c0/Sandbox/arm/bin/../lib/gcc/arm-none-eabi/4.5.2/thumb2/libgcc.a(_arm_muldivsf3.o)
                0x00004fd0                __mulsf3
                0x00004fd0                __aeabi_fmul
                0x00005138                __divsf3
                0x00005138                __aeabi_fdiv
 .text          0x00005270       0xec /media/6aafac43-5450-453e-a142-f588400933c0/Sandbox/arm/bin/../lib/gcc/arm-none-eabi/4.5.2/thumb2/libgcc.a(_arm_cmpsf2.o)
                0x00005270                __gtsf2
                0x00005270                __gesf2
                0x00005278                __lesf2
                0x00005278                __ltsf2
                0x00005280                __nesf2
                0x00005280                __eqsf2
                0x00005280                __cmpsf2
                0x000052e0                __aeabi_cfrcmple
                0x000052e8                __aeabi_cfcmple
                0x000052e8                __aeabi_cfcmpeq
                0x000052f8                __aeabi_fcmpeq
                0x0000530c                __aeabi_fcmplt
                0x00005320                __aeabi_fcmple
                0x00005334                __aeabi_fcmpge
                0x00005348                __aeabi_fcmpgt
 .text.abort    0x0000535c        0xe ../../external/gcc/LPC1768/libc.a(lib_a-abort.o)
                0x0000535c                abort
 .text.__aeabi_memcpy
                0x0000536a        0x4 ../../external/gcc/LPC1768/libc.a(lib_a-aeabi_memcpy.o)
                0x0000536a                __aeabi_memcpy
                0x0000536a                __aeabi_memcpy4
                0x0000536a                __aeabi_memcpy8
 .text.__aeabi_assert
                0x0000536e        0xe ../../external/gcc/LPC1768/libc.a(lib_a-clibabi_assert.o)
                0x0000536e                __aeabi_assert
 .text.setup_aeabi_stdio
                0x0000537c       0x28 ../../external/gcc/LPC1768/libc.a(lib_a-clibabi_stdio.o)
 .text.__cxa_atexit
                0x000053a4       0x16 ../../external/gcc/LPC1768/libc.a(lib_a-cxa_atexit.o)
                0x000053a4                __cxa_atexit
 *fill*         0x000053ba        0x2 00
 .text._fclose_r
                0x000053bc       0xac ../../external/gcc/LPC1768/libc.a(lib_a-fclose.o)
                0x000053bc                _fclose_r
 .text.fclose   0x00005468       0x10 ../../external/gcc/LPC1768/libc.a(lib_a-fclose.o)
                0x00005468                fclose
 .text._fflush_r
                0x00005478      0x174 ../../external/gcc/LPC1768/libc.a(lib_a-fflush.o)
                0x00005478                _fflush_r
 .text.fflush   0x000055ec       0x24 ../../external/gcc/LPC1768/libc.a(lib_a-fflush.o)
                0x000055ec                fflush
 .text._fgetc_r
                0x00005610       0x58 ../../external/gcc/LPC1768/libc.a(lib_a-fgetc.o)
                0x00005610                _fgetc_r
 .text.fgetc    0x00005668       0x10 ../../external/gcc/LPC1768/libc.a(lib_a-fgetc.o)
                0x00005668                fgetc
 .text._cleanup_r
                0x00005678        0xc ../../external/gcc/LPC1768/libc.a(lib_a-findfp.o)
                0x00005678                _cleanup_r
 .text.std.clone.0
                0x00005684       0x48 ../../external/gcc/LPC1768/libc.a(lib_a-findfp.o)
 .text.__sfmoreglue
                0x000056cc       0x28 ../../external/gcc/LPC1768/libc.a(lib_a-findfp.o)
                0x000056cc                __sfmoreglue
 .text.__sinit  0x000056f4       0x5c ../../external/gcc/LPC1768/libc.a(lib_a-findfp.o)
                0x000056f4                __sinit
 .text.__sfp    0x00005750       0x78 ../../external/gcc/LPC1768/libc.a(lib_a-findfp.o)
                0x00005750                __sfp
 .text.__sfp_lock_acquire
                0x000057c8        0x2 ../../external/gcc/LPC1768/libc.a(lib_a-findfp.o)
                0x000057c8                __sfp_lock_acquire
 .text.__sfp_lock_release
                0x000057ca        0x2 ../../external/gcc/LPC1768/libc.a(lib_a-findfp.o)
                0x000057ca                __sfp_lock_release
 .text._fopen_r
                0x000057cc       0x84 ../../external/gcc/LPC1768/libc.a(lib_a-fopen.o)
                0x000057cc                _fopen_r
 .text.fopen    0x00005850       0x14 ../../external/gcc/LPC1768/libc.a(lib_a-fopen.o)
                0x00005850                fopen
 .text.fprintf  0x00005864       0x24 ../../external/gcc/LPC1768/libc.a(lib_a-fprintf.o)
                0x00005864                fprintf
 .text._fputc_r
                0x00005888       0x48 ../../external/gcc/LPC1768/libc.a(lib_a-fputc.o)
                0x00005888                _fputc_r
 .text.fputc    0x000058d0       0x14 ../../external/gcc/LPC1768/libc.a(lib_a-fputc.o)
                0x000058d0                fputc
 .text._fputs_r
                0x000058e4       0x74 ../../external/gcc/LPC1768/libc.a(lib_a-fputs.o)
                0x000058e4                _fputs_r
 .text.fputs    0x00005958       0x14 ../../external/gcc/LPC1768/libc.a(lib_a-fputs.o)
                0x00005958                fputs
 .text._malloc_trim_r
                0x0000596c       0x94 ../../external/gcc/LPC1768/libc.a(lib_a-freer.o)
                0x0000596c                _malloc_trim_r
 .text._free_r  0x00005a00      0x180 ../../external/gcc/LPC1768/libc.a(lib_a-freer.o)
                0x00005a00                _free_r
 .text._fseek_r
                0x00005b80      0x2cc ../../external/gcc/LPC1768/libc.a(lib_a-fseek.o)
                0x00005b80                _fseek_r
 .text._fstat_r
                0x00005e4c       0x24 ../../external/gcc/LPC1768/libc.a(lib_a-fstatr.o)
                0x00005e4c                _fstat_r
 .text.__sfvwrite_r
                0x00005e70      0x294 ../../external/gcc/LPC1768/libc.a(lib_a-fvwrite.o)
                0x00005e70                __sfvwrite_r
 .text._fwalk   0x00006104       0x44 ../../external/gcc/LPC1768/libc.a(lib_a-fwalk.o)
                0x00006104                _fwalk
 .text._fwalk_reent
                0x00006148       0x48 ../../external/gcc/LPC1768/libc.a(lib_a-fwalk.o)
                0x00006148                _fwalk_reent
 .text._fwrite_r
                0x00006190       0x90 ../../external/gcc/LPC1768/libc.a(lib_a-fwrite.o)
                0x00006190                _fwrite_r
 .text.fwrite   0x00006220       0x20 ../../external/gcc/LPC1768/libc.a(lib_a-fwrite.o)
                0x00006220                fwrite
 .text.__libc_init_array
                0x00006240       0x48 ../../external/gcc/LPC1768/libc.a(lib_a-init.o)
                0x00006240                __libc_init_array
 .text.__smakebuf_r
                0x00006288       0xdc ../../external/gcc/LPC1768/libc.a(lib_a-makebuf.o)
                0x00006288                __smakebuf_r
 .text.malloc   0x00006364       0x10 ../../external/gcc/LPC1768/libc.a(lib_a-malloc.o)
                0x00006364                malloc
 .text.free     0x00006374       0x10 ../../external/gcc/LPC1768/libc.a(lib_a-malloc.o)
                0x00006374                free
 .text._malloc_r
                0x00006384      0x408 ../../external/gcc/LPC1768/libc.a(lib_a-mallocr.o)
                0x00006384                _malloc_r
 .text.memchr   0x0000678c       0x1c ../../external/gcc/LPC1768/libc.a(lib_a-memchr.o)
                0x0000678c                memchr
 .text.memcmp   0x000067a8       0x1c ../../external/gcc/LPC1768/libc.a(lib_a-memcmp.o)
                0x000067a8                memcmp
 .text.memcpy   0x000067c4       0x16 ../../external/gcc/LPC1768/libc.a(lib_a-memcpy.o)
                0x000067c4                memcpy
 .text.memmove  0x000067da       0x30 ../../external/gcc/LPC1768/libc.a(lib_a-memmove.o)
                0x000067da                memmove
 .text.memset   0x0000680a       0x10 ../../external/gcc/LPC1768/libc.a(lib_a-memset.o)
                0x0000680a                memset
 .text.__malloc_lock
                0x0000681a        0x2 ../../external/gcc/LPC1768/libc.a(lib_a-mlock.o)
                0x0000681a                __malloc_lock
 .text.__malloc_unlock
                0x0000681c        0x2 ../../external/gcc/LPC1768/libc.a(lib_a-mlock.o)
                0x0000681c                __malloc_unlock
 *fill*         0x0000681e        0x2 00
 .text._open_r  0x00006820       0x28 ../../external/gcc/LPC1768/libc.a(lib_a-openr.o)
                0x00006820                _open_r
 .text._putc_r  0x00006848       0x80 ../../external/gcc/LPC1768/libc.a(lib_a-putc.o)
                0x00006848                _putc_r
 .text._puts_r  0x000068c8       0x70 ../../external/gcc/LPC1768/libc.a(lib_a-puts.o)
                0x000068c8                _puts_r
 .text.puts     0x00006938       0x10 ../../external/gcc/LPC1768/libc.a(lib_a-puts.o)
                0x00006938                puts
 .text.realloc  0x00006948       0x14 ../../external/gcc/LPC1768/libc.a(lib_a-realloc.o)
                0x00006948                realloc
 .text._realloc_r
                0x0000695c      0x2f8 ../../external/gcc/LPC1768/libc.a(lib_a-reallocr.o)
                0x0000695c                _realloc_r
 .text.lflush   0x00006c54       0x12 ../../external/gcc/LPC1768/libc.a(lib_a-refill.o)
 *fill*         0x00006c66        0x2 00
 .text.__srefill_r
                0x00006c68      0x118 ../../external/gcc/LPC1768/libc.a(lib_a-refill.o)
                0x00006c68                __srefill_r
 .text.__srget_r
                0x00006d80       0x58 ../../external/gcc/LPC1768/libc.a(lib_a-rget.o)
                0x00006d80                __srget_r
 .text._sbrk_r  0x00006dd8       0x24 ../../external/gcc/LPC1768/libc.a(lib_a-sbrkr.o)
                0x00006dd8                _sbrk_r
 .text.setbuf   0x00006dfc        0xe ../../external/gcc/LPC1768/libc.a(lib_a-setbuf.o)
                0x00006dfc                setbuf
 *fill*         0x00006e0a        0x2 00
 .text.setvbuf  0x00006e0c      0x120 ../../external/gcc/LPC1768/libc.a(lib_a-setvbuf.o)
                0x00006e0c                setvbuf
 .text._raise_r
                0x00006f2c       0x56 ../../external/gcc/LPC1768/libc.a(lib_a-signal.o)
                0x00006f2c                _raise_r
 *fill*         0x00006f82        0x2 00
 .text.raise    0x00006f84       0x10 ../../external/gcc/LPC1768/libc.a(lib_a-signal.o)
                0x00006f84                raise
 .text._kill_r  0x00006f94       0x24 ../../external/gcc/LPC1768/libc.a(lib_a-signalr.o)
                0x00006f94                _kill_r
 .text._getpid_r
                0x00006fb8        0x4 ../../external/gcc/LPC1768/libc.a(lib_a-signalr.o)
                0x00006fb8                _getpid_r
 .text.sprintf  0x00006fbc       0x48 ../../external/gcc/LPC1768/libc.a(lib_a-sprintf.o)
                0x00006fbc                sprintf
 .text.sscanf   0x00007004       0x54 ../../external/gcc/LPC1768/libc.a(lib_a-sscanf.o)
                0x00007004                sscanf
 .text.__sread  0x00007058       0x22 ../../external/gcc/LPC1768/libc.a(lib_a-stdio.o)
                0x00007058                __sread
 .text.__seofread
                0x0000707a        0x4 ../../external/gcc/LPC1768/libc.a(lib_a-stdio.o)
                0x0000707a                __seofread
 .text.__swrite
                0x0000707e       0x3a ../../external/gcc/LPC1768/libc.a(lib_a-stdio.o)
                0x0000707e                __swrite
 .text.__sseek  0x000070b8       0x26 ../../external/gcc/LPC1768/libc.a(lib_a-stdio.o)
                0x000070b8                __sseek
 .text.__sclose
                0x000070de        0x8 ../../external/gcc/LPC1768/libc.a(lib_a-stdio.o)
                0x000070de                __sclose
 .text.strcmp   0x000070e6       0x16 ../../external/gcc/LPC1768/libc.a(lib_a-strcmp.o)
                0x000070e6                strcmp
 .text.strcpy   0x000070fc       0x10 ../../external/gcc/LPC1768/libc.a(lib_a-strcpy.o)
                0x000070fc                strcpy
 .text.strlen   0x0000710c       0x10 ../../external/gcc/LPC1768/libc.a(lib_a-strlen.o)
                0x0000710c                strlen
 .text.strncmp  0x0000711c       0x2a ../../external/gcc/LPC1768/libc.a(lib_a-strncmp.o)
                0x0000711c                strncmp
 *fill*         0x00007146        0x2 00
 .text._strtol_r
                0x00007148      0x124 ../../external/gcc/LPC1768/libc.a(lib_a-strtol.o)
                0x00007148                _strtol_r
 .text.strtol   0x0000726c       0x1c ../../external/gcc/LPC1768/libc.a(lib_a-strtol.o)
                0x0000726c                strtol
 .text._svfprintf_r
                0x00007288     0x1100 ../../external/gcc/LPC1768/libc.a(lib_a-svfprintf.o)
                0x00007288                _svfprintf_r
 .text.__ssvfscanf_r
                0x00008388      0xbdc ../../external/gcc/LPC1768/libc.a(lib_a-svfscanf.o)
                0x00008388                __ssvfscanf_r
 .text.write    0x00008f64       0x1c ../../external/gcc/LPC1768/libc.a(lib_a-syswrite.o)
                0x00008f64                write
 .text._vfprintf_r
                0x00008f80     0x11cc ../../external/gcc/LPC1768/libc.a(lib_a-vfprintf.o)
                0x00008f80                _vfprintf_r
 .text.__swbuf_r
                0x0000a14c       0xcc ../../external/gcc/LPC1768/libc.a(lib_a-wbuf.o)
                0x0000a14c                __swbuf_r
 .text._write_r
                0x0000a218       0x28 ../../external/gcc/LPC1768/libc.a(lib_a-writer.o)
                0x0000a218                _write_r
 .text.__swsetup_r
                0x0000a240       0xdc ../../external/gcc/LPC1768/libc.a(lib_a-wsetup.o)
                0x0000a240                __swsetup_r
 .text.__register_exitproc
                0x0000a31c       0xc0 ../../external/gcc/LPC1768/libc.a(lib_a-__atexit.o)
                0x0000a31c                __register_exitproc
 .text.__assert_func
                0x0000a3dc       0x38 ../../external/gcc/LPC1768/libc.a(lib_a-assert.o)
                0x0000a3dc                __assert_func
 .text.__assert
                0x0000a414        0xa ../../external/gcc/LPC1768/libc.a(lib_a-assert.o)
                0x0000a414                __assert
 *fill*         0x0000a41e        0x2 00
 .text._close_r
                0x0000a420       0x24 ../../external/gcc/LPC1768/libc.a(lib_a-closer.o)
                0x0000a420                _close_r
 .text.quorem   0x0000a444      0x124 ../../external/gcc/LPC1768/libc.a(lib_a-dtoa.o)
 .text._dtoa_r  0x0000a568      0xc08 ../../external/gcc/LPC1768/libc.a(lib_a-dtoa.o)
                0x0000a568                _dtoa_r
 .text.fiprintf
                0x0000b170       0x24 ../../external/gcc/LPC1768/libc.a(lib_a-fiprintf.o)
                0x0000b170                fiprintf
 .text.__sflags
                0x0000b194       0x64 ../../external/gcc/LPC1768/libc.a(lib_a-flags.o)
                0x0000b194                __sflags
 .text._isatty_r
                0x0000b1f8       0x24 ../../external/gcc/LPC1768/libc.a(lib_a-isattyr.o)
                0x0000b1f8                _isatty_r
 .text.iswspace
                0x0000b21c       0x1c ../../external/gcc/LPC1768/libc.a(lib_a-iswspace.o)
                0x0000b21c                iswspace
 .text.__locale_charset
                0x0000b238        0x8 ../../external/gcc/LPC1768/libc.a(lib_a-locale.o)
                0x0000b238                __locale_charset
 .text.__locale_mb_cur_max
                0x0000b240        0xc ../../external/gcc/LPC1768/libc.a(lib_a-locale.o)
                0x0000b240                __locale_mb_cur_max
 .text._localeconv_r
                0x0000b24c        0x8 ../../external/gcc/LPC1768/libc.a(lib_a-locale.o)
                0x0000b24c                _localeconv_r
 .text._lseek_r
                0x0000b254       0x28 ../../external/gcc/LPC1768/libc.a(lib_a-lseekr.o)
                0x0000b254                _lseek_r
 .text._mbrtowc_r
                0x0000b27c       0x54 ../../external/gcc/LPC1768/libc.a(lib_a-mbrtowc.o)
                0x0000b27c                _mbrtowc_r
 .text.__ascii_mbtowc
                0x0000b2d0       0x26 ../../external/gcc/LPC1768/libc.a(lib_a-mbtowc_r.o)
                0x0000b2d0                __ascii_mbtowc
 .text._Balloc  0x0000b2f6       0x62 ../../external/gcc/LPC1768/libc.a(lib_a-mprec.o)
                0x0000b2f6                _Balloc
 .text._Bfree   0x0000b358       0x2e ../../external/gcc/LPC1768/libc.a(lib_a-mprec.o)
                0x0000b358                _Bfree
 .text.__multadd
                0x0000b386       0x7c ../../external/gcc/LPC1768/libc.a(lib_a-mprec.o)
                0x0000b386                __multadd
 .text.__s2b    0x0000b402       0x7c ../../external/gcc/LPC1768/libc.a(lib_a-mprec.o)
                0x0000b402                __s2b
 .text.__hi0bits
                0x0000b47e       0x40 ../../external/gcc/LPC1768/libc.a(lib_a-mprec.o)
                0x0000b47e                __hi0bits
 .text.__lo0bits
                0x0000b4be       0x64 ../../external/gcc/LPC1768/libc.a(lib_a-mprec.o)
                0x0000b4be                __lo0bits
 .text.__i2b    0x0000b522       0x12 ../../external/gcc/LPC1768/libc.a(lib_a-mprec.o)
                0x0000b522                __i2b
 .text.__multiply
                0x0000b534      0x124 ../../external/gcc/LPC1768/libc.a(lib_a-mprec.o)
                0x0000b534                __multiply
 .text.__pow5mult
                0x0000b658       0xa4 ../../external/gcc/LPC1768/libc.a(lib_a-mprec.o)
                0x0000b658                __pow5mult
 .text.__lshift
                0x0000b6fc       0x98 ../../external/gcc/LPC1768/libc.a(lib_a-mprec.o)
                0x0000b6fc                __lshift
 .text.__mcmp   0x0000b794       0x3a ../../external/gcc/LPC1768/libc.a(lib_a-mprec.o)
                0x0000b794                __mcmp
 .text.__mdiff  0x0000b7ce       0xc6 ../../external/gcc/LPC1768/libc.a(lib_a-mprec.o)
                0x0000b7ce                __mdiff
 .text.__ulp    0x0000b894       0x40 ../../external/gcc/LPC1768/libc.a(lib_a-mprec.o)
                0x0000b894                __ulp
 .text.__b2d    0x0000b8d4       0xa4 ../../external/gcc/LPC1768/libc.a(lib_a-mprec.o)
                0x0000b8d4                __b2d
 .text.__d2b    0x0000b978       0xbc ../../external/gcc/LPC1768/libc.a(lib_a-mprec.o)
                0x0000b978                __d2b
 .text.__ratio  0x0000ba34       0x46 ../../external/gcc/LPC1768/libc.a(lib_a-mprec.o)
                0x0000ba34                __ratio
 .text.__copybits
                0x0000ba7a       0x32 ../../external/gcc/LPC1768/libc.a(lib_a-mprec.o)
                0x0000ba7a                __copybits
 .text.__any_on
                0x0000baac       0x4a ../../external/gcc/LPC1768/libc.a(lib_a-mprec.o)
                0x0000baac                __any_on
 *fill*         0x0000baf6        0x2 00
 .text._read_r  0x0000baf8       0x28 ../../external/gcc/LPC1768/libc.a(lib_a-readr.o)
                0x0000baf8                _read_r
 .text.__fpclassifyd
                0x0000bb20       0x64 ../../external/gcc/LPC1768/libc.a(lib_a-s_fpclassify.o)
                0x0000bb20                __fpclassifyd
 .text.__sccl   0x0000bb84       0x64 ../../external/gcc/LPC1768/libc.a(lib_a-sccl.o)
                0x0000bb84                __sccl
 .text.nanf     0x0000bbe8        0x8 ../../external/gcc/LPC1768/libc.a(lib_a-sf_nan.o)
                0x0000bbe8                nanf
 .text.match    0x0000bbf0       0x2c ../../external/gcc/LPC1768/libc.a(lib_a-strtod.o)
 *fill*         0x0000bc1c        0x4 00
 .text._strtod_r
                0x0000bc20      0xbd8 ../../external/gcc/LPC1768/libc.a(lib_a-strtod.o)
                0x0000bc20                _strtod_r
 .text._strtoll_r
                0x0000c7f8      0x16c ../../external/gcc/LPC1768/libc.a(lib_a-strtoll_r.o)
                0x0000c7f8                _strtoll_r
 .text._strtoul_r
                0x0000c964       0xfc ../../external/gcc/LPC1768/libc.a(lib_a-strtoul.o)
                0x0000c964                _strtoul_r
 .text._strtoull_r
                0x0000ca60      0x154 ../../external/gcc/LPC1768/libc.a(lib_a-strtoull_r.o)
                0x0000ca60                _strtoull_r
 .text.__ssprint_r
                0x0000cbb4       0xf6 ../../external/gcc/LPC1768/libc.a(lib_a-svfiprintf.o)
                0x0000cbb4                __ssprint_r
 .text._sungetc_r
                0x0000ccaa       0x7a ../../external/gcc/LPC1768/libc.a(lib_a-svfiscanf.o)
                0x0000ccaa                _sungetc_r
 .text.__ssrefill_r
                0x0000cd24       0x3a ../../external/gcc/LPC1768/libc.a(lib_a-svfiscanf.o)
                0x0000cd24                __ssrefill_r
 .text._sfread_r
                0x0000cd5e       0x70 ../../external/gcc/LPC1768/libc.a(lib_a-svfiscanf.o)
                0x0000cd5e                _sfread_r
 .text.__submore
                0x0000cdce       0x78 ../../external/gcc/LPC1768/libc.a(lib_a-ungetc.o)
                0x0000cdce                __submore
 .text.__sprint_r
                0x0000ce46       0x74 ../../external/gcc/LPC1768/libc.a(lib_a-vfiprintf.o)
                0x0000ce46                __sprint_r
 *fill*         0x0000ceba        0x2 00
 .text._vfiprintf_r
                0x0000cebc      0x914 ../../external/gcc/LPC1768/libc.a(lib_a-vfiprintf.o)
                0x0000cebc                _vfiprintf_r
 .text._calloc_r
                0x0000d7d0       0x58 ../../external/gcc/LPC1768/libc.a(lib_a-callocr.o)
                0x0000d7d0                _calloc_r
 .text._fputwc_r
                0x0000d828       0xbe ../../external/gcc/LPC1768/libc.a(lib_a-fputwc.o)
                0x0000d828                _fputwc_r
 .text.rshift   0x0000d8e6       0x6c ../../external/gcc/LPC1768/libc.a(lib_a-gdtoa-gethex.o)
 *fill*         0x0000d952        0x2 00
 .text.htinit.clone.0
                0x0000d954       0x1c ../../external/gcc/LPC1768/libc.a(lib_a-gdtoa-gethex.o)
 .text.__hexdig_init
                0x0000d970       0x2c ../../external/gcc/LPC1768/libc.a(lib_a-gdtoa-gethex.o)
                0x0000d970                __hexdig_init
 .text.__gethex
                0x0000d99c      0x460 ../../external/gcc/LPC1768/libc.a(lib_a-gdtoa-gethex.o)
                0x0000d99c                __gethex
 .text.L_shift  0x0000ddfc       0x34 ../../external/gcc/LPC1768/libc.a(lib_a-gdtoa-hexnan.o)
 .text.__hexnan
                0x0000de30      0x11c ../../external/gcc/LPC1768/libc.a(lib_a-gdtoa-hexnan.o)
                0x0000de30                __hexnan
 .text._wcrtomb_r
                0x0000df4c       0x50 ../../external/gcc/LPC1768/libc.a(lib_a-wcrtomb.o)
                0x0000df4c                _wcrtomb_r
 .text.__ascii_wctomb
                0x0000df9c       0x1a ../../external/gcc/LPC1768/libc.a(lib_a-wctomb_r.o)
                0x0000df9c                __ascii_wctomb
 *fill*         0x0000dfb6        0x2 00
 .text          0x0000dfb8      0x278 /media/6aafac43-5450-453e-a142-f588400933c0/Sandbox/arm/bin/../lib/gcc/arm-none-eabi/4.5.2/thumb2/libgcc.a(_udivsi3.o)
                0x0000dfb8                __udivsi3
                0x0000dfb8                __aeabi_uidiv
                0x0000e214                __aeabi_uidivmod
 .text          0x0000e230      0x2b0 /media/6aafac43-5450-453e-a142-f588400933c0/Sandbox/arm/bin/../lib/gcc/arm-none-eabi/4.5.2/thumb2/libgcc.a(_divsi3.o)
                0x0000e230                __aeabi_idiv
                0x0000e230                __divsi3
                0x0000e4c4                __aeabi_idivmod
 .text          0x0000e4e0        0x4 /media/6aafac43-5450-453e-a142-f588400933c0/Sandbox/arm/bin/../lib/gcc/arm-none-eabi/4.5.2/thumb2/libgcc.a(_dvmd_tls.o)
                0x0000e4e0                __aeabi_ldiv0
                0x0000e4e0                __aeabi_idiv0
 .text          0x0000e4e4      0x110 /media/6aafac43-5450-453e-a142-f588400933c0/Sandbox/arm/bin/../lib/gcc/arm-none-eabi/4.5.2/thumb2/libgcc.a(_arm_cmpdf2.o)
                0x0000e4e4                __gtdf2
                0x0000e4e4                __gedf2
                0x0000e4ec                __ltdf2
                0x0000e4ec                __ledf2
                0x0000e4f4                __cmpdf2
                0x0000e4f4                __eqdf2
                0x0000e4f4                __nedf2
                0x0000e570                __aeabi_cdrcmple
                0x0000e580                __aeabi_cdcmple
                0x0000e580                __aeabi_cdcmpeq
                0x0000e590                __aeabi_dcmpeq
                0x0000e5a4                __aeabi_dcmplt
                0x0000e5b8                __aeabi_dcmple
                0x0000e5cc                __aeabi_dcmpge
                0x0000e5e0                __aeabi_dcmpgt
 .text          0x0000e5f4       0x40 /media/6aafac43-5450-453e-a142-f588400933c0/Sandbox/arm/bin/../lib/gcc/arm-none-eabi/4.5.2/thumb2/libgcc.a(_arm_fixunsdfsi.o)
                0x0000e5f4                __fixunsdfsi
                0x0000e5f4                __aeabi_d2uiz
 .text          0x0000e634       0x2c /media/6aafac43-5450-453e-a142-f588400933c0/Sandbox/arm/bin/../lib/gcc/arm-none-eabi/4.5.2/thumb2/libgcc.a(_aeabi_uldivmod.o)
                0x0000e634                __aeabi_uldivmod
 .text          0x0000e660       0x60 /media/6aafac43-5450-453e-a142-f588400933c0/Sandbox/arm/bin/../lib/gcc/arm-none-eabi/4.5.2/thumb2/libgcc.a(bpabi.o)
                0x0000e660                __gnu_ldivmod_helper
                0x0000e690                __gnu_uldivmod_helper
 .text          0x0000e6c0      0x360 /media/6aafac43-5450-453e-a142-f588400933c0/Sandbox/arm/bin/../lib/gcc/arm-none-eabi/4.5.2/thumb2/libgcc.a(_divdi3.o)
                0x0000e6c0                __divdi3
 .text          0x0000ea20      0x308 /media/6aafac43-5450-453e-a142-f588400933c0/Sandbox/arm/bin/../lib/gcc/arm-none-eabi/4.5.2/thumb2/libgcc.a(_udivdi3.o)
                0x0000ea20                __udivdi3
 *(.gnu.linkonce.t.*)
 *(.glue_7)
 .glue_7        0x00000000        0x0 linker stubs
 *(.glue_7t)
 .glue_7t       0x00000000        0x0 linker stubs
 *(.gcc_except_table)
 *(.rodata .rodata*)
 .rodata.str1.4
                0x0000ed28       0x84 ../../src/syscalls.o
 .rodata._ZZL35HandleQueryTransferMemoryMapCommandP9SMriStateE12MemoryMapXML
                0x0000edac      0x1fc ../../mri/mri.ar(mri.o)
 .rodata._ZZL26HandleQueryTransferCommandP9SMriStateE15MemoryMapObject
                0x0000efa8        0xb ../../mri/mri.ar(mri.o)
 .rodata._ZL15NibbleToHexChar
                0x0000efb3       0x10 ../../mri/mri.ar(mri.o)
 *fill*         0x0000efc3        0x1 00
 .rodata._ZZL16HandleGDBCommandP9SMriStateE12CommandTable
                0x0000efc4       0x50 ../../mri/mri.ar(mri.o)
 .rodata._ZZL26DetermineCauseOfDebugEventvE21DebugEventToSignalMap
                0x0000f014       0x20 ../../mri/mri.ar(mri.o)
 .rodata.str1.1
                0x0000f034       0x78 ../../mri/mri.ar(mri.o)
 .rodata._ZZL18HandleQueryCommandP9SMriStateE17qSupportedCommand
                0x0000f0ac        0xa ../../mri/mri.ar(mri.o)
 .rodata._ZZL35HandleQueryTransferMemoryMapCommandP9SMriStateE11ReadCommand
                0x0000f0b6        0x5 ../../mri/mri.ar(mri.o)
 .rodata._ZZL18HandleQueryCommandP9SMriStateE12qXferCommand
                0x0000f0bb        0x5 ../../mri/mri.ar(mri.o)
 .rodata._ZZL27HandleQuerySupportedCommandP9SMriStateE20QuerySupportResponse
                0x0000f0c0       0x23 ../../mri/mri.ar(mri.o)
 *fill*         0x0000f0e3        0x5 00
 .rodata._ZTVN10__cxxabiv117__class_type_infoE
                0x0000f0e8       0x30 ../../external/gcc/LPC1768/libstdc++.a(class_type_info.o)
                0x0000f0e8                _ZTVN10__cxxabiv117__class_type_infoE
 .rodata._ZTIN10__cxxabiv117__class_type_infoE
                0x0000f118        0xc ../../external/gcc/LPC1768/libstdc++.a(class_type_info.o)
                0x0000f118                _ZTIN10__cxxabiv117__class_type_infoE
 .rodata._ZTSN10__cxxabiv117__class_type_infoE
                0x0000f124       0x22 ../../external/gcc/LPC1768/libstdc++.a(class_type_info.o)
                0x0000f124                _ZTSN10__cxxabiv117__class_type_infoE
 .rodata.str1.1
                0x0000f146       0x1c ../../external/gcc/LPC1768/libstdc++.a(pure.o)
 *fill*         0x0000f162        0x6 00
 .rodata._ZTVN10__cxxabiv120__si_class_type_infoE
                0x0000f168       0x30 ../../external/gcc/LPC1768/libstdc++.a(si_class_type_info.o)
                0x0000f168                _ZTVN10__cxxabiv120__si_class_type_infoE
 .rodata._ZTIN10__cxxabiv120__si_class_type_infoE
                0x0000f198        0xc ../../external/gcc/LPC1768/libstdc++.a(si_class_type_info.o)
                0x0000f198                _ZTIN10__cxxabiv120__si_class_type_infoE
 .rodata._ZTSN10__cxxabiv120__si_class_type_infoE
                0x0000f1a4       0x25 ../../external/gcc/LPC1768/libstdc++.a(si_class_type_info.o)
                0x0000f1a4                _ZTSN10__cxxabiv120__si_class_type_infoE
 *fill*         0x0000f1c9        0x3 00
 .rodata._ZTISt9type_info
                0x0000f1cc        0x8 ../../external/gcc/LPC1768/libstdc++.a(tinfo.o)
                0x0000f1cc                _ZTISt9type_info
 .rodata._ZTSSt9type_info
                0x0000f1d4        0xd ../../external/gcc/LPC1768/libstdc++.a(tinfo.o)
                0x0000f1d4                _ZTSSt9type_info
 *fill*         0x0000f1e1        0x7 00
 .rodata._ZTVSt9type_info
                0x0000f1e8       0x20 ../../external/gcc/LPC1768/libstdc++.a(tinfo.o)
                0x0000f1e8                _ZTVSt9type_info
 .rodata._ZTIN10__cxxabiv121__vmi_class_type_infoE
                0x0000f208        0xc ../../external/gcc/LPC1768/libstdc++.a(vmi_class_type_info.o)
                0x0000f208                _ZTIN10__cxxabiv121__vmi_class_type_infoE
 .rodata._ZTSN10__cxxabiv121__vmi_class_type_infoE
                0x0000f214       0x26 ../../external/gcc/LPC1768/libstdc++.a(vmi_class_type_info.o)
                0x0000f214                _ZTSN10__cxxabiv121__vmi_class_type_infoE
 *fill*         0x0000f23a        0x6 00
 .rodata._ZTVN10__cxxabiv121__vmi_class_type_infoE
                0x0000f240       0x30 ../../external/gcc/LPC1768/libstdc++.a(vmi_class_type_info.o)
                0x0000f240                _ZTVN10__cxxabiv121__vmi_class_type_infoE
 .rodata.str1.1
                0x0000f270       0x80 ../../external/gcc/LPC1768/libstdc++.a(vterminate.o)
 .rodata        0x0000f2f0      0x694 ../../external/gcc/LPC1768/libstdc++.a(cp-demangle.o)
 .rodata.str1.1
                0x0000f984      0x552 ../../external/gcc/LPC1768/libstdc++.a(cp-demangle.o)
                                0x601 (size before relaxing)
 .rodata.__aeabi_ctype_table_C
                0x0000fed6      0x101 ../../external/gcc/LPC1768/libc.a(lib_a-clibabi_ctype.o)
                0x0000fed6                __aeabi_ctype_table_
                0x0000fed6                __aeabi_ctype_table_C
 *fill*         0x0000ffd7        0x1 00
 .rodata.__sf_fake_stdin
                0x0000ffd8       0x20 ../../external/gcc/LPC1768/libc.a(lib_a-findfp.o)
                0x0000ffd8                __sf_fake_stdin
 .rodata.__sf_fake_stdout
                0x0000fff8       0x20 ../../external/gcc/LPC1768/libc.a(lib_a-findfp.o)
                0x0000fff8                __sf_fake_stdout
 .rodata.__sf_fake_stderr
                0x00010018       0x20 ../../external/gcc/LPC1768/libc.a(lib_a-findfp.o)
                0x00010018                __sf_fake_stderr
 .rodata.str1.1
                0x00010038        0x2 ../../external/gcc/LPC1768/libc.a(lib_a-impure.o)
 *fill*         0x0001003a        0x2 00
 .rodata._global_impure_ptr
                0x0001003c        0x4 ../../external/gcc/LPC1768/libc.a(lib_a-impure.o)
                0x0001003c                _global_impure_ptr
 .rodata.str1.1
                0x00000000        0x2 ../../external/gcc/LPC1768/libc.a(lib_a-puts.o)
 .rodata.zeroes.6599
                0x00010040       0x10 ../../external/gcc/LPC1768/libc.a(lib_a-svfprintf.o)
 .rodata.str1.1
                0x00010050       0x34 ../../external/gcc/LPC1768/libc.a(lib_a-svfprintf.o)
 .rodata.blanks.6598
                0x00010084       0x10 ../../external/gcc/LPC1768/libc.a(lib_a-svfprintf.o)
 .rodata.str1.1
                0x00010094        0x5 ../../external/gcc/LPC1768/libc.a(lib_a-svfscanf.o)
 *fill*         0x00010099        0x1 00
 .rodata.basefix.6519
                0x0001009a       0x22 ../../external/gcc/LPC1768/libc.a(lib_a-svfscanf.o)
 .rodata.blanks.6613
                0x000100bc       0x10 ../../external/gcc/LPC1768/libc.a(lib_a-vfprintf.o)
 .rodata.str1.1
                0x00000000       0x34 ../../external/gcc/LPC1768/libc.a(lib_a-vfprintf.o)
 .rodata.zeroes.6614
                0x000100cc       0x10 ../../external/gcc/LPC1768/libc.a(lib_a-vfprintf.o)
 .rodata.str1.1
                0x000100dc       0x3c ../../external/gcc/LPC1768/libc.a(lib_a-assert.o)
                                 0x3d (size before relaxing)
 .rodata._ctype_
                0x00010118      0x101 ../../external/gcc/LPC1768/libc.a(lib_a-ctype_.o)
                0x00010118                _ctype_
 .rodata.str1.1
                0x00010219        0xd ../../external/gcc/LPC1768/libc.a(lib_a-dtoa.o)
                                  0xf (size before relaxing)
 .rodata.str1.1
                0x00010226        0x6 ../../external/gcc/LPC1768/libc.a(lib_a-locale.o)
                                  0xb (size before relaxing)
 .rodata.str1.1
                0x00000000        0x1 ../../external/gcc/LPC1768/libc.a(lib_a-mbrtowc.o)
 .rodata.p05.5124
                0x0001022c        0xc ../../external/gcc/LPC1768/libc.a(lib_a-mprec.o)
 .rodata.__mprec_tens
                0x00010238       0xc8 ../../external/gcc/LPC1768/libc.a(lib_a-mprec.o)
                0x00010238                __mprec_tens
 .rodata.__mprec_bigtens
                0x00010300       0x28 ../../external/gcc/LPC1768/libc.a(lib_a-mprec.o)
                0x00010300                __mprec_bigtens
 .rodata.str1.1
                0x00000000        0x6 ../../external/gcc/LPC1768/libc.a(lib_a-strtod.o)
                                  0xc (size before relaxing)
 .rodata.tinytens
                0x00010328       0x28 ../../external/gcc/LPC1768/libc.a(lib_a-strtod.o)
 .rodata.blanks.6556
                0x00010350       0x10 ../../external/gcc/LPC1768/libc.a(lib_a-vfiprintf.o)
 .rodata.str1.1
                0x00000000       0x22 ../../external/gcc/LPC1768/libc.a(lib_a-vfiprintf.o)
 .rodata.zeroes.6557
                0x00010360       0x10 ../../external/gcc/LPC1768/libc.a(lib_a-vfiprintf.o)
 .rodata.str1.1
                0x00010370        0xb ../../external/gcc/LPC1768/libc.a(lib_a-gdtoa-gethex.o)
                                 0x19 (size before relaxing)
 *(.gnu.linkonce.r.*)
                0x0001037c                . = ALIGN (0x4)
 *fill*         0x0001037b        0x1 00
 *(.init)
 .init          0x0001037c        0x4 /media/6aafac43-5450-453e-a142-f588400933c0/Sandbox/arm/bin/../lib/gcc/arm-none-eabi/4.5.2/thumb2/crti.o
                0x0001037c                _init
 .init          0x00010380        0x8 /media/6aafac43-5450-453e-a142-f588400933c0/Sandbox/arm/bin/../lib/gcc/arm-none-eabi/4.5.2/thumb2/crtn.o
                0x00010388                . = ALIGN (0x4)
                0x00010388                __preinit_array_start = .
 *(.preinit_array)
 .preinit_array
                0x00010388        0x4 ../../external/gcc/LPC1768/libc.a(lib_a-clibabi_stdio.o)
                0x0001038c                __preinit_array_end = .
                0x0001038c                . = ALIGN (0x4)
                0x0001038c                __init_array_start = .
 *(SORT(.init_array.*))
 *(.init_array)
 .init_array    0x0001038c        0x4 /media/6aafac43-5450-453e-a142-f588400933c0/Sandbox/arm/bin/../lib/gcc/arm-none-eabi/4.5.2/thumb2/crtbegin.o
 .init_array    0x00010390        0x4 ./main.o
 .init_array    0x00010394        0x4 ../../mri/mri.ar(mri.o)
                0x00010398                __init_array_end = .
                0x00010398                . = ALIGN (0x4)
 *crtbegin.o(.ctors)
 *(EXCLUDE_FILE(*crtend.o) .ctors)
 *(SORT(.ctors.*))
 *crtend.o(.ctors)
                0x00010398                . = ALIGN (0x4)
 *(.fini)
 .fini          0x00010398        0x4 /media/6aafac43-5450-453e-a142-f588400933c0/Sandbox/arm/bin/../lib/gcc/arm-none-eabi/4.5.2/thumb2/crti.o
                0x00010398                _fini
 .fini          0x0001039c        0x8 /media/6aafac43-5450-453e-a142-f588400933c0/Sandbox/arm/bin/../lib/gcc/arm-none-eabi/4.5.2/thumb2/crtn.o
                0x000103a4                . = ALIGN (0x4)
                0x000103a4                __fini_array_start = .
 *(.fini_array)
 .fini_array    0x000103a4        0x4 /media/6aafac43-5450-453e-a142-f588400933c0/Sandbox/arm/bin/../lib/gcc/arm-none-eabi/4.5.2/thumb2/crtbegin.o
 *(SORT(.fini_array.*))
                0x000103a8                __fini_array_end = .
                0x000103a8                . = ALIGN (0x4)
 *crtbegin.o(.dtors)
 *(EXCLUDE_FILE(*crtend.o) .dtors)
 *(SORT(.dtors.*))
 *crtend.o(.dtors)
                0x000103a8                _etext = .
                0x000103a8                _sifastcode = .
                0x000103a8                __exidx_start = .

.vfp11_veneer   0x000103a8        0x0
 .vfp11_veneer  0x00000000        0x0 linker stubs

.v4_bx          0x000103a8        0x0
 .v4_bx         0x00000000        0x0 linker stubs

i._ZN4mbed10DigitalOut15get_rpc_methodsEv
                0x000103a8        0x8
 i._ZN4mbed10DigitalOut15get_rpc_methodsEv
                0x000103a8        0x8 ../../external/mbed/LPC1768/mbed.ar(DigitalOut.LPC1768.o)
                0x000103a8                _ZN4mbed10DigitalOut15get_rpc_methodsEv

i._ZN4mbed10DigitalOutC1E7PinNamePKc
                0x000103b0       0x3c
 i._ZN4mbed10DigitalOutC1E7PinNamePKc
                0x000103b0       0x3c ../../external/mbed/LPC1768/mbed.ar(DigitalOut.LPC1768.o)
                0x000103b0                _ZN4mbed10DigitalOutC1E7PinNamePKc
                0x000103b0                _ZN4mbed10DigitalOutC2E7PinNamePKc

i._ZN4mbed10DigitalOutD1Ev
                0x000103ec        0x4
 i._ZN4mbed10DigitalOutD1Ev
                0x000103ec        0x4 ../../external/mbed/LPC1768/mbed.ar(DigitalOut.LPC1768.o)
                0x000103ec                _ZN4mbed10DigitalOutD2Ev
                0x000103ec                _ZN4mbed10DigitalOutD1Ev

t._ZN4mbed17rpc_method_callerINS_10DigitalOutEiXadL_ZNS1_5writeEiEEEEvPNS_4BaseEPKcPc
                0x000103f0       0x78
 t._ZN4mbed17rpc_method_callerINS_10DigitalOutEiXadL_ZNS1_5writeEiEEEEvPNS_4BaseEPKcPc
                0x000103f0       0x78 ../../external/mbed/LPC1768/mbed.ar(DigitalOut.LPC1768.o)
                0x000103f0                _ZN4mbed17rpc_method_callerINS_10DigitalOutEiXadL_ZNS1_5writeEiEEEEvPNS_4BaseEPKcPc

t._ZN4mbed17rpc_method_callerIiNS_10DigitalOutEXadL_ZNS1_4readEvEEEEvPNS_4BaseEPKcPc
                0x00010468       0x38
 t._ZN4mbed17rpc_method_callerIiNS_10DigitalOutEXadL_ZNS1_4readEvEEEEvPNS_4BaseEPKcPc
                0x00010468       0x38 ../../external/mbed/LPC1768/mbed.ar(DigitalOut.LPC1768.o)
                0x00010468                _ZN4mbed17rpc_method_callerIiNS_10DigitalOutEXadL_ZNS1_4readEvEEEEvPNS_4BaseEPKcPc

t._ZN4mbed9rpc_superINS_4BaseEEEPKNS_10rpc_methodEPS1_
                0x000104a0        0x4
 t._ZN4mbed9rpc_superINS_4BaseEEEPKNS_10rpc_methodEPS1_
                0x000104a0        0x4 ../../external/mbed/LPC1768/mbed.ar(DigitalOut.LPC1768.o)
                0x000104a0                _ZN4mbed9rpc_superINS_4BaseEEEPKNS_10rpc_methodEPS1_

i._ZN4mbed10DigitalOut5writeEi
                0x000104a4        0xe
 i._ZN4mbed10DigitalOut5writeEi
                0x000104a4        0xe ../../external/mbed/LPC1768/mbed.ar(DigitalOut.LPC1768.o)
                0x000104a4                _ZN4mbed10DigitalOut5writeEi

i._ZN4mbed10DigitalOut4readEv
                0x000104b2        0xe
 i._ZN4mbed10DigitalOut4readEv
                0x000104b2        0xe ../../external/mbed/LPC1768/mbed.ar(DigitalOut.LPC1768.o)
                0x000104b2                _ZN4mbed10DigitalOut4readEv

i._ZN4mbed10DigitalOutD0Ev
                0x000104c0        0xe
 i._ZN4mbed10DigitalOutD0Ev
                0x000104c0        0xe ../../external/mbed/LPC1768/mbed.ar(DigitalOut.LPC1768.o)
                0x000104c0                _ZN4mbed10DigitalOutD0Ev

i._ZN4mbed10parse_charEPKcPS1_
                0x000104ce       0xa2
 i._ZN4mbed10parse_charEPKcPS1_
                0x000104ce       0xa2 ../../external/mbed/LPC1768/mbed.ar(DigitalOut.LPC1768.o)
                0x000104ce                _ZN4mbed10parse_charEPKcPS1_

i._ZN4mbed4Base11delete_selfEv
                0x00010570       0x1e
 i._ZN4mbed4Base11delete_selfEv
                0x00010570       0x1e ../../external/mbed/LPC1768/mbed.ar(Base.LPC1768.o)
                0x00010570                _ZN4mbed4Base11delete_selfEv

i._ZN4mbed4Base15get_rpc_methodsEv
                0x00010590        0x8
 i._ZN4mbed4Base15get_rpc_methodsEv
                0x00010590        0x8 ../../external/mbed/LPC1768/mbed.ar(Base.LPC1768.o)
                0x00010590                _ZN4mbed4Base15get_rpc_methodsEv

i._ZN4mbed4Base3rpcEPKcS2_Pc
                0x00010598       0x98
 i._ZN4mbed4Base3rpcEPKcS2_Pc
                0x00010598       0x98 ../../external/mbed/LPC1768/mbed.ar(Base.LPC1768.o)
                0x00010598                _ZN4mbed4Base3rpcEPKcS2_Pc

i._ZN4mbed4Base5clearEPKcPc
                0x00010630       0x30
 i._ZN4mbed4Base5clearEPKcPc
                0x00010630       0x30 ../../external/mbed/LPC1768/mbed.ar(Base.LPC1768.o)
                0x00010630                _ZN4mbed4Base5clearEPKcPc

i._ZN4mbed4Base6lookupEPKcj
                0x00010660       0x38
 i._ZN4mbed4Base6lookupEPKcj
                0x00010660       0x38 ../../external/mbed/LPC1768/mbed.ar(Base.LPC1768.o)
                0x00010660                _ZN4mbed4Base6lookupEPKcj

i._ZN4mbed4Base9list_objsEPKcPc
                0x00010698       0x40
 i._ZN4mbed4Base9list_objsEPKcPc
                0x00010698       0x40 ../../external/mbed/LPC1768/mbed.ar(Base.LPC1768.o)
                0x00010698                _ZN4mbed4Base9list_objsEPKcPc

i._ZN4mbed4BaseC1EPKc
                0x000106d8       0x24
 i._ZN4mbed4BaseC1EPKc
                0x000106d8       0x24 ../../external/mbed/LPC1768/mbed.ar(Base.LPC1768.o)
                0x000106d8                _ZN4mbed4BaseC1EPKc
                0x000106d8                _ZN4mbed4BaseC2EPKc

i._ZN4mbed4BaseD0Ev
                0x000106fc       0x34
 i._ZN4mbed4BaseD0Ev
                0x000106fc       0x34 ../../external/mbed/LPC1768/mbed.ar(Base.LPC1768.o)
                0x000106fc                _ZN4mbed4BaseD0Ev

i._ZN4mbed4BaseD1Ev
                0x00010730       0x38
 i._ZN4mbed4BaseD1Ev
                0x00010730       0x38 ../../external/mbed/LPC1768/mbed.ar(Base.LPC1768.o)
                0x00010730                _ZN4mbed4BaseD1Ev
                0x00010730                _ZN4mbed4BaseD2Ev

t._ZN4mbed17rpc_method_callerINS_4BaseEXadL_ZNS1_11delete_selfEvEEEEvPS1_PKcPc
                0x00010768       0x28
 t._ZN4mbed17rpc_method_callerINS_4BaseEXadL_ZNS1_11delete_selfEvEEEEvPS1_PKcPc
                0x00010768       0x28 ../../external/mbed/LPC1768/mbed.ar(Base.LPC1768.o)
                0x00010768                _ZN4mbed17rpc_method_callerINS_4BaseEXadL_ZNS1_11delete_selfEvEEEEvPS1_PKcPc

i._ZN4mbed8FileLikeD0Ev
                0x00010790       0x3c
 i._ZN4mbed8FileLikeD0Ev
                0x00010790       0x3c ../../external/mbed/LPC1768/mbed.ar(stdio.LPC1768.o)
                0x00010790                _ZN4mbed8FileLikeD0Ev

i._ZN4mbed8FileLikeD2Ev
                0x000107cc       0x34
 i._ZN4mbed8FileLikeD2Ev
                0x000107cc       0x34 ../../external/mbed/LPC1768/mbed.ar(stdio.LPC1768.o)
                0x000107cc                _ZN4mbed8FileLikeD2Ev
                0x000107cc                _ZN4mbed8FileLikeD1Ev

i._sys_close    0x00010800       0x2c
 i._sys_close   0x00010800       0x2c ../../external/mbed/LPC1768/mbed.ar(stdio.LPC1768.o)
                0x00010800                _sys_close

i._sys_istty    0x0001082c       0x28
 i._sys_istty   0x0001082c       0x28 ../../external/mbed/LPC1768/mbed.ar(stdio.LPC1768.o)
                0x0001082c                _sys_istty

i._sys_open     0x00010854      0x184
 i._sys_open    0x00010854      0x184 ../../external/mbed/LPC1768/mbed.ar(stdio.LPC1768.o)
                0x00010854                _sys_open

i._sys_read     0x000109d8       0x40
 i._sys_read    0x000109d8       0x40 ../../external/mbed/LPC1768/mbed.ar(stdio.LPC1768.o)
                0x000109d8                _sys_read

i._sys_seek     0x00010a18       0x2c
 i._sys_seek    0x00010a18       0x2c ../../external/mbed/LPC1768/mbed.ar(stdio.LPC1768.o)
                0x00010a18                _sys_seek

i._sys_write    0x00010a44       0x54
 i._sys_write   0x00010a44       0x54 ../../external/mbed/LPC1768/mbed.ar(stdio.LPC1768.o)
                0x00010a44                _sys_write

i._ZN4mbed10FileHandle4flenEv
                0x00010a98       0x3a
 i._ZN4mbed10FileHandle4flenEv
                0x00010a98       0x3a ../../external/mbed/LPC1768/mbed.ar(stdio.LPC1768.o)
                0x00010a98                _ZN4mbed10FileHandle4flenEv

i.<Func4>       0x00010ad2        0x6
 i.<Func4>      0x00010ad2        0x6 ../../external/mbed/LPC1768/mbed.ar(Serial.LPC1768.o)

i._ZN4mbed6Serial15get_rpc_methodsEv
                0x00010ad8        0x8
 i._ZN4mbed6Serial15get_rpc_methodsEv
                0x00010ad8        0x8 ../../external/mbed/LPC1768/mbed.ar(Serial.LPC1768.o)
                0x00010ad8                _ZN4mbed6Serial15get_rpc_methodsEv

i._ZN4mbed6Serial4baudEi
                0x00010ae0        0x6
 i._ZN4mbed6Serial4baudEi
                0x00010ae0        0x6 ../../external/mbed/LPC1768/mbed.ar(Serial.LPC1768.o)
                0x00010ae0                _ZN4mbed6Serial4baudEi

i._ZN4mbed6Serial5_getcEv
                0x00010ae6        0x6
 i._ZN4mbed6Serial5_getcEv
                0x00010ae6        0x6 ../../external/mbed/LPC1768/mbed.ar(Serial.LPC1768.o)
                0x00010ae6                _ZN4mbed6Serial5_getcEv

i._ZN4mbed6Serial5_putcEi
                0x00010aec        0xe
 i._ZN4mbed6Serial5_putcEi
                0x00010aec        0xe ../../external/mbed/LPC1768/mbed.ar(Serial.LPC1768.o)
                0x00010aec                _ZN4mbed6Serial5_putcEi

i._ZN4mbed6Serial8readableEv
                0x00010afa        0x6
 i._ZN4mbed6Serial8readableEv
                0x00010afa        0x6 ../../external/mbed/LPC1768/mbed.ar(Serial.LPC1768.o)
                0x00010afa                _ZN4mbed6Serial8readableEv

i._ZN4mbed6Serial9writeableEv
                0x00010b00        0x6
 i._ZN4mbed6Serial9writeableEv
                0x00010b00        0x6 ../../external/mbed/LPC1768/mbed.ar(Serial.LPC1768.o)
                0x00010b00                _ZN4mbed6Serial9writeableEv

i._ZN4mbed6SerialC1E7PinNameS1_PKc
                0x00010b08       0x90
 i._ZN4mbed6SerialC1E7PinNameS1_PKc
                0x00010b08       0x90 ../../external/mbed/LPC1768/mbed.ar(Serial.LPC1768.o)
                0x00010b08                _ZN4mbed6SerialC2E7PinNameS1_PKc
                0x00010b08                _ZN4mbed6SerialC1E7PinNameS1_PKc

i._ZN4mbed6SerialD1Ev
                0x00010b98        0x4
 i._ZN4mbed6SerialD1Ev
                0x00010b98        0x4 ../../external/mbed/LPC1768/mbed.ar(Serial.LPC1768.o)
                0x00010b98                _ZN4mbed6SerialD1Ev
                0x00010b98                _ZN4mbed6SerialD2Ev

t._ZN4mbed17rpc_method_callerINS_6SerialEiXadL_ZNS1_4baudEiEEEEvPNS_4BaseEPKcPc
                0x00010b9c       0x78
 t._ZN4mbed17rpc_method_callerINS_6SerialEiXadL_ZNS1_4baudEiEEEEvPNS_4BaseEPKcPc
                0x00010b9c       0x78 ../../external/mbed/LPC1768/mbed.ar(Serial.LPC1768.o)
                0x00010b9c                _ZN4mbed17rpc_method_callerINS_6SerialEiXadL_ZNS1_4baudEiEEEEvPNS_4BaseEPKcPc

t._ZN4mbed17rpc_method_callerIiNS_6SerialEXadL_ZNS1_8readableEvEEEEvPNS_4BaseEPKcPc
                0x00010c14       0x38
 t._ZN4mbed17rpc_method_callerIiNS_6SerialEXadL_ZNS1_8readableEvEEEEvPNS_4BaseEPKcPc
                0x00010c14       0x38 ../../external/mbed/LPC1768/mbed.ar(Serial.LPC1768.o)
                0x00010c14                _ZN4mbed17rpc_method_callerIiNS_6SerialEXadL_ZNS1_8readableEvEEEEvPNS_4BaseEPKcPc

t._ZN4mbed17rpc_method_callerIiNS_6SerialEXadL_ZNS1_9writeableEvEEEEvPNS_4BaseEPKcPc
                0x00010c4c       0x38
 t._ZN4mbed17rpc_method_callerIiNS_6SerialEXadL_ZNS1_9writeableEvEEEEvPNS_4BaseEPKcPc
                0x00010c4c       0x38 ../../external/mbed/LPC1768/mbed.ar(Serial.LPC1768.o)
                0x00010c4c                _ZN4mbed17rpc_method_callerIiNS_6SerialEXadL_ZNS1_9writeableEvEEEEvPNS_4BaseEPKcPc

t._ZN4mbed9rpc_superINS_6StreamEEEPKNS_10rpc_methodEPNS_4BaseE
                0x00010c84        0x4
 t._ZN4mbed9rpc_superINS_6StreamEEEPKNS_10rpc_methodEPNS_4BaseE
                0x00010c84        0x4 ../../external/mbed/LPC1768/mbed.ar(Serial.LPC1768.o)
                0x00010c84                _ZN4mbed9rpc_superINS_6StreamEEEPKNS_10rpc_methodEPNS_4BaseE

i._ZN4mbed6SerialD0Ev
                0x00010c88        0xe
 i._ZN4mbed6SerialD0Ev
                0x00010c88        0xe ../../external/mbed/LPC1768/mbed.ar(Serial.LPC1768.o)
                0x00010c88                _ZN4mbed6SerialD0Ev

i._ZN4mbed6Stream15get_rpc_methodsEv
                0x00010c98        0x8
 i._ZN4mbed6Stream15get_rpc_methodsEv
                0x00010c98        0x8 ../../external/mbed/LPC1768/mbed.ar(Stream.LPC1768.o)
                0x00010c98                _ZN4mbed6Stream15get_rpc_methodsEv

i._ZN4mbed6Stream4flenEv
                0x00010ca0        0x4
 i._ZN4mbed6Stream4flenEv
                0x00010ca0        0x4 ../../external/mbed/LPC1768/mbed.ar(Stream.LPC1768.o)
                0x00010ca0                _ZN4mbed6Stream4flenEv

i._ZN4mbed6Stream4readEPvj
                0x00010ca4       0x2a
 i._ZN4mbed6Stream4readEPvj
                0x00010ca4       0x2a ../../external/mbed/LPC1768/mbed.ar(Stream.LPC1768.o)
                0x00010ca4                _ZN4mbed6Stream4readEPvj

i._ZN4mbed6Stream5closeEv
                0x00010cce        0x4
 i._ZN4mbed6Stream5closeEv
                0x00010cce        0x4 ../../external/mbed/LPC1768/mbed.ar(Stream.LPC1768.o)
                0x00010cce                _ZN4mbed6Stream5closeEv

i._ZN4mbed6Stream5fsyncEv
                0x00010cd2        0x4
 i._ZN4mbed6Stream5fsyncEv
                0x00010cd2        0x4 ../../external/mbed/LPC1768/mbed.ar(Stream.LPC1768.o)
                0x00010cd2                _ZN4mbed6Stream5fsyncEv

i._ZN4mbed6Stream5lseekEli
                0x00010cd6        0x4
 i._ZN4mbed6Stream5lseekEli
                0x00010cd6        0x4 ../../external/mbed/LPC1768/mbed.ar(Stream.LPC1768.o)
                0x00010cd6                _ZN4mbed6Stream5lseekEli

i._ZN4mbed6Stream5writeEPKvj
                0x00010cda       0x2a
 i._ZN4mbed6Stream5writeEPKvj
                0x00010cda       0x2a ../../external/mbed/LPC1768/mbed.ar(Stream.LPC1768.o)
                0x00010cda                _ZN4mbed6Stream5writeEPKvj

i._ZN4mbed6Stream6isattyEv
                0x00010d04        0x4
 i._ZN4mbed6Stream6isattyEv
                0x00010d04        0x4 ../../external/mbed/LPC1768/mbed.ar(Stream.LPC1768.o)
                0x00010d04                _ZN4mbed6Stream6isattyEv

i._ZN4mbed6StreamC2EPKc
                0x00010d08       0x40
 i._ZN4mbed6StreamC2EPKc
                0x00010d08       0x40 ../../external/mbed/LPC1768/mbed.ar(Stream.LPC1768.o)
                0x00010d08                _ZN4mbed6StreamC2EPKc

i._ZN4mbed6StreamD0Ev
                0x00010d48       0x24
 i._ZN4mbed6StreamD0Ev
                0x00010d48       0x24 ../../external/mbed/LPC1768/mbed.ar(Stream.LPC1768.o)
                0x00010d48                _ZN4mbed6StreamD0Ev

i._ZN4mbed6StreamD2Ev
                0x00010d6c       0x20
 i._ZN4mbed6StreamD2Ev
                0x00010d6c       0x20 ../../external/mbed/LPC1768/mbed.ar(Stream.LPC1768.o)
                0x00010d6c                _ZN4mbed6StreamD1Ev
                0x00010d6c                _ZN4mbed6StreamD2Ev

i._ZThn16_N4mbed6Stream4flenEv
                0x00010d8c        0x4
 i._ZThn16_N4mbed6Stream4flenEv
                0x00010d8c        0x4 ../../external/mbed/LPC1768/mbed.ar(Stream.LPC1768.o)
                0x00010d8c                _ZThn16_N4mbed6Stream4flenEv

i._ZThn16_N4mbed6Stream4readEPvj
                0x00010d90       0x2c
 i._ZThn16_N4mbed6Stream4readEPvj
                0x00010d90       0x2c ../../external/mbed/LPC1768/mbed.ar(Stream.LPC1768.o)
                0x00010d90                _ZThn16_N4mbed6Stream4readEPvj

i._ZThn16_N4mbed6Stream5closeEv
                0x00010dbc        0x4
 i._ZThn16_N4mbed6Stream5closeEv
                0x00010dbc        0x4 ../../external/mbed/LPC1768/mbed.ar(Stream.LPC1768.o)
                0x00010dbc                _ZThn16_N4mbed6Stream5closeEv

i._ZThn16_N4mbed6Stream5fsyncEv
                0x00010dc0        0x4
 i._ZThn16_N4mbed6Stream5fsyncEv
                0x00010dc0        0x4 ../../external/mbed/LPC1768/mbed.ar(Stream.LPC1768.o)
                0x00010dc0                _ZThn16_N4mbed6Stream5fsyncEv

i._ZThn16_N4mbed6Stream5lseekEli
                0x00010dc4        0x4
 i._ZThn16_N4mbed6Stream5lseekEli
                0x00010dc4        0x4 ../../external/mbed/LPC1768/mbed.ar(Stream.LPC1768.o)
                0x00010dc4                _ZThn16_N4mbed6Stream5lseekEli

i._ZThn16_N4mbed6Stream5writeEPKvj
                0x00010dc8       0x2c
 i._ZThn16_N4mbed6Stream5writeEPKvj
                0x00010dc8       0x2c ../../external/mbed/LPC1768/mbed.ar(Stream.LPC1768.o)
                0x00010dc8                _ZThn16_N4mbed6Stream5writeEPKvj

i._ZThn16_N4mbed6Stream6isattyEv
                0x00010df4        0x4
 i._ZThn16_N4mbed6Stream6isattyEv
                0x00010df4        0x4 ../../external/mbed/LPC1768/mbed.ar(Stream.LPC1768.o)
                0x00010df4                _ZThn16_N4mbed6Stream6isattyEv

t._ZN4mbed17rpc_method_callerIiNS_6StreamEiXadL_ZNS1_4putcEiEEEEvPNS_4BaseEPKcPc
                0x00010df8       0x84
 t._ZN4mbed17rpc_method_callerIiNS_6StreamEiXadL_ZNS1_4putcEiEEEEvPNS_4BaseEPKcPc
                0x00010df8       0x84 ../../external/mbed/LPC1768/mbed.ar(Stream.LPC1768.o)
                0x00010df8                _ZN4mbed17rpc_method_callerIiNS_6StreamEiXadL_ZNS1_4putcEiEEEEvPNS_4BaseEPKcPc

t._ZN4mbed17rpc_method_callerIiNS_6StreamEXadL_ZNS1_4getcEvEEEEvPNS_4BaseEPKcPc
                0x00010e7c       0x38
 t._ZN4mbed17rpc_method_callerIiNS_6StreamEXadL_ZNS1_4getcEvEEEEvPNS_4BaseEPKcPc
                0x00010e7c       0x38 ../../external/mbed/LPC1768/mbed.ar(Stream.LPC1768.o)
                0x00010e7c                _ZN4mbed17rpc_method_callerIiNS_6StreamEXadL_ZNS1_4getcEvEEEEvPNS_4BaseEPKcPc

t._ZN4mbed17rpc_method_callerIiNS_6StreamEPKcXadL_ZNS1_4putsES3_EEEEvPNS_4BaseES3_Pc
                0x00010eb4      0x17c
 t._ZN4mbed17rpc_method_callerIiNS_6StreamEPKcXadL_ZNS1_4putsES3_EEEEvPNS_4BaseES3_Pc
                0x00010eb4      0x17c ../../external/mbed/LPC1768/mbed.ar(Stream.LPC1768.o)
                0x00010eb4                _ZN4mbed17rpc_method_callerIiNS_6StreamEPKcXadL_ZNS1_4putsES3_EEEEvPNS_4BaseES3_Pc

i._ZN4mbed6Stream4putsEPKc
                0x00011030       0x18
 i._ZN4mbed6Stream4putsEPKc
                0x00011030       0x18 ../../external/mbed/LPC1768/mbed.ar(Stream.LPC1768.o)
                0x00011030                _ZN4mbed6Stream4putsEPKc

i._ZN4mbed15FunctionPointerC1EPFvvE
                0x00011048        0x8
 i._ZN4mbed15FunctionPointerC1EPFvvE
                0x00011048        0x8 ../../external/mbed/LPC1768/mbed.ar(FunctionPointer.LPC1768.o)
                0x00011048                _ZN4mbed15FunctionPointerC1EPFvvE
                0x00011048                _ZN4mbed15FunctionPointerC2EPFvvE

.emb_text       0x00011050       0x20
 .emb_text      0x00011050       0x20 ../../external/mbed/LPC1768/capi.ar(core_cm3.LPC1768.o)
                0x00011050                __get_PSP
                0x00011056                __set_PSP
                0x0001105c                __get_MSP
                0x00011062                __set_MSP
                0x00011068                __REV16
                0x0001106c                __REVSH

i.serial_baud   0x00011070      0x1c8
 i.serial_baud  0x00011070      0x1c8 ../../external/mbed/LPC1768/capi.ar(serial_api.LPC1768.o)
                0x00011070                serial_baud

i.serial_format
                0x00011238       0x94
 i.serial_format
                0x00011238       0x94 ../../external/mbed/LPC1768/capi.ar(serial_api.LPC1768.o)
                0x00011238                serial_format

i.serial_getc   0x000112cc        0xc
 i.serial_getc  0x000112cc        0xc ../../external/mbed/LPC1768/capi.ar(serial_api.LPC1768.o)
                0x000112cc                serial_getc

i.serial_init   0x000112d8       0xe4
 i.serial_init  0x000112d8       0xe4 ../../external/mbed/LPC1768/capi.ar(serial_api.LPC1768.o)
                0x000112d8                serial_init

i.serial_putc   0x000113bc        0xc
 i.serial_putc  0x000113bc        0xc ../../external/mbed/LPC1768/capi.ar(serial_api.LPC1768.o)
                0x000113bc                serial_putc

i.serial_readable
                0x000113c8        0x8
 i.serial_readable
                0x000113c8        0x8 ../../external/mbed/LPC1768/capi.ar(serial_api.LPC1768.o)
                0x000113c8                serial_readable

i.serial_writable
                0x000113d0        0x8
 i.serial_writable
                0x000113d0        0x8 ../../external/mbed/LPC1768/capi.ar(serial_api.LPC1768.o)
                0x000113d0                serial_writable

i.exit          0x000113d8       0x16
 i.exit         0x000113d8       0x16 ../../external/mbed/LPC1768/capi.ar(exit.LPC1768.o)
                0x000113d8                exit

i.pin_function  0x000113f0       0x38
 i.pin_function
                0x000113f0       0x38 ../../external/mbed/LPC1768/capi.ar(pinmap.LPC1768.o)
                0x000113f0                pin_function

i.pin_mode      0x00011428       0x68
 i.pin_mode     0x00011428       0x68 ../../external/mbed/LPC1768/capi.ar(pinmap.LPC1768.o)
                0x00011428                pin_mode

i.pinmap_merge  0x00011490       0x3c
 i.pinmap_merge
                0x00011490       0x3c ../../external/mbed/LPC1768/capi.ar(pinmap.LPC1768.o)
                0x00011490                pinmap_merge

i.pinmap_peripheral
                0x000114cc       0x58
 i.pinmap_peripheral
                0x000114cc       0x58 ../../external/mbed/LPC1768/capi.ar(pinmap.LPC1768.o)
                0x000114cc                pinmap_peripheral

i.pinmap_pinout
                0x00011524       0xcc
 i.pinmap_pinout
                0x00011524       0xcc ../../external/mbed/LPC1768/capi.ar(pinmap.LPC1768.o)
                0x00011524                pinmap_pinout

i.wait          0x000115f0       0x30
 i.wait         0x000115f0       0x30 ../../external/mbed/LPC1768/capi.ar(wait_api.LPC1768.o)
                0x000115f0                wait

i.wait_ms       0x00011620       0x1c
 i.wait_ms      0x00011620       0x1c ../../external/mbed/LPC1768/capi.ar(wait_api.LPC1768.o)
                0x00011620                wait_ms

i.gpio_output   0x0001163c       0x30
 i.gpio_output  0x0001163c       0x30 ../../external/mbed/LPC1768/capi.ar(gpio_api.LPC1768.o)
                0x0001163c                gpio_output

i.gpio_write    0x0001166c       0x18
 i.gpio_write   0x0001166c       0x18 ../../external/mbed/LPC1768/capi.ar(gpio_api.LPC1768.o)
                0x0001166c                gpio_write

i.semihost_exit
                0x00011684        0xc
 i.semihost_exit
                0x00011684        0xc ../../external/mbed/LPC1768/capi.ar(semihost_api.LPC1768.o)
                0x00011684                semihost_exit

i.semihost_uid  0x00011690       0x14
 i.semihost_uid
                0x00011690       0x14 ../../external/mbed/LPC1768/capi.ar(semihost_api.LPC1768.o)
                0x00011690                semihost_uid

i.us_ticker_read
                0x000116a4       0x38
 i.us_ticker_read
                0x000116a4       0x38 ../../external/mbed/LPC1768/capi.ar(us_ticker_api.LPC1768.o)
                0x000116a4                us_ticker_read

i.mbed_die      0x000116dc       0x78
 i.mbed_die     0x000116dc       0x78 ../../external/mbed/LPC1768/capi.ar(utils_api.LPC1768.o)
                0x000116dc                mbed_die

i.timer_frequency
                0x00011754       0x14
 i.timer_frequency
                0x00011754       0x14 ../../external/mbed/LPC1768/capi.ar(timer_api.LPC1768.o)
                0x00011754                timer_frequency

i.timer_init    0x00011768       0x70
 i.timer_init   0x00011768       0x70 ../../external/mbed/LPC1768/capi.ar(timer_api.LPC1768.o)
                0x00011768                timer_init

i.timer_read    0x000117d8        0x4
 i.timer_read   0x000117d8        0x4 ../../external/mbed/LPC1768/capi.ar(timer_api.LPC1768.o)
                0x000117d8                timer_read

i.timer_start   0x000117dc        0xc
 i.timer_start  0x000117dc        0xc ../../external/mbed/LPC1768/capi.ar(timer_api.LPC1768.o)
                0x000117dc                timer_start

.constdata      0x000117e8      0x234
 .constdata     0x000117e8       0x28 ../../external/mbed/LPC1768/mbed.ar(DigitalOut.LPC1768.o)
 .constdata     0x00011810       0x18 ../../external/mbed/LPC1768/mbed.ar(Base.LPC1768.o)
 .constdata     0x00011828       0x18 ../../external/mbed/LPC1768/mbed.ar(Base.LPC1768.o)
                0x00011828                _ZN4mbed4Base11_base_funcsE
 .constdata     0x00011840       0x17 ../../external/mbed/LPC1768/mbed.ar(stdio.LPC1768.o)
                0x00011840                __stdin_name
                0x00011847                __stdout_name
                0x0001184f                __stderr_name
 *fill*         0x00011857        0x1 00
 .constdata     0x00011858       0x38 ../../external/mbed/LPC1768/mbed.ar(Serial.LPC1768.o)
 .constdata     0x00011890       0x38 ../../external/mbed/LPC1768/mbed.ar(Stream.LPC1768.o)
 .constdata     0x000118c8      0x154 ../../external/mbed/LPC1768/capi.ar(serial_api.LPC1768.o)

.conststring    0x00011a1c       0x5e
 .conststring   0x00011a1c       0x16 ../../external/mbed/LPC1768/mbed.ar(DigitalOut.LPC1768.o)
 .conststring   0x00011a32        0x7 ../../external/mbed/LPC1768/mbed.ar(Base.LPC1768.o)
 .conststring   0x00011a39        0xe ../../external/mbed/LPC1768/mbed.ar(Base.LPC1768.o)
 .conststring   0x00011a47        0x5 ../../external/mbed/LPC1768/mbed.ar(Base.LPC1768.o)
 .conststring   0x00011a4c       0x1f ../../external/mbed/LPC1768/mbed.ar(Serial.LPC1768.o)
 .conststring   0x00011a6b        0xf ../../external/mbed/LPC1768/mbed.ar(Stream.LPC1768.o)

.constdata__ZTVN4mbed10DigitalOutE
                0x00011a7c       0x18
 .constdata__ZTVN4mbed10DigitalOutE
                0x00011a7c       0x18 ../../external/mbed/LPC1768/mbed.ar(DigitalOut.LPC1768.o)
                0x00011a7c                _ZTVN4mbed10DigitalOutE

.constdata___ARM__ZN4mbed12write_resultIiEEvT_Pc_anon0
                0x00011a94        0x3
 .constdata___ARM__ZN4mbed12write_resultIiEEvT_Pc_anon0
                0x00011a94        0x3 ../../external/mbed/LPC1768/mbed.ar(DigitalOut.LPC1768.o)
                0x00011a94                __ARM__ZN4mbed12write_resultIiEEvT_Pc_anon0

.constdata__ZTIN4mbed10DigitalOutE
                0x00011a98        0xc
 .constdata__ZTIN4mbed10DigitalOutE
                0x00011a98        0xc ../../external/mbed/LPC1768/mbed.ar(DigitalOut.LPC1768.o)
                0x00011a98                _ZTIN4mbed10DigitalOutE

.constdata__ZTSN4mbed10DigitalOutE
                0x00011aa4       0x14
 .constdata__ZTSN4mbed10DigitalOutE
                0x00011aa4       0x14 ../../external/mbed/LPC1768/mbed.ar(DigitalOut.LPC1768.o)
                0x00011aa4                _ZTSN4mbed10DigitalOutE

.constdata__ZTVN4mbed4BaseE
                0x00011ab8       0x18
 .constdata__ZTVN4mbed4BaseE
                0x00011ab8       0x18 ../../external/mbed/LPC1768/mbed.ar(Base.LPC1768.o)
                0x00011ab8                _ZTVN4mbed4BaseE

.constdata__ZTIN4mbed4BaseE
                0x00011ad0        0x8
 .constdata__ZTIN4mbed4BaseE
                0x00011ad0        0x8 ../../external/mbed/LPC1768/mbed.ar(Base.LPC1768.o)
                0x00011ad0                _ZTIN4mbed4BaseE

.constdata__ZTSN4mbed4BaseE
                0x00011ad8        0xd
 .constdata__ZTSN4mbed4BaseE
                0x00011ad8        0xd ../../external/mbed/LPC1768/mbed.ar(Base.LPC1768.o)
                0x00011ad8                _ZTSN4mbed4BaseE

.constdata__ZTIN4mbed14FileSystemLikeE
                0x00011ae8        0xc
 .constdata__ZTIN4mbed14FileSystemLikeE
                0x00011ae8        0xc ../../external/mbed/LPC1768/mbed.ar(Base.LPC1768.o)
                0x00011ae8                _ZTIN4mbed14FileSystemLikeE

.constdata__ZTSN4mbed14FileSystemLikeE
                0x00011af4       0x18
 .constdata__ZTSN4mbed14FileSystemLikeE
                0x00011af4       0x18 ../../external/mbed/LPC1768/mbed.ar(Base.LPC1768.o)
                0x00011af4                _ZTSN4mbed14FileSystemLikeE

.constdata__ZTVN4mbed8FileLikeE
                0x00011b0c       0x3c
 .constdata__ZTVN4mbed8FileLikeE
                0x00011b0c       0x3c ../../external/mbed/LPC1768/mbed.ar(stdio.LPC1768.o)
                0x00011b0c                _ZTVN4mbed8FileLikeE

.constdata__ZTIN4mbed8FileLikeE
                0x00011b48       0x20
 .constdata__ZTIN4mbed8FileLikeE
                0x00011b48       0x20 ../../external/mbed/LPC1768/mbed.ar(stdio.LPC1768.o)
                0x00011b48                _ZTIN4mbed8FileLikeE

.constdata__ZTIN4mbed10FileHandleE
                0x00011b68        0x8
 .constdata__ZTIN4mbed10FileHandleE
                0x00011b68        0x8 ../../external/mbed/LPC1768/mbed.ar(stdio.LPC1768.o)
                0x00011b68                _ZTIN4mbed10FileHandleE

.constdata__ZTSN4mbed8FileLikeE
                0x00011b70       0x11
 .constdata__ZTSN4mbed8FileLikeE