Archive member included because of file (symbol)

../..//external/mbed/LPC1768/mbed.ar(DigitalOut.LPC1768.o)
                              ./main.o (_ZTVN4mbed10DigitalOutE)
../..//external/mbed/LPC1768/mbed.ar(Base.LPC1768.o)
                              ./main.o (_ZTIN4mbed4BaseE)
../..//external/mbed/LPC1768/mbed.ar(stdio.LPC1768.o)
                              ../..//external/mbed/LPC1768/mbed.ar(Base.LPC1768.o) (_ZTIN4mbed8FileLikeE)
../..//external/mbed/LPC1768/mbed.ar(SPI.LPC1768.o)
                              ./main.o (_ZTVN4mbed3SPIE)
../..//external/mbed/LPC1768/mbed.ar(InterruptIn.LPC1768.o)
                              ./main.o (_ZN4mbed11InterruptIn4fallEPFvvE)
../..//external/mbed/LPC1768/mbed.ar(FunctionPointer.LPC1768.o)
                              ../..//external/mbed/LPC1768/mbed.ar(InterruptIn.LPC1768.o) (_ZN4mbed15FunctionPointer4callEv)
../..//external/mbed/LPC1768/capi.ar(cmsis_nvic.LPC1768.o)
                              ../..//external/mbed/LPC1768/mbed.ar(InterruptIn.LPC1768.o) (NVIC_SetVector)
../..//external/mbed/LPC1768/capi.ar(startup_LPC17xx.LPC1768.o)
                              (Reset_Handler)
../..//external/mbed/LPC1768/capi.ar(system_LPC17xx.LPC1768.o)
                              ../..//external/mbed/LPC1768/capi.ar(startup_LPC17xx.LPC1768.o) (SystemInit)
../..//external/mbed/LPC1768/capi.ar(core_cm3.LPC1768.o)
                              ../..//src/syscalls.o (__get_MSP)
../..//external/mbed/LPC1768/capi.ar(serial_api.LPC1768.o)
                              ../..//external/mbed/LPC1768/mbed.ar(stdio.LPC1768.o) (serial_baud)
../..//external/mbed/LPC1768/capi.ar(exit.LPC1768.o)
                              ../..//src/gcc4mbed.o (exit)
../..//external/mbed/LPC1768/capi.ar(spi_api.LPC1768.o)
                              ../..//external/mbed/LPC1768/mbed.ar(SPI.LPC1768.o) (spi_format)
../..//external/mbed/LPC1768/capi.ar(pinmap.LPC1768.o)
                              ../..//external/mbed/LPC1768/capi.ar(serial_api.LPC1768.o) (pinmap_merge)
../..//external/mbed/LPC1768/capi.ar(gpio_irq_api.LPC1768.o)
                              ../..//external/mbed/LPC1768/mbed.ar(InterruptIn.LPC1768.o) (gpio_irq_clear)
../..//external/mbed/LPC1768/capi.ar(gpio_api.LPC1768.o)
                              ../..//external/mbed/LPC1768/mbed.ar(InterruptIn.LPC1768.o) (gpio_input)
../..//external/mbed/LPC1768/capi.ar(semihost_api.LPC1768.o)
                              ../..//external/mbed/LPC1768/capi.ar(exit.LPC1768.o) (semihost_exit)
../..//external/mbed/LPC1768/capi.ar(utils_api.LPC1768.o)
                              ../..//external/mbed/LPC1768/capi.ar(exit.LPC1768.o) (mbed_die)
../..//external/mbed/LPC1768/capi.ar(wait_api.LPC1768.o)
                              ../..//external/mbed/LPC1768/capi.ar(utils_api.LPC1768.o) (wait_ms)
../..//external/mbed/LPC1768/capi.ar(us_ticker_api.LPC1768.o)
                              ../..//external/mbed/LPC1768/capi.ar(wait_api.LPC1768.o) (us_ticker_read)
../..//external/mbed/LPC1768/capi.ar(timer_api.LPC1768.o)
                              ../..//external/mbed/LPC1768/capi.ar(us_ticker_api.LPC1768.o) (timer_frequency)
../..//external/FATFileSystem/LPC1768/FATFileSystem.ar(FATFileSystem.cpp.lpc1768.arm.o)
                              ./SDFileSystem/SDFileSystem.o (_ZTIN4mbed13FATFileSystemE)
../..//external/FATFileSystem/LPC1768/FATFileSystem.ar(FATDirHandle.cpp.lpc1768.arm.o)
                              ../..//external/FATFileSystem/LPC1768/FATFileSystem.ar(FATFileSystem.cpp.lpc1768.arm.o) (_ZN4mbed12FATDirHandleC1ERK4_DIR)
../..//external/FATFileSystem/LPC1768/FATFileSystem.ar(FATFileHandle.cpp.lpc1768.arm.o)
                              ../..//external/FATFileSystem/LPC1768/FATFileSystem.ar(FATFileSystem.cpp.lpc1768.arm.o) (_ZN4mbed13FATFileHandleC1E4_FIL)
../..//external/FATFileSystem/LPC1768/FATFileSystem.ar(ff.c.lpc1768.arm.o)
                              ../..//external/FATFileSystem/LPC1768/FATFileSystem.ar(FATFileHandle.cpp.lpc1768.arm.o) (f_close)
../..//external/FATFileSystem/LPC1768/FATFileSystem.ar(diskio.cpp.lpc1768.arm.o)
                              ../..//external/FATFileSystem/LPC1768/FATFileSystem.ar(ff.c.lpc1768.arm.o) (disk_initialize)
../..//external/gcc/LPC1768/libstdc++.a(atexit_arm.o)
                              ./main.o (__aeabi_atexit)
../..//external/gcc/LPC1768/libstdc++.a(class_type_info.o)
                              ../..//external/mbed/LPC1768/mbed.ar(Base.LPC1768.o) (_ZTVN10__cxxabiv117__class_type_infoE)
../..//external/gcc/LPC1768/libstdc++.a(del_op.o)
                              ./main.o (_ZdlPv)
../..//external/gcc/LPC1768/libstdc++.a(del_opv.o)
                              ../..//external/mbed/LPC1768/mbed.ar(Base.LPC1768.o) (_ZdaPv)
../..//external/gcc/LPC1768/libstdc++.a(dyncast.o)
                              ../..//external/mbed/LPC1768/mbed.ar(Base.LPC1768.o) (__dynamic_cast)
../..//external/gcc/LPC1768/libstdc++.a(new_op.o)
[...]
Memory Configuration

Name             Origin             Length             Attributes
IROM             0x00000000         0x00080000         xr
IRAM0            0x10000000         0x00008000         xrw
IRAM1            0x2007c000         0x00004000         xrw
IRAM2            0x20080000         0x00004000         xrw
*default*        0x00000000         0xffffffff

Linker script and memory map

LOAD /media/6aafac43-5450-453e-a142-f588400933c0/Sandbox/arm/bin/../lib/gcc/arm-none-eabi/4.5.2/thumb2/crti.o
LOAD /media/6aafac43-5450-453e-a142-f588400933c0/Sandbox/arm/bin/../lib/gcc/arm-none-eabi/4.5.2/thumb2/crtbegin.o
LOAD ../..//src/gcc4mbed.o
LOAD ../..//src/syscalls.o
LOAD ./main.o
LOAD ./SDFileSystem/SDFileSystem.o
LOAD ../..//external/mbed/LPC1768/mbed.ar
LOAD ../..//external/mbed/LPC1768/capi.ar
LOAD ../..//external/FATFileSystem/LPC1768/FATFileSystem.ar
LOAD ../..//external/gcc/LPC1768/libstdc++.a
LOAD ../..//external/gcc/LPC1768/libm.a
START GROUP
LOAD /media/6aafac43-5450-453e-a142-f588400933c0/Sandbox/arm/bin/../lib/gcc/arm-none-eabi/4.5.2/thumb2/libgcc.a
LOAD ../..//external/gcc/LPC1768/libc.a
END GROUP
LOAD /media/6aafac43-5450-453e-a142-f588400933c0/Sandbox/arm/bin/../lib/gcc/arm-none-eabi/4.5.2/thumb2/crtend.o
LOAD /media/6aafac43-5450-453e-a142-f588400933c0/Sandbox/arm/bin/../lib/gcc/arm-none-eabi/4.5.2/thumb2/crtn.o

.text           0x00000000    0x10e54
 *(RESET)
 RESET          0x00000000       0xc4 ../..//external/mbed/LPC1768/capi.ar(startup_LPC17xx.LPC1768.o)
                0x00000000                __Vectors
 *(.text .text.*)
 .text          0x000000c4       0x30 /media/6aafac43-5450-453e-a142-f588400933c0/Sandbox/arm/bin/../lib/gcc/arm-none-eabi/4.5.2/thumb2/crtbegin.o
 .text.__main   0x000000f4      0x108 ../..//src/gcc4mbed.o
                0x000000f4                __main
 .text._ZL20_OpenStandardHandlesv
                0x000001fc       0x34 ../..//src/syscalls.o
 .text._kill    0x00000230       0x10 ../..//src/syscalls.o
                0x00000230                _kill
 .text._exit    0x00000240        0x8 ../..//src/syscalls.o
                0x00000240                _exit
 .text._getpid  0x00000248        0x4 ../..//src/syscalls.o
                0x00000248                _getpid
 .text._sbrk    0x0000024c       0x30 ../..//src/syscalls.o
                0x0000024c                _sbrk
 .text._open    0x0000027c       0x20 ../..//src/syscalls.o
                0x0000027c                _open
 .text._close   0x0000029c        0x4 ../..//src/syscalls.o
                0x0000029c                _close
 .text._isatty  0x000002a0        0xc ../..//src/syscalls.o
                0x000002a0                _isatty
 .text._lseek   0x000002ac      0x120 ../..//src/syscalls.o
                0x000002ac                _lseek
 .text._read    0x000003cc       0x34 ../..//src/syscalls.o
                0x000003cc                _read
 .text._write   0x00000400       0x38 ../..//src/syscalls.o
                0x00000400                _write
 .text._fstat   0x00000438        0xc ../..//src/syscalls.o
                0x00000438                _fstat
 .text._ZN12SDFileSystemD2Ev
                0x00000444       0x3c ./main.o
                0x00000444                _ZN12SDFileSystemD1Ev
                0x00000444                _ZN12SDFileSystemD2Ev
 .text._Z12BreakHandlerv
                0x00000480       0x24 ./main.o
                0x00000480                _Z12BreakHandlerv
 .text.HardFault_Handler
                0x000004a4       0x24 ./main.o
                0x000004a4                HardFault_Handler
 .text.MemManage_Handler
                0x000004c8       0x24 ./main.o
                0x000004c8                MemManage_Handler
 .text.BusFault_Handler
                0x000004ec       0x24 ./main.o
                0x000004ec                BusFault_Handler
 .text.UsageFault_Handler
                0x00000510       0x24 ./main.o
                0x00000510                UsageFault_Handler
 .text.SVC_Handler
                0x00000534       0x24 ./main.o
                0x00000534                SVC_Handler
 .text.DebugMon_Handler
                0x00000558       0x24 ./main.o
                0x00000558                DebugMon_Handler
 .text.PendSV_Handler
                0x0000057c       0x24 ./main.o
                0x0000057c                PendSV_Handler
 .text.SysTick_Handler
                0x000005a0       0x24 ./main.o
                0x000005a0                SysTick_Handler
 .text.main     0x000005c4      0x22c ./main.o
                0x000005c4                main
 .text._ZN12SDFileSystemD0Ev
                0x000007f0       0x40 ./main.o
                0x000007f0                _ZN12SDFileSystemD0Ev
 .text._GLOBAL__I_HardFault_Handler
                0x00000830       0x70 ./main.o
 .text._ZN4mbed14FileSystemLike6renameEPKcS2_
                0x000008a0        0x8 ./SDFileSystem/SDFileSystem.o
                0x000008a0                _ZN4mbed14FileSystemLike6renameEPKcS2_
 .text._ZN12SDFileSystem11disk_statusEv
                0x000008a8        0x4 ./SDFileSystem/SDFileSystem.o
                0x000008a8                _ZN12SDFileSystem11disk_statusEv
 .text._ZN12SDFileSystem9disk_syncEv
                0x000008ac        0x4 ./SDFileSystem/SDFileSystem.o
                0x000008ac                _ZN12SDFileSystem9disk_syncEv
 .text._ZN12SDFileSystem12disk_sectorsEv
                0x000008b0        0x8 ./SDFileSystem/SDFileSystem.o
                0x000008b0                _ZN12SDFileSystem12disk_sectorsEv
 .text._ZL8ext_bitsPcii
                0x000008b8       0x98 ./SDFileSystem/SDFileSystem.o
 .text._ZN12SDFileSystemC2E7PinNameS0_S0_S0_PKc
                0x00000950       0x4c ./SDFileSystem/SDFileSystem.o
                0x00000950                _ZN12SDFileSystemC2E7PinNameS0_S0_S0_PKc
                0x00000950                _ZN12SDFileSystemC1E7PinNameS0_S0_S0_PKc
 .text._ZN12SDFileSystem4_cmdEii
                0x0000099c       0xa4 ./SDFileSystem/SDFileSystem.o
                0x0000099c                _ZN12SDFileSystem4_cmdEii
 .text._ZN12SDFileSystem18initialise_card_v1Ev
                0x00000a40       0x60 ./SDFileSystem/SDFileSystem.o
                0x00000a40                _ZN12SDFileSystem18initialise_card_v1Ev
 .text._ZN12SDFileSystem5_cmdxEii
                0x00000aa0       0x94 ./SDFileSystem/SDFileSystem.o
                0x00000aa0                _ZN12SDFileSystem5_cmdxEii
 .text._ZN12SDFileSystem6_cmd58Ev
                0x00000b34       0xc0 ./SDFileSystem/SDFileSystem.o
                0x00000b34                _ZN12SDFileSystem6_cmd58Ev
 .text._ZN12SDFileSystem18initialise_card_v2Ev
                0x00000bf4       0x64 ./SDFileSystem/SDFileSystem.o
                0x00000bf4                _ZN12SDFileSystem18initialise_card_v2Ev
 .text._ZN12SDFileSystem5_cmd8Ev
                0x00000c58       0xdc ./SDFileSystem/SDFileSystem.o
                0x00000c58                _ZN12SDFileSystem5_cmd8Ev
 .text._ZN12SDFileSystem15initialise_cardEv
                0x00000d34      0x104 ./SDFileSystem/SDFileSystem.o
                0x00000d34                _ZN12SDFileSystem15initialise_cardEv
 .text._ZN12SDFileSystem5_readEPci
                0x00000e38       0x9c ./SDFileSystem/SDFileSystem.o
                0x00000e38                _ZN12SDFileSystem5_readEPci
 .text._ZN12SDFileSystem9disk_readEPci
                0x00000ed4       0x28 ./SDFileSystem/SDFileSystem.o
                0x00000ed4                _ZN12SDFileSystem9disk_readEPci
 .text._ZN12SDFileSystem6_writeEPKci
                0x00000efc       0xc8 ./SDFileSystem/SDFileSystem.o
                0x00000efc                _ZN12SDFileSystem6_writeEPKci
 .text._ZN12SDFileSystem10disk_writeEPKci
                0x00000fc4       0x28 ./SDFileSystem/SDFileSystem.o
                0x00000fc4                _ZN12SDFileSystem10disk_writeEPKci
 .text._ZN12SDFileSystem11_sd_sectorsEv
                0x00000fec       0xcc ./SDFileSystem/SDFileSystem.o
                0x00000fec                _ZN12SDFileSystem11_sd_sectorsEv
 .text._ZN12SDFileSystem15disk_initializeEv
                0x000010b8       0x50 ./SDFileSystem/SDFileSystem.o
                0x000010b8                _ZN12SDFileSystem15disk_initializeEv
 .text          0x00001108       0x24 ../..//external/mbed/LPC1768/capi.ar(startup_LPC17xx.LPC1768.o)
                0x00001108                Reset_Handler
                0x00001110                NMI_Handler
                0x00001122                TIMER2_IRQHandler
                0x00001122                RIT_IRQHandler
                0x00001122                I2C0_IRQHandler
                0x00001122                PWM1_IRQHandler
                0x00001122                I2C1_IRQHandler
                0x00001122                EINT2_IRQHandler
                0x00001122                UART1_IRQHandler
                0x00001122                EINT3_IRQHandler
                0x00001122                TIMER3_IRQHandler
                0x00001122                UART0_IRQHandler
                0x00001122                PLL0_IRQHandler
                0x00001122                CAN_IRQHandler
                0x00001122                PLL1_IRQHandler
                0x00001122                SSP0_IRQHandler
                0x00001122                I2S_IRQHandler
                0x00001122                I2C2_IRQHandler
                0x00001122                RTC_IRQHandler
                0x00001122                TIMER0_IRQHandler
                0x00001122                SPI_IRQHandler
                0x00001122                EINT1_IRQHandler
                0x00001122                TIMER1_IRQHandler
                0x00001122                UART2_IRQHandler
                0x00001122                ADC_IRQHandler
                0x00001122                SSP1_IRQHandler
                0x00001122                USB_IRQHandler
                0x00001122                BOD_IRQHandler
                0x00001122                WDT_IRQHandler
                0x00001122                QEI_IRQHandler
                0x00001122                EINT0_IRQHandler
                0x00001122                DMA_IRQHandler
                0x00001122                UART3_IRQHandler
                0x00001122                MCPWM_IRQHandler
                0x00001122                ENET_IRQHandler
 .text.__aeabi_atexit
                0x0000112c        0xa ../..//external/gcc/LPC1768/libstdc++.a(atexit_arm.o)
                0x0000112c                __aeabi_atexit
 .text._ZNK10__cxxabiv117__class_type_info20__do_find_public_srcEiPKvPKS0_S2_
                0x00001136        0xc ../..//external/gcc/LPC1768/libstdc++.a(class_type_info.o)
                0x00001136                _ZNK10__cxxabiv117__class_type_info20__do_find_public_srcEiPKvPKS0_S2_
 .text._ZNK10__cxxabiv117__class_type_info11__do_upcastEPKS0_PKvRNS0_15__upcast_resultE
                0x00001142       0x1a ../..//external/gcc/LPC1768/libstdc++.a(class_type_info.o)
                0x00001142                _ZNK10__cxxabiv117__class_type_info11__do_upcastEPKS0_PKvRNS0_15__upcast_resultE
 .text._ZNK10__cxxabiv117__class_type_info12__do_dyncastEiNS0_10__sub_kindEPKS0_PKvS3_S5_RNS0_16__dyncast_resultE
                0x0000115c       0x3c ../..//external/gcc/LPC1768/libstdc++.a(class_type_info.o)
                0x0000115c                _ZNK10__cxxabiv117__class_type_info12__do_dyncastEiNS0_10__sub_kindEPKS0_PKvS3_S5_RNS0_16__dyncast_resultE
 .text._ZNK10__cxxabiv117__class_type_info10__do_catchEPKSt9type_infoPPvj
                0x00001198       0x26 ../..//external/gcc/LPC1768/libstdc++.a(class_type_info.o)
                0x00001198                _ZNK10__cxxabiv117__class_type_info10__do_catchEPKSt9type_infoPPvj
 *fill*         0x000011be        0x2 00
 .text._ZN10__cxxabiv117__class_type_infoD2Ev
                0x000011c0       0x14 ../..//external/gcc/LPC1768/libstdc++.a(class_type_info.o)
                0x000011c0                _ZN10__cxxabiv117__class_type_infoD1Ev
                0x000011c0                _ZN10__cxxabiv117__class_type_infoD2Ev
 .text._ZN10__cxxabiv117__class_type_infoD0Ev
                0x000011d4       0x12 ../..//external/gcc/LPC1768/libstdc++.a(class_type_info.o)
                0x000011d4                _ZN10__cxxabiv117__class_type_infoD0Ev
 .text._ZN10__cxxabiv117__class_type_info15__upcast_resultC2Ei
                0x000011e6        0xc ../..//external/gcc/LPC1768/libstdc++.a(class_type_info.o)
                0x000011e6                _ZN10__cxxabiv117__class_type_info15__upcast_resultC2Ei
                0x000011e6                _ZN10__cxxabiv117__class_type_info15__upcast_resultC1Ei
 .text._ZNK10__cxxabiv117__class_type_info11__do_upcastEPKS0_PPv
                0x000011f2       0x3a ../..//external/gcc/LPC1768/libstdc++.a(class_type_info.o)
                0x000011f2                _ZNK10__cxxabiv117__class_type_info11__do_upcastEPKS0_PPv
 .text._ZdlPv   0x0000122c        0x8 ../..//external/gcc/LPC1768/libstdc++.a(del_op.o)
                0x0000122c                _ZdlPv
 .text._ZdaPv   0x00001234        0x4 ../..//external/gcc/LPC1768/libstdc++.a(del_opv.o)
                0x00001234                _ZdaPv
 .text._ZN10__cxxabiv112_GLOBAL__N_118contained_public_pENS_17__class_type_info10__sub_kindE
                0x00001238       0x10 ../..//external/gcc/LPC1768/libstdc++.a(dyncast.o)
 .text._ZN10__cxxabiv112_GLOBAL__N_114adjust_pointerIvEEPKT_PKvi
                0x00001248        0x4 ../..//external/gcc/LPC1768/libstdc++.a(dyncast.o)
 .text._ZN10__cxxabiv117__class_type_info16__dyncast_resultC2Ei
                0x0000124c        0xe ../..//external/gcc/LPC1768/libstdc++.a(dyncast.o)
                0x0000124c                _ZN10__cxxabiv117__class_type_info16__dyncast_resultC2Ei
                0x0000124c                _ZN10__cxxabiv117__class_type_info16__dyncast_resultC1Ei
 .text._ZNK10__cxxabiv117__class_type_info17__find_public_srcEiPKvPKS0_S2_
                0x0000125a       0x2c ../..//external/gcc/LPC1768/libstdc++.a(dyncast.o)
                0x0000125a                _ZNK10__cxxabiv117__class_type_info17__find_public_srcEiPKvPKS0_S2_
 .text.__dynamic_cast
                0x00001286       0xa4 ../..//external/gcc/LPC1768/libstdc++.a(dyncast.o)
                0x00001286                __dynamic_cast
 *fill*         0x0000132a        0x2 00
 .text._Znwj    0x0000132c       0x28 ../..//external/gcc/LPC1768/libstdc++.a(new_op.o)
                0x0000132c                _Znwj
 .text._Znaj    0x00001354        0x4 ../..//external/gcc/LPC1768/libstdc++.a(new_opv.o)
                0x00001354                _Znaj
 .text.__cxa_pure_virtual
                0x00001358       0x14 ../..//external/gcc/LPC1768/libstdc++.a(pure.o)
                0x00001358                __cxa_pure_virtual
 .text._ZNK10__cxxabiv120__si_class_type_info11__do_upcastEPKNS_17__class_type_infoEPKvRNS1_15__upcast_resultE
                0x0000136c       0x24 ../..//external/gcc/LPC1768/libstdc++.a(si_class_type_info.o)
                0x0000136c                _ZNK10__cxxabiv120__si_class_type_info11__do_upcastEPKNS_17__class_type_infoEPKvRNS1_15__upcast_resultE
 .text._ZNK10__cxxabiv120__si_class_type_info12__do_dyncastEiNS_17__class_type_info10__sub_kindEPKS1_PKvS4_S6_RNS1_16__dyncast_resultE
                0x00001390       0x90 ../..//external/gcc/LPC1768/libstdc++.a(si_class_type_info.o)
                0x00001390                _ZNK10__cxxabiv120__si_class_type_info12__do_dyncastEiNS_17__class_type_info10__sub_kindEPKS1_PKvS4_S6_RNS1_16__dyncast_resultE
 .text._ZNK10__cxxabiv120__si_class_type_info20__do_find_public_srcEiPKvPKNS_17__class_type_infoES2_
                0x00001420       0x36 ../..//external/gcc/LPC1768/libstdc++.a(si_class_type_info.o)
                0x00001420                _ZNK10__cxxabiv120__si_class_type_info20__do_find_public_srcEiPKvPKNS_17__class_type_infoES2_
 *fill*         0x00001456        0x2 00
 .text._ZN10__cxxabiv120__si_class_type_infoD2Ev
                0x00001458       0x14 ../..//external/gcc/LPC1768/libstdc++.a(si_class_type_info.o)
                0x00001458                _ZN10__cxxabiv120__si_class_type_infoD2Ev
                0x00001458                _ZN10__cxxabiv120__si_class_type_infoD1Ev
 .text._ZN10__cxxabiv120__si_class_type_infoD0Ev
                0x0000146c       0x12 ../..//external/gcc/LPC1768/libstdc++.a(si_class_type_info.o)
                0x0000146c                _ZN10__cxxabiv120__si_class_type_infoD0Ev
 *fill*         0x0000147e        0x2 00
 .text._ZNSt9type_infoD2Ev
                0x00001480        0xc ../..//external/gcc/LPC1768/libstdc++.a(tinfo.o)
                0x00001480                _ZNSt9type_infoD1Ev
                0x00001480                _ZNSt9type_infoD2Ev
 .text._ZNKSt9type_info14__is_pointer_pEv
                0x0000148c        0x4 ../..//external/gcc/LPC1768/libstdc++.a(tinfo.o)
                0x0000148c                _ZNKSt9type_info14__is_pointer_pEv
 .text._ZNKSt9type_info15__is_function_pEv
                0x00001490        0x4 ../..//external/gcc/LPC1768/libstdc++.a(tinfo.o)
                0x00001490                _ZNKSt9type_info15__is_function_pEv
 .text._ZNKSt9type_info11__do_upcastEPKN10__cxxabiv117__class_type_infoEPPv
                0x00001494        0x4 ../..//external/gcc/LPC1768/libstdc++.a(tinfo.o)
                0x00001494                _ZNKSt9type_info11__do_upcastEPKN10__cxxabiv117__class_type_infoEPPv
 .text._ZNSt9type_infoD0Ev
                0x00001498       0x12 ../..//external/gcc/LPC1768/libstdc++.a(tinfo.o)
                0x00001498                _ZNSt9type_infoD0Ev
 .text._ZNKSt9type_info4nameEv
                0x000014aa        0xc ../..//external/gcc/LPC1768/libstdc++.a(tinfo.o)
                0x000014aa                _ZNKSt9type_info4nameEv
 .text._ZNKSt9type_infoeqERKS_
                0x000014b6       0x34 ../..//external/gcc/LPC1768/libstdc++.a(tinfo.o)
                0x000014b6                _ZNKSt9type_infoeqERKS_
 .text._ZNKSt9type_info10__do_catchEPKS_PPvj
                0x000014ea        0x4 ../..//external/gcc/LPC1768/libstdc++.a(tinfo.o)
                0x000014ea                _ZNKSt9type_info10__do_catchEPKS_PPvj
 .text._ZN10__cxxabiv112_GLOBAL__N_111contained_pENS_17__class_type_info10__sub_kindE
                0x000014ee        0xa ../..//external/gcc/LPC1768/libstdc++.a(vmi_class_type_info.o)
 .text._ZN10__cxxabiv112_GLOBAL__N_19virtual_pENS_17__class_type_info10__sub_kindE
                0x000014f8        0x6 ../..//external/gcc/LPC1768/libstdc++.a(vmi_class_type_info.o)
 .text._ZN10__cxxabiv112_GLOBAL__N_114adjust_pointerIvEEPKT_PKvi
                0x000014fe        0x4 ../..//external/gcc/LPC1768/libstdc++.a(vmi_class_type_info.o)
 .text._ZN10__cxxabiv112_GLOBAL__N_115convert_to_baseEPKvbi
                0x00001502        0xc ../..//external/gcc/LPC1768/libstdc++.a(vmi_class_type_info.o)
 *fill*         0x0000150e        0x2 00
 .text._ZN10__cxxabiv121__vmi_class_type_infoD2Ev
                0x00001510       0x14 ../..//external/gcc/LPC1768/libstdc++.a(vmi_class_type_info.o)
                0x00001510                _ZN10__cxxabiv121__vmi_class_type_infoD1Ev
                0x00001510                _ZN10__cxxabiv121__vmi_class_type_infoD2Ev
 .text._ZN10__cxxabiv121__vmi_class_type_infoD0Ev
                0x00001524       0x12 ../..//external/gcc/LPC1768/libstdc++.a(vmi_class_type_info.o)
                0x00001524                _ZN10__cxxabiv121__vmi_class_type_infoD0Ev
 .text._ZNK10__cxxabiv122__base_class_type_info14__is_virtual_pEv
                0x00001536        0x8 ../..//external/gcc/LPC1768/libstdc++.a(vmi_class_type_info.o)
                0x00001536                _ZNK10__cxxabiv122__base_class_type_info14__is_virtual_pEv
 .text._ZNK10__cxxabiv122__base_class_type_info13__is_public_pEv
                0x0000153e        0x8 ../..//external/gcc/LPC1768/libstdc++.a(vmi_class_type_info.o)
                0x0000153e                _ZNK10__cxxabiv122__base_class_type_info13__is_public_pEv
 .text._ZNK10__cxxabiv122__base_class_type_info8__offsetEv
                0x00001546        0x6 ../..//external/gcc/LPC1768/libstdc++.a(vmi_class_type_info.o)
                0x00001546                _ZNK10__cxxabiv122__base_class_type_info8__offsetEv
 .text._ZNK10__cxxabiv121__vmi_class_type_info20__do_find_public_srcEiPKvPKNS_17__class_type_infoES2_
                0x0000154c       0x96 ../..//external/gcc/LPC1768/libstdc++.a(vmi_class_type_info.o)
                0x0000154c                _ZNK10__cxxabiv121__vmi_class_type_info20__do_find_public_srcEiPKvPKNS_17__class_type_infoES2_
 .text._ZNK10__cxxabiv121__vmi_class_type_info11__do_upcastEPKNS_17__class_type_infoEPKvRNS1_15__upcast_resultE
                0x000015e2      0x148 ../..//external/gcc/LPC1768/libstdc++.a(vmi_class_type_info.o)
                0x000015e2                _ZNK10__cxxabiv121__vmi_class_type_info11__do_upcastEPKNS_17__class_type_infoEPKvRNS1_15__upcast_resultE
 .text._ZNK10__cxxabiv121__vmi_class_type_info12__do_dyncastEiNS_17__class_type_info10__sub_kindEPKS1_PKvS4_S6_RNS1_16__dyncast_resultE
                0x0000172a      0x2e0 ../..//external/gcc/LPC1768/libstdc++.a(vmi_class_type_info.o)
                0x0000172a                _ZNK10__cxxabiv121__vmi_class_type_info12__do_dyncastEiNS_17__class_type_info10__sub_kindEPKS1_PKvS4_S6_RNS1_16__dyncast_resultE
 .text._ZN10__cxxabiv111__terminateEPFvvE
                0x00001a0a        0x8 ../..//external/gcc/LPC1768/libstdc++.a(eh_terminate.o)
                0x00001a0a                _ZN10__cxxabiv111__terminateEPFvvE
 *fill*         0x00001a12        0x2 00
 .text._ZSt9terminatev
                0x00001a14       0x10 ../..//external/gcc/LPC1768/libstdc++.a(eh_terminate.o)
                0x00001a14                _ZSt9terminatev
 .text._ZN9__gnu_cxx27__verbose_terminate_handlerEv
                0x00001a24       0x90 ../..//external/gcc/LPC1768/libstdc++.a(vterminate.o)
                0x00001a24                _ZN9__gnu_cxx27__verbose_terminate_handlerEv
 .text          0x00001ab4     0x26a4 ../..//external/gcc/LPC1768/libstdc++.a(cp-demangle.o)
                0x00004078                __cxa_demangle
                0x00004134                __gcclibcxx_demangle_callback
 .text.__cxa_current_exception_type
                0x00004158       0x1a ../..//external/gcc/LPC1768/libstdc++.a(eh_type.o)
                0x00004158                __cxa_current_exception_type
 *fill*         0x00004172        0x2 00
 .text.__cxa_get_globals
                0x00004174        0x8 ../..//external/gcc/LPC1768/libstdc++.a(eh_globals.o)
                0x00004174                __cxa_get_globals
 *fill*         0x0000417c        0x4 00
 .text.scalbn   0x00004180       0xf8 ../..//external/gcc/LPC1768/libm.a(lib_a-s_scalbn.o)
                0x00004180                scalbn
 .text.copysign
                0x00004278       0x10 ../..//external/gcc/LPC1768/libm.a(lib_a-s_copysign.o)
                0x00004278                copysign
 .text          0x00004288      0x370 /media/6aafac43-5450-453e-a142-f588400933c0/Sandbox/arm/bin/../lib/gcc/arm-none-eabi/4.5.2/thumb2/libgcc.a(_arm_addsubdf3.o)
                0x00004288                __aeabi_drsub
                0x00004290                __aeabi_dsub
                0x00004290                __subdf3
                0x00004294                __adddf3
                0x00004294                __aeabi_dadd
                0x0000450c                __aeabi_ui2d
                0x0000450c                __floatunsidf
                0x0000452c                __floatsidf
                0x0000452c                __aeabi_i2d
                0x00004550                __extendsfdf2
                0x00004550                __aeabi_f2d
                0x0000458c                __aeabi_ul2d
                0x0000458c                __floatundidf
                0x0000459c                __floatdidf
                0x0000459c                __aeabi_l2d
 .text          0x000045f8      0x424 /media/6aafac43-5450-453e-a142-f588400933c0/Sandbox/arm/bin/../lib/gcc/arm-none-eabi/4.5.2/thumb2/libgcc.a(_arm_muldivdf3.o)
                0x000045f8                __aeabi_dmul
                0x000045f8                __muldf3
                0x0000484c                __aeabi_ddiv
                0x0000484c                __divdf3
 .text          0x00004a1c       0x50 /media/6aafac43-5450-453e-a142-f588400933c0/Sandbox/arm/bin/../lib/gcc/arm-none-eabi/4.5.2/thumb2/libgcc.a(_arm_fixdfsi.o)
                0x00004a1c                __fixdfsi
                0x00004a1c                __aeabi_d2iz
 .text          0x00004a6c       0xa0 /media/6aafac43-5450-453e-a142-f588400933c0/Sandbox/arm/bin/../lib/gcc/arm-none-eabi/4.5.2/thumb2/libgcc.a(_arm_truncdfsf2.o)
                0x00004a6c                __aeabi_d2f
                0x00004a6c                __truncdfsf2
 .text          0x00004b0c      0x21c /media/6aafac43-5450-453e-a142-f588400933c0/Sandbox/arm/bin/../lib/gcc/arm-none-eabi/4.5.2/thumb2/libgcc.a(_arm_addsubsf3.o)
                0x00004b0c                __aeabi_frsub
                0x00004b14                __subsf3
                0x00004b14                __aeabi_fsub
                0x00004b18                __aeabi_fadd
                0x00004b18                __addsf3
                0x00004c78                __aeabi_ui2f
                0x00004c78                __floatunsisf
                0x00004c80                __aeabi_i2f
                0x00004c80                __floatsisf
                0x00004c9c                __floatundisf
                0x00004c9c                __aeabi_ul2f
                0x00004cac                __floatdisf
                0x00004cac                __aeabi_l2f
 .text          0x00004d28      0x2a0 /media/6aafac43-5450-453e-a142-f588400933c0/Sandbox/arm/bin/../lib/gcc/arm-none-eabi/4.5.2/thumb2/libgcc.a(_arm_muldivsf3.o)
                0x00004d28                __mulsf3
                0x00004d28                __aeabi_fmul
                0x00004e90                __divsf3
                0x00004e90                __aeabi_fdiv
 .text          0x00004fc8       0xec /media/6aafac43-5450-453e-a142-f588400933c0/Sandbox/arm/bin/../lib/gcc/arm-none-eabi/4.5.2/thumb2/libgcc.a(_arm_cmpsf2.o)
                0x00004fc8                __gtsf2
                0x00004fc8                __gesf2
                0x00004fd0                __lesf2
                0x00004fd0                __ltsf2
                0x00004fd8                __nesf2
                0x00004fd8                __eqsf2
                0x00004fd8                __cmpsf2
                0x00005038                __aeabi_cfrcmple
                0x00005040                __aeabi_cfcmple
                0x00005040                __aeabi_cfcmpeq
                0x00005050                __aeabi_fcmpeq
                0x00005064                __aeabi_fcmplt
                0x00005078                __aeabi_fcmple
                0x0000508c                __aeabi_fcmpge
                0x000050a0                __aeabi_fcmpgt
 .text.abort    0x000050b4        0xe ../..//external/gcc/LPC1768/libc.a(lib_a-abort.o)
                0x000050b4                abort
 .text.__aeabi_memclr
                0x000050c2        0x6 ../..//external/gcc/LPC1768/libc.a(lib_a-aeabi_memclr.o)
                0x000050c2                __aeabi_memclr8
                0x000050c2                __aeabi_memclr
                0x000050c2                __aeabi_memclr4
 .text.__aeabi_memcpy
                0x000050c8        0x4 ../..//external/gcc/LPC1768/libc.a(lib_a-aeabi_memcpy.o)
                0x000050c8                __aeabi_memcpy
                0x000050c8                __aeabi_memcpy4
                0x000050c8                __aeabi_memcpy8
 .text.__aeabi_memset
                0x000050cc        0xa ../..//external/gcc/LPC1768/libc.a(lib_a-aeabi_memset.o)
                0x000050cc                __aeabi_memset
                0x000050cc                __aeabi_memset8
                0x000050cc                __aeabi_memset4
 .text.__aeabi_assert
                0x000050d6        0xe ../..//external/gcc/LPC1768/libc.a(lib_a-clibabi_assert.o)
                0x000050d6                __aeabi_assert
 .text.setup_aeabi_stdio
                0x000050e4       0x28 ../..//external/gcc/LPC1768/libc.a(lib_a-clibabi_stdio.o)
 .text.__cxa_atexit
                0x0000510c       0x16 ../..//external/gcc/LPC1768/libc.a(lib_a-cxa_atexit.o)
                0x0000510c                __cxa_atexit
 *fill*         0x00005122        0x2 00
 .text._fclose_r
                0x00005124       0xac ../..//external/gcc/LPC1768/libc.a(lib_a-fclose.o)
                0x00005124                _fclose_r
 .text.fclose   0x000051d0       0x10 ../..//external/gcc/LPC1768/libc.a(lib_a-fclose.o)
                0x000051d0                fclose
 .text._fflush_r
                0x000051e0      0x174 ../..//external/gcc/LPC1768/libc.a(lib_a-fflush.o)
                0x000051e0                _fflush_r
 .text.fflush   0x00005354       0x24 ../..//external/gcc/LPC1768/libc.a(lib_a-fflush.o)
                0x00005354                fflush
 .text._cleanup_r
                0x00005378        0xc ../..//external/gcc/LPC1768/libc.a(lib_a-findfp.o)
                0x00005378                _cleanup_r
 .text.std.clone.0
                0x00005384       0x48 ../..//external/gcc/LPC1768/libc.a(lib_a-findfp.o)
 .text.__sfmoreglue
                0x000053cc       0x28 ../..//external/gcc/LPC1768/libc.a(lib_a-findfp.o)
                0x000053cc                __sfmoreglue
 .text.__sinit  0x000053f4       0x5c ../..//external/gcc/LPC1768/libc.a(lib_a-findfp.o)
                0x000053f4                __sinit
 .text.__sfp    0x00005450       0x78 ../..//external/gcc/LPC1768/libc.a(lib_a-findfp.o)
                0x00005450                __sfp
 .text.__sfp_lock_acquire
                0x000054c8        0x2 ../..//external/gcc/LPC1768/libc.a(lib_a-findfp.o)
                0x000054c8                __sfp_lock_acquire
 .text.__sfp_lock_release
                0x000054ca        0x2 ../..//external/gcc/LPC1768/libc.a(lib_a-findfp.o)
                0x000054ca                __sfp_lock_release
 .text._fopen_r
                0x000054cc       0x84 ../..//external/gcc/LPC1768/libc.a(lib_a-fopen.o)
                0x000054cc                _fopen_r
 .text.fopen    0x00005550       0x14 ../..//external/gcc/LPC1768/libc.a(lib_a-fopen.o)
                0x00005550                fopen
 .text.fprintf  0x00005564       0x24 ../..//external/gcc/LPC1768/libc.a(lib_a-fprintf.o)
                0x00005564                fprintf
 .text._fputs_r
                0x00005588       0x74 ../..//external/gcc/LPC1768/libc.a(lib_a-fputs.o)
                0x00005588                _fputs_r
 .text.fputs    0x000055fc       0x14 ../..//external/gcc/LPC1768/libc.a(lib_a-fputs.o)
                0x000055fc                fputs
 .text._malloc_trim_r
                0x00005610       0x94 ../..//external/gcc/LPC1768/libc.a(lib_a-freer.o)
                0x00005610                _malloc_trim_r
 .text._free_r  0x000056a4      0x180 ../..//external/gcc/LPC1768/libc.a(lib_a-freer.o)
                0x000056a4                _free_r
 .text.fscanf   0x00005824       0x24 ../..//external/gcc/LPC1768/libc.a(lib_a-fscanf.o)
                0x00005824                fscanf
 .text._fseek_r
                0x00005848      0x2cc ../..//external/gcc/LPC1768/libc.a(lib_a-fseek.o)
                0x00005848                _fseek_r
 .text._fstat_r
                0x00005b14       0x24 ../..//external/gcc/LPC1768/libc.a(lib_a-fstatr.o)
                0x00005b14                _fstat_r
 .text.__sfvwrite_r
                0x00005b38      0x294 ../..//external/gcc/LPC1768/libc.a(lib_a-fvwrite.o)
                0x00005b38                __sfvwrite_r
 .text._fwalk   0x00005dcc       0x44 ../..//external/gcc/LPC1768/libc.a(lib_a-fwalk.o)
                0x00005dcc                _fwalk
 .text._fwalk_reent
                0x00005e10       0x48 ../..//external/gcc/LPC1768/libc.a(lib_a-fwalk.o)
                0x00005e10                _fwalk_reent
 .text._fwrite_r
                0x00005e58       0x90 ../..//external/gcc/LPC1768/libc.a(lib_a-fwrite.o)
                0x00005e58                _fwrite_r
 .text.fwrite   0x00005ee8       0x20 ../..//external/gcc/LPC1768/libc.a(lib_a-fwrite.o)
                0x00005ee8                fwrite
 .text.__libc_init_array
                0x00005f08       0x48 ../..//external/gcc/LPC1768/libc.a(lib_a-init.o)
                0x00005f08                __libc_init_array
 .text.__smakebuf_r
                0x00005f50       0xdc ../..//external/gcc/LPC1768/libc.a(lib_a-makebuf.o)
                0x00005f50                __smakebuf_r
 .text.malloc   0x0000602c       0x10 ../..//external/gcc/LPC1768/libc.a(lib_a-malloc.o)
                0x0000602c                malloc
 .text.free     0x0000603c       0x10 ../..//external/gcc/LPC1768/libc.a(lib_a-malloc.o)
                0x0000603c                free
 .text._malloc_r
                0x0000604c      0x408 ../..//external/gcc/LPC1768/libc.a(lib_a-mallocr.o)
                0x0000604c                _malloc_r
 .text.memchr   0x00006454       0x1c ../..//external/gcc/LPC1768/libc.a(lib_a-memchr.o)
                0x00006454                memchr
 .text.memcmp   0x00006470       0x1c ../..//external/gcc/LPC1768/libc.a(lib_a-memcmp.o)
                0x00006470                memcmp
 .text.memcpy   0x0000648c       0x16 ../..//external/gcc/LPC1768/libc.a(lib_a-memcpy.o)
                0x0000648c                memcpy
 .text.memmove  0x000064a2       0x30 ../..//external/gcc/LPC1768/libc.a(lib_a-memmove.o)
                0x000064a2                memmove
 .text.memset   0x000064d2       0x10 ../..//external/gcc/LPC1768/libc.a(lib_a-memset.o)
                0x000064d2                memset
 .text.__malloc_lock
                0x000064e2        0x2 ../..//external/gcc/LPC1768/libc.a(lib_a-mlock.o)
                0x000064e2                __malloc_lock
 .text.__malloc_unlock
                0x000064e4        0x2 ../..//external/gcc/LPC1768/libc.a(lib_a-mlock.o)
                0x000064e4                __malloc_unlock
 *fill*         0x000064e6        0x2 00
 .text._open_r  0x000064e8       0x28 ../..//external/gcc/LPC1768/libc.a(lib_a-openr.o)
                0x000064e8                _open_r
 .text.printf   0x00006510       0x30 ../..//external/gcc/LPC1768/libc.a(lib_a-printf.o)
                0x00006510                printf
 .text._puts_r  0x00006540       0x70 ../..//external/gcc/LPC1768/libc.a(lib_a-puts.o)
                0x00006540                _puts_r
 .text.puts     0x000065b0       0x10 ../..//external/gcc/LPC1768/libc.a(lib_a-puts.o)
                0x000065b0                puts
 .text.realloc  0x000065c0       0x14 ../..//external/gcc/LPC1768/libc.a(lib_a-realloc.o)
                0x000065c0                realloc
 .text._realloc_r
                0x000065d4      0x2f8 ../..//external/gcc/LPC1768/libc.a(lib_a-reallocr.o)
                0x000065d4                _realloc_r
 .text.lflush   0x000068cc       0x12 ../..//external/gcc/LPC1768/libc.a(lib_a-refill.o)
 *fill*         0x000068de        0x2 00
 .text.__srefill_r
                0x000068e0      0x118 ../..//external/gcc/LPC1768/libc.a(lib_a-refill.o)
                0x000068e0                __srefill_r
 .text._sbrk_r  0x000069f8       0x24 ../..//external/gcc/LPC1768/libc.a(lib_a-sbrkr.o)
                0x000069f8                _sbrk_r
 .text._raise_r
                0x00006a1c       0x56 ../..//external/gcc/LPC1768/libc.a(lib_a-signal.o)
                0x00006a1c                _raise_r
 *fill*         0x00006a72        0x2 00
 .text.raise    0x00006a74       0x10 ../..//external/gcc/LPC1768/libc.a(lib_a-signal.o)
                0x00006a74                raise
 .text._kill_r  0x00006a84       0x24 ../..//external/gcc/LPC1768/libc.a(lib_a-signalr.o)
                0x00006a84                _kill_r
 .text._getpid_r
                0x00006aa8        0x4 ../..//external/gcc/LPC1768/libc.a(lib_a-signalr.o)
                0x00006aa8                _getpid_r
 .text.sprintf  0x00006aac       0x48 ../..//external/gcc/LPC1768/libc.a(lib_a-sprintf.o)
                0x00006aac                sprintf
 .text.sscanf   0x00006af4       0x54 ../..//external/gcc/LPC1768/libc.a(lib_a-sscanf.o)
                0x00006af4                sscanf
 .text.__sread  0x00006b48       0x22 ../..//external/gcc/LPC1768/libc.a(lib_a-stdio.o)
                0x00006b48                __sread
 .text.__seofread
                0x00006b6a        0x4 ../..//external/gcc/LPC1768/libc.a(lib_a-stdio.o)
                0x00006b6a                __seofread
 .text.__swrite
                0x00006b6e       0x3a ../..//external/gcc/LPC1768/libc.a(lib_a-stdio.o)
                0x00006b6e                __swrite
 .text.__sseek  0x00006ba8       0x26 ../..//external/gcc/LPC1768/libc.a(lib_a-stdio.o)
                0x00006ba8                __sseek
 .text.__sclose
                0x00006bce        0x8 ../..//external/gcc/LPC1768/libc.a(lib_a-stdio.o)
                0x00006bce                __sclose
 .text.strcmp   0x00006bd6       0x16 ../..//external/gcc/LPC1768/libc.a(lib_a-strcmp.o)
                0x00006bd6                strcmp
 .text.strcpy   0x00006bec       0x10 ../..//external/gcc/LPC1768/libc.a(lib_a-strcpy.o)
                0x00006bec                strcpy
 .text.strlen   0x00006bfc       0x10 ../..//external/gcc/LPC1768/libc.a(lib_a-strlen.o)
                0x00006bfc                strlen
 .text.strncmp  0x00006c0c       0x2a ../..//external/gcc/LPC1768/libc.a(lib_a-strncmp.o)
                0x00006c0c                strncmp
 .text.strncpy  0x00006c36       0x28 ../..//external/gcc/LPC1768/libc.a(lib_a-strncpy.o)
                0x00006c36                strncpy
 *fill*         0x00006c5e        0x2 00
 .text._strtol_r
                0x00006c60      0x124 ../..//external/gcc/LPC1768/libc.a(lib_a-strtol.o)
                0x00006c60                _strtol_r
 .text.strtol   0x00006d84       0x1c ../..//external/gcc/LPC1768/libc.a(lib_a-strtol.o)
                0x00006d84                strtol
 .text._svfprintf_r
                0x00006da0     0x1100 ../..//external/gcc/LPC1768/libc.a(lib_a-svfprintf.o)
                0x00006da0                _svfprintf_r
 .text.__ssvfscanf_r
                0x00007ea0      0xbdc ../..//external/gcc/LPC1768/libc.a(lib_a-svfscanf.o)
                0x00007ea0                __ssvfscanf_r
 .text.write    0x00008a7c       0x1c ../..//external/gcc/LPC1768/libc.a(lib_a-syswrite.o)
                0x00008a7c                write
 .text._vfprintf_r
                0x00008a98     0x11cc ../..//external/gcc/LPC1768/libc.a(lib_a-vfprintf.o)
                0x00008a98                _vfprintf_r
 .text.__svfscanf_r
                0x00009c64      0xbdc ../..//external/gcc/LPC1768/libc.a(lib_a-vfscanf.o)
                0x00009c64                __svfscanf_r
 .text._write_r
                0x0000a840       0x28 ../..//external/gcc/LPC1768/libc.a(lib_a-writer.o)
                0x0000a840                _write_r
 .text.__swsetup_r
                0x0000a868       0xdc ../..//external/gcc/LPC1768/libc.a(lib_a-wsetup.o)
                0x0000a868                __swsetup_r
 .text.__register_exitproc
                0x0000a944       0xc0 ../..//external/gcc/LPC1768/libc.a(lib_a-__atexit.o)
                0x0000a944                __register_exitproc
 .text.__assert_func
                0x0000aa04       0x38 ../..//external/gcc/LPC1768/libc.a(lib_a-assert.o)
                0x0000aa04                __assert_func
 .text.__assert
                0x0000aa3c        0xa ../..//external/gcc/LPC1768/libc.a(lib_a-assert.o)
                0x0000aa3c                __assert
 *fill*         0x0000aa46        0x2 00
 .text._close_r
                0x0000aa48       0x24 ../..//external/gcc/LPC1768/libc.a(lib_a-closer.o)
                0x0000aa48                _close_r
 .text.quorem   0x0000aa6c      0x124 ../..//external/gcc/LPC1768/libc.a(lib_a-dtoa.o)
 .text._dtoa_r  0x0000ab90      0xc08 ../..//external/gcc/LPC1768/libc.a(lib_a-dtoa.o)
                0x0000ab90                _dtoa_r
 .text.fiprintf
                0x0000b798       0x24 ../..//external/gcc/LPC1768/libc.a(lib_a-fiprintf.o)
                0x0000b798                fiprintf
 .text.__sflags
                0x0000b7bc       0x64 ../..//external/gcc/LPC1768/libc.a(lib_a-flags.o)
                0x0000b7bc                __sflags
 .text._fread_r
                0x0000b820       0xd0 ../..//external/gcc/LPC1768/libc.a(lib_a-fread.o)
                0x0000b820                _fread_r
 .text._isatty_r
                0x0000b8f0       0x24 ../..//external/gcc/LPC1768/libc.a(lib_a-isattyr.o)
                0x0000b8f0                _isatty_r
 .text.iswspace
                0x0000b914       0x1c ../..//external/gcc/LPC1768/libc.a(lib_a-iswspace.o)
                0x0000b914                iswspace
 .text.__locale_charset
                0x0000b930        0x8 ../..//external/gcc/LPC1768/libc.a(lib_a-locale.o)
                0x0000b930                __locale_charset
 .text.__locale_mb_cur_max
                0x0000b938        0xc ../..//external/gcc/LPC1768/libc.a(lib_a-locale.o)
                0x0000b938                __locale_mb_cur_max
 .text._localeconv_r
                0x0000b944        0x8 ../..//external/gcc/LPC1768/libc.a(lib_a-locale.o)
                0x0000b944                _localeconv_r
 .text._lseek_r
                0x0000b94c       0x28 ../..//external/gcc/LPC1768/libc.a(lib_a-lseekr.o)
                0x0000b94c                _lseek_r
 .text._mbrtowc_r
                0x0000b974       0x54 ../..//external/gcc/LPC1768/libc.a(lib_a-mbrtowc.o)
                0x0000b974                _mbrtowc_r
 .text.__ascii_mbtowc
                0x0000b9c8       0x26 ../..//external/gcc/LPC1768/libc.a(lib_a-mbtowc_r.o)
                0x0000b9c8                __ascii_mbtowc
 .text._Balloc  0x0000b9ee       0x62 ../..//external/gcc/LPC1768/libc.a(lib_a-mprec.o)
                0x0000b9ee                _Balloc
 .text._Bfree   0x0000ba50       0x2e ../..//external/gcc/LPC1768/libc.a(lib_a-mprec.o)
                0x0000ba50                _Bfree
 .text.__multadd
                0x0000ba7e       0x7c ../..//external/gcc/LPC1768/libc.a(lib_a-mprec.o)
                0x0000ba7e                __multadd
 .text.__s2b    0x0000bafa       0x7c ../..//external/gcc/LPC1768/libc.a(lib_a-mprec.o)
                0x0000bafa                __s2b
 .text.__hi0bits
                0x0000bb76       0x40 ../..//external/gcc/LPC1768/libc.a(lib_a-mprec.o)
                0x0000bb76                __hi0bits
 .text.__lo0bits
                0x0000bbb6       0x64 ../..//external/gcc/LPC1768/libc.a(lib_a-mprec.o)
                0x0000bbb6                __lo0bits
 .text.__i2b    0x0000bc1a       0x12 ../..//external/gcc/LPC1768/libc.a(lib_a-mprec.o)
                0x0000bc1a                __i2b
 .text.__multiply
                0x0000bc2c      0x124 ../..//external/gcc/LPC1768/libc.a(lib_a-mprec.o)
                0x0000bc2c                __multiply
 .text.__pow5mult
                0x0000bd50       0xa4 ../..//external/gcc/LPC1768/libc.a(lib_a-mprec.o)
                0x0000bd50                __pow5mult
 .text.__lshift
                0x0000bdf4       0x98 ../..//external/gcc/LPC1768/libc.a(lib_a-mprec.o)
                0x0000bdf4                __lshift
 .text.__mcmp   0x0000be8c       0x3a ../..//external/gcc/LPC1768/libc.a(lib_a-mprec.o)
                0x0000be8c                __mcmp
 .text.__mdiff  0x0000bec6       0xc6 ../..//external/gcc/LPC1768/libc.a(lib_a-mprec.o)
                0x0000bec6                __mdiff
 .text.__ulp    0x0000bf8c       0x40 ../..//external/gcc/LPC1768/libc.a(lib_a-mprec.o)
                0x0000bf8c                __ulp
 .text.__b2d    0x0000bfcc       0xa4 ../..//external/gcc/LPC1768/libc.a(lib_a-mprec.o)
                0x0000bfcc                __b2d
 .text.__d2b    0x0000c070       0xbc ../..//external/gcc/LPC1768/libc.a(lib_a-mprec.o)
                0x0000c070                __d2b
 .text.__ratio  0x0000c12c       0x46 ../..//external/gcc/LPC1768/libc.a(lib_a-mprec.o)
                0x0000c12c                __ratio
 .text.__copybits
                0x0000c172       0x32 ../..//external/gcc/LPC1768/libc.a(lib_a-mprec.o)
                0x0000c172                __copybits
 .text.__any_on
                0x0000c1a4       0x4a ../..//external/gcc/LPC1768/libc.a(lib_a-mprec.o)
                0x0000c1a4                __any_on
 *fill*         0x0000c1ee        0x2 00
 .text._read_r  0x0000c1f0       0x28 ../..//external/gcc/LPC1768/libc.a(lib_a-readr.o)
                0x0000c1f0                _read_r
 .text.__fpclassifyd
                0x0000c218       0x64 ../..//external/gcc/LPC1768/libc.a(lib_a-s_fpclassify.o)
                0x0000c218                __fpclassifyd
 .text.__sccl   0x0000c27c       0x64 ../..//external/gcc/LPC1768/libc.a(lib_a-sccl.o)
                0x0000c27c                __sccl
 .text.nanf     0x0000c2e0        0x8 ../..//external/gcc/LPC1768/libc.a(lib_a-sf_nan.o)
                0x0000c2e0                nanf
 .text.match    0x0000c2e8       0x2c ../..//external/gcc/LPC1768/libc.a(lib_a-strtod.o)
 *fill*         0x0000c314        0x4 00
 .text._strtod_r
                0x0000c318      0xbd8 ../..//external/gcc/LPC1768/libc.a(lib_a-strtod.o)
                0x0000c318                _strtod_r
 .text._strtoll_r
                0x0000cef0      0x16c ../..//external/gcc/LPC1768/libc.a(lib_a-strtoll_r.o)
                0x0000cef0                _strtoll_r
 .text._strtoul_r
                0x0000d05c       0xfc ../..//external/gcc/LPC1768/libc.a(lib_a-strtoul.o)
                0x0000d05c                _strtoul_r
 .text._strtoull_r
                0x0000d158      0x154 ../..//external/gcc/LPC1768/libc.a(lib_a-strtoull_r.o)
                0x0000d158                _strtoull_r
 .text.__ssprint_r
                0x0000d2ac       0xf6 ../..//external/gcc/LPC1768/libc.a(lib_a-svfiprintf.o)
                0x0000d2ac                __ssprint_r
 .text._sungetc_r
                0x0000d3a2       0x7a ../..//external/gcc/LPC1768/libc.a(lib_a-svfiscanf.o)
                0x0000d3a2                _sungetc_r
 .text.__ssrefill_r
                0x0000d41c       0x3a ../..//external/gcc/LPC1768/libc.a(lib_a-svfiscanf.o)
                0x0000d41c                __ssrefill_r
 .text._sfread_r
                0x0000d456       0x70 ../..//external/gcc/LPC1768/libc.a(lib_a-svfiscanf.o)
                0x0000d456                _sfread_r
 .text.__submore
                0x0000d4c6       0x78 ../..//external/gcc/LPC1768/libc.a(lib_a-ungetc.o)
                0x0000d4c6                __submore
 *fill*         0x0000d53e        0x2 00
 .text._ungetc_r
                0x0000d540      0x100 ../..//external/gcc/LPC1768/libc.a(lib_a-ungetc.o)
                0x0000d540                _ungetc_r
 .text.__sprint_r
                0x0000d640       0x74 ../..//external/gcc/LPC1768/libc.a(lib_a-vfiprintf.o)
                0x0000d640                __sprint_r
 .text._vfiprintf_r
                0x0000d6b4      0x914 ../..//external/gcc/LPC1768/libc.a(lib_a-vfiprintf.o)
                0x0000d6b4                _vfiprintf_r
 .text._calloc_r
                0x0000dfc8       0x58 ../..//external/gcc/LPC1768/libc.a(lib_a-callocr.o)
                0x0000dfc8                _calloc_r
 .text._fputwc_r
                0x0000e020       0xbe ../..//external/gcc/LPC1768/libc.a(lib_a-fputwc.o)
                0x0000e020                _fputwc_r
 .text.rshift   0x0000e0de       0x6c ../..//external/gcc/LPC1768/libc.a(lib_a-gdtoa-gethex.o)
 *fill*         0x0000e14a        0x2 00
 .text.htinit.clone.0
                0x0000e14c       0x1c ../..//external/gcc/LPC1768/libc.a(lib_a-gdtoa-gethex.o)
 .text.__hexdig_init
                0x0000e168       0x2c ../..//external/gcc/LPC1768/libc.a(lib_a-gdtoa-gethex.o)
                0x0000e168                __hexdig_init
 .text.__gethex
                0x0000e194      0x460 ../..//external/gcc/LPC1768/libc.a(lib_a-gdtoa-gethex.o)
                0x0000e194                __gethex
 .text.L_shift  0x0000e5f4       0x34 ../..//external/gcc/LPC1768/libc.a(lib_a-gdtoa-hexnan.o)
 .text.__hexnan
                0x0000e628      0x11c ../..//external/gcc/LPC1768/libc.a(lib_a-gdtoa-hexnan.o)
                0x0000e628                __hexnan
 .text.__swbuf_r
                0x0000e744       0xcc ../..//external/gcc/LPC1768/libc.a(lib_a-wbuf.o)
                0x0000e744                __swbuf_r
 .text._wcrtomb_r
                0x0000e810       0x50 ../..//external/gcc/LPC1768/libc.a(lib_a-wcrtomb.o)
                0x0000e810                _wcrtomb_r
 .text.__ascii_wctomb
                0x0000e860       0x1a ../..//external/gcc/LPC1768/libc.a(lib_a-wctomb_r.o)
                0x0000e860                __ascii_wctomb
 *fill*         0x0000e87a        0x6 00
 .text          0x0000e880      0x278 /media/6aafac43-5450-453e-a142-f588400933c0/Sandbox/arm/bin/../lib/gcc/arm-none-eabi/4.5.2/thumb2/libgcc.a(_udivsi3.o)
                0x0000e880                __udivsi3
                0x0000e880                __aeabi_uidiv
                0x0000eadc                __aeabi_uidivmod
 .text          0x0000eaf8      0x2b0 /media/6aafac43-5450-453e-a142-f588400933c0/Sandbox/arm/bin/../lib/gcc/arm-none-eabi/4.5.2/thumb2/libgcc.a(_divsi3.o)
                0x0000eaf8                __aeabi_idiv
                0x0000eaf8                __divsi3
                0x0000ed8c                __aeabi_idivmod
 .text          0x0000eda8        0x4 /media/6aafac43-5450-453e-a142-f588400933c0/Sandbox/arm/bin/../lib/gcc/arm-none-eabi/4.5.2/thumb2/libgcc.a(_dvmd_tls.o)
                0x0000eda8                __aeabi_ldiv0
                0x0000eda8                __aeabi_idiv0
 .text          0x0000edac      0x110 /media/6aafac43-5450-453e-a142-f588400933c0/Sandbox/arm/bin/../lib/gcc/arm-none-eabi/4.5.2/thumb2/libgcc.a(_arm_cmpdf2.o)
                0x0000edac                __gtdf2
                0x0000edac                __gedf2
                0x0000edb4                __ltdf2
                0x0000edb4                __ledf2
                0x0000edbc                __cmpdf2
                0x0000edbc                __eqdf2
                0x0000edbc                __nedf2
                0x0000ee38                __aeabi_cdrcmple
                0x0000ee48                __aeabi_cdcmple
                0x0000ee48                __aeabi_cdcmpeq
                0x0000ee58                __aeabi_dcmpeq
                0x0000ee6c                __aeabi_dcmplt
                0x0000ee80                __aeabi_dcmple
                0x0000ee94                __aeabi_dcmpge
                0x0000eea8                __aeabi_dcmpgt
 .text          0x0000eebc       0x40 /media/6aafac43-5450-453e-a142-f588400933c0/Sandbox/arm/bin/../lib/gcc/arm-none-eabi/4.5.2/thumb2/libgcc.a(_arm_fixunsdfsi.o)
                0x0000eebc                __fixunsdfsi
                0x0000eebc                __aeabi_d2uiz
 .text          0x0000eefc       0x2c /media/6aafac43-5450-453e-a142-f588400933c0/Sandbox/arm/bin/../lib/gcc/arm-none-eabi/4.5.2/thumb2/libgcc.a(_aeabi_uldivmod.o)
                0x0000eefc                __aeabi_uldivmod
 .text          0x0000ef28       0x60 /media/6aafac43-5450-453e-a142-f588400933c0/Sandbox/arm/bin/../lib/gcc/arm-none-eabi/4.5.2/thumb2/libgcc.a(bpabi.o)
                0x0000ef28                __gnu_ldivmod_helper
                0x0000ef58                __gnu_uldivmod_helper
 .text          0x0000ef88      0x360 /media/6aafac43-5450-453e-a142-f588400933c0/Sandbox/arm/bin/../lib/gcc/arm-none-eabi/4.5.2/thumb2/libgcc.a(_divdi3.o)
                0x0000ef88                __divdi3
 .text          0x0000f2e8      0x308 /media/6aafac43-5450-453e-a142-f588400933c0/Sandbox/arm/bin/../lib/gcc/arm-none-eabi/4.5.2/thumb2/libgcc.a(_udivdi3.o)
                0x0000f2e8                __udivdi3
 *(.gnu.linkonce.t.*)
 *(.glue_7)
 .glue_7        0x00000000        0x0 linker stubs
 *(.glue_7t)
 .glue_7t       0x00000000        0x0 linker stubs
 *(.gcc_except_table)
 *(.rodata .rodata*)
 .rodata.str1.4
                0x0000f5f0       0x84 ../..//src/syscalls.o
 *fill*         0x0000f674        0x4 00
 .rodata._ZTVN4mbed11InterruptInE
                0x0000f678       0x18 ./main.o
                0x0000f678                _ZTVN4mbed11InterruptInE
 .rodata._ZTIN4mbed11InterruptInE
                0x0000f690        0xc ./main.o
                0x0000f690                _ZTIN4mbed11InterruptInE
 .rodata._ZTSN4mbed11InterruptInE
                0x0000f69c       0x18 ./main.o
                0x0000f69c                _ZTSN4mbed11InterruptInE
 .rodata.str1.4
                0x0000f6b4      0x2f3 ./main.o
                                0x2f4 (size before relaxing)
 *fill*         0x0000f9a7        0x1 00
 .rodata._ZTS12SDFileSystem
                0x0000f9a8       0x10 ./SDFileSystem/SDFileSystem.o
                0x0000f9a8                _ZTS12SDFileSystem
 .rodata._ZTV12SDFileSystem
                0x0000f9b8       0x48 ./SDFileSystem/SDFileSystem.o
                0x0000f9b8                _ZTV12SDFileSystem
 .rodata.str1.4
                0x0000fa00      0x164 ./SDFileSystem/SDFileSystem.o
 .rodata._ZTI12SDFileSystem
                0x0000fb64        0xc ./SDFileSystem/SDFileSystem.o
                0x0000fb64                _ZTI12SDFileSystem
 .rodata._ZTVN10__cxxabiv117__class_type_infoE
                0x0000fb70       0x30 ../..//external/gcc/LPC1768/libstdc++.a(class_type_info.o)
                0x0000fb70                _ZTVN10__cxxabiv117__class_type_infoE
 .rodata._ZTIN10__cxxabiv117__class_type_infoE
                0x0000fba0        0xc ../..//external/gcc/LPC1768/libstdc++.a(class_type_info.o)
                0x0000fba0                _ZTIN10__cxxabiv117__class_type_infoE
 .rodata._ZTSN10__cxxabiv117__class_type_infoE
                0x0000fbac       0x22 ../..//external/gcc/LPC1768/libstdc++.a(class_type_info.o)
                0x0000fbac                _ZTSN10__cxxabiv117__class_type_infoE
 .rodata.str1.1
                0x0000fbce       0x1c ../..//external/gcc/LPC1768/libstdc++.a(pure.o)
 *fill*         0x0000fbea        0x6 00
 .rodata._ZTVN10__cxxabiv120__si_class_type_infoE
                0x0000fbf0       0x30 ../..//external/gcc/LPC1768/libstdc++.a(si_class_type_info.o)
                0x0000fbf0                _ZTVN10__cxxabiv120__si_class_type_infoE
 .rodata._ZTIN10__cxxabiv120__si_class_type_infoE
                0x0000fc20        0xc ../..//external/gcc/LPC1768/libstdc++.a(si_class_type_info.o)
                0x0000fc20                _ZTIN10__cxxabiv120__si_class_type_infoE
 .rodata._ZTSN10__cxxabiv120__si_class_type_infoE
                0x0000fc2c       0x25 ../..//external/gcc/LPC1768/libstdc++.a(si_class_type_info.o)
                0x0000fc2c                _ZTSN10__cxxabiv120__si_class_type_infoE
 *fill*         0x0000fc51        0x3 00
 .rodata._ZTISt9type_info
                0x0000fc54        0x8 ../..//external/gcc/LPC1768/libstdc++.a(tinfo.o)
                0x0000fc54                _ZTISt9type_info
 .rodata._ZTSSt9type_info
                0x0000fc5c        0xd ../..//external/gcc/LPC1768/libstdc++.a(tinfo.o)
                0x0000fc5c                _ZTSSt9type_info
 *fill*         0x0000fc69        0x7 00
 .rodata._ZTVSt9type_info
                0x0000fc70       0x20 ../..//external/gcc/LPC1768/libstdc++.a(tinfo.o)
                0x0000fc70                _ZTVSt9type_info
 .rodata._ZTIN10__cxxabiv121__vmi_class_type_infoE
                0x0000fc90        0xc ../..//external/gcc/LPC1768/libstdc++.a(vmi_class_type_info.o)
                0x0000fc90                _ZTIN10__cxxabiv121__vmi_class_type_infoE
 .rodata._ZTSN10__cxxabiv121__vmi_class_type_infoE
                0x0000fc9c       0x26 ../..//external/gcc/LPC1768/libstdc++.a(vmi_class_type_info.o)
                0x0000fc9c                _ZTSN10__cxxabiv121__vmi_class_type_infoE
 *fill*         0x0000fcc2        0x6 00
 .rodata._ZTVN10__cxxabiv121__vmi_class_type_infoE
                0x0000fcc8       0x30 ../..//external/gcc/LPC1768/libstdc++.a(vmi_class_type_info.o)
                0x0000fcc8                _ZTVN10__cxxabiv121__vmi_class_type_infoE
 .rodata.str1.1
                0x0000fcf8       0x80 ../..//external/gcc/LPC1768/libstdc++.a(vterminate.o)
 .rodata        0x0000fd78      0x694 ../..//external/gcc/LPC1768/libstdc++.a(cp-demangle.o)
 .rodata.str1.1
                0x0001040c      0x552 ../..//external/gcc/LPC1768/libstdc++.a(cp-demangle.o)
                                0x601 (size before relaxing)
 .rodata.__aeabi_ctype_table_C
                0x0001095e      0x101 ../..//external/gcc/LPC1768/libc.a(lib_a-clibabi_ctype.o)
                0x0001095e                __aeabi_ctype_table_
                0x0001095e                __aeabi_ctype_table_C
 *fill*         0x00010a5f        0x1 00
 .rodata.__sf_fake_stdin
                0x00010a60       0x20 ../..//external/gcc/LPC1768/libc.a(lib_a-findfp.o)
                0x00010a60                __sf_fake_stdin
 .rodata.__sf_fake_stdout
                0x00010a80       0x20 ../..//external/gcc/LPC1768/libc.a(lib_a-findfp.o)
                0x00010a80                __sf_fake_stdout
 .rodata.__sf_fake_stderr
                0x00010aa0       0x20 ../..//external/gcc/LPC1768/libc.a(lib_a-findfp.o)
                0x00010aa0                __sf_fake_stderr
 .rodata.str1.1
                0x00010ac0        0x2 ../..//external/gcc/LPC1768/libc.a(lib_a-impure.o)
 *fill*         0x00010ac2        0x2 00
 .rodata._global_impure_ptr
                0x00010ac4        0x4 ../..//external/gcc/LPC1768/libc.a(lib_a-impure.o)
                0x00010ac4                _global_impure_ptr
 .rodata.str1.1
                0x00000000        0x2 ../..//external/gcc/LPC1768/libc.a(lib_a-puts.o)
 .rodata.zeroes.6599
                0x00010ac8       0x10 ../..//external/gcc/LPC1768/libc.a(lib_a-svfprintf.o)
 .rodata.str1.1
                0x00010ad8       0x34 ../..//external/gcc/LPC1768/libc.a(lib_a-svfprintf.o)
 .rodata.blanks.6598
                0x00010b0c       0x10 ../..//external/gcc/LPC1768/libc.a(lib_a-svfprintf.o)
 .rodata.str1.1
                0x00010b1c        0x5 ../..//external/gcc/LPC1768/libc.a(lib_a-svfscanf.o)
 *fill*         0x00010b21        0x1 00
 .rodata.basefix.6519
                0x00010b22       0x22 ../..//external/gcc/LPC1768/libc.a(lib_a-svfscanf.o)
 .rodata.blanks.6613
                0x00010b44       0x10 ../..//external/gcc/LPC1768/libc.a(lib_a-vfprintf.o)
 .rodata.str1.1
                0x00000000       0x34 ../..//external/gcc/LPC1768/libc.a(lib_a-vfprintf.o)
 .rodata.zeroes.6614
                0x00010b54       0x10 ../..//external/gcc/LPC1768/libc.a(lib_a-vfprintf.o)
 .rodata.basefix.6535
                0x00010b64       0x22 ../..//external/gcc/LPC1768/libc.a(lib_a-vfscanf.o)
 .rodata.str1.1
                0x00000000        0x5 ../..//external/gcc/LPC1768/libc.a(lib_a-vfscanf.o)
 .rodata.str1.1
                0x00010b86       0x3c ../..//external/gcc/LPC1768/libc.a(lib_a-assert.o)
                                 0x3d (size before relaxing)
 .rodata._ctype_
                0x00010bc2      0x101 ../..//external/gcc/LPC1768/libc.a(lib_a-ctype_.o)
                0x00010bc2                _ctype_
 .rodata.str1.1
                0x00010cc3        0xd ../..//external/gcc/LPC1768/libc.a(lib_a-dtoa.o)
                                  0xf (size before relaxing)
 .rodata.str1.1
                0x00010cd0        0x6 ../..//external/gcc/LPC1768/libc.a(lib_a-locale.o)
                                  0xb (size before relaxing)
 .rodata.str1.1
                0x00000000        0x1 ../..//external/gcc/LPC1768/libc.a(lib_a-mbrtowc.o)
 *fill*         0x00010cd6        0x2 00
 .rodata.p05.5124
                0x00010cd8        0xc ../..//external/gcc/LPC1768/libc.a(lib_a-mprec.o)
 *fill*         0x00010ce4        0x4 00
 .rodata.__mprec_tens
                0x00010ce8       0xc8 ../..//external/gcc/LPC1768/libc.a(lib_a-mprec.o)
                0x00010ce8                __mprec_tens
 .rodata.__mprec_bigtens
                0x00010db0       0x28 ../..//external/gcc/LPC1768/libc.a(lib_a-mprec.o)
                0x00010db0                __mprec_bigtens
 .rodata.str1.1
                0x00000000        0x6 ../..//external/gcc/LPC1768/libc.a(lib_a-strtod.o)
                                  0xc (size before relaxing)
 .rodata.tinytens
                0x00010dd8       0x28 ../..//external/gcc/LPC1768/libc.a(lib_a-strtod.o)
 .rodata.blanks.6556
                0x00010e00       0x10 ../..//external/gcc/LPC1768/libc.a(lib_a-vfiprintf.o)
 .rodata.str1.1
                0x00000000       0x22 ../..//external/gcc/LPC1768/libc.a(lib_a-vfiprintf.o)
 .rodata.zeroes.6557
                0x00010e10       0x10 ../..//external/gcc/LPC1768/libc.a(lib_a-vfiprintf.o)
 .rodata.str1.1
                0x00010e20        0xb ../..//external/gcc/LPC1768/libc.a(lib_a-gdtoa-gethex.o)
                                 0x19 (size before relaxing)
 *(.gnu.linkonce.r.*)
                0x00010e2c                . = ALIGN (0x4)
 *fill*         0x00010e2b        0x1 00
 *(.init)
 .init          0x00010e2c        0x4 /media/6aafac43-5450-453e-a142-f588400933c0/Sandbox/arm/bin/../lib/gcc/arm-none-eabi/4.5.2/thumb2/crti.o
                0x00010e2c                _init
 .init          0x00010e30        0x8 /media/6aafac43-5450-453e-a142-f588400933c0/Sandbox/arm/bin/../lib/gcc/arm-none-eabi/4.5.2/thumb2/crtn.o
                0x00010e38                . = ALIGN (0x4)
                0x00010e38                __preinit_array_start = .
 *(.preinit_array)
 .preinit_array
                0x00010e38        0x4 ../..//external/gcc/LPC1768/libc.a(lib_a-clibabi_stdio.o)
                0x00010e3c                __preinit_array_end = .
                0x00010e3c                . = ALIGN (0x4)
                0x00010e3c                __init_array_start = .
 *(SORT(.init_array.*))
 *(.init_array)
 .init_array    0x00010e3c        0x4 /media/6aafac43-5450-453e-a142-f588400933c0/Sandbox/arm/bin/../lib/gcc/arm-none-eabi/4.5.2/thumb2/crtbegin.o
 .init_array    0x00010e40        0x4 ./main.o
                0x00010e44                __init_array_end = .
                0x00010e44                . = ALIGN (0x4)
 *crtbegin.o(.ctors)
 *(EXCLUDE_FILE(*crtend.o) .ctors)
 *(SORT(.ctors.*))
 *crtend.o(.ctors)
                0x00010e44                . = ALIGN (0x4)
 *(.fini)
 .fini          0x00010e44        0x4 /media/6aafac43-5450-453e-a142-f588400933c0/Sandbox/arm/bin/../lib/gcc/arm-none-eabi/4.5.2/thumb2/crti.o
                0x00010e44                _fini
 .fini          0x00010e48        0x8 /media/6aafac43-5450-453e-a142-f588400933c0/Sandbox/arm/bin/../lib/gcc/arm-none-eabi/4.5.2/thumb2/crtn.o
                0x00010e50                . = ALIGN (0x4)
                0x00010e50                __fini_array_start = .
 *(.fini_array)
 .fini_array    0x00010e50        0x4 /media/6aafac43-5450-453e-a142-f588400933c0/Sandbox/arm/bin/../lib/gcc/arm-none-eabi/4.5.2/thumb2/crtbegin.o
 *(SORT(.fini_array.*))
                0x00010e54                __fini_array_end = .
                0x00010e54                . = ALIGN (0x4)
 *crtbegin.o(.dtors)
 *(EXCLUDE_FILE(*crtend.o) .dtors)
 *(SORT(.dtors.*))
 *crtend.o(.dtors)
                0x00010e54                _etext = .
                0x00010e54                _sifastcode = .
                0x00010e54                __exidx_start = .

.vfp11_veneer   0x00010e54        0x0
 .vfp11_veneer  0x00000000        0x0 linker stubs

.v4_bx          0x00010e54        0x0
 .v4_bx         0x00000000        0x0 linker stubs

i._ZN4mbed10DigitalOut15get_rpc_methodsEv
                0x00010e54        0x8
 i._ZN4mbed10DigitalOut15get_rpc_methodsEv
                0x00010e54        0x8 ../..//external/mbed/LPC1768/mbed.ar(DigitalOut.LPC1768.o)
                0x00010e54                _ZN4mbed10DigitalOut15get_rpc_methodsEv

i._ZN4mbed10DigitalOutC1E7PinNamePKc
                0x00010e5c       0x3c
 i._ZN4mbed10DigitalOutC1E7PinNamePKc
                0x00010e5c       0x3c ../..//external/mbed/LPC1768/mbed.ar(DigitalOut.LPC1768.o)
                0x00010e5c                _ZN4mbed10DigitalOutC1E7PinNamePKc
                0x00010e5c                _ZN4mbed10DigitalOutC2E7PinNamePKc

i._ZN4mbed10DigitalOutD1Ev
                0x00010e98        0x4
 i._ZN4mbed10DigitalOutD1Ev
                0x00010e98        0x4 ../..//external/mbed/LPC1768/mbed.ar(DigitalOut.LPC1768.o)
                0x00010e98                _ZN4mbed10DigitalOutD2Ev
                0x00010e98                _ZN4mbed10DigitalOutD1Ev

t._ZN4mbed17rpc_method_callerINS_10DigitalOutEiXadL_ZNS1_5writeEiEEEEvPNS_4BaseEPKcPc
                0x00010e9c       0x78
 t._ZN4mbed17rpc_method_callerINS_10DigitalOutEiXadL_ZNS1_5writeEiEEEEvPNS_4BaseEPKcPc
                0x00010e9c       0x78 ../..//external/mbed/LPC1768/mbed.ar(DigitalOut.LPC1768.o)
                0x00010e9c                _ZN4mbed17rpc_method_callerINS_10DigitalOutEiXadL_ZNS1_5writeEiEEEEvPNS_4BaseEPKcPc

t._ZN4mbed17rpc_method_callerIiNS_10DigitalOutEXadL_ZNS1_4readEvEEEEvPNS_4BaseEPKcPc
                0x00010f14       0x38
 t._ZN4mbed17rpc_method_callerIiNS_10DigitalOutEXadL_ZNS1_4readEvEEEEvPNS_4BaseEPKcPc
                0x00010f14       0x38 ../..//external/mbed/LPC1768/mbed.ar(DigitalOut.LPC1768.o)
                0x00010f14                _ZN4mbed17rpc_method_callerIiNS_10DigitalOutEXadL_ZNS1_4readEvEEEEvPNS_4BaseEPKcPc

t._ZN4mbed9rpc_superINS_4BaseEEEPKNS_10rpc_methodEPS1_
                0x00010f4c        0x4
 t._ZN4mbed9rpc_superINS_4BaseEEEPKNS_10rpc_methodEPS1_
                0x00010f4c        0x4 ../..//external/mbed/LPC1768/mbed.ar(DigitalOut.LPC1768.o)
                0x00010f4c                _ZN4mbed9rpc_superINS_4BaseEEEPKNS_10rpc_methodEPS1_

i._ZN4mbed10DigitalOut5writeEi
                0x00010f50        0xe
 i._ZN4mbed10DigitalOut5writeEi
                0x00010f50        0xe ../..//external/mbed/LPC1768/mbed.ar(DigitalOut.LPC1768.o)
                0x00010f50                _ZN4mbed10DigitalOut5writeEi

i._ZN4mbed10DigitalOut4readEv
                0x00010f5e        0xe
 i._ZN4mbed10DigitalOut4readEv
                0x00010f5e        0xe ../..//external/mbed/LPC1768/mbed.ar(DigitalOut.LPC1768.o)
                0x00010f5e                _ZN4mbed10DigitalOut4readEv

i._ZN4mbed10DigitalOutD0Ev
                0x00010f6c        0xe
 i._ZN4mbed10DigitalOutD0Ev
                0x00010f6c        0xe ../..//external/mbed/LPC1768/mbed.ar(DigitalOut.LPC1768.o)
                0x00010f6c                _ZN4mbed10DigitalOutD0Ev

i._ZN4mbed10parse_charEPKcPS1_
                0x00010f7a       0xa2
 i._ZN4mbed10parse_charEPKcPS1_
                0x00010f7a       0xa2 ../..//external/mbed/LPC1768/mbed.ar(DigitalOut.LPC1768.o)
                0x00010f7a                _ZN4mbed10parse_charEPKcPS1_

i._ZN4mbed4Base11delete_selfEv
                0x0001101c       0x1e
 i._ZN4mbed4Base11delete_selfEv
                0x0001101c       0x1e ../..//external/mbed/LPC1768/mbed.ar(Base.LPC1768.o)
                0x0001101c                _ZN4mbed4Base11delete_selfEv

i._ZN4mbed4Base15get_rpc_methodsEv
                0x0001103c        0x8
 i._ZN4mbed4Base15get_rpc_methodsEv
                0x0001103c        0x8 ../..//external/mbed/LPC1768/mbed.ar(Base.LPC1768.o)
                0x0001103c                _ZN4mbed4Base15get_rpc_methodsEv

i._ZN4mbed4Base15register_objectEPKc
                0x00011044       0x1c
 i._ZN4mbed4Base15register_objectEPKc
                0x00011044       0x1c ../..//external/mbed/LPC1768/mbed.ar(Base.LPC1768.o)
                0x00011044                _ZN4mbed4Base15register_objectEPKc

i._ZN4mbed4Base3rpcEPKcS2_Pc
                0x00011060       0x98
 i._ZN4mbed4Base3rpcEPKcS2_Pc
                0x00011060       0x98 ../..//external/mbed/LPC1768/mbed.ar(Base.LPC1768.o)
                0x00011060                _ZN4mbed4Base3rpcEPKcS2_Pc

i._ZN4mbed4Base5clearEPKcPc
                0x000110f8       0x30
 i._ZN4mbed4Base5clearEPKcPc
                0x000110f8       0x30 ../..//external/mbed/LPC1768/mbed.ar(Base.LPC1768.o)
                0x000110f8                _ZN4mbed4Base5clearEPKcPc

i._ZN4mbed4Base6lookupEPKcj
                0x00011128       0x38
 i._ZN4mbed4Base6lookupEPKcj
                0x00011128       0x38 ../..//external/mbed/LPC1768/mbed.ar(Base.LPC1768.o)
                0x00011128                _ZN4mbed4Base6lookupEPKcj

i._ZN4mbed4Base7opendirEv
                0x00011160       0x18
 i._ZN4mbed4Base7opendirEv
                0x00011160       0x18 ../..//external/mbed/LPC1768/mbed.ar(Base.LPC1768.o)
                0x00011160                _ZN4mbed4Base7opendirEv

i._ZN4mbed4Base8new_nameEPS0_
                0x00011178       0x20
 i._ZN4mbed4Base8new_nameEPS0_
                0x00011178       0x20 ../..//external/mbed/LPC1768/mbed.ar(Base.LPC1768.o)
                0x00011178                _ZN4mbed4Base8new_nameEPS0_

i._ZN4mbed4Base9list_objsEPKcPc
                0x00011198       0x40
 i._ZN4mbed4Base9list_objsEPKcPc
                0x00011198       0x40 ../..//external/mbed/LPC1768/mbed.ar(Base.LPC1768.o)
                0x00011198                _ZN4mbed4Base9list_objsEPKcPc

i._ZN4mbed4BaseC1EPKc
                0x000111d8       0x24
 i._ZN4mbed4BaseC1EPKc
                0x000111d8       0x24 ../..//external/mbed/LPC1768/mbed.ar(Base.LPC1768.o)
                0x000111d8                _ZN4mbed4BaseC1EPKc
                0x000111d8                _ZN4mbed4BaseC2EPKc

i._ZN4mbed4BaseD0Ev
                0x000111fc       0x34
 i._ZN4mbed4BaseD0Ev
                0x000111fc       0x34 ../..//external/mbed/LPC1768/mbed.ar(Base.LPC1768.o)
                0x000111fc                _ZN4mbed4BaseD0Ev

i._ZN4mbed4BaseD1Ev
                0x00011230       0x38
 i._ZN4mbed4BaseD1Ev
                0x00011230       0x38 ../..//external/mbed/LPC1768/mbed.ar(Base.LPC1768.o)
                0x00011230                _ZN4mbed4BaseD1Ev
                0x00011230                _ZN4mbed4BaseD2Ev

t._ZN4mbed17rpc_method_callerINS_4BaseEXadL_ZNS1_11delete_selfEvEEEEvPS1_PKcPc
                0x00011268       0x28
 t._ZN4mbed17rpc_method_callerINS_4BaseEXadL_ZNS1_11delete_selfEvEEEEvPS1_PKcPc
                0x00011268       0x28 ../..//external/mbed/LPC1768/mbed.ar(Base.LPC1768.o)
                0x00011268                _ZN4mbed17rpc_method_callerINS_4BaseEXadL_ZNS1_11delete_selfEvEEEEvPS1_PKcPc

i._ZN4mbed13BaseDirHandle8closedirEv
                0x00011290        0xa
 i._ZN4mbed13BaseDirHandle8closedirEv
                0x00011290        0xa ../..//external/mbed/LPC1768/mbed.ar(Base.LPC1768.o)
                0x00011290                _ZN4mbed13BaseDirHandle8closedirEv

i._ZN4mbed13BaseDirHandle7readdirEv
                0x0001129c       0x64
 i._ZN4mbed13BaseDirHandle7readdirEv
                0x0001129c       0x64 ../..//external/mbed/LPC1768/mbed.ar(Base.LPC1768.o)
                0x0001129c                _ZN4mbed13BaseDirHandle7readdirEv

i._ZN4mbed13BaseDirHandle7telldirEv
                0x00011300        0x4
 i._ZN4mbed13BaseDirHandle7telldirEv
                0x00011300        0x4 ../..//external/mbed/LPC1768/mbed.ar(Base.LPC1768.o)
                0x00011300                _ZN4mbed13BaseDirHandle7telldirEv

i._ZN4mbed13BaseDirHandle7seekdirEl
                0x00011304        0x4
 i._ZN4mbed13BaseDirHandle7seekdirEl
                0x00011304        0x4 ../..//external/mbed/LPC1768/mbed.ar(Base.LPC1768.o)
                0x00011304                _ZN4mbed13BaseDirHandle7seekdirEl

i._ZN4mbed13BaseDirHandle9rewinddirEv
                0x00011308        0x6
 i._ZN4mbed13BaseDirHandle9rewinddirEv
                0x00011308        0x6 ../..//external/mbed/LPC1768/mbed.ar(Base.LPC1768.o)
                0x00011308                _ZN4mbed13BaseDirHandle9rewinddirEv

i._sys_close    0x00011310       0x2c
 i._sys_close   0x00011310       0x2c ../..//external/mbed/LPC1768/mbed.ar(stdio.LPC1768.o)
                0x00011310                _sys_close

i._sys_istty    0x0001133c       0x28
 i._sys_istty   0x0001133c       0x28 ../..//external/mbed/LPC1768/mbed.ar(stdio.LPC1768.o)
                0x0001133c                _sys_istty

i._sys_open     0x00011364      0x184
 i._sys_open    0x00011364      0x184 ../..//external/mbed/LPC1768/mbed.ar(stdio.LPC1768.o)
                0x00011364                _sys_open

i._sys_read     0x000114e8       0x40
 i._sys_read    0x000114e8       0x40 ../..//external/mbed/LPC1768/mbed.ar(stdio.LPC1768.o)
                0x000114e8                _sys_read

i._sys_seek     0x00011528       0x2c
 i._sys_seek    0x00011528       0x2c ../..//external/mbed/LPC1768/mbed.ar(stdio.LPC1768.o)
                0x00011528                _sys_seek

i._sys_write    0x00011554       0x54
 i._sys_write   0x00011554       0x54 ../..//external/mbed/LPC1768/mbed.ar(stdio.LPC1768.o)
                0x00011554                _sys_write

i.closedir      0x000115a8        0x6
 i.closedir     0x000115a8        0x6 ../..//external/mbed/LPC1768/mbed.ar(stdio.LPC1768.o)
                0x000115a8                closedir

i.opendir       0x000115b0       0x54
 i.opendir      0x000115b0       0x54 ../..//external/mbed/LPC1768/mbed.ar(stdio.LPC1768.o)
                0x000115b0                opendir

i.readdir       0x00011604        0x6
 i.readdir      0x00011604        0x6 ../..//external/mbed/LPC1768/mbed.ar(stdio.LPC1768.o)
                0x00011604                readdir

i.remove        0x0001160c       0x50
 i.remove       0x0001160c       0x50 ../..//external/mbed/LPC1768/mbed.ar(stdio.LPC1768.o)
                0x0001160c                remove

i._ZN4mbed3SPI15get_rpc_methodsEv
                0x0001165c        0x8
 i._ZN4mbed3SPI15get_rpc_methodsEv
                0x0001165c        0x8 ../..//external/mbed/LPC1768/mbed.ar(SPI.LPC1768.o)
                0x0001165c                _ZN4mbed3SPI15get_rpc_methodsEv

i._ZN4mbed3SPI5writeEi
                0x00011664       0x16
 i._ZN4mbed3SPI5writeEi
                0x00011664       0x16 ../..//external/mbed/LPC1768/mbed.ar(SPI.LPC1768.o)
                0x00011664                _ZN4mbed3SPI5writeEi

i._ZN4mbed3SPI6aquireEv
                0x0001167c       0x2c
 i._ZN4mbed3SPI6aquireEv
                0x0001167c       0x2c ../..//external/mbed/LPC1768/mbed.ar(SPI.LPC1768.o)
                0x0001167c                _ZN4mbed3SPI6aquireEv

i._ZN4mbed3SPI6formatEii
                0x000116a8       0x14
 i._ZN4mbed3SPI6formatEii
                0x000116a8       0x14 ../..//external/mbed/LPC1768/mbed.ar(SPI.LPC1768.o)
                0x000116a8                _ZN4mbed3SPI6formatEii

i._ZN4mbed3SPI9frequencyEi
                0x000116bc       0x10
 i._ZN4mbed3SPI9frequencyEi
                0x000116bc       0x10 ../..//external/mbed/LPC1768/mbed.ar(SPI.LPC1768.o)
                0x000116bc                _ZN4mbed3SPI9frequencyEi

i._ZN4mbed3SPIC1E7PinNameS1_S1_PKc
                0x000116cc       0x4c
 i._ZN4mbed3SPIC1E7PinNameS1_S1_PKc
                0x000116cc       0x4c ../..//external/mbed/LPC1768/mbed.ar(SPI.LPC1768.o)
                0x000116cc                _ZN4mbed3SPIC1E7PinNameS1_S1_PKc
                0x000116cc                _ZN4mbed3SPIC2E7PinNameS1_S1_PKc

i._ZN4mbed3SPID1Ev
                0x00011718        0x4
 i._ZN4mbed3SPID1Ev
                0x00011718        0x4 ../..//external/mbed/LPC1768/mbed.ar(SPI.LPC1768.o)
                0x00011718                _ZN4mbed3SPID1Ev
                0x00011718                _ZN4mbed3SPID2Ev

i._ZN4mbed9parse_argI7PinNameEET_PKcPS4_
                0x0001171c       0xf0
 i._ZN4mbed9parse_argI7PinNameEET_PKcPS4_
                0x0001171c       0xf0 ../..//external/mbed/LPC1768/mbed.ar(SPI.LPC1768.o)
                0x0001171c                _ZN4mbed9parse_argI7PinNameEET_PKcPS4_

t._ZN4mbed17rpc_method_callerINS_3SPIEiiXadL_ZNS1_6formatEiiEEEEvPNS_4BaseEPKcPc
                0x0001180c       0x84
 t._ZN4mbed17rpc_method_callerINS_3SPIEiiXadL_ZNS1_6formatEiiEEEEvPNS_4BaseEPKcPc
                0x0001180c       0x84 ../..//external/mbed/LPC1768/mbed.ar(SPI.LPC1768.o)
                0x0001180c                _ZN4mbed17rpc_method_callerINS_3SPIEiiXadL_ZNS1_6formatEiiEEEEvPNS_4BaseEPKcPc

t._ZN4mbed17rpc_method_callerINS_3SPIEiXadL_ZNS1_9frequencyEiEEEEvPNS_4BaseEPKcPc
                0x00011890       0x50
 t._ZN4mbed17rpc_method_callerINS_3SPIEiXadL_ZNS1_9frequencyEiEEEEvPNS_4BaseEPKcPc
                0x00011890       0x50 ../..//external/mbed/LPC1768/mbed.ar(SPI.LPC1768.o)
                0x00011890                _ZN4mbed17rpc_method_callerINS_3SPIEiXadL_ZNS1_9frequencyEiEEEEvPNS_4BaseEPKcPc

t._ZN4mbed17rpc_method_callerIiNS_3SPIEiXadL_ZNS1_5writeEiEEEEvPNS_4BaseEPKcPc
                0x000118e0       0x5c
 t._ZN4mbed17rpc_method_callerIiNS_3SPIEiXadL_ZNS1_5writeEiEEEEvPNS_4BaseEPKcPc
                0x000118e0       0x5c ../..//external/mbed/LPC1768/mbed.ar(SPI.LPC1768.o)
                0x000118e0                _ZN4mbed17rpc_method_callerIiNS_3SPIEiXadL_ZNS1_5writeEiEEEEvPNS_4BaseEPKcPc

t._ZN4mbed19rpc_function_callerIPKc7PinNameS3_S3_S2_XadL_ZNS_4Base9constructINS_3SPIES3_S3_S3_S2_EES2_T0_T1_T2_T3_EEEEvS2_Pc
                0x0001193c      0x1cc
 t._ZN4mbed19rpc_function_callerIPKc7PinNameS3_S3_S2_XadL_ZNS_4Base9constructINS_3SPIES3_S3_S3_S2_EES2_T0_T1_T2_T3_EEEEvS2_Pc
                0x0001193c      0x1cc ../..//external/mbed/LPC1768/mbed.ar(SPI.LPC1768.o)
                0x0001193c                _ZN4mbed19rpc_function_callerIPKc7PinNameS3_S3_S2_XadL_ZNS_4Base9constructINS_3SPIES3_S3_S3_S2_EES2_T0_T1_T2_T3_EEEEvS2_Pc

i._ZN4mbed3SPID0Ev
                0x00011b08        0xe
 i._ZN4mbed3SPID0Ev
                0x00011b08        0xe ../..//external/mbed/LPC1768/mbed.ar(SPI.LPC1768.o)
                0x00011b08                _ZN4mbed3SPID0Ev

i._ZN4mbed8next_argEPKc
                0x00011b16       0x2c
 i._ZN4mbed8next_argEPKc
                0x00011b16       0x2c ../..//external/mbed/LPC1768/mbed.ar(SPI.LPC1768.o)
                0x00011b16                _ZN4mbed8next_argEPKc

i._ZN4mbed11InterruptIn15setup_interruptEii
                0x00011b44       0xbc
 i._ZN4mbed11InterruptIn15setup_interruptEii
                0x00011b44       0xbc ../..//external/mbed/LPC1768/mbed.ar(InterruptIn.LPC1768.o)
                0x00011b44                _ZN4mbed11InterruptIn15setup_interruptEii

i._ZN4mbed11InterruptIn4_irqEv
                0x00011c00       0xa8
 i._ZN4mbed11InterruptIn4_irqEv
                0x00011c00       0xa8 ../..//external/mbed/LPC1768/mbed.ar(InterruptIn.LPC1768.o)
                0x00011c00                _ZN4mbed11InterruptIn4_irqEv

i._ZN4mbed11InterruptIn4fallEPFvvE
                0x00011ca8       0x2a
 i._ZN4mbed11InterruptIn4fallEPFvvE
                0x00011ca8       0x2a ../..//external/mbed/LPC1768/mbed.ar(InterruptIn.LPC1768.o)
                0x00011ca8                _ZN4mbed11InterruptIn4fallEPFvvE

i._ZN4mbed11InterruptIn4modeE7PinMode
                0x00011cd2        0x6
 i._ZN4mbed11InterruptIn4modeE7PinMode
                0x00011cd2        0x6 ../..//external/mbed/LPC1768/mbed.ar(InterruptIn.LPC1768.o)
                0x00011cd2                _ZN4mbed11InterruptIn4modeE7PinMode

i._ZN4mbed11InterruptInC1E7PinNamePKc
                0x00011cd8       0x34
 i._ZN4mbed11InterruptInC1E7PinNamePKc
                0x00011cd8       0x34 ../..//external/mbed/LPC1768/mbed.ar(InterruptIn.LPC1768.o)
                0x00011cd8                _ZN4mbed11InterruptInC2E7PinNamePKc
                0x00011cd8                _ZN4mbed11InterruptInC1E7PinNamePKc

i._ZN4mbed11InterruptInD1Ev
                0x00011d0c        0x4
 i._ZN4mbed11InterruptInD1Ev
                0x00011d0c        0x4 ../..//external/mbed/LPC1768/mbed.ar(InterruptIn.LPC1768.o)
                0x00011d0c                _ZN4mbed11InterruptInD1Ev
                0x00011d0c                _ZN4mbed11InterruptInD2Ev

i._ZN4mbed11InterruptInD0Ev
                0x00011d10        0xe
 i._ZN4mbed11InterruptInD0Ev
                0x00011d10        0xe ../..//external/mbed/LPC1768/mbed.ar(InterruptIn.LPC1768.o)
                0x00011d10                _ZN4mbed11InterruptInD0Ev

i._ZN4mbed15FunctionPointer4callEv
                0x00011d1e       0x1a
 i._ZN4mbed15FunctionPointer4callEv
                0x00011d1e       0x1a ../..//external/mbed/LPC1768/mbed.ar(FunctionPointer.LPC1768.o)
                0x00011d1e                _ZN4mbed15FunctionPointer4callEv

i._ZN4mbed15FunctionPointer6attachEPFvvE
                0x00011d38        0x8
 i._ZN4mbed15FunctionPointer6attachEPFvvE
                0x00011d38        0x8 ../..//external/mbed/LPC1768/mbed.ar(FunctionPointer.LPC1768.o)
                0x00011d38                _ZN4mbed15FunctionPointer6attachEPFvvE

i._ZN4mbed15FunctionPointerC1EPFvvE
                0x00011d40        0x8
 i._ZN4mbed15FunctionPointerC1EPFvvE
                0x00011d40        0x8 ../..//external/mbed/LPC1768/mbed.ar(FunctionPointer.LPC1768.o)
                0x00011d40                _ZN4mbed15FunctionPointerC1EPFvvE
                0x00011d40                _ZN4mbed15FunctionPointerC2EPFvvE

i.NVIC_SetVector
                0x00011d48       0x38
 i.NVIC_SetVector
                0x00011d48       0x38 ../..//external/mbed/LPC1768/capi.ar(cmsis_nvic.LPC1768.o)
                0x00011d48                NVIC_SetVector

i.SystemInit    0x00011d80       0x78
 i.SystemInit   0x00011d80       0x78 ../..//external/mbed/LPC1768/capi.ar(system_LPC17xx.LPC1768.o)
                0x00011d80                SystemInit

.emb_text       0x00011df8       0x20
 .emb_text      0x00011df8       0x20 ../..//external/mbed/LPC1768/capi.ar(core_cm3.LPC1768.o)
                0x00011df8                __get_PSP
                0x00011dfe                __set_PSP
                0x00011e04                __get_MSP
                0x00011e0a                __set_MSP
                0x00011e10                __REV16
                0x00011e14                __REVSH

i.serial_baud   0x00011e18      0x1c8
 i.serial_baud  0x00011e18      0x1c8 ../..//external/mbed/LPC1768/capi.ar(serial_api.LPC1768.o)
                0x00011e18                serial_baud

i.serial_format
                0x00011fe0       0x94
 i.serial_format
                0x00011fe0       0x94 ../..//external/mbed/LPC1768/capi.ar(serial_api.LPC1768.o)
                0x00011fe0                serial_format

i.serial_getc   0x00012074        0xc
 i.serial_getc  0x00012074        0xc ../..//external/mbed/LPC1768/capi.ar(serial_api.LPC1768.o)
                0x00012074                serial_getc

i.serial_init   0x00012080       0xe4
 i.serial_init  0x00012080       0xe4 ../..//external/mbed/LPC1768/capi.ar(serial_api.LPC1768.o)
                0x00012080                serial_init

i.serial_putc   0x00012164        0xc
 i.serial_putc  0x00012164        0xc ../..//external/mbed/LPC1768/capi.ar(serial_api.LPC1768.o)
                0x00012164                serial_putc

i.exit          0x00012170       0x16
 i.exit         0x00012170       0x16 ../..//external/mbed/LPC1768/capi.ar(exit.LPC1768.o)
                0x00012170                exit

i.spi_format    0x00012188       0x84
 i.spi_format   0x00012188       0x84 ../..//external/mbed/LPC1768/capi.ar(spi_api.LPC1768.o)
                0x00012188                spi_format

i.spi_frequency
                0x0001220c       0xb8
 i.spi_frequency
                0x0001220c       0xb8 ../..//external/mbed/LPC1768/capi.ar(spi_api.LPC1768.o)
                0x0001220c                spi_frequency

i.spi_init      0x000122c4      0x124
 i.spi_init     0x000122c4      0x124 ../..//external/mbed/LPC1768/capi.ar(spi_api.LPC1768.o)
                0x000122c4                spi_init

i.spi_master_write
                0x000123e8       0x16
 i.spi_master_write
                0x000123e8       0x16 ../..//external/mbed/LPC1768/capi.ar(spi_api.LPC1768.o)
                0x000123e8                spi_master_write

i.pin_function  0x00012400       0x38
 i.pin_function
                0x00012400       0x38 ../..//external/mbed/LPC1768/capi.ar(pinmap.LPC1768.o)
                0x00012400                pin_function

i.pin_mode      0x00012438       0x68
 i.pin_mode     0x00012438       0x68 ../..//external/mbed/LPC1768/capi.ar(pinmap.LPC1768.o)
                0x00012438                pin_mode

i.pinmap_merge  0x000124a0       0x3c
 i.pinmap_merge
                0x000124a0       0x3c ../..//external/mbed/LPC1768/capi.ar(pinmap.LPC1768.o)
                0x000124a0                pinmap_merge

i.pinmap_peripheral
                0x000124dc       0x58
 i.pinmap_peripheral
                0x000124dc       0x58 ../..//external/mbed/LPC1768/capi.ar(pinmap.LPC1768.o)
                0x000124dc                pinmap_peripheral

i.pinmap_pinout
                0x00012534       0xcc
 i.pinmap_pinout
                0x00012534       0xcc ../..//external/mbed/LPC1768/capi.ar(pinmap.LPC1768.o)
                0x00012534                pinmap_pinout

i.gpio_irq_clear
                0x00012600       0x54
 i.gpio_irq_clear
                0x00012600       0x54 ../..//external/mbed/LPC1768/capi.ar(gpio_irq_api.LPC1768.o)
                0x00012600                gpio_irq_clear

i.gpio_irq_falling
                0x00012654       0x70
 i.gpio_irq_falling
                0x00012654       0x70 ../..//external/mbed/LPC1768/capi.ar(gpio_irq_api.LPC1768.o)
                0x00012654                gpio_irq_falling

i.gpio_irq_rising
                0x000126c4       0x70
 i.gpio_irq_rising
                0x000126c4       0x70 ../..//external/mbed/LPC1768/capi.ar(gpio_irq_api.LPC1768.o)
                0x000126c4                gpio_irq_rising

i.gpio_input    0x00012734       0x30
 i.gpio_input   0x00012734       0x30 ../..//external/mbed/LPC1768/capi.ar(gpio_api.LPC1768.o)
                0x00012734                gpio_input

i.gpio_mode     0x00012764        0x4
 i.gpio_mode    0x00012764        0x4 ../..//external/mbed/LPC1768/capi.ar(gpio_api.LPC1768.o)
                0x00012764                gpio_mode

i.gpio_output   0x00012768       0x30
 i.gpio_output  0x00012768       0x30 ../..//external/mbed/LPC1768/capi.ar(gpio_api.LPC1768.o)
                0x00012768                gpio_output

i.gpio_write    0x00012798       0x18
 i.gpio_write   0x00012798       0x18 ../..//external/mbed/LPC1768/capi.ar(gpio_api.LPC1768.o)
                0x00012798                gpio_write

i.semihost_exit
                0x000127b0        0xc
 i.semihost_exit
                0x000127b0        0xc ../..//external/mbed/LPC1768/capi.ar(semihost_api.LPC1768.o)
                0x000127b0                semihost_exit

i.mbed_die      0x000127bc       0x78
 i.mbed_die     0x000127bc       0x78 ../..//external/mbed/LPC1768/capi.ar(utils_api.LPC1768.o)
                0x000127bc                mbed_die

i.wait_ms       0x00012834       0x1c
 i.wait_ms      0x00012834       0x1c ../..//external/mbed/LPC1768/capi.ar(wait_api.LPC1768.o)
                0x00012834                wait_ms

i.us_ticker_read
                0x00012850       0x38
 i.us_ticker_read
                0x00012850       0x38 ../..//external/mbed/LPC1768/capi.ar(us_ticker_api.LPC1768.o)
                0x00012850                us_ticker_read

i.timer_frequency
                0x00012888       0x14
 i.timer_frequency
                0x00012888       0x14 ../..//external/mbed/LPC1768/capi.ar(timer_api.LPC1768.o)
                0x00012888                timer_frequency

i.timer_init    0x0001289c       0x70
 i.timer_init   0x0001289c       0x70 ../..//external/mbed/LPC1768/capi.ar(timer_api.LPC1768.o)
                0x0001289c                timer_init

i.timer_read    0x0001290c        0x4
 i.timer_read   0x0001290c        0x4 ../..//external/mbed/LPC1768/capi.ar(timer_api.LPC1768.o)
                0x0001290c                timer_read

i.timer_start   0x00012910        0xc
 i.timer_start  0x00012910        0xc ../..//external/mbed/LPC1768/capi.ar(timer_api.LPC1768.o)
                0x00012910                timer_start

i._ZN4mbed13FATFileSystem4openEPKci
                0x0001291c       0x94
 i._ZN4mbed13FATFileSystem4openEPKci
                0x0001291c       0x94 ../..//external/FATFileSystem/LPC1768/FATFileSystem.ar(FATFileSystem.cpp.lpc1768.arm.o)
                0x0001291c                _ZN4mbed13FATFileSystem4openEPKci

i._ZN4mbed13FATFileSystem5mkdirEPKci
                0x000129b0       0x12
 i._ZN4mbed13FATFileSystem5mkdirEPKci
                0x000129b0       0x12 ../..//external/FATFileSystem/LPC1768/FATFileSystem.ar(FATFileSystem.cpp.lpc1768.arm.o)
                0x000129b0                _ZN4mbed13FATFileSystem5mkdirEPKci

i._ZN4mbed13FATFileSystem6formatEv
                0x000129c2       0x1c
 i._ZN4mbed13FATFileSystem6formatEv
                0x000129c2       0x1c ../..//external/FATFileSystem/LPC1768/FATFileSystem.ar(FATFileSystem.cpp.lpc1768.arm.o)
                0x000129c2                _ZN4mbed13FATFileSystem6formatEv

i._ZN4mbed13FATFileSystem6removeEPKc
                0x000129de       0x12
 i._ZN4mbed13FATFileSystem6removeEPKc
                0x000129de       0x12 ../..//external/FATFileSystem/LPC1768/FATFileSystem.ar(FATFileSystem.cpp.lpc1768.arm.o)
                0x000129de                _ZN4mbed13FATFileSystem6removeEPKc

i._ZN4mbed13FATFileSystem7opendirEPKc
                0x000129f0       0x26
 i._ZN4mbed13FATFileSystem7opendirEPKc
                0x000129f0       0x26 ../..//external/FATFileSystem/LPC1768/FATFileSystem.ar(FATFileSystem.cpp.lpc1768.arm.o)
                0x000129f0                _ZN4mbed13FATFileSystem7opendirEPKc

i._ZN4mbed13FATFileSystemC2EPKc
                0x00012a18       0x88
 i._ZN4mbed13FATFileSystemC2EPKc
                0x00012a18       0x88 ../..//external/FATFileSystem/LPC1768/FATFileSystem.ar(FATFileSystem.cpp.lpc1768.arm.o)
                0x00012a18                _ZN4mbed13FATFileSystemC2EPKc

i._ZN4mbed13FATFileSystemD0Ev
                0x00012aa0       0x40
 i._ZN4mbed13FATFileSystemD0Ev
                0x00012aa0       0x40 ../..//external/FATFileSystem/LPC1768/FATFileSystem.ar(FATFileSystem.cpp.lpc1768.arm.o)
                0x00012aa0                _ZN4mbed13FATFileSystemD0Ev

i._ZN4mbed13FATFileSystemD2Ev
                0x00012ae0       0x3c
 i._ZN4mbed13FATFileSystemD2Ev
                0x00012ae0       0x3c ../..//external/FATFileSystem/LPC1768/FATFileSystem.ar(FATFileSystem.cpp.lpc1768.arm.o)
                0x00012ae0                _ZN4mbed13FATFileSystemD2Ev
                0x00012ae0                _ZN4mbed13FATFileSystemD1Ev

i.get_fattime   0x00012b1c        0x6
 i.get_fattime  0x00012b1c        0x6 ../..//external/FATFileSystem/LPC1768/FATFileSystem.ar(FATFileSystem.cpp.lpc1768.arm.o)
                0x00012b1c                get_fattime

i._ZN4mbed13FATFileSystem15disk_initializeEv
                0x00012b22        0x4
 i._ZN4mbed13FATFileSystem15disk_initializeEv
                0x00012b22        0x4 ../..//external/FATFileSystem/LPC1768/FATFileSystem.ar(FATFileSystem.cpp.lpc1768.arm.o)
                0x00012b22                _ZN4mbed13FATFileSystem15disk_initializeEv

i._ZN4mbed13FATFileSystem11disk_statusEv
                0x00012b26        0x4
 i._ZN4mbed13FATFileSystem11disk_statusEv
                0x00012b26        0x4 ../..//external/FATFileSystem/LPC1768/FATFileSystem.ar(FATFileSystem.cpp.lpc1768.arm.o)
                0x00012b26                _ZN4mbed13FATFileSystem11disk_statusEv

i._ZN4mbed13FATFileSystem9disk_syncEv
                0x00012b2a        0x4
 i._ZN4mbed13FATFileSystem9disk_syncEv
                0x00012b2a        0x4 ../..//external/FATFileSystem/LPC1768/FATFileSystem.ar(FATFileSystem.cpp.lpc1768.arm.o)
                0x00012b2a                _ZN4mbed13FATFileSystem9disk_syncEv

i._ZN4mbed12FATDirHandle7readdirEv
                0x00012b2e       0x32
 i._ZN4mbed12FATDirHandle7readdirEv
                0x00012b2e       0x32 ../..//external/FATFileSystem/LPC1768/FATFileSystem.ar(FATDirHandle.cpp.lpc1768.arm.o)
                0x00012b2e                _ZN4mbed12FATDirHandle7readdirEv

i._ZN4mbed12FATDirHandle7seekdirEl
                0x00012b60        0x4
 i._ZN4mbed12FATDirHandle7seekdirEl
                0x00012b60        0x4 ../..//external/FATFileSystem/LPC1768/FATFileSystem.ar(FATDirHandle.cpp.lpc1768.arm.o)
                0x00012b60                _ZN4mbed12FATDirHandle7seekdirEl

i._ZN4mbed12FATDirHandle7telldirEv
                0x00012b64        0x4
 i._ZN4mbed12FATDirHandle7telldirEv
                0x00012b64        0x4 ../..//external/FATFileSystem/LPC1768/FATFileSystem.ar(FATDirHandle.cpp.lpc1768.arm.o)
                0x00012b64                _ZN4mbed12FATDirHandle7telldirEv

i._ZN4mbed12FATDirHandle8closedirEv
                0x00012b68        0xa
 i._ZN4mbed12FATDirHandle8closedirEv
                0x00012b68        0xa ../..//external/FATFileSystem/LPC1768/FATFileSystem.ar(FATDirHandle.cpp.lpc1768.arm.o)
                0x00012b68                _ZN4mbed12FATDirHandle8closedirEv

i._ZN4mbed12FATDirHandle9rewinddirEv
                0x00012b72        0x6
 i._ZN4mbed12FATDirHandle9rewinddirEv
                0x00012b72        0x6 ../..//external/FATFileSystem/LPC1768/FATFileSystem.ar(FATDirHandle.cpp.lpc1768.arm.o)
                0x00012b72                _ZN4mbed12FATDirHandle9rewinddirEv

i._ZN4mbed12FATDirHandleC1ERK4_DIR
                0x00012b78       0x18
 i._ZN4mbed12FATDirHandleC1ERK4_DIR
                0x00012b78       0x18 ../..//external/FATFileSystem/LPC1768/FATFileSystem.ar(FATDirHandle.cpp.lpc1768.arm.o)
                0x00012b78                _ZN4mbed12FATDirHandleC2ERK4_DIR
                0x00012b78                _ZN4mbed12FATDirHandleC1ERK4_DIR

i._ZN4mbed13FATFileHandle4flenEv
                0x00012b90        0x4
 i._ZN4mbed13FATFileHandle4flenEv
                0x00012b90        0x4 ../..//external/FATFileSystem/LPC1768/FATFileSystem.ar(FATFileHandle.cpp.lpc1768.arm.o)
                0x00012b90                _ZN4mbed13FATFileHandle4flenEv

i._ZN4mbed13FATFileHandle4readEPvj
                0x00012b94       0x16
 i._ZN4mbed13FATFileHandle4readEPvj