Archive member included because of file (symbol)

../../external/mbed/LPC1768/mbed.ar(DigitalOut.LPC1768.o)
                              ./main.o (_ZTVN4mbed10DigitalOutE)
../../external/mbed/LPC1768/mbed.ar(Base.LPC1768.o)
                              ../../external/mbed/LPC1768/mbed.ar(DigitalOut.LPC1768.o) (_ZTIN4mbed4BaseE)
../../external/mbed/LPC1768/mbed.ar(stdio.LPC1768.o)
                              ../../external/mbed/LPC1768/mbed.ar(Base.LPC1768.o) (_ZTIN4mbed8FileLikeE)
../../external/mbed/LPC1768/mbed.ar(SPI.LPC1768.o)
                              ./main.o (_ZTVN4mbed3SPIE)
../../external/mbed/LPC1768/capi.ar(startup_LPC17xx.LPC1768.o)
                              (Reset_Handler)
../../external/mbed/LPC1768/capi.ar(system_LPC17xx.LPC1768.o)
                              ../../external/mbed/LPC1768/capi.ar(startup_LPC17xx.LPC1768.o) (SystemInit)
../../external/mbed/LPC1768/capi.ar(core_cm3.LPC1768.o)
                              ../../src/syscalls.o (__get_MSP)
../../external/mbed/LPC1768/capi.ar(serial_api.LPC1768.o)
                              ../../external/mbed/LPC1768/mbed.ar(stdio.LPC1768.o) (serial_baud)
../../external/mbed/LPC1768/capi.ar(exit.LPC1768.o)
                              ../../src/gcc4mbed.o (exit)
../../external/mbed/LPC1768/capi.ar(spi_api.LPC1768.o)
                              ../../external/mbed/LPC1768/mbed.ar(SPI.LPC1768.o) (spi_format)
../../external/mbed/LPC1768/capi.ar(pinmap.LPC1768.o)
                              ../../external/mbed/LPC1768/capi.ar(serial_api.LPC1768.o) (pinmap_merge)
../../external/mbed/LPC1768/capi.ar(gpio_api.LPC1768.o)
                              ../../external/mbed/LPC1768/mbed.ar(DigitalOut.LPC1768.o) (gpio_output)
../../external/mbed/LPC1768/capi.ar(semihost_api.LPC1768.o)
                              ../../external/mbed/LPC1768/capi.ar(exit.LPC1768.o) (semihost_exit)
../../external/mbed/LPC1768/capi.ar(utils_api.LPC1768.o)
                              ../../external/mbed/LPC1768/capi.ar(exit.LPC1768.o) (mbed_die)
../../external/mbed/LPC1768/capi.ar(wait_api.LPC1768.o)
                              ../../external/mbed/LPC1768/capi.ar(utils_api.LPC1768.o) (wait_ms)
../../external/mbed/LPC1768/capi.ar(us_ticker_api.LPC1768.o)
                              ../../external/mbed/LPC1768/capi.ar(wait_api.LPC1768.o) (us_ticker_read)
../../external/mbed/LPC1768/capi.ar(timer_api.LPC1768.o)
                              ../../external/mbed/LPC1768/capi.ar(us_ticker_api.LPC1768.o) (timer_frequency)
../../external/FATFileSystem/LPC1768/FATFileSystem.ar(FATFileSystem.cpp.lpc1768.arm.o)
                              ./SDFileSystem/SDFileSystem.o (_ZTIN4mbed13FATFileSystemE)
../../external/FATFileSystem/LPC1768/FATFileSystem.ar(FATDirHandle.cpp.lpc1768.arm.o)
                              ../../external/FATFileSystem/LPC1768/FATFileSystem.ar(FATFileSystem.cpp.lpc1768.arm.o) (_ZN4mbed12FATDirHandleC1ERK4_DIR)
../../external/FATFileSystem/LPC1768/FATFileSystem.ar(FATFileHandle.cpp.lpc1768.arm.o)
                              ../../external/FATFileSystem/LPC1768/FATFileSystem.ar(FATFileSystem.cpp.lpc1768.arm.o) (_ZN4mbed13FATFileHandleC1E4_FIL)
../../external/FATFileSystem/LPC1768/FATFileSystem.ar(ff.c.lpc1768.arm.o)
                              ../../external/FATFileSystem/LPC1768/FATFileSystem.ar(FATFileHandle.cpp.lpc1768.arm.o) (f_close)
../../external/FATFileSystem/LPC1768/FATFileSystem.ar(diskio.cpp.lpc1768.arm.o)
                              ../../external/FATFileSystem/LPC1768/FATFileSystem.ar(ff.c.lpc1768.arm.o) (disk_initialize)
../../external/gcc/LPC1768/libstdc++.a(atexit_arm.o)
                              ./main.o (__aeabi_atexit)
../../external/gcc/LPC1768/libstdc++.a(class_type_info.o)
                              ../../external/mbed/LPC1768/mbed.ar(Base.LPC1768.o) (_ZTVN10__cxxabiv117__class_type_infoE)
../../external/gcc/LPC1768/libstdc++.a(del_op.o)
                              ./main.o (_ZdlPv)
../../external/gcc/LPC1768/libstdc++.a(del_opv.o)
                              ../../external/mbed/LPC1768/mbed.ar(Base.LPC1768.o) (_ZdaPv)
../../external/gcc/LPC1768/libstdc++.a(dyncast.o)
                              ../../external/mbed/LPC1768/mbed.ar(Base.LPC1768.o) (__dynamic_cast)
../../external/gcc/LPC1768/libstdc++.a(new_op.o)
                              ../../external/mbed/LPC1768/mbed.ar(DigitalOut.LPC1768.o) (_Znwj)
../../external/gcc/LPC1768/libstdc++.a(new_opv.o)
                              ../../external/mbed/LPC1768/mbed.ar(DigitalOut.LPC1768.o) (_Znaj)
../../external/gcc/LPC1768/libstdc++.a(pure.o)
                              ../../external/mbed/LPC1768/mbed.ar(stdio.LPC1768.o) (__cxa_pure_virtual)
../../external/gcc/LPC1768/libstdc++.a(si_class_type_info.o)
                              ./SDFileSystem/SDFileSystem.o (_ZTVN10__cxxabiv120__si_class_type_infoE)
../../external/gcc/LPC1768/libstdc++.a(tinfo.o)
[...]
Memory Configuration

Name             Origin             Length             Attributes
IROM             0x00000000         0x00080000         xr
IRAM0            0x10000000         0x00008000         xrw
IRAM1            0x2007c000         0x00004000         xrw
IRAM2            0x20080000         0x00004000         xrw
*default*        0x00000000         0xffffffff

Linker script and memory map

LOAD /media/6aafac43-5450-453e-a142-f588400933c0/Sandbox/arm/bin/../lib/gcc/arm-none-eabi/4.5.2/thumb2/crti.o
LOAD /media/6aafac43-5450-453e-a142-f588400933c0/Sandbox/arm/bin/../lib/gcc/arm-none-eabi/4.5.2/thumb2/crtbegin.o
LOAD ../../src/gcc4mbed.o
LOAD ../../src/syscalls.o
LOAD ./main.o
LOAD ./SDFileSystem/SDFileSystem.o
LOAD ../../external/mbed/LPC1768/mbed.ar
LOAD ../../external/mbed/LPC1768/capi.ar
LOAD ../../external/FATFileSystem/LPC1768/FATFileSystem.ar
LOAD ../../external/gcc/LPC1768/libstdc++.a
LOAD ../../external/gcc/LPC1768/libm.a
START GROUP
LOAD /media/6aafac43-5450-453e-a142-f588400933c0/Sandbox/arm/bin/../lib/gcc/arm-none-eabi/4.5.2/thumb2/libgcc.a
LOAD ../../external/gcc/LPC1768/libc.a
END GROUP
LOAD /media/6aafac43-5450-453e-a142-f588400933c0/Sandbox/arm/bin/../lib/gcc/arm-none-eabi/4.5.2/thumb2/crtend.o
LOAD /media/6aafac43-5450-453e-a142-f588400933c0/Sandbox/arm/bin/../lib/gcc/arm-none-eabi/4.5.2/thumb2/crtn.o

.text           0x00000000    0x10d34
 *(RESET)
 RESET          0x00000000       0xc4 ../../external/mbed/LPC1768/capi.ar(startup_LPC17xx.LPC1768.o)
                0x00000000                __Vectors
 *(.mbed_init)
 .mbed_init     0x000000c4      0x108 ../../src/gcc4mbed.o
                0x000000c4                __main
 *(i.SystemInit)
 i.SystemInit   0x000001cc       0x78 ../../external/mbed/LPC1768/capi.ar(system_LPC17xx.LPC1768.o)
                0x000001cc                SystemInit
                0x000002fc                . = 0x2fc
 *fill*         0x00000244       0xb8 00
 *(.crp)
                0x00000300                . = 0x300
 *fill*         0x000002fc        0x4 00
 *(.text .text.*)
 .text          0x00000300       0x30 /media/6aafac43-5450-453e-a142-f588400933c0/Sandbox/arm/bin/../lib/gcc/arm-none-eabi/4.5.2/thumb2/crtbegin.o
 .text.__GCC4MBEDOpenStandardHandles
                0x00000330       0x34 ../../src/syscalls.o
                0x00000330                __GCC4MBEDOpenStandardHandles
 .text._kill    0x00000364       0x10 ../../src/syscalls.o
                0x00000364                _kill
 .text._exit    0x00000374        0x8 ../../src/syscalls.o
                0x00000374                _exit
 .text._getpid  0x0000037c        0x4 ../../src/syscalls.o
                0x0000037c                _getpid
 .text._sbrk    0x00000380       0x30 ../../src/syscalls.o
                0x00000380                _sbrk
 .text._open    0x000003b0       0x20 ../../src/syscalls.o
                0x000003b0                _open
 .text._close   0x000003d0        0x4 ../../src/syscalls.o
                0x000003d0                _close
 .text._isatty  0x000003d4        0xc ../../src/syscalls.o
                0x000003d4                _isatty
 .text._lseek   0x000003e0      0x120 ../../src/syscalls.o
                0x000003e0                _lseek
 .text._read    0x00000500       0x34 ../../src/syscalls.o
                0x00000500                _read
 .text._write   0x00000534       0x38 ../../src/syscalls.o
                0x00000534                _write
 .text._fstat   0x0000056c        0xc ../../src/syscalls.o
                0x0000056c                _fstat
 .text._ZN12SDFileSystemD2Ev
                0x00000578       0x3c ./main.o
                0x00000578                _ZN12SDFileSystemD1Ev
                0x00000578                _ZN12SDFileSystemD2Ev
 .text.main     0x000005b4      0x214 ./main.o
                0x000005b4                main
 .text._ZN12SDFileSystemD0Ev
                0x000007c8       0x40 ./main.o
                0x000007c8                _ZN12SDFileSystemD0Ev
 .text._GLOBAL__I_sd
                0x00000808       0x4c ./main.o
 .text._ZN4mbed14FileSystemLike6renameEPKcS2_
                0x00000854        0x8 ./SDFileSystem/SDFileSystem.o
                0x00000854                _ZN4mbed14FileSystemLike6renameEPKcS2_
 .text._ZN12SDFileSystem11disk_statusEv
                0x0000085c        0x4 ./SDFileSystem/SDFileSystem.o
                0x0000085c                _ZN12SDFileSystem11disk_statusEv
 .text._ZN12SDFileSystem9disk_syncEv
                0x00000860        0x4 ./SDFileSystem/SDFileSystem.o
                0x00000860                _ZN12SDFileSystem9disk_syncEv
 .text._ZN12SDFileSystem12disk_sectorsEv
                0x00000864        0x8 ./SDFileSystem/SDFileSystem.o
                0x00000864                _ZN12SDFileSystem12disk_sectorsEv
 .text._ZL8ext_bitsPcii
                0x0000086c       0x98 ./SDFileSystem/SDFileSystem.o
 .text._ZN12SDFileSystemC2E7PinNameS0_S0_S0_PKc
                0x00000904       0x4c ./SDFileSystem/SDFileSystem.o
                0x00000904                _ZN12SDFileSystemC2E7PinNameS0_S0_S0_PKc
                0x00000904                _ZN12SDFileSystemC1E7PinNameS0_S0_S0_PKc
 .text._ZN12SDFileSystem4_cmdEii
                0x00000950       0xa4 ./SDFileSystem/SDFileSystem.o
                0x00000950                _ZN12SDFileSystem4_cmdEii
 .text._ZN12SDFileSystem18initialise_card_v1Ev
                0x000009f4       0x60 ./SDFileSystem/SDFileSystem.o
                0x000009f4                _ZN12SDFileSystem18initialise_card_v1Ev
 .text._ZN12SDFileSystem5_cmdxEii
                0x00000a54       0x94 ./SDFileSystem/SDFileSystem.o
                0x00000a54                _ZN12SDFileSystem5_cmdxEii
 .text._ZN12SDFileSystem6_cmd58Ev
                0x00000ae8       0xc0 ./SDFileSystem/SDFileSystem.o
                0x00000ae8                _ZN12SDFileSystem6_cmd58Ev
 .text._ZN12SDFileSystem18initialise_card_v2Ev
                0x00000ba8       0x64 ./SDFileSystem/SDFileSystem.o
                0x00000ba8                _ZN12SDFileSystem18initialise_card_v2Ev
 .text._ZN12SDFileSystem5_cmd8Ev
                0x00000c0c       0xdc ./SDFileSystem/SDFileSystem.o
                0x00000c0c                _ZN12SDFileSystem5_cmd8Ev
 .text._ZN12SDFileSystem15initialise_cardEv
                0x00000ce8      0x104 ./SDFileSystem/SDFileSystem.o
                0x00000ce8                _ZN12SDFileSystem15initialise_cardEv
 .text._ZN12SDFileSystem5_readEPci
                0x00000dec       0x9c ./SDFileSystem/SDFileSystem.o
                0x00000dec                _ZN12SDFileSystem5_readEPci
 .text._ZN12SDFileSystem9disk_readEPci
                0x00000e88       0x28 ./SDFileSystem/SDFileSystem.o
                0x00000e88                _ZN12SDFileSystem9disk_readEPci
 .text._ZN12SDFileSystem6_writeEPKci
                0x00000eb0       0xc8 ./SDFileSystem/SDFileSystem.o
                0x00000eb0                _ZN12SDFileSystem6_writeEPKci
 .text._ZN12SDFileSystem10disk_writeEPKci
                0x00000f78       0x28 ./SDFileSystem/SDFileSystem.o
                0x00000f78                _ZN12SDFileSystem10disk_writeEPKci
 .text._ZN12SDFileSystem11_sd_sectorsEv
                0x00000fa0       0xcc ./SDFileSystem/SDFileSystem.o
                0x00000fa0                _ZN12SDFileSystem11_sd_sectorsEv
 .text._ZN12SDFileSystem15disk_initializeEv
                0x0000106c       0x50 ./SDFileSystem/SDFileSystem.o
                0x0000106c                _ZN12SDFileSystem15disk_initializeEv
 .text          0x000010bc       0x24 ../../external/mbed/LPC1768/capi.ar(startup_LPC17xx.LPC1768.o)
                0x000010bc                Reset_Handler
                0x000010c4                NMI_Handler
                0x000010c6                HardFault_Handler
                0x000010c8                MemManage_Handler
                0x000010ca                BusFault_Handler
                0x000010cc                UsageFault_Handler
                0x000010ce                SVC_Handler
                0x000010d0                DebugMon_Handler
                0x000010d2                PendSV_Handler
                0x000010d4                SysTick_Handler
                0x000010d6                TIMER2_IRQHandler
                0x000010d6                RIT_IRQHandler
                0x000010d6                I2C0_IRQHandler
                0x000010d6                PWM1_IRQHandler
                0x000010d6                I2C1_IRQHandler
                0x000010d6                EINT2_IRQHandler
                0x000010d6                UART1_IRQHandler
                0x000010d6                EINT3_IRQHandler
                0x000010d6                TIMER3_IRQHandler
                0x000010d6                UART0_IRQHandler
                0x000010d6                PLL0_IRQHandler
                0x000010d6                CAN_IRQHandler
                0x000010d6                PLL1_IRQHandler
                0x000010d6                SSP0_IRQHandler
                0x000010d6                I2S_IRQHandler
                0x000010d6                I2C2_IRQHandler
                0x000010d6                RTC_IRQHandler
                0x000010d6                TIMER0_IRQHandler
                0x000010d6                SPI_IRQHandler
                0x000010d6                EINT1_IRQHandler
                0x000010d6                TIMER1_IRQHandler
                0x000010d6                UART2_IRQHandler
                0x000010d6                ADC_IRQHandler
                0x000010d6                SSP1_IRQHandler
                0x000010d6                USB_IRQHandler
                0x000010d6                BOD_IRQHandler
                0x000010d6                WDT_IRQHandler
                0x000010d6                QEI_IRQHandler
                0x000010d6                EINT0_IRQHandler
                0x000010d6                DMA_IRQHandler
                0x000010d6                UART3_IRQHandler
                0x000010d6                MCPWM_IRQHandler
                0x000010d6                ENET_IRQHandler
 .text.__aeabi_atexit
                0x000010e0        0xa ../../external/gcc/LPC1768/libstdc++.a(atexit_arm.o)
                0x000010e0                __aeabi_atexit
 .text._ZNK10__cxxabiv117__class_type_info20__do_find_public_srcEiPKvPKS0_S2_
                0x000010ea        0xc ../../external/gcc/LPC1768/libstdc++.a(class_type_info.o)
                0x000010ea                _ZNK10__cxxabiv117__class_type_info20__do_find_public_srcEiPKvPKS0_S2_
 .text._ZNK10__cxxabiv117__class_type_info11__do_upcastEPKS0_PKvRNS0_15__upcast_resultE
                0x000010f6       0x1a ../../external/gcc/LPC1768/libstdc++.a(class_type_info.o)
                0x000010f6                _ZNK10__cxxabiv117__class_type_info11__do_upcastEPKS0_PKvRNS0_15__upcast_resultE
 .text._ZNK10__cxxabiv117__class_type_info12__do_dyncastEiNS0_10__sub_kindEPKS0_PKvS3_S5_RNS0_16__dyncast_resultE
                0x00001110       0x3c ../../external/gcc/LPC1768/libstdc++.a(class_type_info.o)
                0x00001110                _ZNK10__cxxabiv117__class_type_info12__do_dyncastEiNS0_10__sub_kindEPKS0_PKvS3_S5_RNS0_16__dyncast_resultE
 .text._ZNK10__cxxabiv117__class_type_info10__do_catchEPKSt9type_infoPPvj
                0x0000114c       0x26 ../../external/gcc/LPC1768/libstdc++.a(class_type_info.o)
                0x0000114c                _ZNK10__cxxabiv117__class_type_info10__do_catchEPKSt9type_infoPPvj
 *fill*         0x00001172        0x2 00
 .text._ZN10__cxxabiv117__class_type_infoD2Ev
                0x00001174       0x14 ../../external/gcc/LPC1768/libstdc++.a(class_type_info.o)
                0x00001174                _ZN10__cxxabiv117__class_type_infoD1Ev
                0x00001174                _ZN10__cxxabiv117__class_type_infoD2Ev
 .text._ZN10__cxxabiv117__class_type_infoD0Ev
                0x00001188       0x12 ../../external/gcc/LPC1768/libstdc++.a(class_type_info.o)
                0x00001188                _ZN10__cxxabiv117__class_type_infoD0Ev
 .text._ZN10__cxxabiv117__class_type_info15__upcast_resultC2Ei
                0x0000119a        0xc ../../external/gcc/LPC1768/libstdc++.a(class_type_info.o)
                0x0000119a                _ZN10__cxxabiv117__class_type_info15__upcast_resultC2Ei
                0x0000119a                _ZN10__cxxabiv117__class_type_info15__upcast_resultC1Ei
 .text._ZNK10__cxxabiv117__class_type_info11__do_upcastEPKS0_PPv
                0x000011a6       0x3a ../../external/gcc/LPC1768/libstdc++.a(class_type_info.o)
                0x000011a6                _ZNK10__cxxabiv117__class_type_info11__do_upcastEPKS0_PPv
 .text._ZdlPv   0x000011e0        0x8 ../../external/gcc/LPC1768/libstdc++.a(del_op.o)
                0x000011e0                _ZdlPv
 .text._ZdaPv   0x000011e8        0x4 ../../external/gcc/LPC1768/libstdc++.a(del_opv.o)
                0x000011e8                _ZdaPv
 .text._ZN10__cxxabiv112_GLOBAL__N_118contained_public_pENS_17__class_type_info10__sub_kindE
                0x000011ec       0x10 ../../external/gcc/LPC1768/libstdc++.a(dyncast.o)
 .text._ZN10__cxxabiv112_GLOBAL__N_114adjust_pointerIvEEPKT_PKvi
                0x000011fc        0x4 ../../external/gcc/LPC1768/libstdc++.a(dyncast.o)
 .text._ZN10__cxxabiv117__class_type_info16__dyncast_resultC2Ei
                0x00001200        0xe ../../external/gcc/LPC1768/libstdc++.a(dyncast.o)
                0x00001200                _ZN10__cxxabiv117__class_type_info16__dyncast_resultC2Ei
                0x00001200                _ZN10__cxxabiv117__class_type_info16__dyncast_resultC1Ei
 .text._ZNK10__cxxabiv117__class_type_info17__find_public_srcEiPKvPKS0_S2_
                0x0000120e       0x2c ../../external/gcc/LPC1768/libstdc++.a(dyncast.o)
                0x0000120e                _ZNK10__cxxabiv117__class_type_info17__find_public_srcEiPKvPKS0_S2_
 .text.__dynamic_cast
                0x0000123a       0xa4 ../../external/gcc/LPC1768/libstdc++.a(dyncast.o)
                0x0000123a                __dynamic_cast
 *fill*         0x000012de        0x2 00
 .text._Znwj    0x000012e0       0x28 ../../external/gcc/LPC1768/libstdc++.a(new_op.o)
                0x000012e0                _Znwj
 .text._Znaj    0x00001308        0x4 ../../external/gcc/LPC1768/libstdc++.a(new_opv.o)
                0x00001308                _Znaj
 .text.__cxa_pure_virtual
                0x0000130c       0x14 ../../external/gcc/LPC1768/libstdc++.a(pure.o)
                0x0000130c                __cxa_pure_virtual
 .text._ZNK10__cxxabiv120__si_class_type_info11__do_upcastEPKNS_17__class_type_infoEPKvRNS1_15__upcast_resultE
                0x00001320       0x24 ../../external/gcc/LPC1768/libstdc++.a(si_class_type_info.o)
                0x00001320                _ZNK10__cxxabiv120__si_class_type_info11__do_upcastEPKNS_17__class_type_infoEPKvRNS1_15__upcast_resultE
 .text._ZNK10__cxxabiv120__si_class_type_info12__do_dyncastEiNS_17__class_type_info10__sub_kindEPKS1_PKvS4_S6_RNS1_16__dyncast_resultE
                0x00001344       0x90 ../../external/gcc/LPC1768/libstdc++.a(si_class_type_info.o)
                0x00001344                _ZNK10__cxxabiv120__si_class_type_info12__do_dyncastEiNS_17__class_type_info10__sub_kindEPKS1_PKvS4_S6_RNS1_16__dyncast_resultE
 .text._ZNK10__cxxabiv120__si_class_type_info20__do_find_public_srcEiPKvPKNS_17__class_type_infoES2_
                0x000013d4       0x36 ../../external/gcc/LPC1768/libstdc++.a(si_class_type_info.o)
                0x000013d4                _ZNK10__cxxabiv120__si_class_type_info20__do_find_public_srcEiPKvPKNS_17__class_type_infoES2_
 *fill*         0x0000140a        0x2 00
 .text._ZN10__cxxabiv120__si_class_type_infoD2Ev
                0x0000140c       0x14 ../../external/gcc/LPC1768/libstdc++.a(si_class_type_info.o)
                0x0000140c                _ZN10__cxxabiv120__si_class_type_infoD2Ev
                0x0000140c                _ZN10__cxxabiv120__si_class_type_infoD1Ev
 .text._ZN10__cxxabiv120__si_class_type_infoD0Ev
                0x00001420       0x12 ../../external/gcc/LPC1768/libstdc++.a(si_class_type_info.o)
                0x00001420                _ZN10__cxxabiv120__si_class_type_infoD0Ev
 *fill*         0x00001432        0x2 00
 .text._ZNSt9type_infoD2Ev
                0x00001434        0xc ../../external/gcc/LPC1768/libstdc++.a(tinfo.o)
                0x00001434                _ZNSt9type_infoD1Ev
                0x00001434                _ZNSt9type_infoD2Ev
 .text._ZNKSt9type_info14__is_pointer_pEv
                0x00001440        0x4 ../../external/gcc/LPC1768/libstdc++.a(tinfo.o)
                0x00001440                _ZNKSt9type_info14__is_pointer_pEv
 .text._ZNKSt9type_info15__is_function_pEv
                0x00001444        0x4 ../../external/gcc/LPC1768/libstdc++.a(tinfo.o)
                0x00001444                _ZNKSt9type_info15__is_function_pEv
 .text._ZNKSt9type_info11__do_upcastEPKN10__cxxabiv117__class_type_infoEPPv
                0x00001448        0x4 ../../external/gcc/LPC1768/libstdc++.a(tinfo.o)
                0x00001448                _ZNKSt9type_info11__do_upcastEPKN10__cxxabiv117__class_type_infoEPPv
 .text._ZNSt9type_infoD0Ev
                0x0000144c       0x12 ../../external/gcc/LPC1768/libstdc++.a(tinfo.o)
                0x0000144c                _ZNSt9type_infoD0Ev
 .text._ZNKSt9type_info4nameEv
                0x0000145e        0xc ../../external/gcc/LPC1768/libstdc++.a(tinfo.o)
                0x0000145e                _ZNKSt9type_info4nameEv
 .text._ZNKSt9type_infoeqERKS_
                0x0000146a       0x34 ../../external/gcc/LPC1768/libstdc++.a(tinfo.o)
                0x0000146a                _ZNKSt9type_infoeqERKS_
 .text._ZNKSt9type_info10__do_catchEPKS_PPvj
                0x0000149e        0x4 ../../external/gcc/LPC1768/libstdc++.a(tinfo.o)
                0x0000149e                _ZNKSt9type_info10__do_catchEPKS_PPvj
 .text._ZN10__cxxabiv112_GLOBAL__N_111contained_pENS_17__class_type_info10__sub_kindE
                0x000014a2        0xa ../../external/gcc/LPC1768/libstdc++.a(vmi_class_type_info.o)
 .text._ZN10__cxxabiv112_GLOBAL__N_19virtual_pENS_17__class_type_info10__sub_kindE
                0x000014ac        0x6 ../../external/gcc/LPC1768/libstdc++.a(vmi_class_type_info.o)
 .text._ZN10__cxxabiv112_GLOBAL__N_114adjust_pointerIvEEPKT_PKvi
                0x000014b2        0x4 ../../external/gcc/LPC1768/libstdc++.a(vmi_class_type_info.o)
 .text._ZN10__cxxabiv112_GLOBAL__N_115convert_to_baseEPKvbi
                0x000014b6        0xc ../../external/gcc/LPC1768/libstdc++.a(vmi_class_type_info.o)
 *fill*         0x000014c2        0x2 00
 .text._ZN10__cxxabiv121__vmi_class_type_infoD2Ev
                0x000014c4       0x14 ../../external/gcc/LPC1768/libstdc++.a(vmi_class_type_info.o)
                0x000014c4                _ZN10__cxxabiv121__vmi_class_type_infoD1Ev
                0x000014c4                _ZN10__cxxabiv121__vmi_class_type_infoD2Ev
 .text._ZN10__cxxabiv121__vmi_class_type_infoD0Ev
                0x000014d8       0x12 ../../external/gcc/LPC1768/libstdc++.a(vmi_class_type_info.o)
                0x000014d8                _ZN10__cxxabiv121__vmi_class_type_infoD0Ev
 .text._ZNK10__cxxabiv122__base_class_type_info14__is_virtual_pEv
                0x000014ea        0x8 ../../external/gcc/LPC1768/libstdc++.a(vmi_class_type_info.o)
                0x000014ea                _ZNK10__cxxabiv122__base_class_type_info14__is_virtual_pEv
 .text._ZNK10__cxxabiv122__base_class_type_info13__is_public_pEv
                0x000014f2        0x8 ../../external/gcc/LPC1768/libstdc++.a(vmi_class_type_info.o)
                0x000014f2                _ZNK10__cxxabiv122__base_class_type_info13__is_public_pEv
 .text._ZNK10__cxxabiv122__base_class_type_info8__offsetEv
                0x000014fa        0x6 ../../external/gcc/LPC1768/libstdc++.a(vmi_class_type_info.o)
                0x000014fa                _ZNK10__cxxabiv122__base_class_type_info8__offsetEv
 .text._ZNK10__cxxabiv121__vmi_class_type_info20__do_find_public_srcEiPKvPKNS_17__class_type_infoES2_
                0x00001500       0x96 ../../external/gcc/LPC1768/libstdc++.a(vmi_class_type_info.o)
                0x00001500                _ZNK10__cxxabiv121__vmi_class_type_info20__do_find_public_srcEiPKvPKNS_17__class_type_infoES2_
 .text._ZNK10__cxxabiv121__vmi_class_type_info11__do_upcastEPKNS_17__class_type_infoEPKvRNS1_15__upcast_resultE
                0x00001596      0x148 ../../external/gcc/LPC1768/libstdc++.a(vmi_class_type_info.o)
                0x00001596                _ZNK10__cxxabiv121__vmi_class_type_info11__do_upcastEPKNS_17__class_type_infoEPKvRNS1_15__upcast_resultE
 .text._ZNK10__cxxabiv121__vmi_class_type_info12__do_dyncastEiNS_17__class_type_info10__sub_kindEPKS1_PKvS4_S6_RNS1_16__dyncast_resultE
                0x000016de      0x2e0 ../../external/gcc/LPC1768/libstdc++.a(vmi_class_type_info.o)
                0x000016de                _ZNK10__cxxabiv121__vmi_class_type_info12__do_dyncastEiNS_17__class_type_info10__sub_kindEPKS1_PKvS4_S6_RNS1_16__dyncast_resultE
 .text._ZN10__cxxabiv111__terminateEPFvvE
                0x000019be        0x8 ../../external/gcc/LPC1768/libstdc++.a(eh_terminate.o)
                0x000019be                _ZN10__cxxabiv111__terminateEPFvvE
 *fill*         0x000019c6        0x2 00
 .text._ZSt9terminatev
                0x000019c8       0x10 ../../external/gcc/LPC1768/libstdc++.a(eh_terminate.o)
                0x000019c8                _ZSt9terminatev
 .text._ZN9__gnu_cxx27__verbose_terminate_handlerEv
                0x000019d8       0x90 ../../external/gcc/LPC1768/libstdc++.a(vterminate.o)
                0x000019d8                _ZN9__gnu_cxx27__verbose_terminate_handlerEv
 .text          0x00001a68     0x26a4 ../../external/gcc/LPC1768/libstdc++.a(cp-demangle.o)
                0x0000402c                __cxa_demangle
                0x000040e8                __gcclibcxx_demangle_callback
 .text.__cxa_current_exception_type
                0x0000410c       0x1a ../../external/gcc/LPC1768/libstdc++.a(eh_type.o)
                0x0000410c                __cxa_current_exception_type
 *fill*         0x00004126        0x2 00
 .text.__cxa_get_globals
                0x00004128        0x8 ../../external/gcc/LPC1768/libstdc++.a(eh_globals.o)
                0x00004128                __cxa_get_globals
 .text.scalbn   0x00004130       0xf8 ../../external/gcc/LPC1768/libm.a(lib_a-s_scalbn.o)
                0x00004130                scalbn
 .text.copysign
                0x00004228       0x10 ../../external/gcc/LPC1768/libm.a(lib_a-s_copysign.o)
                0x00004228                copysign
 .text          0x00004238      0x370 /media/6aafac43-5450-453e-a142-f588400933c0/Sandbox/arm/bin/../lib/gcc/arm-none-eabi/4.5.2/thumb2/libgcc.a(_arm_addsubdf3.o)
                0x00004238                __aeabi_drsub
                0x00004240                __aeabi_dsub
                0x00004240                __subdf3
                0x00004244                __adddf3
                0x00004244                __aeabi_dadd
                0x000044bc                __aeabi_ui2d
                0x000044bc                __floatunsidf
                0x000044dc                __floatsidf
                0x000044dc                __aeabi_i2d
                0x00004500                __extendsfdf2
                0x00004500                __aeabi_f2d
                0x0000453c                __aeabi_ul2d
                0x0000453c                __floatundidf
                0x0000454c                __floatdidf
                0x0000454c                __aeabi_l2d
 .text          0x000045a8      0x424 /media/6aafac43-5450-453e-a142-f588400933c0/Sandbox/arm/bin/../lib/gcc/arm-none-eabi/4.5.2/thumb2/libgcc.a(_arm_muldivdf3.o)
                0x000045a8                __aeabi_dmul
                0x000045a8                __muldf3
                0x000047fc                __aeabi_ddiv
                0x000047fc                __divdf3
 .text          0x000049cc       0x50 /media/6aafac43-5450-453e-a142-f588400933c0/Sandbox/arm/bin/../lib/gcc/arm-none-eabi/4.5.2/thumb2/libgcc.a(_arm_fixdfsi.o)
                0x000049cc                __fixdfsi
                0x000049cc                __aeabi_d2iz
 .text          0x00004a1c       0xa0 /media/6aafac43-5450-453e-a142-f588400933c0/Sandbox/arm/bin/../lib/gcc/arm-none-eabi/4.5.2/thumb2/libgcc.a(_arm_truncdfsf2.o)
                0x00004a1c                __aeabi_d2f
                0x00004a1c                __truncdfsf2
 .text          0x00004abc      0x21c /media/6aafac43-5450-453e-a142-f588400933c0/Sandbox/arm/bin/../lib/gcc/arm-none-eabi/4.5.2/thumb2/libgcc.a(_arm_addsubsf3.o)
                0x00004abc                __aeabi_frsub
                0x00004ac4                __subsf3
                0x00004ac4                __aeabi_fsub
                0x00004ac8                __aeabi_fadd
                0x00004ac8                __addsf3
                0x00004c28                __aeabi_ui2f
                0x00004c28                __floatunsisf
                0x00004c30                __aeabi_i2f
                0x00004c30                __floatsisf
                0x00004c4c                __floatundisf
                0x00004c4c                __aeabi_ul2f
                0x00004c5c                __floatdisf
                0x00004c5c                __aeabi_l2f
 .text          0x00004cd8      0x2a0 /media/6aafac43-5450-453e-a142-f588400933c0/Sandbox/arm/bin/../lib/gcc/arm-none-eabi/4.5.2/thumb2/libgcc.a(_arm_muldivsf3.o)
                0x00004cd8                __mulsf3
                0x00004cd8                __aeabi_fmul
                0x00004e40                __divsf3
                0x00004e40                __aeabi_fdiv
 .text          0x00004f78       0xec /media/6aafac43-5450-453e-a142-f588400933c0/Sandbox/arm/bin/../lib/gcc/arm-none-eabi/4.5.2/thumb2/libgcc.a(_arm_cmpsf2.o)
                0x00004f78                __gtsf2
                0x00004f78                __gesf2
                0x00004f80                __lesf2
                0x00004f80                __ltsf2
                0x00004f88                __nesf2
                0x00004f88                __eqsf2
                0x00004f88                __cmpsf2
                0x00004fe8                __aeabi_cfrcmple
                0x00004ff0                __aeabi_cfcmple
                0x00004ff0                __aeabi_cfcmpeq
                0x00005000                __aeabi_fcmpeq
                0x00005014                __aeabi_fcmplt
                0x00005028                __aeabi_fcmple
                0x0000503c                __aeabi_fcmpge
                0x00005050                __aeabi_fcmpgt
 .text.abort    0x00005064        0xe ../../external/gcc/LPC1768/libc.a(lib_a-abort.o)
                0x00005064                abort
 .text.__aeabi_memclr
                0x00005072        0x6 ../../external/gcc/LPC1768/libc.a(lib_a-aeabi_memclr.o)
                0x00005072                __aeabi_memclr8
                0x00005072                __aeabi_memclr
                0x00005072                __aeabi_memclr4
 .text.__aeabi_memcpy
                0x00005078        0x4 ../../external/gcc/LPC1768/libc.a(lib_a-aeabi_memcpy.o)
                0x00005078                __aeabi_memcpy
                0x00005078                __aeabi_memcpy4
                0x00005078                __aeabi_memcpy8
 .text.__aeabi_memset
                0x0000507c        0xa ../../external/gcc/LPC1768/libc.a(lib_a-aeabi_memset.o)
                0x0000507c                __aeabi_memset
                0x0000507c                __aeabi_memset8
                0x0000507c                __aeabi_memset4
 .text.__aeabi_assert
                0x00005086        0xe ../../external/gcc/LPC1768/libc.a(lib_a-clibabi_assert.o)
                0x00005086                __aeabi_assert
 .text.setup_aeabi_stdio
                0x00005094       0x28 ../../external/gcc/LPC1768/libc.a(lib_a-clibabi_stdio.o)
 .text.__cxa_atexit
                0x000050bc       0x16 ../../external/gcc/LPC1768/libc.a(lib_a-cxa_atexit.o)
                0x000050bc                __cxa_atexit
 *fill*         0x000050d2        0x2 00
 .text._fclose_r
                0x000050d4       0xac ../../external/gcc/LPC1768/libc.a(lib_a-fclose.o)
                0x000050d4                _fclose_r
 .text.fclose   0x00005180       0x10 ../../external/gcc/LPC1768/libc.a(lib_a-fclose.o)
                0x00005180                fclose
 .text._fflush_r
                0x00005190      0x174 ../../external/gcc/LPC1768/libc.a(lib_a-fflush.o)
                0x00005190                _fflush_r
 .text.fflush   0x00005304       0x24 ../../external/gcc/LPC1768/libc.a(lib_a-fflush.o)
                0x00005304                fflush
 .text._cleanup_r
                0x00005328        0xc ../../external/gcc/LPC1768/libc.a(lib_a-findfp.o)
                0x00005328                _cleanup_r
 .text.std.clone.0
                0x00005334       0x48 ../../external/gcc/LPC1768/libc.a(lib_a-findfp.o)
 .text.__sfmoreglue
                0x0000537c       0x28 ../../external/gcc/LPC1768/libc.a(lib_a-findfp.o)
                0x0000537c                __sfmoreglue
 .text.__sinit  0x000053a4       0x5c ../../external/gcc/LPC1768/libc.a(lib_a-findfp.o)
                0x000053a4                __sinit
 .text.__sfp    0x00005400       0x78 ../../external/gcc/LPC1768/libc.a(lib_a-findfp.o)
                0x00005400                __sfp
 .text.__sfp_lock_acquire
                0x00005478        0x2 ../../external/gcc/LPC1768/libc.a(lib_a-findfp.o)
                0x00005478                __sfp_lock_acquire
 .text.__sfp_lock_release
                0x0000547a        0x2 ../../external/gcc/LPC1768/libc.a(lib_a-findfp.o)
                0x0000547a                __sfp_lock_release
 .text._fopen_r
                0x0000547c       0x84 ../../external/gcc/LPC1768/libc.a(lib_a-fopen.o)
                0x0000547c                _fopen_r
 .text.fopen    0x00005500       0x14 ../../external/gcc/LPC1768/libc.a(lib_a-fopen.o)
                0x00005500                fopen
 .text.fprintf  0x00005514       0x24 ../../external/gcc/LPC1768/libc.a(lib_a-fprintf.o)
                0x00005514                fprintf
 .text._fputs_r
                0x00005538       0x74 ../../external/gcc/LPC1768/libc.a(lib_a-fputs.o)
                0x00005538                _fputs_r
 .text.fputs    0x000055ac       0x14 ../../external/gcc/LPC1768/libc.a(lib_a-fputs.o)
                0x000055ac                fputs
 .text._malloc_trim_r
                0x000055c0       0x94 ../../external/gcc/LPC1768/libc.a(lib_a-freer.o)
                0x000055c0                _malloc_trim_r
 .text._free_r  0x00005654      0x180 ../../external/gcc/LPC1768/libc.a(lib_a-freer.o)
                0x00005654                _free_r
 .text.fscanf   0x000057d4       0x24 ../../external/gcc/LPC1768/libc.a(lib_a-fscanf.o)
                0x000057d4                fscanf
 .text._fseek_r
                0x000057f8      0x2cc ../../external/gcc/LPC1768/libc.a(lib_a-fseek.o)
                0x000057f8                _fseek_r
 .text._fstat_r
                0x00005ac4       0x24 ../../external/gcc/LPC1768/libc.a(lib_a-fstatr.o)
                0x00005ac4                _fstat_r
 .text.__sfvwrite_r
                0x00005ae8      0x294 ../../external/gcc/LPC1768/libc.a(lib_a-fvwrite.o)
                0x00005ae8                __sfvwrite_r
 .text._fwalk   0x00005d7c       0x44 ../../external/gcc/LPC1768/libc.a(lib_a-fwalk.o)
                0x00005d7c                _fwalk
 .text._fwalk_reent
                0x00005dc0       0x48 ../../external/gcc/LPC1768/libc.a(lib_a-fwalk.o)
                0x00005dc0                _fwalk_reent
 .text._fwrite_r
                0x00005e08       0x90 ../../external/gcc/LPC1768/libc.a(lib_a-fwrite.o)
                0x00005e08                _fwrite_r
 .text.fwrite   0x00005e98       0x20 ../../external/gcc/LPC1768/libc.a(lib_a-fwrite.o)
                0x00005e98                fwrite
 .text.__libc_init_array
                0x00005eb8       0x48 ../../external/gcc/LPC1768/libc.a(lib_a-init.o)
                0x00005eb8                __libc_init_array
 .text.__smakebuf_r
                0x00005f00       0xdc ../../external/gcc/LPC1768/libc.a(lib_a-makebuf.o)
                0x00005f00                __smakebuf_r
 .text.malloc   0x00005fdc       0x10 ../../external/gcc/LPC1768/libc.a(lib_a-malloc.o)
                0x00005fdc                malloc
 .text.free     0x00005fec       0x10 ../../external/gcc/LPC1768/libc.a(lib_a-malloc.o)
                0x00005fec                free
 .text._malloc_r
                0x00005ffc      0x408 ../../external/gcc/LPC1768/libc.a(lib_a-mallocr.o)
                0x00005ffc                _malloc_r
 .text.memchr   0x00006404       0x1c ../../external/gcc/LPC1768/libc.a(lib_a-memchr.o)
                0x00006404                memchr
 .text.memcmp   0x00006420       0x1c ../../external/gcc/LPC1768/libc.a(lib_a-memcmp.o)
                0x00006420                memcmp
 .text.memcpy   0x0000643c       0x16 ../../external/gcc/LPC1768/libc.a(lib_a-memcpy.o)
                0x0000643c                memcpy
 .text.memmove  0x00006452       0x30 ../../external/gcc/LPC1768/libc.a(lib_a-memmove.o)
                0x00006452                memmove
 .text.memset   0x00006482       0x10 ../../external/gcc/LPC1768/libc.a(lib_a-memset.o)
                0x00006482                memset
 .text.__malloc_lock
                0x00006492        0x2 ../../external/gcc/LPC1768/libc.a(lib_a-mlock.o)
                0x00006492                __malloc_lock
 .text.__malloc_unlock
                0x00006494        0x2 ../../external/gcc/LPC1768/libc.a(lib_a-mlock.o)
                0x00006494                __malloc_unlock
 *fill*         0x00006496        0x2 00
 .text._open_r  0x00006498       0x28 ../../external/gcc/LPC1768/libc.a(lib_a-openr.o)
                0x00006498                _open_r
 .text.printf   0x000064c0       0x30 ../../external/gcc/LPC1768/libc.a(lib_a-printf.o)
                0x000064c0                printf
 .text._puts_r  0x000064f0       0x70 ../../external/gcc/LPC1768/libc.a(lib_a-puts.o)
                0x000064f0                _puts_r
 .text.puts     0x00006560       0x10 ../../external/gcc/LPC1768/libc.a(lib_a-puts.o)
                0x00006560                puts
 .text.realloc  0x00006570       0x14 ../../external/gcc/LPC1768/libc.a(lib_a-realloc.o)
                0x00006570                realloc
 .text._realloc_r
                0x00006584      0x2f8 ../../external/gcc/LPC1768/libc.a(lib_a-reallocr.o)
                0x00006584                _realloc_r
 .text.lflush   0x0000687c       0x12 ../../external/gcc/LPC1768/libc.a(lib_a-refill.o)
 *fill*         0x0000688e        0x2 00
 .text.__srefill_r
                0x00006890      0x118 ../../external/gcc/LPC1768/libc.a(lib_a-refill.o)
                0x00006890                __srefill_r
 .text._sbrk_r  0x000069a8       0x24 ../../external/gcc/LPC1768/libc.a(lib_a-sbrkr.o)
                0x000069a8                _sbrk_r
 .text._raise_r
                0x000069cc       0x56 ../../external/gcc/LPC1768/libc.a(lib_a-signal.o)
                0x000069cc                _raise_r
 *fill*         0x00006a22        0x2 00
 .text.raise    0x00006a24       0x10 ../../external/gcc/LPC1768/libc.a(lib_a-signal.o)
                0x00006a24                raise
 .text._kill_r  0x00006a34       0x24 ../../external/gcc/LPC1768/libc.a(lib_a-signalr.o)
                0x00006a34                _kill_r
 .text._getpid_r
                0x00006a58        0x4 ../../external/gcc/LPC1768/libc.a(lib_a-signalr.o)
                0x00006a58                _getpid_r
 .text.sprintf  0x00006a5c       0x48 ../../external/gcc/LPC1768/libc.a(lib_a-sprintf.o)
                0x00006a5c                sprintf
 .text.sscanf   0x00006aa4       0x54 ../../external/gcc/LPC1768/libc.a(lib_a-sscanf.o)
                0x00006aa4                sscanf
 .text.__sread  0x00006af8       0x22 ../../external/gcc/LPC1768/libc.a(lib_a-stdio.o)
                0x00006af8                __sread
 .text.__seofread
                0x00006b1a        0x4 ../../external/gcc/LPC1768/libc.a(lib_a-stdio.o)
                0x00006b1a                __seofread
 .text.__swrite
                0x00006b1e       0x3a ../../external/gcc/LPC1768/libc.a(lib_a-stdio.o)
                0x00006b1e                __swrite
 .text.__sseek  0x00006b58       0x26 ../../external/gcc/LPC1768/libc.a(lib_a-stdio.o)
                0x00006b58                __sseek
 .text.__sclose
                0x00006b7e        0x8 ../../external/gcc/LPC1768/libc.a(lib_a-stdio.o)
                0x00006b7e                __sclose
 .text.strcmp   0x00006b86       0x16 ../../external/gcc/LPC1768/libc.a(lib_a-strcmp.o)
                0x00006b86                strcmp
 .text.strcpy   0x00006b9c       0x10 ../../external/gcc/LPC1768/libc.a(lib_a-strcpy.o)
                0x00006b9c                strcpy
 .text.strlen   0x00006bac       0x10 ../../external/gcc/LPC1768/libc.a(lib_a-strlen.o)
                0x00006bac                strlen
 .text.strncmp  0x00006bbc       0x2a ../../external/gcc/LPC1768/libc.a(lib_a-strncmp.o)
                0x00006bbc                strncmp
 .text.strncpy  0x00006be6       0x28 ../../external/gcc/LPC1768/libc.a(lib_a-strncpy.o)
                0x00006be6                strncpy
 *fill*         0x00006c0e        0x2 00
 .text._strtol_r
                0x00006c10      0x124 ../../external/gcc/LPC1768/libc.a(lib_a-strtol.o)
                0x00006c10                _strtol_r
 .text.strtol   0x00006d34       0x1c ../../external/gcc/LPC1768/libc.a(lib_a-strtol.o)
                0x00006d34                strtol
 .text._svfprintf_r
                0x00006d50     0x1100 ../../external/gcc/LPC1768/libc.a(lib_a-svfprintf.o)
                0x00006d50                _svfprintf_r
 .text.__ssvfscanf_r
                0x00007e50      0xbdc ../../external/gcc/LPC1768/libc.a(lib_a-svfscanf.o)
                0x00007e50                __ssvfscanf_r
 .text.write    0x00008a2c       0x1c ../../external/gcc/LPC1768/libc.a(lib_a-syswrite.o)
                0x00008a2c                write
 .text._vfprintf_r
                0x00008a48     0x11cc ../../external/gcc/LPC1768/libc.a(lib_a-vfprintf.o)
                0x00008a48                _vfprintf_r
 .text.__svfscanf_r
                0x00009c14      0xbdc ../../external/gcc/LPC1768/libc.a(lib_a-vfscanf.o)
                0x00009c14                __svfscanf_r
 .text._write_r
                0x0000a7f0       0x28 ../../external/gcc/LPC1768/libc.a(lib_a-writer.o)
                0x0000a7f0                _write_r
 .text.__swsetup_r
                0x0000a818       0xdc ../../external/gcc/LPC1768/libc.a(lib_a-wsetup.o)
                0x0000a818                __swsetup_r
 .text.__register_exitproc
                0x0000a8f4       0xc0 ../../external/gcc/LPC1768/libc.a(lib_a-__atexit.o)
                0x0000a8f4                __register_exitproc
 .text.__assert_func
                0x0000a9b4       0x38 ../../external/gcc/LPC1768/libc.a(lib_a-assert.o)
                0x0000a9b4                __assert_func
 .text.__assert
                0x0000a9ec        0xa ../../external/gcc/LPC1768/libc.a(lib_a-assert.o)
                0x0000a9ec                __assert
 *fill*         0x0000a9f6        0x2 00
 .text._close_r
                0x0000a9f8       0x24 ../../external/gcc/LPC1768/libc.a(lib_a-closer.o)
                0x0000a9f8                _close_r
 .text.quorem   0x0000aa1c      0x124 ../../external/gcc/LPC1768/libc.a(lib_a-dtoa.o)
 .text._dtoa_r  0x0000ab40      0xc08 ../../external/gcc/LPC1768/libc.a(lib_a-dtoa.o)
                0x0000ab40                _dtoa_r
 .text.fiprintf
                0x0000b748       0x24 ../../external/gcc/LPC1768/libc.a(lib_a-fiprintf.o)
                0x0000b748                fiprintf
 .text.__sflags
                0x0000b76c       0x64 ../../external/gcc/LPC1768/libc.a(lib_a-flags.o)
                0x0000b76c                __sflags
 .text._fread_r
                0x0000b7d0       0xd0 ../../external/gcc/LPC1768/libc.a(lib_a-fread.o)
                0x0000b7d0                _fread_r
 .text._isatty_r
                0x0000b8a0       0x24 ../../external/gcc/LPC1768/libc.a(lib_a-isattyr.o)
                0x0000b8a0                _isatty_r
 .text.iswspace
                0x0000b8c4       0x1c ../../external/gcc/LPC1768/libc.a(lib_a-iswspace.o)
                0x0000b8c4                iswspace
 .text.__locale_charset
                0x0000b8e0        0x8 ../../external/gcc/LPC1768/libc.a(lib_a-locale.o)
                0x0000b8e0                __locale_charset
 .text.__locale_mb_cur_max
                0x0000b8e8        0xc ../../external/gcc/LPC1768/libc.a(lib_a-locale.o)
                0x0000b8e8                __locale_mb_cur_max
 .text._localeconv_r
                0x0000b8f4        0x8 ../../external/gcc/LPC1768/libc.a(lib_a-locale.o)
                0x0000b8f4                _localeconv_r
 .text._lseek_r
                0x0000b8fc       0x28 ../../external/gcc/LPC1768/libc.a(lib_a-lseekr.o)
                0x0000b8fc                _lseek_r
 .text._mbrtowc_r
                0x0000b924       0x54 ../../external/gcc/LPC1768/libc.a(lib_a-mbrtowc.o)
                0x0000b924                _mbrtowc_r
 .text.__ascii_mbtowc
                0x0000b978       0x26 ../../external/gcc/LPC1768/libc.a(lib_a-mbtowc_r.o)
                0x0000b978                __ascii_mbtowc
 .text._Balloc  0x0000b99e       0x62 ../../external/gcc/LPC1768/libc.a(lib_a-mprec.o)
                0x0000b99e                _Balloc
 .text._Bfree   0x0000ba00       0x2e ../../external/gcc/LPC1768/libc.a(lib_a-mprec.o)
                0x0000ba00                _Bfree
 .text.__multadd
                0x0000ba2e       0x7c ../../external/gcc/LPC1768/libc.a(lib_a-mprec.o)
                0x0000ba2e                __multadd
 .text.__s2b    0x0000baaa       0x7c ../../external/gcc/LPC1768/libc.a(lib_a-mprec.o)
                0x0000baaa                __s2b
 .text.__hi0bits
                0x0000bb26       0x40 ../../external/gcc/LPC1768/libc.a(lib_a-mprec.o)
                0x0000bb26                __hi0bits
 .text.__lo0bits
                0x0000bb66       0x64 ../../external/gcc/LPC1768/libc.a(lib_a-mprec.o)
                0x0000bb66                __lo0bits
 .text.__i2b    0x0000bbca       0x12 ../../external/gcc/LPC1768/libc.a(lib_a-mprec.o)
                0x0000bbca                __i2b
 .text.__multiply
                0x0000bbdc      0x124 ../../external/gcc/LPC1768/libc.a(lib_a-mprec.o)
                0x0000bbdc                __multiply
 .text.__pow5mult
                0x0000bd00       0xa4 ../../external/gcc/LPC1768/libc.a(lib_a-mprec.o)
                0x0000bd00                __pow5mult
 .text.__lshift
                0x0000bda4       0x98 ../../external/gcc/LPC1768/libc.a(lib_a-mprec.o)
                0x0000bda4                __lshift
 .text.__mcmp   0x0000be3c       0x3a ../../external/gcc/LPC1768/libc.a(lib_a-mprec.o)
                0x0000be3c                __mcmp
 .text.__mdiff  0x0000be76       0xc6 ../../external/gcc/LPC1768/libc.a(lib_a-mprec.o)
                0x0000be76                __mdiff
 .text.__ulp    0x0000bf3c       0x40 ../../external/gcc/LPC1768/libc.a(lib_a-mprec.o)
                0x0000bf3c                __ulp
 .text.__b2d    0x0000bf7c       0xa4 ../../external/gcc/LPC1768/libc.a(lib_a-mprec.o)
                0x0000bf7c                __b2d
 .text.__d2b    0x0000c020       0xbc ../../external/gcc/LPC1768/libc.a(lib_a-mprec.o)
                0x0000c020                __d2b
 .text.__ratio  0x0000c0dc       0x46 ../../external/gcc/LPC1768/libc.a(lib_a-mprec.o)
                0x0000c0dc                __ratio
 .text.__copybits
                0x0000c122       0x32 ../../external/gcc/LPC1768/libc.a(lib_a-mprec.o)
                0x0000c122                __copybits
 .text.__any_on
                0x0000c154       0x4a ../../external/gcc/LPC1768/libc.a(lib_a-mprec.o)
                0x0000c154                __any_on
 *fill*         0x0000c19e        0x2 00
 .text._read_r  0x0000c1a0       0x28 ../../external/gcc/LPC1768/libc.a(lib_a-readr.o)
                0x0000c1a0                _read_r
 .text.__fpclassifyd
                0x0000c1c8       0x64 ../../external/gcc/LPC1768/libc.a(lib_a-s_fpclassify.o)
                0x0000c1c8                __fpclassifyd
 .text.__sccl   0x0000c22c       0x64 ../../external/gcc/LPC1768/libc.a(lib_a-sccl.o)
                0x0000c22c                __sccl
 .text.nanf     0x0000c290        0x8 ../../external/gcc/LPC1768/libc.a(lib_a-sf_nan.o)
                0x0000c290                nanf
 .text.match    0x0000c298       0x2c ../../external/gcc/LPC1768/libc.a(lib_a-strtod.o)
 *fill*         0x0000c2c4        0x4 00
 .text._strtod_r
                0x0000c2c8      0xbd8 ../../external/gcc/LPC1768/libc.a(lib_a-strtod.o)
                0x0000c2c8                _strtod_r
 .text._strtoll_r
                0x0000cea0      0x16c ../../external/gcc/LPC1768/libc.a(lib_a-strtoll_r.o)
                0x0000cea0                _strtoll_r
 .text._strtoul_r
                0x0000d00c       0xfc ../../external/gcc/LPC1768/libc.a(lib_a-strtoul.o)
                0x0000d00c                _strtoul_r
 .text._strtoull_r
                0x0000d108      0x154 ../../external/gcc/LPC1768/libc.a(lib_a-strtoull_r.o)
                0x0000d108                _strtoull_r
 .text.__ssprint_r
                0x0000d25c       0xf6 ../../external/gcc/LPC1768/libc.a(lib_a-svfiprintf.o)
                0x0000d25c                __ssprint_r
 .text._sungetc_r
                0x0000d352       0x7a ../../external/gcc/LPC1768/libc.a(lib_a-svfiscanf.o)
                0x0000d352                _sungetc_r
 .text.__ssrefill_r
                0x0000d3cc       0x3a ../../external/gcc/LPC1768/libc.a(lib_a-svfiscanf.o)
                0x0000d3cc                __ssrefill_r
 .text._sfread_r
                0x0000d406       0x70 ../../external/gcc/LPC1768/libc.a(lib_a-svfiscanf.o)
                0x0000d406                _sfread_r
 .text.__submore
                0x0000d476       0x78 ../../external/gcc/LPC1768/libc.a(lib_a-ungetc.o)
                0x0000d476                __submore
 *fill*         0x0000d4ee        0x2 00
 .text._ungetc_r
                0x0000d4f0      0x100 ../../external/gcc/LPC1768/libc.a(lib_a-ungetc.o)
                0x0000d4f0                _ungetc_r
 .text.__sprint_r
                0x0000d5f0       0x74 ../../external/gcc/LPC1768/libc.a(lib_a-vfiprintf.o)
                0x0000d5f0                __sprint_r
 .text._vfiprintf_r
                0x0000d664      0x914 ../../external/gcc/LPC1768/libc.a(lib_a-vfiprintf.o)
                0x0000d664                _vfiprintf_r
 .text._calloc_r
                0x0000df78       0x58 ../../external/gcc/LPC1768/libc.a(lib_a-callocr.o)
                0x0000df78                _calloc_r
 .text._fputwc_r
                0x0000dfd0       0xbe ../../external/gcc/LPC1768/libc.a(lib_a-fputwc.o)
                0x0000dfd0                _fputwc_r
 .text.rshift   0x0000e08e       0x6c ../../external/gcc/LPC1768/libc.a(lib_a-gdtoa-gethex.o)
 *fill*         0x0000e0fa        0x2 00
 .text.htinit.clone.0
                0x0000e0fc       0x1c ../../external/gcc/LPC1768/libc.a(lib_a-gdtoa-gethex.o)
 .text.__hexdig_init
                0x0000e118       0x2c ../../external/gcc/LPC1768/libc.a(lib_a-gdtoa-gethex.o)
                0x0000e118                __hexdig_init
 .text.__gethex
                0x0000e144      0x460 ../../external/gcc/LPC1768/libc.a(lib_a-gdtoa-gethex.o)
                0x0000e144                __gethex
 .text.L_shift  0x0000e5a4       0x34 ../../external/gcc/LPC1768/libc.a(lib_a-gdtoa-hexnan.o)
 .text.__hexnan
                0x0000e5d8      0x11c ../../external/gcc/LPC1768/libc.a(lib_a-gdtoa-hexnan.o)
                0x0000e5d8                __hexnan
 .text.__swbuf_r
                0x0000e6f4       0xcc ../../external/gcc/LPC1768/libc.a(lib_a-wbuf.o)
                0x0000e6f4                __swbuf_r
 .text._wcrtomb_r
                0x0000e7c0       0x50 ../../external/gcc/LPC1768/libc.a(lib_a-wcrtomb.o)
                0x0000e7c0                _wcrtomb_r
 .text.__ascii_wctomb
                0x0000e810       0x1a ../../external/gcc/LPC1768/libc.a(lib_a-wctomb_r.o)
                0x0000e810                __ascii_wctomb
 *fill*         0x0000e82a        0x6 00
 .text          0x0000e830      0x278 /media/6aafac43-5450-453e-a142-f588400933c0/Sandbox/arm/bin/../lib/gcc/arm-none-eabi/4.5.2/thumb2/libgcc.a(_udivsi3.o)
                0x0000e830                __udivsi3
                0x0000e830                __aeabi_uidiv
                0x0000ea8c                __aeabi_uidivmod
 .text          0x0000eaa8      0x2b0 /media/6aafac43-5450-453e-a142-f588400933c0/Sandbox/arm/bin/../lib/gcc/arm-none-eabi/4.5.2/thumb2/libgcc.a(_divsi3.o)
                0x0000eaa8                __aeabi_idiv
                0x0000eaa8                __divsi3
                0x0000ed3c                __aeabi_idivmod
 .text          0x0000ed58        0x4 /media/6aafac43-5450-453e-a142-f588400933c0/Sandbox/arm/bin/../lib/gcc/arm-none-eabi/4.5.2/thumb2/libgcc.a(_dvmd_tls.o)
                0x0000ed58                __aeabi_ldiv0
                0x0000ed58                __aeabi_idiv0
 .text          0x0000ed5c      0x110 /media/6aafac43-5450-453e-a142-f588400933c0/Sandbox/arm/bin/../lib/gcc/arm-none-eabi/4.5.2/thumb2/libgcc.a(_arm_cmpdf2.o)
                0x0000ed5c                __gtdf2
                0x0000ed5c                __gedf2
                0x0000ed64                __ltdf2
                0x0000ed64                __ledf2
                0x0000ed6c                __cmpdf2
                0x0000ed6c                __eqdf2
                0x0000ed6c                __nedf2
                0x0000ede8                __aeabi_cdrcmple
                0x0000edf8                __aeabi_cdcmple
                0x0000edf8                __aeabi_cdcmpeq
                0x0000ee08                __aeabi_dcmpeq
                0x0000ee1c                __aeabi_dcmplt
                0x0000ee30                __aeabi_dcmple
                0x0000ee44                __aeabi_dcmpge
                0x0000ee58                __aeabi_dcmpgt
 .text          0x0000ee6c       0x40 /media/6aafac43-5450-453e-a142-f588400933c0/Sandbox/arm/bin/../lib/gcc/arm-none-eabi/4.5.2/thumb2/libgcc.a(_arm_fixunsdfsi.o)
                0x0000ee6c                __fixunsdfsi
                0x0000ee6c                __aeabi_d2uiz
 .text          0x0000eeac       0x2c /media/6aafac43-5450-453e-a142-f588400933c0/Sandbox/arm/bin/../lib/gcc/arm-none-eabi/4.5.2/thumb2/libgcc.a(_aeabi_uldivmod.o)
                0x0000eeac                __aeabi_uldivmod
 .text          0x0000eed8       0x60 /media/6aafac43-5450-453e-a142-f588400933c0/Sandbox/arm/bin/../lib/gcc/arm-none-eabi/4.5.2/thumb2/libgcc.a(bpabi.o)
                0x0000eed8                __gnu_ldivmod_helper
                0x0000ef08                __gnu_uldivmod_helper
 .text          0x0000ef38      0x360 /media/6aafac43-5450-453e-a142-f588400933c0/Sandbox/arm/bin/../lib/gcc/arm-none-eabi/4.5.2/thumb2/libgcc.a(_divdi3.o)
                0x0000ef38                __divdi3
 .text          0x0000f298      0x308 /media/6aafac43-5450-453e-a142-f588400933c0/Sandbox/arm/bin/../lib/gcc/arm-none-eabi/4.5.2/thumb2/libgcc.a(_udivdi3.o)
                0x0000f298                __udivdi3
 *(.gnu.linkonce.t.*)
 *(.glue_7)
 .glue_7        0x00000000        0x0 linker stubs
 *(.glue_7t)
 .glue_7t       0x00000000        0x0 linker stubs
 *(.gcc_except_table)
 *(.rodata .rodata*)
 .rodata.str1.4
                0x0000f5a0       0x84 ../../src/syscalls.o
 .rodata.str1.4
                0x0000f624      0x263 ./main.o
                                0x264 (size before relaxing)
 *fill*         0x0000f887        0x1 00
 .rodata._ZTS12SDFileSystem
                0x0000f888       0x10 ./SDFileSystem/SDFileSystem.o
                0x0000f888                _ZTS12SDFileSystem
 .rodata._ZTV12SDFileSystem
                0x0000f898       0x48 ./SDFileSystem/SDFileSystem.o
                0x0000f898                _ZTV12SDFileSystem
 .rodata.str1.4
                0x0000f8e0      0x164 ./SDFileSystem/SDFileSystem.o
 .rodata._ZTI12SDFileSystem
                0x0000fa44        0xc ./SDFileSystem/SDFileSystem.o
                0x0000fa44                _ZTI12SDFileSystem
 .rodata._ZTVN10__cxxabiv117__class_type_infoE
                0x0000fa50       0x30 ../../external/gcc/LPC1768/libstdc++.a(class_type_info.o)
                0x0000fa50                _ZTVN10__cxxabiv117__class_type_infoE
 .rodata._ZTIN10__cxxabiv117__class_type_infoE
                0x0000fa80        0xc ../../external/gcc/LPC1768/libstdc++.a(class_type_info.o)
                0x0000fa80                _ZTIN10__cxxabiv117__class_type_infoE
 .rodata._ZTSN10__cxxabiv117__class_type_infoE
                0x0000fa8c       0x22 ../../external/gcc/LPC1768/libstdc++.a(class_type_info.o)
                0x0000fa8c                _ZTSN10__cxxabiv117__class_type_infoE
 .rodata.str1.1
                0x0000faae       0x1c ../../external/gcc/LPC1768/libstdc++.a(pure.o)
 *fill*         0x0000faca        0x6 00
 .rodata._ZTVN10__cxxabiv120__si_class_type_infoE
                0x0000fad0       0x30 ../../external/gcc/LPC1768/libstdc++.a(si_class_type_info.o)
                0x0000fad0                _ZTVN10__cxxabiv120__si_class_type_infoE
 .rodata._ZTIN10__cxxabiv120__si_class_type_infoE
                0x0000fb00        0xc ../../external/gcc/LPC1768/libstdc++.a(si_class_type_info.o)
                0x0000fb00                _ZTIN10__cxxabiv120__si_class_type_infoE
 .rodata._ZTSN10__cxxabiv120__si_class_type_infoE
                0x0000fb0c       0x25 ../../external/gcc/LPC1768/libstdc++.a(si_class_type_info.o)
                0x0000fb0c                _ZTSN10__cxxabiv120__si_class_type_infoE
 *fill*         0x0000fb31        0x3 00
 .rodata._ZTISt9type_info
                0x0000fb34        0x8 ../../external/gcc/LPC1768/libstdc++.a(tinfo.o)
                0x0000fb34                _ZTISt9type_info
 .rodata._ZTSSt9type_info
                0x0000fb3c        0xd ../../external/gcc/LPC1768/libstdc++.a(tinfo.o)
                0x0000fb3c                _ZTSSt9type_info
 *fill*         0x0000fb49        0x7 00
 .rodata._ZTVSt9type_info
                0x0000fb50       0x20 ../../external/gcc/LPC1768/libstdc++.a(tinfo.o)
                0x0000fb50                _ZTVSt9type_info
 .rodata._ZTIN10__cxxabiv121__vmi_class_type_infoE
                0x0000fb70        0xc ../../external/gcc/LPC1768/libstdc++.a(vmi_class_type_info.o)
                0x0000fb70                _ZTIN10__cxxabiv121__vmi_class_type_infoE
 .rodata._ZTSN10__cxxabiv121__vmi_class_type_infoE
                0x0000fb7c       0x26 ../../external/gcc/LPC1768/libstdc++.a(vmi_class_type_info.o)
                0x0000fb7c                _ZTSN10__cxxabiv121__vmi_class_type_infoE
 *fill*         0x0000fba2        0x6 00
 .rodata._ZTVN10__cxxabiv121__vmi_class_type_infoE
                0x0000fba8       0x30 ../../external/gcc/LPC1768/libstdc++.a(vmi_class_type_info.o)
                0x0000fba8                _ZTVN10__cxxabiv121__vmi_class_type_infoE
 .rodata.str1.1
                0x0000fbd8       0x80 ../../external/gcc/LPC1768/libstdc++.a(vterminate.o)
 .rodata        0x0000fc58      0x694 ../../external/gcc/LPC1768/libstdc++.a(cp-demangle.o)
 .rodata.str1.1
                0x000102ec      0x552 ../../external/gcc/LPC1768/libstdc++.a(cp-demangle.o)
                                0x601 (size before relaxing)
 .rodata.__aeabi_ctype_table_C
                0x0001083e      0x101 ../../external/gcc/LPC1768/libc.a(lib_a-clibabi_ctype.o)
                0x0001083e                __aeabi_ctype_table_
                0x0001083e                __aeabi_ctype_table_C
 *fill*         0x0001093f        0x1 00
 .rodata.__sf_fake_stdin
                0x00010940       0x20 ../../external/gcc/LPC1768/libc.a(lib_a-findfp.o)
                0x00010940                __sf_fake_stdin
 .rodata.__sf_fake_stdout
                0x00010960       0x20 ../../external/gcc/LPC1768/libc.a(lib_a-findfp.o)
                0x00010960                __sf_fake_stdout
 .rodata.__sf_fake_stderr
                0x00010980       0x20 ../../external/gcc/LPC1768/libc.a(lib_a-findfp.o)
                0x00010980                __sf_fake_stderr
 .rodata.str1.1
                0x000109a0        0x2 ../../external/gcc/LPC1768/libc.a(lib_a-impure.o)
 *fill*         0x000109a2        0x2 00
 .rodata._global_impure_ptr
                0x000109a4        0x4 ../../external/gcc/LPC1768/libc.a(lib_a-impure.o)
                0x000109a4                _global_impure_ptr
 .rodata.str1.1
                0x00000000        0x2 ../../external/gcc/LPC1768/libc.a(lib_a-puts.o)
 .rodata.zeroes.6599
                0x000109a8       0x10 ../../external/gcc/LPC1768/libc.a(lib_a-svfprintf.o)
 .rodata.str1.1
                0x000109b8       0x34 ../../external/gcc/LPC1768/libc.a(lib_a-svfprintf.o)
 .rodata.blanks.6598
                0x000109ec       0x10 ../../external/gcc/LPC1768/libc.a(lib_a-svfprintf.o)
 .rodata.str1.1
                0x000109fc        0x5 ../../external/gcc/LPC1768/libc.a(lib_a-svfscanf.o)
 *fill*         0x00010a01        0x1 00
 .rodata.basefix.6519
                0x00010a02       0x22 ../../external/gcc/LPC1768/libc.a(lib_a-svfscanf.o)
 .rodata.blanks.6613
                0x00010a24       0x10 ../../external/gcc/LPC1768/libc.a(lib_a-vfprintf.o)
 .rodata.str1.1
                0x00000000       0x34 ../../external/gcc/LPC1768/libc.a(lib_a-vfprintf.o)
 .rodata.zeroes.6614
                0x00010a34       0x10 ../../external/gcc/LPC1768/libc.a(lib_a-vfprintf.o)
 .rodata.basefix.6535
                0x00010a44       0x22 ../../external/gcc/LPC1768/libc.a(lib_a-vfscanf.o)
 .rodata.str1.1
                0x00000000        0x5 ../../external/gcc/LPC1768/libc.a(lib_a-vfscanf.o)
 .rodata.str1.1
                0x00010a66       0x3c ../../external/gcc/LPC1768/libc.a(lib_a-assert.o)
                                 0x3d (size before relaxing)
 .rodata._ctype_
                0x00010aa2      0x101 ../../external/gcc/LPC1768/libc.a(lib_a-ctype_.o)
                0x00010aa2                _ctype_
 .rodata.str1.1
                0x00010ba3        0xd ../../external/gcc/LPC1768/libc.a(lib_a-dtoa.o)
                                  0xf (size before relaxing)
 .rodata.str1.1
                0x00010bb0        0x6 ../../external/gcc/LPC1768/libc.a(lib_a-locale.o)
                                  0xb (size before relaxing)
 .rodata.str1.1
                0x00000000        0x1 ../../external/gcc/LPC1768/libc.a(lib_a-mbrtowc.o)
 *fill*         0x00010bb6        0x2 00
 .rodata.p05.5124
                0x00010bb8        0xc ../../external/gcc/LPC1768/libc.a(lib_a-mprec.o)
 *fill*         0x00010bc4        0x4 00
 .rodata.__mprec_tens
                0x00010bc8       0xc8 ../../external/gcc/LPC1768/libc.a(lib_a-mprec.o)
                0x00010bc8                __mprec_tens
 .rodata.__mprec_bigtens
                0x00010c90       0x28 ../../external/gcc/LPC1768/libc.a(lib_a-mprec.o)
                0x00010c90                __mprec_bigtens
 .rodata.str1.1
                0x00000000        0x6 ../../external/gcc/LPC1768/libc.a(lib_a-strtod.o)
                                  0xc (size before relaxing)
 .rodata.tinytens
                0x00010cb8       0x28 ../../external/gcc/LPC1768/libc.a(lib_a-strtod.o)
 .rodata.blanks.6556
                0x00010ce0       0x10 ../../external/gcc/LPC1768/libc.a(lib_a-vfiprintf.o)
 .rodata.str1.1
                0x00000000       0x22 ../../external/gcc/LPC1768/libc.a(lib_a-vfiprintf.o)
 .rodata.zeroes.6557
                0x00010cf0       0x10 ../../external/gcc/LPC1768/libc.a(lib_a-vfiprintf.o)
 .rodata.str1.1
                0x00010d00        0xb ../../external/gcc/LPC1768/libc.a(lib_a-gdtoa-gethex.o)
                                 0x19 (size before relaxing)
 *(.gnu.linkonce.r.*)
                0x00010d0c                . = ALIGN (0x4)
 *fill*         0x00010d0b        0x1 00
 *(.init)
 .init          0x00010d0c        0x4 /media/6aafac43-5450-453e-a142-f588400933c0/Sandbox/arm/bin/../lib/gcc/arm-none-eabi/4.5.2/thumb2/crti.o
                0x00010d0c                _init
 .init          0x00010d10        0x8 /media/6aafac43-5450-453e-a142-f588400933c0/Sandbox/arm/bin/../lib/gcc/arm-none-eabi/4.5.2/thumb2/crtn.o
                0x00010d18                . = ALIGN (0x4)
                0x00010d18                __preinit_array_start = .
 *(.preinit_array)
 .preinit_array
                0x00010d18        0x4 ../../external/gcc/LPC1768/libc.a(lib_a-clibabi_stdio.o)
                0x00010d1c                __preinit_array_end = .
                0x00010d1c                . = ALIGN (0x4)
                0x00010d1c                __init_array_start = .
 *(SORT(.init_array.*))
 *(.init_array)
 .init_array    0x00010d1c        0x4 /media/6aafac43-5450-453e-a142-f588400933c0/Sandbox/arm/bin/../lib/gcc/arm-none-eabi/4.5.2/thumb2/crtbegin.o
 .init_array    0x00010d20        0x4 ./main.o
                0x00010d24                __init_array_end = .
                0x00010d24                . = ALIGN (0x4)
 *crtbegin.o(.ctors)
 *(EXCLUDE_FILE(*crtend.o) .ctors)
 *(SORT(.ctors.*))
 *crtend.o(.ctors)
                0x00010d24                . = ALIGN (0x4)
 *(.fini)
 .fini          0x00010d24        0x4 /media/6aafac43-5450-453e-a142-f588400933c0/Sandbox/arm/bin/../lib/gcc/arm-none-eabi/4.5.2/thumb2/crti.o
                0x00010d24                _fini
 .fini          0x00010d28        0x8 /media/6aafac43-5450-453e-a142-f588400933c0/Sandbox/arm/bin/../lib/gcc/arm-none-eabi/4.5.2/thumb2/crtn.o
                0x00010d30                . = ALIGN (0x4)
                0x00010d30                __fini_array_start = .
 *(.fini_array)
 .fini_array    0x00010d30        0x4 /media/6aafac43-5450-453e-a142-f588400933c0/Sandbox/arm/bin/../lib/gcc/arm-none-eabi/4.5.2/thumb2/crtbegin.o
 *(SORT(.fini_array.*))
                0x00010d34                __fini_array_end = .
                0x00010d34                . = ALIGN (0x4)
 *crtbegin.o(.dtors)
 *(EXCLUDE_FILE(*crtend.o) .dtors)
 *(SORT(.dtors.*))
 *crtend.o(.dtors)
                0x00010d34                _etext = .
                0x00010d34                _sifastcode = .
                0x00010d34                __exidx_start = .

.vfp11_veneer   0x00010d34        0x0
 .vfp11_veneer  0x00000000        0x0 linker stubs

.v4_bx          0x00010d34        0x0
 .v4_bx         0x00000000        0x0 linker stubs

i._ZN4mbed10DigitalOut15get_rpc_methodsEv
                0x00010d34        0x8
 i._ZN4mbed10DigitalOut15get_rpc_methodsEv
                0x00010d34        0x8 ../../external/mbed/LPC1768/mbed.ar(DigitalOut.LPC1768.o)
                0x00010d34                _ZN4mbed10DigitalOut15get_rpc_methodsEv

i._ZN4mbed10DigitalOutC1E7PinNamePKc
                0x00010d3c       0x3c
 i._ZN4mbed10DigitalOutC1E7PinNamePKc
                0x00010d3c       0x3c ../../external/mbed/LPC1768/mbed.ar(DigitalOut.LPC1768.o)
                0x00010d3c                _ZN4mbed10DigitalOutC1E7PinNamePKc
                0x00010d3c                _ZN4mbed10DigitalOutC2E7PinNamePKc

i._ZN4mbed10DigitalOutD1Ev
                0x00010d78        0x4
 i._ZN4mbed10DigitalOutD1Ev
                0x00010d78        0x4 ../../external/mbed/LPC1768/mbed.ar(DigitalOut.LPC1768.o)
                0x00010d78                _ZN4mbed10DigitalOutD2Ev
                0x00010d78                _ZN4mbed10DigitalOutD1Ev

t._ZN4mbed17rpc_method_callerINS_10DigitalOutEiXadL_ZNS1_5writeEiEEEEvPNS_4BaseEPKcPc
                0x00010d7c       0x78
 t._ZN4mbed17rpc_method_callerINS_10DigitalOutEiXadL_ZNS1_5writeEiEEEEvPNS_4BaseEPKcPc
                0x00010d7c       0x78 ../../external/mbed/LPC1768/mbed.ar(DigitalOut.LPC1768.o)
                0x00010d7c                _ZN4mbed17rpc_method_callerINS_10DigitalOutEiXadL_ZNS1_5writeEiEEEEvPNS_4BaseEPKcPc

t._ZN4mbed17rpc_method_callerIiNS_10DigitalOutEXadL_ZNS1_4readEvEEEEvPNS_4BaseEPKcPc
                0x00010df4       0x38
 t._ZN4mbed17rpc_method_callerIiNS_10DigitalOutEXadL_ZNS1_4readEvEEEEvPNS_4BaseEPKcPc
                0x00010df4       0x38 ../../external/mbed/LPC1768/mbed.ar(DigitalOut.LPC1768.o)
                0x00010df4                _ZN4mbed17rpc_method_callerIiNS_10DigitalOutEXadL_ZNS1_4readEvEEEEvPNS_4BaseEPKcPc

t._ZN4mbed9rpc_superINS_4BaseEEEPKNS_10rpc_methodEPS1_
                0x00010e2c        0x4
 t._ZN4mbed9rpc_superINS_4BaseEEEPKNS_10rpc_methodEPS1_
                0x00010e2c        0x4 ../../external/mbed/LPC1768/mbed.ar(DigitalOut.LPC1768.o)
                0x00010e2c                _ZN4mbed9rpc_superINS_4BaseEEEPKNS_10rpc_methodEPS1_

i._ZN4mbed10DigitalOut5writeEi
                0x00010e30        0xe
 i._ZN4mbed10DigitalOut5writeEi
                0x00010e30        0xe ../../external/mbed/LPC1768/mbed.ar(DigitalOut.LPC1768.o)
                0x00010e30                _ZN4mbed10DigitalOut5writeEi

i._ZN4mbed10DigitalOut4readEv
                0x00010e3e        0xe
 i._ZN4mbed10DigitalOut4readEv
                0x00010e3e        0xe ../../external/mbed/LPC1768/mbed.ar(DigitalOut.LPC1768.o)
                0x00010e3e                _ZN4mbed10DigitalOut4readEv

i._ZN4mbed10DigitalOutD0Ev
                0x00010e4c        0xe
 i._ZN4mbed10DigitalOutD0Ev
                0x00010e4c        0xe ../../external/mbed/LPC1768/mbed.ar(DigitalOut.LPC1768.o)
                0x00010e4c                _ZN4mbed10DigitalOutD0Ev

i._ZN4mbed10parse_charEPKcPS1_
                0x00010e5a       0xa2
 i._ZN4mbed10parse_charEPKcPS1_
                0x00010e5a       0xa2 ../../external/mbed/LPC1768/mbed.ar(DigitalOut.LPC1768.o)
                0x00010e5a                _ZN4mbed10parse_charEPKcPS1_

i._ZN4mbed4Base11delete_selfEv
                0x00010efc       0x1e
 i._ZN4mbed4Base11delete_selfEv
                0x00010efc       0x1e ../../external/mbed/LPC1768/mbed.ar(Base.LPC1768.o)
                0x00010efc                _ZN4mbed4Base11delete_selfEv

i._ZN4mbed4Base15get_rpc_methodsEv
                0x00010f1c        0x8
 i._ZN4mbed4Base15get_rpc_methodsEv
                0x00010f1c        0x8 ../../external/mbed/LPC1768/mbed.ar(Base.LPC1768.o)
                0x00010f1c                _ZN4mbed4Base15get_rpc_methodsEv

i._ZN4mbed4Base15register_objectEPKc
                0x00010f24       0x1c
 i._ZN4mbed4Base15register_objectEPKc
                0x00010f24       0x1c ../../external/mbed/LPC1768/mbed.ar(Base.LPC1768.o)
                0x00010f24                _ZN4mbed4Base15register_objectEPKc

i._ZN4mbed4Base3rpcEPKcS2_Pc
                0x00010f40       0x98
 i._ZN4mbed4Base3rpcEPKcS2_Pc
                0x00010f40       0x98 ../../external/mbed/LPC1768/mbed.ar(Base.LPC1768.o)
                0x00010f40                _ZN4mbed4Base3rpcEPKcS2_Pc

i._ZN4mbed4Base5clearEPKcPc
                0x00010fd8       0x30
 i._ZN4mbed4Base5clearEPKcPc
                0x00010fd8       0x30 ../../external/mbed/LPC1768/mbed.ar(Base.LPC1768.o)
                0x00010fd8                _ZN4mbed4Base5clearEPKcPc

i._ZN4mbed4Base6lookupEPKcj
                0x00011008       0x38
 i._ZN4mbed4Base6lookupEPKcj
                0x00011008       0x38 ../../external/mbed/LPC1768/mbed.ar(Base.LPC1768.o)
                0x00011008                _ZN4mbed4Base6lookupEPKcj

i._ZN4mbed4Base7opendirEv
                0x00011040       0x18
 i._ZN4mbed4Base7opendirEv
                0x00011040       0x18 ../../external/mbed/LPC1768/mbed.ar(Base.LPC1768.o)
                0x00011040                _ZN4mbed4Base7opendirEv

i._ZN4mbed4Base8new_nameEPS0_
                0x00011058       0x20
 i._ZN4mbed4Base8new_nameEPS0_
                0x00011058       0x20 ../../external/mbed/LPC1768/mbed.ar(Base.LPC1768.o)
                0x00011058                _ZN4mbed4Base8new_nameEPS0_

i._ZN4mbed4Base9list_objsEPKcPc
                0x00011078       0x40
 i._ZN4mbed4Base9list_objsEPKcPc
                0x00011078       0x40 ../../external/mbed/LPC1768/mbed.ar(Base.LPC1768.o)
                0x00011078                _ZN4mbed4Base9list_objsEPKcPc

i._ZN4mbed4BaseC1EPKc
                0x000110b8       0x24
 i._ZN4mbed4BaseC1EPKc
                0x000110b8       0x24 ../../external/mbed/LPC1768/mbed.ar(Base.LPC1768.o)
                0x000110b8                _ZN4mbed4BaseC1EPKc
                0x000110b8                _ZN4mbed4BaseC2EPKc

i._ZN4mbed4BaseD0Ev
                0x000110dc       0x34
 i._ZN4mbed4BaseD0Ev
                0x000110dc       0x34 ../../external/mbed/LPC1768/mbed.ar(Base.LPC1768.o)
                0x000110dc                _ZN4mbed4BaseD0Ev

i._ZN4mbed4BaseD1Ev
                0x00011110       0x38
 i._ZN4mbed4BaseD1Ev
                0x00011110       0x38 ../../external/mbed/LPC1768/mbed.ar(Base.LPC1768.o)
                0x00011110                _ZN4mbed4BaseD1Ev
                0x00011110                _ZN4mbed4BaseD2Ev

t._ZN4mbed17rpc_method_callerINS_4BaseEXadL_ZNS1_11delete_selfEvEEEEvPS1_PKcPc
                0x00011148       0x28
 t._ZN4mbed17rpc_method_callerINS_4BaseEXadL_ZNS1_11delete_selfEvEEEEvPS1_PKcPc
                0x00011148       0x28 ../../external/mbed/LPC1768/mbed.ar(Base.LPC1768.o)
                0x00011148                _ZN4mbed17rpc_method_callerINS_4BaseEXadL_ZNS1_11delete_selfEvEEEEvPS1_PKcPc

i._ZN4mbed13BaseDirHandle8closedirEv
                0x00011170        0xa
 i._ZN4mbed13BaseDirHandle8closedirEv
                0x00011170        0xa ../../external/mbed/LPC1768/mbed.ar(Base.LPC1768.o)
                0x00011170                _ZN4mbed13BaseDirHandle8closedirEv

i._ZN4mbed13BaseDirHandle7readdirEv
                0x0001117c       0x64
 i._ZN4mbed13BaseDirHandle7readdirEv
                0x0001117c       0x64 ../../external/mbed/LPC1768/mbed.ar(Base.LPC1768.o)
                0x0001117c                _ZN4mbed13BaseDirHandle7readdirEv

i._ZN4mbed13BaseDirHandle7telldirEv
                0x000111e0        0x4
 i._ZN4mbed13BaseDirHandle7telldirEv
                0x000111e0        0x4 ../../external/mbed/LPC1768/mbed.ar(Base.LPC1768.o)
                0x000111e0                _ZN4mbed13BaseDirHandle7telldirEv

i._ZN4mbed13BaseDirHandle7seekdirEl
                0x000111e4        0x4
 i._ZN4mbed13BaseDirHandle7seekdirEl
                0x000111e4        0x4 ../../external/mbed/LPC1768/mbed.ar(Base.LPC1768.o)
                0x000111e4                _ZN4mbed13BaseDirHandle7seekdirEl

i._ZN4mbed13BaseDirHandle9rewinddirEv
                0x000111e8        0x6
 i._ZN4mbed13BaseDirHandle9rewinddirEv
                0x000111e8        0x6 ../../external/mbed/LPC1768/mbed.ar(Base.LPC1768.o)
                0x000111e8                _ZN4mbed13BaseDirHandle9rewinddirEv

i._sys_close    0x000111f0       0x2c
 i._sys_close   0x000111f0       0x2c ../../external/mbed/LPC1768/mbed.ar(stdio.LPC1768.o)
                0x000111f0                _sys_close

i._sys_istty    0x0001121c       0x28
 i._sys_istty   0x0001121c       0x28 ../../external/mbed/LPC1768/mbed.ar(stdio.LPC1768.o)
                0x0001121c                _sys_istty

i._sys_open     0x00011244      0x184
 i._sys_open    0x00011244      0x184 ../../external/mbed/LPC1768/mbed.ar(stdio.LPC1768.o)
                0x00011244                _sys_open

i._sys_read     0x000113c8       0x40
 i._sys_read    0x000113c8       0x40 ../../external/mbed/LPC1768/mbed.ar(stdio.LPC1768.o)
                0x000113c8                _sys_read

i._sys_seek     0x00011408       0x2c
 i._sys_seek    0x00011408       0x2c ../../external/mbed/LPC1768/mbed.ar(stdio.LPC1768.o)
                0x00011408                _sys_seek

i._sys_write    0x00011434       0x54
 i._sys_write   0x00011434       0x54 ../../external/mbed/LPC1768/mbed.ar(stdio.LPC1768.o)
                0x00011434                _sys_write

i.closedir      0x00011488        0x6
 i.closedir     0x00011488        0x6 ../../external/mbed/LPC1768/mbed.ar(stdio.LPC1768.o)
                0x00011488                closedir

i.opendir       0x00011490       0x54
 i.opendir      0x00011490       0x54 ../../external/mbed/LPC1768/mbed.ar(stdio.LPC1768.o)
                0x00011490                opendir

i.readdir       0x000114e4        0x6
 i.readdir      0x000114e4        0x6 ../../external/mbed/LPC1768/mbed.ar(stdio.LPC1768.o)
                0x000114e4                readdir

i.remove        0x000114ec       0x50
 i.remove       0x000114ec       0x50 ../../external/mbed/LPC1768/mbed.ar(stdio.LPC1768.o)
                0x000114ec                remove

i._ZN4mbed3SPI15get_rpc_methodsEv
                0x0001153c        0x8
 i._ZN4mbed3SPI15get_rpc_methodsEv
                0x0001153c        0x8 ../../external/mbed/LPC1768/mbed.ar(SPI.LPC1768.o)
                0x0001153c                _ZN4mbed3SPI15get_rpc_methodsEv

i._ZN4mbed3SPI5writeEi
                0x00011544       0x16
 i._ZN4mbed3SPI5writeEi
                0x00011544       0x16 ../../external/mbed/LPC1768/mbed.ar(SPI.LPC1768.o)
                0x00011544                _ZN4mbed3SPI5writeEi

i._ZN4mbed3SPI6aquireEv
                0x0001155c       0x2c
 i._ZN4mbed3SPI6aquireEv
                0x0001155c       0x2c ../../external/mbed/LPC1768/mbed.ar(SPI.LPC1768.o)
                0x0001155c                _ZN4mbed3SPI6aquireEv

i._ZN4mbed3SPI6formatEii
                0x00011588       0x14
 i._ZN4mbed3SPI6formatEii
                0x00011588       0x14 ../../external/mbed/LPC1768/mbed.ar(SPI.LPC1768.o)
                0x00011588                _ZN4mbed3SPI6formatEii

i._ZN4mbed3SPI9frequencyEi
                0x0001159c       0x10
 i._ZN4mbed3SPI9frequencyEi
                0x0001159c       0x10 ../../external/mbed/LPC1768/mbed.ar(SPI.LPC1768.o)
                0x0001159c                _ZN4mbed3SPI9frequencyEi

i._ZN4mbed3SPIC1E7PinNameS1_S1_PKc
                0x000115ac       0x4c
 i._ZN4mbed3SPIC1E7PinNameS1_S1_PKc
                0x000115ac       0x4c ../../external/mbed/LPC1768/mbed.ar(SPI.LPC1768.o)
                0x000115ac                _ZN4mbed3SPIC1E7PinNameS1_S1_PKc
                0x000115ac                _ZN4mbed3SPIC2E7PinNameS1_S1_PKc

i._ZN4mbed3SPID1Ev
                0x000115f8        0x4
 i._ZN4mbed3SPID1Ev
                0x000115f8        0x4 ../../external/mbed/LPC1768/mbed.ar(SPI.LPC1768.o)
                0x000115f8                _ZN4mbed3SPID1Ev
                0x000115f8                _ZN4mbed3SPID2Ev

i._ZN4mbed9parse_argI7PinNameEET_PKcPS4_
                0x000115fc       0xf0
 i._ZN4mbed9parse_argI7PinNameEET_PKcPS4_
                0x000115fc       0xf0 ../../external/mbed/LPC1768/mbed.ar(SPI.LPC1768.o)
                0x000115fc                _ZN4mbed9parse_argI7PinNameEET_PKcPS4_

t._ZN4mbed17rpc_method_callerINS_3SPIEiiXadL_ZNS1_6formatEiiEEEEvPNS_4BaseEPKcPc
                0x000116ec       0x84
 t._ZN4mbed17rpc_method_callerINS_3SPIEiiXadL_ZNS1_6formatEiiEEEEvPNS_4BaseEPKcPc
                0x000116ec       0x84 ../../external/mbed/LPC1768/mbed.ar(SPI.LPC1768.o)
                0x000116ec                _ZN4mbed17rpc_method_callerINS_3SPIEiiXadL_ZNS1_6formatEiiEEEEvPNS_4BaseEPKcPc

t._ZN4mbed17rpc_method_callerINS_3SPIEiXadL_ZNS1_9frequencyEiEEEEvPNS_4BaseEPKcPc
                0x00011770       0x50
 t._ZN4mbed17rpc_method_callerINS_3SPIEiXadL_ZNS1_9frequencyEiEEEEvPNS_4BaseEPKcPc
                0x00011770       0x50 ../../external/mbed/LPC1768/mbed.ar(SPI.LPC1768.o)
                0x00011770                _ZN4mbed17rpc_method_callerINS_3SPIEiXadL_ZNS1_9frequencyEiEEEEvPNS_4BaseEPKcPc

t._ZN4mbed17rpc_method_callerIiNS_3SPIEiXadL_ZNS1_5writeEiEEEEvPNS_4BaseEPKcPc
                0x000117c0       0x5c
 t._ZN4mbed17rpc_method_callerIiNS_3SPIEiXadL_ZNS1_5writeEiEEEEvPNS_4BaseEPKcPc
                0x000117c0       0x5c ../../external/mbed/LPC1768/mbed.ar(SPI.LPC1768.o)
                0x000117c0                _ZN4mbed17rpc_method_callerIiNS_3SPIEiXadL_ZNS1_5writeEiEEEEvPNS_4BaseEPKcPc

t._ZN4mbed19rpc_function_callerIPKc7PinNameS3_S3_S2_XadL_ZNS_4Base9constructINS_3SPIES3_S3_S3_S2_EES2_T0_T1_T2_T3_EEEEvS2_Pc
                0x0001181c      0x1cc
 t._ZN4mbed19rpc_function_callerIPKc7PinNameS3_S3_S2_XadL_ZNS_4Base9constructINS_3SPIES3_S3_S3_S2_EES2_T0_T1_T2_T3_EEEEvS2_Pc
                0x0001181c      0x1cc ../../external/mbed/LPC1768/mbed.ar(SPI.LPC1768.o)
                0x0001181c                _ZN4mbed19rpc_function_callerIPKc7PinNameS3_S3_S2_XadL_ZNS_4Base9constructINS_3SPIES3_S3_S3_S2_EES2_T0_T1_T2_T3_EEEEvS2_Pc

i._ZN4mbed3SPID0Ev
                0x000119e8        0xe
 i._ZN4mbed3SPID0Ev
                0x000119e8        0xe ../../external/mbed/LPC1768/mbed.ar(SPI.LPC1768.o)
                0x000119e8                _ZN4mbed3SPID0Ev

i._ZN4mbed8next_argEPKc
                0x000119f6       0x2c
 i._ZN4mbed8next_argEPKc
                0x000119f6       0x2c ../../external/mbed/LPC1768/mbed.ar(SPI.LPC1768.o)
                0x000119f6                _ZN4mbed8next_argEPKc

.emb_text       0x00011a24       0x20
 .emb_text      0x00011a24       0x20 ../../external/mbed/LPC1768/capi.ar(core_cm3.LPC1768.o)
                0x00011a24                __get_PSP
                0x00011a2a                __set_PSP
                0x00011a30                __get_MSP
                0x00011a36                __set_MSP
                0x00011a3c                __REV16
                0x00011a40                __REVSH

i.serial_baud   0x00011a44      0x1c8
 i.serial_baud  0x00011a44      0x1c8 ../../external/mbed/LPC1768/capi.ar(serial_api.LPC1768.o)
                0x00011a44                serial_baud

i.serial_format
                0x00011c0c       0x94
 i.serial_format
                0x00011c0c       0x94 ../../external/mbed/LPC1768/capi.ar(serial_api.LPC1768.o)
                0x00011c0c                serial_format

i.serial_getc   0x00011ca0        0xc
 i.serial_getc  0x00011ca0        0xc ../../external/mbed/LPC1768/capi.ar(serial_api.LPC1768.o)
                0x00011ca0                serial_getc

i.serial_init   0x00011cac       0xe4
 i.serial_init  0x00011cac       0xe4 ../../external/mbed/LPC1768/capi.ar(serial_api.LPC1768.o)
                0x00011cac                serial_init

i.serial_putc   0x00011d90        0xc
 i.serial_putc  0x00011d90        0xc ../../external/mbed/LPC1768/capi.ar(serial_api.LPC1768.o)
                0x00011d90                serial_putc

i.exit          0x00011d9c       0x16
 i.exit         0x00011d9c       0x16 ../../external/mbed/LPC1768/capi.ar(exit.LPC1768.o)
                0x00011d9c                exit

i.spi_format    0x00011db4       0x84
 i.spi_format   0x00011db4       0x84 ../../external/mbed/LPC1768/capi.ar(spi_api.LPC1768.o)
                0x00011db4                spi_format

i.spi_frequency
                0x00011e38       0xb8
 i.spi_frequency
                0x00011e38       0xb8 ../../external/mbed/LPC1768/capi.ar(spi_api.LPC1768.o)
                0x00011e38                spi_frequency

i.spi_init      0x00011ef0      0x124
 i.spi_init     0x00011ef0      0x124 ../../external/mbed/LPC1768/capi.ar(spi_api.LPC1768.o)
                0x00011ef0                spi_init

i.spi_master_write
                0x00012014       0x16
 i.spi_master_write
                0x00012014       0x16 ../../external/mbed/LPC1768/capi.ar(spi_api.LPC1768.o)
                0x00012014                spi_master_write

i.pin_function  0x0001202c       0x38
 i.pin_function
                0x0001202c       0x38 ../../external/mbed/LPC1768/capi.ar(pinmap.LPC1768.o)
                0x0001202c                pin_function

i.pin_mode      0x00012064       0x68
 i.pin_mode     0x00012064       0x68 ../../external/mbed/LPC1768/capi.ar(pinmap.LPC1768.o)
                0x00012064                pin_mode

i.pinmap_merge  0x000120cc       0x3c
 i.pinmap_merge
                0x000120cc       0x3c ../../external/mbed/LPC1768/capi.ar(pinmap.LPC1768.o)
                0x000120cc                pinmap_merge

i.pinmap_peripheral
                0x00012108       0x58
 i.pinmap_peripheral
                0x00012108       0x58 ../../external/mbed/LPC1768/capi.ar(pinmap.LPC1768.o)
                0x00012108                pinmap_peripheral

i.pinmap_pinout
                0x00012160       0xcc
 i.pinmap_pinout
                0x00012160       0xcc ../../external/mbed/LPC1768/capi.ar(pinmap.LPC1768.o)
                0x00012160                pinmap_pinout

i.gpio_output   0x0001222c       0x30
 i.gpio_output  0x0001222c       0x30 ../../external/mbed/LPC1768/capi.ar(gpio_api.LPC1768.o)
                0x0001222c                gpio_output

i.gpio_write    0x0001225c       0x18
 i.gpio_write   0x0001225c       0x18 ../../external/mbed/LPC1768/capi.ar(gpio_api.LPC1768.o)
                0x0001225c                gpio_write

i.semihost_exit
                0x00012274        0xc
 i.semihost_exit
                0x00012274        0xc ../../external/mbed/LPC1768/capi.ar(semihost_api.LPC1768.o)
                0x00012274                semihost_exit

i.mbed_die      0x00012280       0x78
 i.mbed_die     0x00012280       0x78 ../../external/mbed/LPC1768/capi.ar(utils_api.LPC1768.o)
                0x00012280                mbed_die

i.wait_ms       0x000122f8       0x1c
 i.wait_ms      0x000122f8       0x1c ../../external/mbed/LPC1768/capi.ar(wait_api.LPC1768.o)
                0x000122f8                wait_ms

i.us_ticker_read
                0x00012314       0x38
 i.us_ticker_read
                0x00012314       0x38 ../../external/mbed/LPC1768/capi.ar(us_ticker_api.LPC1768.o)
                0x00012314                us_ticker_read

i.timer_frequency
                0x0001234c       0x14
 i.timer_frequency
                0x0001234c       0x14 ../../external/mbed/LPC1768/capi.ar(timer_api.LPC1768.o)
                0x0001234c                timer_frequency

i.timer_init    0x00012360       0x70
 i.timer_init   0x00012360       0x70 ../../external/mbed/LPC1768/capi.ar(timer_api.LPC1768.o)
                0x00012360                timer_init

i.timer_read    0x000123d0        0x4
 i.timer_read   0x000123d0        0x4 ../../external/mbed/LPC1768/capi.ar(timer_api.LPC1768.o)
                0x000123d0                timer_read

i.timer_start   0x000123d4        0xc
 i.timer_start  0x000123d4        0xc ../../external/mbed/LPC1768/capi.ar(timer_api.LPC1768.o)
                0x000123d4                timer_start

i._ZN4mbed13FATFileSystem4openEPKci
                0x000123e0       0x94
 i._ZN4mbed13FATFileSystem4openEPKci
                0x000123e0       0x94 ../../external/FATFileSystem/LPC1768/FATFileSystem.ar(FATFileSystem.cpp.lpc1768.arm.o)
                0x000123e0                _ZN4mbed13FATFileSystem4openEPKci

i._ZN4mbed13FATFileSystem5mkdirEPKci
                0x00012474       0x12
 i._ZN4mbed13FATFileSystem5mkdirEPKci
                0x00012474       0x12 ../../external/FATFileSystem/LPC1768/FATFileSystem.ar(FATFileSystem.cpp.lpc1768.arm.o)
                0x00012474                _ZN4mbed13FATFileSystem5mkdirEPKci

i._ZN4mbed13FATFileSystem6formatEv
                0x00012486       0x1c
 i._ZN4mbed13FATFileSystem6formatEv
                0x00012486       0x1c ../../external/FATFileSystem/LPC1768/FATFileSystem.ar(FATFileSystem.cpp.lpc1768.arm.o)
                0x00012486                _ZN4mbed13FATFileSystem6formatEv

i._ZN4mbed13FATFileSystem6removeEPKc
                0x000124a2       0x12
 i._ZN4mbed13FATFileSystem6removeEPKc
                0x000124a2       0x12 ../../external/FATFileSystem/LPC1768/FATFileSystem.ar(FATFileSystem.cpp.lpc1768.arm.o)
                0x000124a2                _ZN4mbed13FATFileSystem6removeEPKc

i._ZN4mbed13FATFileSystem7opendirEPKc
                0x000124b4       0x26
 i._ZN4mbed13FATFileSystem7opendirEPKc
                0x000124b4       0x26 ../../external/FATFileSystem/LPC1768/FATFileSystem.ar(FATFileSystem.cpp.lpc1768.arm.o)
                0x000124b4                _ZN4mbed13FATFileSystem7opendirEPKc

i._ZN4mbed13FATFileSystemC2EPKc
                0x000124dc       0x88
 i._ZN4mbed13FATFileSystemC2EPKc
                0x000124dc       0x88 ../../external/FATFileSystem/LPC1768/FATFileSystem.ar(FATFileSystem.cpp.lpc1768.arm.o)
                0x000124dc                _ZN4mbed13FATFileSystemC2EPKc

i._ZN4mbed13FATFileSystemD0Ev
                0x00012564       0x40
 i._ZN4mbed13FATFileSystemD0Ev
                0x00012564       0x40 ../../external/FATFileSystem/LPC1768/FATFileSystem.ar(FATFileSystem.cpp.lpc1768.arm.o)
                0x00012564                _ZN4mbed13FATFileSystemD0Ev

i._ZN4mbed13FATFileSystemD2Ev
                0x000125a4       0x3c
 i._ZN4mbed13FATFileSystemD2Ev
                0x000125a4       0x3c ../../external/FATFileSystem/LPC1768/FATFileSystem.ar(FATFileSystem.cpp.lpc1768.arm.o)
                0x000125a4                _ZN4mbed13FATFileSystemD2Ev
                0x000125a4                _ZN4mbed13FATFileSystemD1Ev

i.get_fattime   0x000125e0        0x6
 i.get_fattime  0x000125e0        0x6 ../../external/FATFileSystem/LPC1768/FATFileSystem.ar(FATFileSystem.cpp.lpc1768.arm.o)
                0x000125e0                get_fattime

i._ZN4mbed13FATFileSystem15disk_initializeEv
                0x000125e6        0x4
 i._ZN4mbed13FATFileSystem15disk_initializeEv
                0x000125e6        0x4 ../../external/FATFileSystem/LPC1768/FATFileSystem.ar(FATFileSystem.cpp.lpc1768.arm.o)
                0x000125e6                _ZN4mbed13FATFileSystem15disk_initializeEv

i._ZN4mbed13FATFileSystem11disk_statusEv
                0x000125ea        0x4
 i._ZN4mbed13FATFileSystem11disk_statusEv
                0x000125ea        0x4 ../../external/FATFileSystem/LPC1768/FATFileSystem.ar(FATFileSystem.cpp.lpc1768.arm.o)
                0x000125ea                _ZN4mbed13FATFileSystem11disk_statusEv

i._ZN4mbed13FATFileSystem9disk_syncEv
                0x000125ee        0x4
 i._ZN4mbed13FATFileSystem9disk_syncEv
                0x000125ee        0x4 ../../external/FATFileSystem/LPC1768/FATFileSystem.ar(FATFileSystem.cpp.lpc1768.arm.o)
                0x000125ee                _ZN4mbed13FATFileSystem9disk_syncEv

i._ZN4mbed12FATDirHandle7readdirEv
                0x000125f2       0x32
 i._ZN4mbed12FATDirHandle7readdirEv
                0x000125f2       0x32 ../../external/FATFileSystem/LPC1768/FATFileSystem.ar(FATDirHandle.cpp.lpc1768.arm.o)
                0x000125f2                _ZN4mbed12FATDirHandle7readdirEv

i._ZN4mbed12FATDirHandle7seekdirEl
                0x00012624        0x4
 i._ZN4mbed12FATDirHandle7seekdirEl
                0x00012624        0x4 ../../external/FATFileSystem/LPC1768/FATFileSystem.ar(FATDirHandle.cpp.lpc1768.arm.o)
                0x00012624                _ZN4mbed12FATDirHandle7seekdirEl

i._ZN4mbed12FATDirHandle7telldirEv
                0x00012628        0x4
 i._ZN4mbed12FATDirHandle7telldirEv
                0x00012628        0x4 ../../external/FATFileSystem/LPC1768/FATFileSystem.ar(FATDirHandle.cpp.lpc1768.arm.o)
                0x00012628                _ZN4mbed12FATDirHandle7telldirEv

i._ZN4mbed12FATDirHandle8closedirEv
                0x0001262c        0xa
 i._ZN4mbed12FATDirHandle8closedirEv
                0x0001262c        0xa ../../external/FATFileSystem/LPC1768/FATFileSystem.ar(FATDirHandle.cpp.lpc1768.arm.o)
                0x0001262c                _ZN4mbed12FATDirHandle8closedirEv

i._ZN4mbed12FATDirHandle9rewinddirEv
                0x00012636        0x6
 i._ZN4mbed12FATDirHandle9rewinddirEv
                0x00012636        0x6 ../../external/FATFileSystem/LPC1768/FATFileSystem.ar(FATDirHandle.cpp.lpc1768.arm.o)
                0x00012636                _ZN4mbed12FATDirHandle9rewinddirEv

i._ZN4mbed12FATDirHandleC1ERK4_DIR
                0x0001263c       0x18
 i._ZN4mbed12FATDirHandleC1ERK4_DIR
                0x0001263c       0x18 ../../external/FATFileSystem/LPC1768/FATFileSystem.ar(FATDirHandle.cpp.lpc1768.arm.o)
                0x0001263c                _ZN4mbed12FATDirHandleC2ERK4_DIR
                0x0001263c                _ZN4mbed12FATDirHandleC1ERK4_DIR

i._ZN4mbed13FATFileHandle4flenEv
                0x00012654        0x4
 i._ZN4mbed13FATFileHandle4flenEv
                0x00012654        0x4 ../../external/FATFileSystem/LPC1768/FATFileSystem.ar(FATFileHandle.cpp.lpc1768.arm.o)
                0x00012654                _ZN4mbed13FATFileHandle4flenEv

i._ZN4mbed13FATFileHandle4readEPvj
                0x00012658       0x16
 i._ZN4mbed13FATFileHandle4readEPvj
                0x00012658       0x16 ../../external/FATFileSystem/LPC1768/FATFileSystem.ar(FATFileHandle.cpp.lpc1768.arm.o)
                0x00012658                _ZN4mbed13FATFileHandle4readEPvj

i._ZN4mbed13FATFileHandle5closeEv
                0x0001266e       0x16
 i._ZN4mbed13FATFileHandle5closeEv
                0x0001266e       0x16 ../../external/FATFileSystem/LPC1768/FATFileSystem.ar(FATFileHandle.cpp.lpc1768.arm.o)
                0x0001266e                _ZN4mbed13FATFileHandle5closeEv

i._ZN4mbed13FATFileHandle5fsyncEv
                0x00012684       0x12
 i._ZN4mbed13FATFileHandle5fsyncEv
                0x00012684       0x12 ../../external/FATFileSystem/LPC1768/FATFileSystem.ar(FATFileHandle.cpp.lpc1768.arm.o)
                0x00012684                _ZN4mbed13FATFileHandle5fsyncEv

i._ZN4mbed13FATFileHandle5lseekEli
                0x00012696       0x26
 i._ZN4mbed13FATFileHandle5lseekEli
                0x00012696       0x26 ../../external/FATFileSystem/LPC1768/FATFileSystem.ar(FATFileHandle.cpp.lpc1768.arm.o)
                0x00012696                _ZN4mbed13FATFileHandle5lseekEli

i._ZN4mbed13FATFileHandle5writeEPKvj
                0x000126bc       0x16
 i._ZN4mbed13FATFileHandle5writeEPKvj
                0x000126bc       0x16 ../../external/FATFileSystem/LPC1768/FATFileSystem.ar(FATFileHandle.cpp.lpc1768.arm.o)
                0x000126bc                _ZN4mbed13FATFileHandle5writeEPKvj

i._ZN4mbed13FATFileHandle6isattyEv
                0x000126d2        0x4
 i._ZN4mbed13FATFileHandle6isattyEv
                0x000126d2        0x4 ../../external/FATFileSystem/LPC1768/FATFileSystem.ar(FATFileHandle.cpp.lpc1768.arm.o)
                0x000126d2                _ZN4mbed13FATFileHandle6isattyEv

i._ZN4mbed13FATFileHandleC1E4_FIL
                0x000126d8       0x24
 i._ZN4mbed13FATFileHandleC1E4_FIL
                0x000126d8       0x24 ../../external/FATFileSystem/LPC1768/FATFileSystem.ar(FATFileHandle.cpp.lpc1768.arm.o)
                0x000126d8                _ZN4mbed13FATFileHandleC1E4_FIL
                0x000126d8                _ZN4mbed13FATFileHandleC2E4_FIL

i.auto_mount    0x000126fc      0x294
 i.auto_mount   0x000126fc      0x294 ../../external/FATFileSystem/LPC1768/FATFileSystem.ar(ff.c.lpc1768.arm.o)

i.clust2sect    0x00012990       0x18
 i.clust2sect   0x00012990       0x18 ../../external/FATFileSystem/LPC1768/FATFileSystem.ar(ff.c.lpc1768.arm.o)

i.create_chain  0x000129a8       0x90
 i.create_chain
                0x000129a8       0x90 ../../external/FATFileSystem/LPC1768/FATFileSystem.ar(ff.c.lpc1768.arm.o)

i.f_close       0x00012a38       0x12
 i.f_close      0x00012a38       0x12 ../../external/FATFileSystem/LPC1768/FATFileSystem.ar(ff.c.lpc1768.arm.o)
                0x00012a38                f_close

i.f_lseek       0x00012a4a      0x14c
 i.f_lseek      0x00012a4a      0x14c ../../external/FATFileSystem/LPC1768/FATFileSystem.ar(ff.c.lpc1768.arm.o)
                0x00012a4a                f_lseek

i.f_mkdir       0x00012b96      0x1aa
 i.f_mkdir      0x00012b96      0x1aa ../../external/FATFileSystem/LPC1768/FATFileSystem.ar(ff.c.lpc1768.arm.o)
                0x00012b96                f_mkdir

i.f_mkfs        0x00012d40      0x51a
 i.f_mkfs       0x00012d40      0x51a ../../external/FATFileSystem/LPC1768/FATFileSystem.ar(ff.c.lpc1768.arm.o)
                0x00012d40                f_mkfs

i.f_mount       0x0001325c       0x30
 i.f_mount      0x0001325c       0x30 ../../external/FATFileSystem/LPC1768/FATFileSystem.ar(ff.c.lpc1768.arm.o)
                0x0001325c                f_mount

i.f_open        0x0001328c      0x1a0
 i.f_open       0x0001328c      0x1a0 ../../external/FATFileSystem/LPC1768/FATFileSystem.ar(ff.c.lpc1768.arm.o)
                0x0001328c                f_open

i.f_opendir     0x0001342c       0x62
 i.f_opendir    0x0001342c       0x62 ../../external/FATFileSystem/LPC1768/FATFileSystem.ar(ff.c.lpc1768.arm.o)
                0x0001342c                f_opendir

i.f_read        0x0001348e      0x15c
 i.f_read       0x0001348e      0x15c ../../external/FATFileSystem/LPC1768/FATFileSystem.ar(ff.c.lpc1768.arm.o)
                0x0001348e                f_read

i.f_readdir     0x000135ea      0x10a
 i.f_readdir    0x000135ea      0x10a ../../external/FATFileSystem/LPC1768/FATFileSystem.ar(ff.c.lpc1768.arm.o)
                0x000135ea                f_readdir

i.f_sync        0x000136f4       0xa6
 i.f_sync       0x000136f4       0xa6 ../../external/FATFileSystem/LPC1768/FATFileSystem.ar(ff.c.lpc1768.arm.o)
                0x000136f4                f_sync

i.f_unlink      0x0001379a       0xe0
 i.f_unlink     0x0001379a       0xe0 ../../external/FATFileSystem/LPC1768/FATFileSystem.ar(ff.c.lpc1768.arm.o)
                0x0001379a                f_unlink

i.f_write       0x0001387a      0x198
 i.f_write      0x0001387a      0x198 ../../external/FATFileSystem/LPC1768/FATFileSystem.ar(ff.c.lpc1768.arm.o)
                0x0001387a                f_write

i.get_cluster   0x00013a12       0xd6
 i.get_cluster  0x00013a12       0xd6 ../../external/FATFileSystem/LPC1768/FATFileSystem.ar(ff.c.lpc1768.arm.o)

i.move_window   0x00013ae8       0x7c
 i.move_window  0x00013ae8       0x7c ../../external/FATFileSystem/LPC1768/FATFileSystem.ar(ff.c.lpc1768.arm.o)

i.next_dir_entry
                0x00013b64       0x56
 i.next_dir_entry
                0x00013b64       0x56 ../../external/FATFileSystem/LPC1768/FATFileSystem.ar(ff.c.lpc1768.arm.o)

i.put_cluster   0x00013bba       0xf6
 i.put_cluster  0x00013bba       0xf6 ../../external/FATFileSystem/LPC1768/FATFileSystem.ar(ff.c.lpc1768.arm.o)

i.remove_chain  0x00013cb0       0x40
 i.remove_chain
                0x00013cb0       0x40 ../../external/FATFileSystem/LPC1768/FATFileSystem.ar(ff.c.lpc1768.arm.o)
