Archive member included because of file (symbol)

../../mri/mri.ar(mri.o)       ../../src/gcc4mbed.o (MriInit)
../../mri/mri.ar(mriasm.o)    ../../mri/mri.ar(mri.o) (MriDisableMbed)
../../external/mbed/LPC1768/mbed.ar(DigitalOut.LPC1768.o)
                              ./main.o (_ZTVN4mbed10DigitalOutE)
../../external/mbed/LPC1768/mbed.ar(Base.LPC1768.o)
                              ../../external/mbed/LPC1768/mbed.ar(DigitalOut.LPC1768.o) (_ZTIN4mbed4BaseE)
../../external/mbed/LPC1768/mbed.ar(stdio.LPC1768.o)
                              ../../external/mbed/LPC1768/mbed.ar(Base.LPC1768.o) (_ZTIN4mbed8FileLikeE)
../../external/mbed/LPC1768/mbed.ar(SPI.LPC1768.o)
                              ./main.o (_ZTVN4mbed3SPIE)
../../external/mbed/LPC1768/mbed.ar(Serial.LPC1768.o)
                              ../../mri/mri.ar(mri.o) (_ZTVN4mbed6SerialE)
../../external/mbed/LPC1768/mbed.ar(Stream.LPC1768.o)
                              ../../external/mbed/LPC1768/mbed.ar(Serial.LPC1768.o) (_ZTIN4mbed6StreamE)
../../external/mbed/LPC1768/mbed.ar(FunctionPointer.LPC1768.o)
                              ../../external/mbed/LPC1768/mbed.ar(Serial.LPC1768.o) (_ZN4mbed15FunctionPointer4callEv)
../../external/mbed/LPC1768/capi.ar(cmsis_nvic.LPC1768.o)
                              ../../external/mbed/LPC1768/mbed.ar(Serial.LPC1768.o) (NVIC_SetVector)
../../external/mbed/LPC1768/capi.ar(startup_LPC17xx.LPC1768.o)
                              (Reset_Handler)
../../external/mbed/LPC1768/capi.ar(system_LPC17xx.LPC1768.o)
                              ../../external/mbed/LPC1768/capi.ar(startup_LPC17xx.LPC1768.o) (SystemInit)
../../external/mbed/LPC1768/capi.ar(core_cm3.LPC1768.o)
                              ../../src/syscalls.o (__get_MSP)
../../external/mbed/LPC1768/capi.ar(serial_api.LPC1768.o)
                              ../../external/mbed/LPC1768/mbed.ar(stdio.LPC1768.o) (serial_baud)
../../external/mbed/LPC1768/capi.ar(exit.LPC1768.o)
                              ../../src/gcc4mbed.o (exit)
../../external/mbed/LPC1768/capi.ar(spi_api.LPC1768.o)
                              ../../external/mbed/LPC1768/mbed.ar(SPI.LPC1768.o) (spi_format)
../../external/mbed/LPC1768/capi.ar(pinmap.LPC1768.o)
                              ../../external/mbed/LPC1768/capi.ar(serial_api.LPC1768.o) (pinmap_merge)
../../external/mbed/LPC1768/capi.ar(gpio_api.LPC1768.o)
                              ../../external/mbed/LPC1768/mbed.ar(DigitalOut.LPC1768.o) (gpio_output)
../../external/mbed/LPC1768/capi.ar(semihost_api.LPC1768.o)
                              ../../external/mbed/LPC1768/capi.ar(exit.LPC1768.o) (semihost_exit)
../../external/mbed/LPC1768/capi.ar(utils_api.LPC1768.o)
                              ../../external/mbed/LPC1768/capi.ar(exit.LPC1768.o) (mbed_die)
../../external/mbed/LPC1768/capi.ar(wait_api.LPC1768.o)
                              ../../external/mbed/LPC1768/capi.ar(utils_api.LPC1768.o) (wait_ms)
../../external/mbed/LPC1768/capi.ar(us_ticker_api.LPC1768.o)
                              ../../external/mbed/LPC1768/capi.ar(wait_api.LPC1768.o) (us_ticker_read)
../../external/mbed/LPC1768/capi.ar(timer_api.LPC1768.o)
                              ../../external/mbed/LPC1768/capi.ar(us_ticker_api.LPC1768.o) (timer_frequency)
../../external/FATFileSystem/LPC1768/FATFileSystem.ar(FATFileSystem.cpp.lpc1768.arm.o)
                              ./SDFileSystem/SDFileSystem.o (_ZTIN4mbed13FATFileSystemE)
../../external/FATFileSystem/LPC1768/FATFileSystem.ar(FATDirHandle.cpp.lpc1768.arm.o)
                              ../../external/FATFileSystem/LPC1768/FATFileSystem.ar(FATFileSystem.cpp.lpc1768.arm.o) (_ZN4mbed12FATDirHandleC1ERK4_DIR)
../../external/FATFileSystem/LPC1768/FATFileSystem.ar(FATFileHandle.cpp.lpc1768.arm.o)
                              ../../external/FATFileSystem/LPC1768/FATFileSystem.ar(FATFileSystem.cpp.lpc1768.arm.o) (_ZN4mbed13FATFileHandleC1E4_FIL)
../../external/FATFileSystem/LPC1768/FATFileSystem.ar(ff.c.lpc1768.arm.o)
                              ../../external/FATFileSystem/LPC1768/FATFileSystem.ar(FATFileHandle.cpp.lpc1768.arm.o) (f_close)
../../external/FATFileSystem/LPC1768/FATFileSystem.ar(diskio.cpp.lpc1768.arm.o)
                              ../../external/FATFileSystem/LPC1768/FATFileSystem.ar(ff.c.lpc1768.arm.o) (disk_initialize)
../../external/gcc/LPC1768/libstdc++.a(atexit_arm.o)
                              ./main.o (__aeabi_atexit)
../../external/gcc/LPC1768/libstdc++.a(class_type_info.o)
                              ../../external/mbed/LPC1768/mbed.ar(Base.LPC1768.o) (_ZTVN10__cxxabiv117__class_type_infoE)
../../external/gcc/LPC1768/libstdc++.a(del_op.o)
                              ./main.o (_ZdlPv)
../../external/gcc/LPC1768/libstdc++.a(del_opv.o)
                              ../../external/mbed/LPC1768/mbed.ar(Base.LPC1768.o) (_ZdaPv)
../../external/gcc/LPC1768/libstdc++.a(dyncast.o)
[...]
Memory Configuration

Name             Origin             Length             Attributes
IROM             0x00000000         0x00080000         xr
IRAM0            0x10000000         0x00008000         xrw
IRAM1            0x2007c000         0x00004000         xrw
IRAM2            0x20080000         0x00004000         xrw
*default*        0x00000000         0xffffffff

Linker script and memory map

LOAD /media/6aafac43-5450-453e-a142-f588400933c0/Sandbox/arm/bin/../lib/gcc/arm-none-eabi/4.5.2/thumb2/crti.o
LOAD /media/6aafac43-5450-453e-a142-f588400933c0/Sandbox/arm/bin/../lib/gcc/arm-none-eabi/4.5.2/thumb2/crtbegin.o
LOAD ../../src/gcc4mbed.o
LOAD ../../src/syscalls.o
LOAD ./main.o
LOAD ./SDFileSystem/SDFileSystem.o
LOAD ../../mri/mri.ar
LOAD ../../external/mbed/LPC1768/mbed.ar
LOAD ../../external/mbed/LPC1768/capi.ar
LOAD ../../external/FATFileSystem/LPC1768/FATFileSystem.ar
LOAD ../../external/gcc/LPC1768/libstdc++.a
LOAD ../../external/gcc/LPC1768/libm.a
START GROUP
LOAD /media/6aafac43-5450-453e-a142-f588400933c0/Sandbox/arm/bin/../lib/gcc/arm-none-eabi/4.5.2/thumb2/libgcc.a
LOAD ../../external/gcc/LPC1768/libc.a
END GROUP
LOAD /media/6aafac43-5450-453e-a142-f588400933c0/Sandbox/arm/bin/../lib/gcc/arm-none-eabi/4.5.2/thumb2/crtend.o
LOAD /media/6aafac43-5450-453e-a142-f588400933c0/Sandbox/arm/bin/../lib/gcc/arm-none-eabi/4.5.2/thumb2/crtn.o

.text           0x00000000    0x12120
 *(RESET)
 RESET          0x00000000       0xc4 ../../external/mbed/LPC1768/capi.ar(startup_LPC17xx.LPC1768.o)
                0x00000000                __Vectors
 *(.mbed_init)
 .mbed_init     0x000000c4      0x10c ../../src/gcc4mbed.o
                0x000000c4                __main
 *(i.SystemInit)
 i.SystemInit   0x000001d0       0x78 ../../external/mbed/LPC1768/capi.ar(system_LPC17xx.LPC1768.o)
                0x000001d0                SystemInit
                0x000002fc                . = 0x2fc
 *fill*         0x00000248       0xb4 00
 *(.crp)
                0x00000300                . = 0x300
 *fill*         0x000002fc        0x4 00
 *(.text .text.*)
 .text          0x00000300       0x30 /media/6aafac43-5450-453e-a142-f588400933c0/Sandbox/arm/bin/../lib/gcc/arm-none-eabi/4.5.2/thumb2/crtbegin.o
 .text.__GCC4MBEDOpenStandardHandles
                0x00000330       0x34 ../../src/syscalls.o
                0x00000330                __GCC4MBEDOpenStandardHandles
 .text._kill    0x00000364       0x10 ../../src/syscalls.o
                0x00000364                _kill
 .text._exit    0x00000374        0x8 ../../src/syscalls.o
                0x00000374                _exit
 .text._getpid  0x0000037c        0x4 ../../src/syscalls.o
                0x0000037c                _getpid
 .text._sbrk    0x00000380       0x30 ../../src/syscalls.o
                0x00000380                _sbrk
 .text._open    0x000003b0       0x20 ../../src/syscalls.o
                0x000003b0                _open
 .text._close   0x000003d0        0x4 ../../src/syscalls.o
                0x000003d0                _close
 .text._isatty  0x000003d4        0xc ../../src/syscalls.o
                0x000003d4                _isatty
 .text._lseek   0x000003e0      0x120 ../../src/syscalls.o
                0x000003e0                _lseek
 .text._read    0x00000500       0x34 ../../src/syscalls.o
                0x00000500                _read
 .text._write   0x00000534       0x38 ../../src/syscalls.o
                0x00000534                _write
 .text._fstat   0x0000056c        0xc ../../src/syscalls.o
                0x0000056c                _fstat
 .text._ZN12SDFileSystemD2Ev
                0x00000578       0x3c ./main.o
                0x00000578                _ZN12SDFileSystemD1Ev
                0x00000578                _ZN12SDFileSystemD2Ev
 .text.main     0x000005b4      0x214 ./main.o
                0x000005b4                main
 .text._ZN12SDFileSystemD0Ev
                0x000007c8       0x40 ./main.o
                0x000007c8                _ZN12SDFileSystemD0Ev
 .text._GLOBAL__I_sd
                0x00000808       0x4c ./main.o
 .text._ZN4mbed14FileSystemLike6renameEPKcS2_
                0x00000854        0x8 ./SDFileSystem/SDFileSystem.o
                0x00000854                _ZN4mbed14FileSystemLike6renameEPKcS2_
 .text._ZN12SDFileSystem11disk_statusEv
                0x0000085c        0x4 ./SDFileSystem/SDFileSystem.o
                0x0000085c                _ZN12SDFileSystem11disk_statusEv
 .text._ZN12SDFileSystem9disk_syncEv
                0x00000860        0x4 ./SDFileSystem/SDFileSystem.o
                0x00000860                _ZN12SDFileSystem9disk_syncEv
 .text._ZN12SDFileSystem12disk_sectorsEv
                0x00000864        0x8 ./SDFileSystem/SDFileSystem.o
                0x00000864                _ZN12SDFileSystem12disk_sectorsEv
 .text._ZL8ext_bitsPcii
                0x0000086c       0x98 ./SDFileSystem/SDFileSystem.o
 .text._ZN12SDFileSystemC2E7PinNameS0_S0_S0_PKc
                0x00000904       0x4c ./SDFileSystem/SDFileSystem.o
                0x00000904                _ZN12SDFileSystemC2E7PinNameS0_S0_S0_PKc
                0x00000904                _ZN12SDFileSystemC1E7PinNameS0_S0_S0_PKc
 .text._ZN12SDFileSystem4_cmdEii
                0x00000950       0xa4 ./SDFileSystem/SDFileSystem.o
                0x00000950                _ZN12SDFileSystem4_cmdEii
 .text._ZN12SDFileSystem18initialise_card_v1Ev
                0x000009f4       0x60 ./SDFileSystem/SDFileSystem.o
                0x000009f4                _ZN12SDFileSystem18initialise_card_v1Ev
 .text._ZN12SDFileSystem5_cmdxEii
                0x00000a54       0x94 ./SDFileSystem/SDFileSystem.o
                0x00000a54                _ZN12SDFileSystem5_cmdxEii
 .text._ZN12SDFileSystem6_cmd58Ev
                0x00000ae8       0xc0 ./SDFileSystem/SDFileSystem.o
                0x00000ae8                _ZN12SDFileSystem6_cmd58Ev
 .text._ZN12SDFileSystem18initialise_card_v2Ev
                0x00000ba8       0x64 ./SDFileSystem/SDFileSystem.o
                0x00000ba8                _ZN12SDFileSystem18initialise_card_v2Ev
 .text._ZN12SDFileSystem5_cmd8Ev
                0x00000c0c       0xdc ./SDFileSystem/SDFileSystem.o
                0x00000c0c                _ZN12SDFileSystem5_cmd8Ev
 .text._ZN12SDFileSystem15initialise_cardEv
                0x00000ce8      0x104 ./SDFileSystem/SDFileSystem.o
                0x00000ce8                _ZN12SDFileSystem15initialise_cardEv
 .text._ZN12SDFileSystem5_readEPci
                0x00000dec       0x9c ./SDFileSystem/SDFileSystem.o
                0x00000dec                _ZN12SDFileSystem5_readEPci
 .text._ZN12SDFileSystem9disk_readEPci
                0x00000e88       0x28 ./SDFileSystem/SDFileSystem.o
                0x00000e88                _ZN12SDFileSystem9disk_readEPci
 .text._ZN12SDFileSystem6_writeEPKci
                0x00000eb0       0xc8 ./SDFileSystem/SDFileSystem.o
                0x00000eb0                _ZN12SDFileSystem6_writeEPKci
 .text._ZN12SDFileSystem10disk_writeEPKci
                0x00000f78       0x28 ./SDFileSystem/SDFileSystem.o
                0x00000f78                _ZN12SDFileSystem10disk_writeEPKci
 .text._ZN12SDFileSystem11_sd_sectorsEv
                0x00000fa0       0xcc ./SDFileSystem/SDFileSystem.o
                0x00000fa0                _ZN12SDFileSystem11_sd_sectorsEv
 .text._ZN12SDFileSystem15disk_initializeEv
                0x0000106c       0x50 ./SDFileSystem/SDFileSystem.o
                0x0000106c                _ZN12SDFileSystem15disk_initializeEv
 .text._ZL18IsDebuggerAttachedv
                0x000010bc       0x10 ../../mri/mri.ar(mri.o)
 .text._ZL17DisableSingleStepv
                0x000010cc       0x10 ../../mri/mri.ar(mri.o)
 .text._ZL19ClearMonitorPendingv
                0x000010dc       0x10 ../../mri/mri.ar(mri.o)
 .text._ZL25GetFPBCodeComparatorCountv
                0x000010ec       0x18 ../../mri/mri.ar(mri.o)
 .text._ZL18ClearFPBComparatorPm
                0x00001104        0x6 ../../mri/mri.ar(mri.o)
 *fill*         0x0000110a        0x2 00
 .text._ZL27CalculateFPBComparatorValueml
                0x0000110c       0x44 ../../mri/mri.ar(mri.o)
 .text._ZL27FindFPBBreakpointComparatorml
                0x00001150       0x34 ../../mri/mri.ar(mri.o)
 .text._ZL15HexCharToNibbleh
                0x00001184       0x2a ../../mri/mri.ar(mri.o)
 .text._ZL12SBuffer_InitP7SBufferPcj
                0x000011ae        0xe ../../mri/mri.ar(mri.o)
 .text._ZL17SBuffer_BytesLeftP7SBuffer
                0x000011bc       0x14 ../../mri/mri.ar(mri.o)
 .text._ZL17SBuffer_WriteCharP7SBufferc
                0x000011d0       0x1e ../../mri/mri.ar(mri.o)
 .text._ZL16SBuffer_ReadCharP7SBufferPc
                0x000011ee       0x22 ../../mri/mri.ar(mri.o)
 .text._ZL22SBuffer_WriteByteAsHexP7SBufferh
                0x00001210       0x38 ../../mri/mri.ar(mri.o)
 .text._ZL21SBuffer_ReadByteAsHexP7SBufferPh
                0x00001248       0x40 ../../mri/mri.ar(mri.o)
 .text._ZL19SBuffer_WriteStringP7SBufferPKc
                0x00001288       0x1c ../../mri/mri.ar(mri.o)
 .text._ZL25SBuffer_ReadUIntegerAsHexP7SBufferPj
                0x000012a4       0x40 ../../mri/mri.ar(mri.o)
 .text._ZL25SBuffer_IsNextCharEqualToP7SBufferc
                0x000012e4       0x1c ../../mri/mri.ar(mri.o)
 .text._ZL20SMriState_InitBufferP9SMriState
                0x00001300        0xc ../../mri/mri.ar(mri.o)
 .text._ZL31SMriState_PrepareStringResponseP9SMriStatePKc
                0x0000130c       0x16 ../../mri/mri.ar(mri.o)
 *fill*         0x00001322        0x2 00
 .text._ZL24AdvanceToNextInstructionv
                0x00001324       0x30 ../../mri/mri.ar(mri.o)
 .text._ZL23ClearDebuggerActiveFlagv
                0x00001354       0x10 ../../mri/mri.ar(mri.o)
 .text._ZL23ClearFaultDetectionFlagv
                0x00001364       0x10 ../../mri/mri.ar(mri.o)
 .text._ZL16WasFaultDetectedv
                0x00001374       0x10 ../../mri/mri.ar(mri.o)
 .text._ZL23ReadMemoryIntoHexBufferP7SBufferPKvi
                0x00001384       0x2e ../../mri/mri.ar(mri.o)
 .text._ZL22WriteHexBufferToMemoryP7SBufferPvi
                0x000013b2       0x36 ../../mri/mri.ar(mri.o)
 .text._ZL26SendRegisterFor_T_ResponseP7SBufferhj
                0x000013e8       0x2a ../../mri/mri.ar(mri.o)
 .text._ZL37PrepareEmptyResponseForUnknownCommandP9SMriState
                0x00001412        0x4 ../../mri/mri.ar(mri.o)
 *fill*         0x00001416        0x2 00
 .text._ZL25HandleRegisterReadCommandP9SMriState
                0x00001418       0x1c ../../mri/mri.ar(mri.o)
 .text._ZL26HandleRegisterWriteCommandP9SMriState
                0x00001434       0x48 ../../mri/mri.ar(mri.o)
 .text._ZL23HandleMemoryReadCommandP9SMriState
                0x0000147c       0x4c ../../mri/mri.ar(mri.o)
 .text._ZL24HandleMemoryWriteCommandP9SMriState
                0x000014c8       0x5c ../../mri/mri.ar(mri.o)
 .text._ZL41ParseBreakpointWatchpointCommandArgumentsP9SMriStateP30SBreakpointWatchpointArguments
                0x00001524       0x74 ../../mri/mri.ar(mri.o)
 .text._ZL36HandleBreakpointWatchpointSetCommandP9SMriState
                0x00001598       0x80 ../../mri/mri.ar(mri.o)
 .text._ZL39HandleBreakpointWatchpointRemoveCommandP9SMriState
                0x00001618       0x3c ../../mri/mri.ar(mri.o)
 .text._ZL36GetCurrentlyExecutingExceptionNumberv
                0x00001654        0xa ../../mri/mri.ar(mri.o)
 .text._ZL21SBuffer_MatchesStringP7SBufferPKcj
                0x0000165e       0x42 ../../mri/mri.ar(mri.o)
 .text._ZL21HandleContinueCommandP9SMriState
                0x000016a0       0x30 ../../mri/mri.ar(mri.o)
 .text._ZL23HandleSingleStepCommandP9SMriState
                0x000016d0       0x18 ../../mri/mri.ar(mri.o)
 .text._ZL27SMriState_PrepareForRestartP9SMriState.clone.4
                0x000016e8        0xc ../../mri/mri.ar(mri.o)
 .text.NVIC_SetPriority.clone.7
                0x000016f4       0x28 ../../mri/mri.ar(mri.o)
 .text._ZL18HandleQueryCommandP9SMriState
                0x0000171c      0x144 ../../mri/mri.ar(mri.o)
 .text._ZN4mbed6Stream4putcEi
                0x00001860       0x18 ../../mri/mri.ar(mri.o)
                0x00001860                _ZN4mbed6Stream4putcEi
 .text._ZN4mbed6Stream4getcEv
                0x00001878       0x14 ../../mri/mri.ar(mri.o)
                0x00001878                _ZN4mbed6Stream4getcEv
 .text._Z17MriTargetSendChari
                0x0000188c        0xc ../../mri/mri.ar(mri.o)
                0x0000188c                _Z17MriTargetSendChari
 .text._Z20MriTargetReceiveCharv
                0x00001898        0xc ../../mri/mri.ar(mri.o)
                0x00001898                _Z20MriTargetReceiveCharv
 .text._ZL25SMriState_SendPacketToGDBP9SMriState
                0x000018a4       0x68 ../../mri/mri.ar(mri.o)
 .text._ZL19Send_T_StopResponseP9SMriState
                0x0000190c       0x50 ../../mri/mri.ar(mri.o)
 .text._Z16ControlCDetectedv
                0x0000195c       0x24 ../../mri/mri.ar(mri.o)
                0x0000195c                _Z16ControlCDetectedv
 .text.MriInit  0x00001980      0x118 ../../mri/mri.ar(mri.o)
                0x00001980                MriInit
 .text.MriDebugException
                0x00001a98      0x260 ../../mri/mri.ar(mri.o)
                0x00001a98                MriDebugException
 .text._GLOBAL__I_g_MriContext
                0x00001cf8       0x34 ../../mri/mri.ar(mri.o)
 .text          0x00001d2c      0x140 ../../mri/mri.ar(mriasm.o)
                0x00001d2c                MriDisableMbed
                0x00001d44                MriGetIPSR
                0x00001e0c                HardFault_Handler
                0x00001e0e                MemManage_Handler
                0x00001e10                BusFault_Handler
                0x00001e12                UsageFault_Handler
                0x00001e14                DebugMon_Handler
                0x00001e16                UART0_IRQHandler
                0x00001e18                __MriTestRegisters
 .text          0x00001e6c       0x24 ../../external/mbed/LPC1768/capi.ar(startup_LPC17xx.LPC1768.o)
                0x00001e6c                Reset_Handler
                0x00001e74                NMI_Handler
                0x00001e7e                SVC_Handler
                0x00001e82                PendSV_Handler
                0x00001e84                SysTick_Handler
                0x00001e86                TIMER2_IRQHandler
                0x00001e86                RIT_IRQHandler
                0x00001e86                I2C0_IRQHandler
                0x00001e86                PWM1_IRQHandler
                0x00001e86                I2C1_IRQHandler
                0x00001e86                EINT2_IRQHandler
                0x00001e86                UART1_IRQHandler
                0x00001e86                EINT3_IRQHandler
                0x00001e86                TIMER3_IRQHandler
                0x00001e86                PLL0_IRQHandler
                0x00001e86                CAN_IRQHandler
                0x00001e86                PLL1_IRQHandler
                0x00001e86                SSP0_IRQHandler
                0x00001e86                I2S_IRQHandler
                0x00001e86                I2C2_IRQHandler
                0x00001e86                RTC_IRQHandler
                0x00001e86                TIMER0_IRQHandler
                0x00001e86                SPI_IRQHandler
                0x00001e86                EINT1_IRQHandler
                0x00001e86                TIMER1_IRQHandler
                0x00001e86                UART2_IRQHandler
                0x00001e86                ADC_IRQHandler
                0x00001e86                SSP1_IRQHandler
                0x00001e86                USB_IRQHandler
                0x00001e86                BOD_IRQHandler
                0x00001e86                WDT_IRQHandler
                0x00001e86                QEI_IRQHandler
                0x00001e86                EINT0_IRQHandler
                0x00001e86                DMA_IRQHandler
                0x00001e86                UART3_IRQHandler
                0x00001e86                MCPWM_IRQHandler
                0x00001e86                ENET_IRQHandler
 .text.__aeabi_atexit
                0x00001e90        0xa ../../external/gcc/LPC1768/libstdc++.a(atexit_arm.o)
                0x00001e90                __aeabi_atexit
 .text._ZNK10__cxxabiv117__class_type_info20__do_find_public_srcEiPKvPKS0_S2_
                0x00001e9a        0xc ../../external/gcc/LPC1768/libstdc++.a(class_type_info.o)
                0x00001e9a                _ZNK10__cxxabiv117__class_type_info20__do_find_public_srcEiPKvPKS0_S2_
 .text._ZNK10__cxxabiv117__class_type_info11__do_upcastEPKS0_PKvRNS0_15__upcast_resultE
                0x00001ea6       0x1a ../../external/gcc/LPC1768/libstdc++.a(class_type_info.o)
                0x00001ea6                _ZNK10__cxxabiv117__class_type_info11__do_upcastEPKS0_PKvRNS0_15__upcast_resultE
 .text._ZNK10__cxxabiv117__class_type_info12__do_dyncastEiNS0_10__sub_kindEPKS0_PKvS3_S5_RNS0_16__dyncast_resultE
                0x00001ec0       0x3c ../../external/gcc/LPC1768/libstdc++.a(class_type_info.o)
                0x00001ec0                _ZNK10__cxxabiv117__class_type_info12__do_dyncastEiNS0_10__sub_kindEPKS0_PKvS3_S5_RNS0_16__dyncast_resultE
 .text._ZNK10__cxxabiv117__class_type_info10__do_catchEPKSt9type_infoPPvj
                0x00001efc       0x26 ../../external/gcc/LPC1768/libstdc++.a(class_type_info.o)
                0x00001efc                _ZNK10__cxxabiv117__class_type_info10__do_catchEPKSt9type_infoPPvj
 *fill*         0x00001f22        0x2 00
 .text._ZN10__cxxabiv117__class_type_infoD2Ev
                0x00001f24       0x14 ../../external/gcc/LPC1768/libstdc++.a(class_type_info.o)
                0x00001f24                _ZN10__cxxabiv117__class_type_infoD1Ev
                0x00001f24                _ZN10__cxxabiv117__class_type_infoD2Ev
 .text._ZN10__cxxabiv117__class_type_infoD0Ev
                0x00001f38       0x12 ../../external/gcc/LPC1768/libstdc++.a(class_type_info.o)
                0x00001f38                _ZN10__cxxabiv117__class_type_infoD0Ev
 .text._ZN10__cxxabiv117__class_type_info15__upcast_resultC2Ei
                0x00001f4a        0xc ../../external/gcc/LPC1768/libstdc++.a(class_type_info.o)
                0x00001f4a                _ZN10__cxxabiv117__class_type_info15__upcast_resultC2Ei
                0x00001f4a                _ZN10__cxxabiv117__class_type_info15__upcast_resultC1Ei
 .text._ZNK10__cxxabiv117__class_type_info11__do_upcastEPKS0_PPv
                0x00001f56       0x3a ../../external/gcc/LPC1768/libstdc++.a(class_type_info.o)
                0x00001f56                _ZNK10__cxxabiv117__class_type_info11__do_upcastEPKS0_PPv
 .text._ZdlPv   0x00001f90        0x8 ../../external/gcc/LPC1768/libstdc++.a(del_op.o)
                0x00001f90                _ZdlPv
 .text._ZdaPv   0x00001f98        0x4 ../../external/gcc/LPC1768/libstdc++.a(del_opv.o)
                0x00001f98                _ZdaPv
 .text._ZN10__cxxabiv112_GLOBAL__N_118contained_public_pENS_17__class_type_info10__sub_kindE
                0x00001f9c       0x10 ../../external/gcc/LPC1768/libstdc++.a(dyncast.o)
 .text._ZN10__cxxabiv112_GLOBAL__N_114adjust_pointerIvEEPKT_PKvi
                0x00001fac        0x4 ../../external/gcc/LPC1768/libstdc++.a(dyncast.o)
 .text._ZN10__cxxabiv117__class_type_info16__dyncast_resultC2Ei
                0x00001fb0        0xe ../../external/gcc/LPC1768/libstdc++.a(dyncast.o)
                0x00001fb0                _ZN10__cxxabiv117__class_type_info16__dyncast_resultC2Ei
                0x00001fb0                _ZN10__cxxabiv117__class_type_info16__dyncast_resultC1Ei
 .text._ZNK10__cxxabiv117__class_type_info17__find_public_srcEiPKvPKS0_S2_
                0x00001fbe       0x2c ../../external/gcc/LPC1768/libstdc++.a(dyncast.o)
                0x00001fbe                _ZNK10__cxxabiv117__class_type_info17__find_public_srcEiPKvPKS0_S2_
 .text.__dynamic_cast
                0x00001fea       0xa4 ../../external/gcc/LPC1768/libstdc++.a(dyncast.o)
                0x00001fea                __dynamic_cast
 *fill*         0x0000208e        0x2 00
 .text._Znwj    0x00002090       0x28 ../../external/gcc/LPC1768/libstdc++.a(new_op.o)
                0x00002090                _Znwj
 .text._Znaj    0x000020b8        0x4 ../../external/gcc/LPC1768/libstdc++.a(new_opv.o)
                0x000020b8                _Znaj
 .text.__cxa_pure_virtual
                0x000020bc       0x14 ../../external/gcc/LPC1768/libstdc++.a(pure.o)
                0x000020bc                __cxa_pure_virtual
 .text._ZNK10__cxxabiv120__si_class_type_info11__do_upcastEPKNS_17__class_type_infoEPKvRNS1_15__upcast_resultE
                0x000020d0       0x24 ../../external/gcc/LPC1768/libstdc++.a(si_class_type_info.o)
                0x000020d0                _ZNK10__cxxabiv120__si_class_type_info11__do_upcastEPKNS_17__class_type_infoEPKvRNS1_15__upcast_resultE
 .text._ZNK10__cxxabiv120__si_class_type_info12__do_dyncastEiNS_17__class_type_info10__sub_kindEPKS1_PKvS4_S6_RNS1_16__dyncast_resultE
                0x000020f4       0x90 ../../external/gcc/LPC1768/libstdc++.a(si_class_type_info.o)
                0x000020f4                _ZNK10__cxxabiv120__si_class_type_info12__do_dyncastEiNS_17__class_type_info10__sub_kindEPKS1_PKvS4_S6_RNS1_16__dyncast_resultE
 .text._ZNK10__cxxabiv120__si_class_type_info20__do_find_public_srcEiPKvPKNS_17__class_type_infoES2_
                0x00002184       0x36 ../../external/gcc/LPC1768/libstdc++.a(si_class_type_info.o)
                0x00002184                _ZNK10__cxxabiv120__si_class_type_info20__do_find_public_srcEiPKvPKNS_17__class_type_infoES2_
 *fill*         0x000021ba        0x2 00
 .text._ZN10__cxxabiv120__si_class_type_infoD2Ev
                0x000021bc       0x14 ../../external/gcc/LPC1768/libstdc++.a(si_class_type_info.o)
                0x000021bc                _ZN10__cxxabiv120__si_class_type_infoD2Ev
                0x000021bc                _ZN10__cxxabiv120__si_class_type_infoD1Ev
 .text._ZN10__cxxabiv120__si_class_type_infoD0Ev
                0x000021d0       0x12 ../../external/gcc/LPC1768/libstdc++.a(si_class_type_info.o)
                0x000021d0                _ZN10__cxxabiv120__si_class_type_infoD0Ev
 *fill*         0x000021e2        0x2 00
 .text._ZNSt9type_infoD2Ev
                0x000021e4        0xc ../../external/gcc/LPC1768/libstdc++.a(tinfo.o)
                0x000021e4                _ZNSt9type_infoD1Ev
                0x000021e4                _ZNSt9type_infoD2Ev
 .text._ZNKSt9type_info14__is_pointer_pEv
                0x000021f0        0x4 ../../external/gcc/LPC1768/libstdc++.a(tinfo.o)
                0x000021f0                _ZNKSt9type_info14__is_pointer_pEv
 .text._ZNKSt9type_info15__is_function_pEv
                0x000021f4        0x4 ../../external/gcc/LPC1768/libstdc++.a(tinfo.o)
                0x000021f4                _ZNKSt9type_info15__is_function_pEv
 .text._ZNKSt9type_info11__do_upcastEPKN10__cxxabiv117__class_type_infoEPPv
                0x000021f8        0x4 ../../external/gcc/LPC1768/libstdc++.a(tinfo.o)
                0x000021f8                _ZNKSt9type_info11__do_upcastEPKN10__cxxabiv117__class_type_infoEPPv
 .text._ZNSt9type_infoD0Ev
                0x000021fc       0x12 ../../external/gcc/LPC1768/libstdc++.a(tinfo.o)
                0x000021fc                _ZNSt9type_infoD0Ev
 .text._ZNKSt9type_info4nameEv
                0x0000220e        0xc ../../external/gcc/LPC1768/libstdc++.a(tinfo.o)
                0x0000220e                _ZNKSt9type_info4nameEv
 .text._ZNKSt9type_infoeqERKS_
                0x0000221a       0x34 ../../external/gcc/LPC1768/libstdc++.a(tinfo.o)
                0x0000221a                _ZNKSt9type_infoeqERKS_
 .text._ZNKSt9type_info10__do_catchEPKS_PPvj
                0x0000224e        0x4 ../../external/gcc/LPC1768/libstdc++.a(tinfo.o)
                0x0000224e                _ZNKSt9type_info10__do_catchEPKS_PPvj
 .text.__cxa_vec_ctor
                0x00002252       0x26 ../../external/gcc/LPC1768/libstdc++.a(vec.o)
                0x00002252                __cxa_vec_ctor
 .text.__aeabi_vec_ctor_nocookie_nodtor
                0x00002278       0x12 ../../external/gcc/LPC1768/libstdc++.a(vec.o)
                0x00002278                __aeabi_vec_ctor_nocookie_nodtor
 .text._ZN10__cxxabiv112_GLOBAL__N_111contained_pENS_17__class_type_info10__sub_kindE
                0x0000228a        0xa ../../external/gcc/LPC1768/libstdc++.a(vmi_class_type_info.o)
 .text._ZN10__cxxabiv112_GLOBAL__N_19virtual_pENS_17__class_type_info10__sub_kindE
                0x00002294        0x6 ../../external/gcc/LPC1768/libstdc++.a(vmi_class_type_info.o)
 .text._ZN10__cxxabiv112_GLOBAL__N_114adjust_pointerIvEEPKT_PKvi
                0x0000229a        0x4 ../../external/gcc/LPC1768/libstdc++.a(vmi_class_type_info.o)
 .text._ZN10__cxxabiv112_GLOBAL__N_115convert_to_baseEPKvbi
                0x0000229e        0xc ../../external/gcc/LPC1768/libstdc++.a(vmi_class_type_info.o)
 *fill*         0x000022aa        0x2 00
 .text._ZN10__cxxabiv121__vmi_class_type_infoD2Ev
                0x000022ac       0x14 ../../external/gcc/LPC1768/libstdc++.a(vmi_class_type_info.o)
                0x000022ac                _ZN10__cxxabiv121__vmi_class_type_infoD1Ev
                0x000022ac                _ZN10__cxxabiv121__vmi_class_type_infoD2Ev
 .text._ZN10__cxxabiv121__vmi_class_type_infoD0Ev
                0x000022c0       0x12 ../../external/gcc/LPC1768/libstdc++.a(vmi_class_type_info.o)
                0x000022c0                _ZN10__cxxabiv121__vmi_class_type_infoD0Ev
 .text._ZNK10__cxxabiv122__base_class_type_info14__is_virtual_pEv
                0x000022d2        0x8 ../../external/gcc/LPC1768/libstdc++.a(vmi_class_type_info.o)
                0x000022d2                _ZNK10__cxxabiv122__base_class_type_info14__is_virtual_pEv
 .text._ZNK10__cxxabiv122__base_class_type_info13__is_public_pEv
                0x000022da        0x8 ../../external/gcc/LPC1768/libstdc++.a(vmi_class_type_info.o)
                0x000022da                _ZNK10__cxxabiv122__base_class_type_info13__is_public_pEv
 .text._ZNK10__cxxabiv122__base_class_type_info8__offsetEv
                0x000022e2        0x6 ../../external/gcc/LPC1768/libstdc++.a(vmi_class_type_info.o)
                0x000022e2                _ZNK10__cxxabiv122__base_class_type_info8__offsetEv
 .text._ZNK10__cxxabiv121__vmi_class_type_info20__do_find_public_srcEiPKvPKNS_17__class_type_infoES2_
                0x000022e8       0x96 ../../external/gcc/LPC1768/libstdc++.a(vmi_class_type_info.o)
                0x000022e8                _ZNK10__cxxabiv121__vmi_class_type_info20__do_find_public_srcEiPKvPKNS_17__class_type_infoES2_
 .text._ZNK10__cxxabiv121__vmi_class_type_info11__do_upcastEPKNS_17__class_type_infoEPKvRNS1_15__upcast_resultE
                0x0000237e      0x148 ../../external/gcc/LPC1768/libstdc++.a(vmi_class_type_info.o)
                0x0000237e                _ZNK10__cxxabiv121__vmi_class_type_info11__do_upcastEPKNS_17__class_type_infoEPKvRNS1_15__upcast_resultE
 .text._ZNK10__cxxabiv121__vmi_class_type_info12__do_dyncastEiNS_17__class_type_info10__sub_kindEPKS1_PKvS4_S6_RNS1_16__dyncast_resultE
                0x000024c6      0x2e0 ../../external/gcc/LPC1768/libstdc++.a(vmi_class_type_info.o)
                0x000024c6                _ZNK10__cxxabiv121__vmi_class_type_info12__do_dyncastEiNS_17__class_type_info10__sub_kindEPKS1_PKvS4_S6_RNS1_16__dyncast_resultE
 .text._ZN10__cxxabiv111__terminateEPFvvE
                0x000027a6        0x8 ../../external/gcc/LPC1768/libstdc++.a(eh_terminate.o)
                0x000027a6                _ZN10__cxxabiv111__terminateEPFvvE
 *fill*         0x000027ae        0x2 00
 .text._ZSt9terminatev
                0x000027b0       0x10 ../../external/gcc/LPC1768/libstdc++.a(eh_terminate.o)
                0x000027b0                _ZSt9terminatev
 .text._ZN9__gnu_cxx27__verbose_terminate_handlerEv
                0x000027c0       0x90 ../../external/gcc/LPC1768/libstdc++.a(vterminate.o)
                0x000027c0                _ZN9__gnu_cxx27__verbose_terminate_handlerEv
 .text          0x00002850     0x26a4 ../../external/gcc/LPC1768/libstdc++.a(cp-demangle.o)
                0x00004e14                __cxa_demangle
                0x00004ed0                __gcclibcxx_demangle_callback
 .text.__cxa_current_exception_type
                0x00004ef4       0x1a ../../external/gcc/LPC1768/libstdc++.a(eh_type.o)
                0x00004ef4                __cxa_current_exception_type
 *fill*         0x00004f0e        0x2 00
 .text.__cxa_get_globals
                0x00004f10        0x8 ../../external/gcc/LPC1768/libstdc++.a(eh_globals.o)
                0x00004f10                __cxa_get_globals
 .text.scalbn   0x00004f18       0xf8 ../../external/gcc/LPC1768/libm.a(lib_a-s_scalbn.o)
                0x00004f18                scalbn
 .text.copysign
                0x00005010       0x10 ../../external/gcc/LPC1768/libm.a(lib_a-s_copysign.o)
                0x00005010                copysign
 .text          0x00005020      0x370 /media/6aafac43-5450-453e-a142-f588400933c0/Sandbox/arm/bin/../lib/gcc/arm-none-eabi/4.5.2/thumb2/libgcc.a(_arm_addsubdf3.o)
                0x00005020                __aeabi_drsub
                0x00005028                __aeabi_dsub
                0x00005028                __subdf3
                0x0000502c                __adddf3
                0x0000502c                __aeabi_dadd
                0x000052a4                __aeabi_ui2d
                0x000052a4                __floatunsidf
                0x000052c4                __floatsidf
                0x000052c4                __aeabi_i2d
                0x000052e8                __extendsfdf2
                0x000052e8                __aeabi_f2d
                0x00005324                __aeabi_ul2d
                0x00005324                __floatundidf
                0x00005334                __floatdidf
                0x00005334                __aeabi_l2d
 .text          0x00005390      0x424 /media/6aafac43-5450-453e-a142-f588400933c0/Sandbox/arm/bin/../lib/gcc/arm-none-eabi/4.5.2/thumb2/libgcc.a(_arm_muldivdf3.o)
                0x00005390                __aeabi_dmul
                0x00005390                __muldf3
                0x000055e4                __aeabi_ddiv
                0x000055e4                __divdf3
 .text          0x000057b4       0x50 /media/6aafac43-5450-453e-a142-f588400933c0/Sandbox/arm/bin/../lib/gcc/arm-none-eabi/4.5.2/thumb2/libgcc.a(_arm_fixdfsi.o)
                0x000057b4                __fixdfsi
                0x000057b4                __aeabi_d2iz
 .text          0x00005804       0xa0 /media/6aafac43-5450-453e-a142-f588400933c0/Sandbox/arm/bin/../lib/gcc/arm-none-eabi/4.5.2/thumb2/libgcc.a(_arm_truncdfsf2.o)
                0x00005804                __aeabi_d2f
                0x00005804                __truncdfsf2
 .text          0x000058a4      0x21c /media/6aafac43-5450-453e-a142-f588400933c0/Sandbox/arm/bin/../lib/gcc/arm-none-eabi/4.5.2/thumb2/libgcc.a(_arm_addsubsf3.o)
                0x000058a4                __aeabi_frsub
                0x000058ac                __subsf3
                0x000058ac                __aeabi_fsub
                0x000058b0                __aeabi_fadd
                0x000058b0                __addsf3
                0x00005a10                __aeabi_ui2f
                0x00005a10                __floatunsisf
                0x00005a18                __aeabi_i2f
                0x00005a18                __floatsisf
                0x00005a34                __floatundisf
                0x00005a34                __aeabi_ul2f
                0x00005a44                __floatdisf
                0x00005a44                __aeabi_l2f
 .text          0x00005ac0      0x2a0 /media/6aafac43-5450-453e-a142-f588400933c0/Sandbox/arm/bin/../lib/gcc/arm-none-eabi/4.5.2/thumb2/libgcc.a(_arm_muldivsf3.o)
                0x00005ac0                __mulsf3
                0x00005ac0                __aeabi_fmul
                0x00005c28                __divsf3
                0x00005c28                __aeabi_fdiv
 .text          0x00005d60       0xec /media/6aafac43-5450-453e-a142-f588400933c0/Sandbox/arm/bin/../lib/gcc/arm-none-eabi/4.5.2/thumb2/libgcc.a(_arm_cmpsf2.o)
                0x00005d60                __gtsf2
                0x00005d60                __gesf2
                0x00005d68                __lesf2
                0x00005d68                __ltsf2
                0x00005d70                __nesf2
                0x00005d70                __eqsf2
                0x00005d70                __cmpsf2
                0x00005dd0                __aeabi_cfrcmple
                0x00005dd8                __aeabi_cfcmple
                0x00005dd8                __aeabi_cfcmpeq
                0x00005de8                __aeabi_fcmpeq
                0x00005dfc                __aeabi_fcmplt
                0x00005e10                __aeabi_fcmple
                0x00005e24                __aeabi_fcmpge
                0x00005e38                __aeabi_fcmpgt
 .text.abort    0x00005e4c        0xe ../../external/gcc/LPC1768/libc.a(lib_a-abort.o)
                0x00005e4c                abort
 .text.__aeabi_memclr
                0x00005e5a        0x6 ../../external/gcc/LPC1768/libc.a(lib_a-aeabi_memclr.o)
                0x00005e5a                __aeabi_memclr8
                0x00005e5a                __aeabi_memclr
                0x00005e5a                __aeabi_memclr4
 .text.__aeabi_memcpy
                0x00005e60        0x4 ../../external/gcc/LPC1768/libc.a(lib_a-aeabi_memcpy.o)
                0x00005e60                __aeabi_memcpy
                0x00005e60                __aeabi_memcpy4
                0x00005e60                __aeabi_memcpy8
 .text.__aeabi_memset
                0x00005e64        0xa ../../external/gcc/LPC1768/libc.a(lib_a-aeabi_memset.o)
                0x00005e64                __aeabi_memset
                0x00005e64                __aeabi_memset8
                0x00005e64                __aeabi_memset4
 .text.__aeabi_assert
                0x00005e6e        0xe ../../external/gcc/LPC1768/libc.a(lib_a-clibabi_assert.o)
                0x00005e6e                __aeabi_assert
 .text.setup_aeabi_stdio
                0x00005e7c       0x28 ../../external/gcc/LPC1768/libc.a(lib_a-clibabi_stdio.o)
 .text.__cxa_atexit
                0x00005ea4       0x16 ../../external/gcc/LPC1768/libc.a(lib_a-cxa_atexit.o)
                0x00005ea4                __cxa_atexit
 *fill*         0x00005eba        0x2 00
 .text._fclose_r
                0x00005ebc       0xac ../../external/gcc/LPC1768/libc.a(lib_a-fclose.o)
                0x00005ebc                _fclose_r
 .text.fclose   0x00005f68       0x10 ../../external/gcc/LPC1768/libc.a(lib_a-fclose.o)
                0x00005f68                fclose
 .text._fflush_r
                0x00005f78      0x174 ../../external/gcc/LPC1768/libc.a(lib_a-fflush.o)
                0x00005f78                _fflush_r
 .text.fflush   0x000060ec       0x24 ../../external/gcc/LPC1768/libc.a(lib_a-fflush.o)
                0x000060ec                fflush
 .text._fgetc_r
                0x00006110       0x58 ../../external/gcc/LPC1768/libc.a(lib_a-fgetc.o)
                0x00006110                _fgetc_r
 .text.fgetc    0x00006168       0x10 ../../external/gcc/LPC1768/libc.a(lib_a-fgetc.o)
                0x00006168                fgetc
 .text._cleanup_r
                0x00006178        0xc ../../external/gcc/LPC1768/libc.a(lib_a-findfp.o)
                0x00006178                _cleanup_r
 .text.std.clone.0
                0x00006184       0x48 ../../external/gcc/LPC1768/libc.a(lib_a-findfp.o)
 .text.__sfmoreglue
                0x000061cc       0x28 ../../external/gcc/LPC1768/libc.a(lib_a-findfp.o)
                0x000061cc                __sfmoreglue
 .text.__sinit  0x000061f4       0x5c ../../external/gcc/LPC1768/libc.a(lib_a-findfp.o)
                0x000061f4                __sinit
 .text.__sfp    0x00006250       0x78 ../../external/gcc/LPC1768/libc.a(lib_a-findfp.o)
                0x00006250                __sfp
 .text.__sfp_lock_acquire
                0x000062c8        0x2 ../../external/gcc/LPC1768/libc.a(lib_a-findfp.o)
                0x000062c8                __sfp_lock_acquire
 .text.__sfp_lock_release
                0x000062ca        0x2 ../../external/gcc/LPC1768/libc.a(lib_a-findfp.o)
                0x000062ca                __sfp_lock_release
 .text._fopen_r
                0x000062cc       0x84 ../../external/gcc/LPC1768/libc.a(lib_a-fopen.o)
                0x000062cc                _fopen_r
 .text.fopen    0x00006350       0x14 ../../external/gcc/LPC1768/libc.a(lib_a-fopen.o)
                0x00006350                fopen
 .text.fprintf  0x00006364       0x24 ../../external/gcc/LPC1768/libc.a(lib_a-fprintf.o)
                0x00006364                fprintf
 .text._fputc_r
                0x00006388       0x48 ../../external/gcc/LPC1768/libc.a(lib_a-fputc.o)
                0x00006388                _fputc_r
 .text.fputc    0x000063d0       0x14 ../../external/gcc/LPC1768/libc.a(lib_a-fputc.o)
                0x000063d0                fputc
 .text._fputs_r
                0x000063e4       0x74 ../../external/gcc/LPC1768/libc.a(lib_a-fputs.o)
                0x000063e4                _fputs_r
 .text.fputs    0x00006458       0x14 ../../external/gcc/LPC1768/libc.a(lib_a-fputs.o)
                0x00006458                fputs
 .text._malloc_trim_r
                0x0000646c       0x94 ../../external/gcc/LPC1768/libc.a(lib_a-freer.o)
                0x0000646c                _malloc_trim_r
 .text._free_r  0x00006500      0x180 ../../external/gcc/LPC1768/libc.a(lib_a-freer.o)
                0x00006500                _free_r
 .text.fscanf   0x00006680       0x24 ../../external/gcc/LPC1768/libc.a(lib_a-fscanf.o)
                0x00006680                fscanf
 .text._fseek_r
                0x000066a4      0x2cc ../../external/gcc/LPC1768/libc.a(lib_a-fseek.o)
                0x000066a4                _fseek_r
 .text._fstat_r
                0x00006970       0x24 ../../external/gcc/LPC1768/libc.a(lib_a-fstatr.o)
                0x00006970                _fstat_r
 .text.__sfvwrite_r
                0x00006994      0x294 ../../external/gcc/LPC1768/libc.a(lib_a-fvwrite.o)
                0x00006994                __sfvwrite_r
 .text._fwalk   0x00006c28       0x44 ../../external/gcc/LPC1768/libc.a(lib_a-fwalk.o)
                0x00006c28                _fwalk
 .text._fwalk_reent
                0x00006c6c       0x48 ../../external/gcc/LPC1768/libc.a(lib_a-fwalk.o)
                0x00006c6c                _fwalk_reent
 .text._fwrite_r
                0x00006cb4       0x90 ../../external/gcc/LPC1768/libc.a(lib_a-fwrite.o)
                0x00006cb4                _fwrite_r
 .text.fwrite   0x00006d44       0x20 ../../external/gcc/LPC1768/libc.a(lib_a-fwrite.o)
                0x00006d44                fwrite
 .text.__libc_init_array
                0x00006d64       0x48 ../../external/gcc/LPC1768/libc.a(lib_a-init.o)
                0x00006d64                __libc_init_array
 .text.__smakebuf_r
                0x00006dac       0xdc ../../external/gcc/LPC1768/libc.a(lib_a-makebuf.o)
                0x00006dac                __smakebuf_r
 .text.malloc   0x00006e88       0x10 ../../external/gcc/LPC1768/libc.a(lib_a-malloc.o)
                0x00006e88                malloc
 .text.free     0x00006e98       0x10 ../../external/gcc/LPC1768/libc.a(lib_a-malloc.o)
                0x00006e98                free
 .text._malloc_r
                0x00006ea8      0x408 ../../external/gcc/LPC1768/libc.a(lib_a-mallocr.o)
                0x00006ea8                _malloc_r
 .text.memchr   0x000072b0       0x1c ../../external/gcc/LPC1768/libc.a(lib_a-memchr.o)
                0x000072b0                memchr
 .text.memcmp   0x000072cc       0x1c ../../external/gcc/LPC1768/libc.a(lib_a-memcmp.o)
                0x000072cc                memcmp
 .text.memcpy   0x000072e8       0x16 ../../external/gcc/LPC1768/libc.a(lib_a-memcpy.o)
                0x000072e8                memcpy
 .text.memmove  0x000072fe       0x30 ../../external/gcc/LPC1768/libc.a(lib_a-memmove.o)
                0x000072fe                memmove
 .text.memset   0x0000732e       0x10 ../../external/gcc/LPC1768/libc.a(lib_a-memset.o)
                0x0000732e                memset
 .text.__malloc_lock
                0x0000733e        0x2 ../../external/gcc/LPC1768/libc.a(lib_a-mlock.o)
                0x0000733e                __malloc_lock
 .text.__malloc_unlock
                0x00007340        0x2 ../../external/gcc/LPC1768/libc.a(lib_a-mlock.o)
                0x00007340                __malloc_unlock
 *fill*         0x00007342        0x2 00
 .text._open_r  0x00007344       0x28 ../../external/gcc/LPC1768/libc.a(lib_a-openr.o)
                0x00007344                _open_r
 .text.printf   0x0000736c       0x30 ../../external/gcc/LPC1768/libc.a(lib_a-printf.o)
                0x0000736c                printf
 .text._putc_r  0x0000739c       0x80 ../../external/gcc/LPC1768/libc.a(lib_a-putc.o)
                0x0000739c                _putc_r
 .text._puts_r  0x0000741c       0x70 ../../external/gcc/LPC1768/libc.a(lib_a-puts.o)
                0x0000741c                _puts_r
 .text.puts     0x0000748c       0x10 ../../external/gcc/LPC1768/libc.a(lib_a-puts.o)
                0x0000748c                puts
 .text.realloc  0x0000749c       0x14 ../../external/gcc/LPC1768/libc.a(lib_a-realloc.o)
                0x0000749c                realloc
 .text._realloc_r
                0x000074b0      0x2f8 ../../external/gcc/LPC1768/libc.a(lib_a-reallocr.o)
                0x000074b0                _realloc_r
 .text.lflush   0x000077a8       0x12 ../../external/gcc/LPC1768/libc.a(lib_a-refill.o)
 *fill*         0x000077ba        0x2 00
 .text.__srefill_r
                0x000077bc      0x118 ../../external/gcc/LPC1768/libc.a(lib_a-refill.o)
                0x000077bc                __srefill_r
 .text.__srget_r
                0x000078d4       0x58 ../../external/gcc/LPC1768/libc.a(lib_a-rget.o)
                0x000078d4                __srget_r
 .text._sbrk_r  0x0000792c       0x24 ../../external/gcc/LPC1768/libc.a(lib_a-sbrkr.o)
                0x0000792c                _sbrk_r
 .text.setbuf   0x00007950        0xe ../../external/gcc/LPC1768/libc.a(lib_a-setbuf.o)
                0x00007950                setbuf
 *fill*         0x0000795e        0x2 00
 .text.setvbuf  0x00007960      0x120 ../../external/gcc/LPC1768/libc.a(lib_a-setvbuf.o)
                0x00007960                setvbuf
 .text._raise_r
                0x00007a80       0x56 ../../external/gcc/LPC1768/libc.a(lib_a-signal.o)
                0x00007a80                _raise_r
 *fill*         0x00007ad6        0x2 00
 .text.raise    0x00007ad8       0x10 ../../external/gcc/LPC1768/libc.a(lib_a-signal.o)
                0x00007ad8                raise
 .text._kill_r  0x00007ae8       0x24 ../../external/gcc/LPC1768/libc.a(lib_a-signalr.o)
                0x00007ae8                _kill_r
 .text._getpid_r
                0x00007b0c        0x4 ../../external/gcc/LPC1768/libc.a(lib_a-signalr.o)
                0x00007b0c                _getpid_r
 .text.sprintf  0x00007b10       0x48 ../../external/gcc/LPC1768/libc.a(lib_a-sprintf.o)
                0x00007b10                sprintf
 .text.sscanf   0x00007b58       0x54 ../../external/gcc/LPC1768/libc.a(lib_a-sscanf.o)
                0x00007b58                sscanf
 .text.__sread  0x00007bac       0x22 ../../external/gcc/LPC1768/libc.a(lib_a-stdio.o)
                0x00007bac                __sread
 .text.__seofread
                0x00007bce        0x4 ../../external/gcc/LPC1768/libc.a(lib_a-stdio.o)
                0x00007bce                __seofread
 .text.__swrite
                0x00007bd2       0x3a ../../external/gcc/LPC1768/libc.a(lib_a-stdio.o)
                0x00007bd2                __swrite
 .text.__sseek  0x00007c0c       0x26 ../../external/gcc/LPC1768/libc.a(lib_a-stdio.o)
                0x00007c0c                __sseek
 .text.__sclose
                0x00007c32        0x8 ../../external/gcc/LPC1768/libc.a(lib_a-stdio.o)
                0x00007c32                __sclose
 .text.strcmp   0x00007c3a       0x16 ../../external/gcc/LPC1768/libc.a(lib_a-strcmp.o)
                0x00007c3a                strcmp
 .text.strcpy   0x00007c50       0x10 ../../external/gcc/LPC1768/libc.a(lib_a-strcpy.o)
                0x00007c50                strcpy
 .text.strlen   0x00007c60       0x10 ../../external/gcc/LPC1768/libc.a(lib_a-strlen.o)
                0x00007c60                strlen
 .text.strncmp  0x00007c70       0x2a ../../external/gcc/LPC1768/libc.a(lib_a-strncmp.o)
                0x00007c70                strncmp
 .text.strncpy  0x00007c9a       0x28 ../../external/gcc/LPC1768/libc.a(lib_a-strncpy.o)
                0x00007c9a                strncpy
 *fill*         0x00007cc2        0x2 00
 .text._strtol_r
                0x00007cc4      0x124 ../../external/gcc/LPC1768/libc.a(lib_a-strtol.o)
                0x00007cc4                _strtol_r
 .text.strtol   0x00007de8       0x1c ../../external/gcc/LPC1768/libc.a(lib_a-strtol.o)
                0x00007de8                strtol
 .text._svfprintf_r
                0x00007e04     0x1100 ../../external/gcc/LPC1768/libc.a(lib_a-svfprintf.o)
                0x00007e04                _svfprintf_r
 .text.__ssvfscanf_r
                0x00008f04      0xbdc ../../external/gcc/LPC1768/libc.a(lib_a-svfscanf.o)
                0x00008f04                __ssvfscanf_r
 .text.write    0x00009ae0       0x1c ../../external/gcc/LPC1768/libc.a(lib_a-syswrite.o)
                0x00009ae0                write
 .text._vfprintf_r
                0x00009afc     0x11cc ../../external/gcc/LPC1768/libc.a(lib_a-vfprintf.o)
                0x00009afc                _vfprintf_r
 .text.__svfscanf_r
                0x0000acc8      0xbdc ../../external/gcc/LPC1768/libc.a(lib_a-vfscanf.o)
                0x0000acc8                __svfscanf_r
 .text.__swbuf_r
                0x0000b8a4       0xcc ../../external/gcc/LPC1768/libc.a(lib_a-wbuf.o)
                0x0000b8a4                __swbuf_r
 .text._write_r
                0x0000b970       0x28 ../../external/gcc/LPC1768/libc.a(lib_a-writer.o)
                0x0000b970                _write_r
 .text.__swsetup_r
                0x0000b998       0xdc ../../external/gcc/LPC1768/libc.a(lib_a-wsetup.o)
                0x0000b998                __swsetup_r
 .text.__register_exitproc
                0x0000ba74       0xc0 ../../external/gcc/LPC1768/libc.a(lib_a-__atexit.o)
                0x0000ba74                __register_exitproc
 .text.__assert_func
                0x0000bb34       0x38 ../../external/gcc/LPC1768/libc.a(lib_a-assert.o)
                0x0000bb34                __assert_func
 .text.__assert
                0x0000bb6c        0xa ../../external/gcc/LPC1768/libc.a(lib_a-assert.o)
                0x0000bb6c                __assert
 *fill*         0x0000bb76        0x2 00
 .text._close_r
                0x0000bb78       0x24 ../../external/gcc/LPC1768/libc.a(lib_a-closer.o)
                0x0000bb78                _close_r
 .text.quorem   0x0000bb9c      0x124 ../../external/gcc/LPC1768/libc.a(lib_a-dtoa.o)
 .text._dtoa_r  0x0000bcc0      0xc08 ../../external/gcc/LPC1768/libc.a(lib_a-dtoa.o)
                0x0000bcc0                _dtoa_r
 .text.fiprintf
                0x0000c8c8       0x24 ../../external/gcc/LPC1768/libc.a(lib_a-fiprintf.o)
                0x0000c8c8                fiprintf
 .text.__sflags
                0x0000c8ec       0x64 ../../external/gcc/LPC1768/libc.a(lib_a-flags.o)
                0x0000c8ec                __sflags
 .text._fread_r
                0x0000c950       0xd0 ../../external/gcc/LPC1768/libc.a(lib_a-fread.o)
                0x0000c950                _fread_r
 .text._isatty_r
                0x0000ca20       0x24 ../../external/gcc/LPC1768/libc.a(lib_a-isattyr.o)
                0x0000ca20                _isatty_r
 .text.iswspace
                0x0000ca44       0x1c ../../external/gcc/LPC1768/libc.a(lib_a-iswspace.o)
                0x0000ca44                iswspace
 .text.__locale_charset
                0x0000ca60        0x8 ../../external/gcc/LPC1768/libc.a(lib_a-locale.o)
                0x0000ca60                __locale_charset
 .text.__locale_mb_cur_max
                0x0000ca68        0xc ../../external/gcc/LPC1768/libc.a(lib_a-locale.o)
                0x0000ca68                __locale_mb_cur_max
 .text._localeconv_r
                0x0000ca74        0x8 ../../external/gcc/LPC1768/libc.a(lib_a-locale.o)
                0x0000ca74                _localeconv_r
 .text._lseek_r
                0x0000ca7c       0x28 ../../external/gcc/LPC1768/libc.a(lib_a-lseekr.o)
                0x0000ca7c                _lseek_r
 .text._mbrtowc_r
                0x0000caa4       0x54 ../../external/gcc/LPC1768/libc.a(lib_a-mbrtowc.o)
                0x0000caa4                _mbrtowc_r
 .text.__ascii_mbtowc
                0x0000caf8       0x26 ../../external/gcc/LPC1768/libc.a(lib_a-mbtowc_r.o)
                0x0000caf8                __ascii_mbtowc
 .text._Balloc  0x0000cb1e       0x62 ../../external/gcc/LPC1768/libc.a(lib_a-mprec.o)
                0x0000cb1e                _Balloc
 .text._Bfree   0x0000cb80       0x2e ../../external/gcc/LPC1768/libc.a(lib_a-mprec.o)
                0x0000cb80                _Bfree
 .text.__multadd
                0x0000cbae       0x7c ../../external/gcc/LPC1768/libc.a(lib_a-mprec.o)
                0x0000cbae                __multadd
 .text.__s2b    0x0000cc2a       0x7c ../../external/gcc/LPC1768/libc.a(lib_a-mprec.o)
                0x0000cc2a                __s2b
 .text.__hi0bits
                0x0000cca6       0x40 ../../external/gcc/LPC1768/libc.a(lib_a-mprec.o)
                0x0000cca6                __hi0bits
 .text.__lo0bits
                0x0000cce6       0x64 ../../external/gcc/LPC1768/libc.a(lib_a-mprec.o)
                0x0000cce6                __lo0bits
 .text.__i2b    0x0000cd4a       0x12 ../../external/gcc/LPC1768/libc.a(lib_a-mprec.o)
                0x0000cd4a                __i2b
 .text.__multiply
                0x0000cd5c      0x124 ../../external/gcc/LPC1768/libc.a(lib_a-mprec.o)
                0x0000cd5c                __multiply
 .text.__pow5mult
                0x0000ce80       0xa4 ../../external/gcc/LPC1768/libc.a(lib_a-mprec.o)
                0x0000ce80                __pow5mult
 .text.__lshift
                0x0000cf24       0x98 ../../external/gcc/LPC1768/libc.a(lib_a-mprec.o)
                0x0000cf24                __lshift
 .text.__mcmp   0x0000cfbc       0x3a ../../external/gcc/LPC1768/libc.a(lib_a-mprec.o)
                0x0000cfbc                __mcmp
 .text.__mdiff  0x0000cff6       0xc6 ../../external/gcc/LPC1768/libc.a(lib_a-mprec.o)
                0x0000cff6                __mdiff
 .text.__ulp    0x0000d0bc       0x40 ../../external/gcc/LPC1768/libc.a(lib_a-mprec.o)
                0x0000d0bc                __ulp
 .text.__b2d    0x0000d0fc       0xa4 ../../external/gcc/LPC1768/libc.a(lib_a-mprec.o)
                0x0000d0fc                __b2d
 .text.__d2b    0x0000d1a0       0xbc ../../external/gcc/LPC1768/libc.a(lib_a-mprec.o)
                0x0000d1a0                __d2b
 .text.__ratio  0x0000d25c       0x46 ../../external/gcc/LPC1768/libc.a(lib_a-mprec.o)
                0x0000d25c                __ratio
 .text.__copybits
                0x0000d2a2       0x32 ../../external/gcc/LPC1768/libc.a(lib_a-mprec.o)
                0x0000d2a2                __copybits
 .text.__any_on
                0x0000d2d4       0x4a ../../external/gcc/LPC1768/libc.a(lib_a-mprec.o)
                0x0000d2d4                __any_on
 *fill*         0x0000d31e        0x2 00
 .text._read_r  0x0000d320       0x28 ../../external/gcc/LPC1768/libc.a(lib_a-readr.o)
                0x0000d320                _read_r
 .text.__fpclassifyd
                0x0000d348       0x64 ../../external/gcc/LPC1768/libc.a(lib_a-s_fpclassify.o)
                0x0000d348                __fpclassifyd
 .text.__sccl   0x0000d3ac       0x64 ../../external/gcc/LPC1768/libc.a(lib_a-sccl.o)
                0x0000d3ac                __sccl
 .text.nanf     0x0000d410        0x8 ../../external/gcc/LPC1768/libc.a(lib_a-sf_nan.o)
                0x0000d410                nanf
 .text.match    0x0000d418       0x2c ../../external/gcc/LPC1768/libc.a(lib_a-strtod.o)
 *fill*         0x0000d444        0x4 00
 .text._strtod_r
                0x0000d448      0xbd8 ../../external/gcc/LPC1768/libc.a(lib_a-strtod.o)
                0x0000d448                _strtod_r
 .text._strtoll_r
                0x0000e020      0x16c ../../external/gcc/LPC1768/libc.a(lib_a-strtoll_r.o)
                0x0000e020                _strtoll_r
 .text._strtoul_r
                0x0000e18c       0xfc ../../external/gcc/LPC1768/libc.a(lib_a-strtoul.o)
                0x0000e18c                _strtoul_r
 .text._strtoull_r
                0x0000e288      0x154 ../../external/gcc/LPC1768/libc.a(lib_a-strtoull_r.o)
                0x0000e288                _strtoull_r
 .text.__ssprint_r
                0x0000e3dc       0xf6 ../../external/gcc/LPC1768/libc.a(lib_a-svfiprintf.o)
                0x0000e3dc                __ssprint_r
 .text._sungetc_r
                0x0000e4d2       0x7a ../../external/gcc/LPC1768/libc.a(lib_a-svfiscanf.o)
                0x0000e4d2                _sungetc_r
 .text.__ssrefill_r
                0x0000e54c       0x3a ../../external/gcc/LPC1768/libc.a(lib_a-svfiscanf.o)
                0x0000e54c                __ssrefill_r
 .text._sfread_r
                0x0000e586       0x70 ../../external/gcc/LPC1768/libc.a(lib_a-svfiscanf.o)
                0x0000e586                _sfread_r
 .text.__submore
                0x0000e5f6       0x78 ../../external/gcc/LPC1768/libc.a(lib_a-ungetc.o)
                0x0000e5f6                __submore
 *fill*         0x0000e66e        0x2 00
 .text._ungetc_r
                0x0000e670      0x100 ../../external/gcc/LPC1768/libc.a(lib_a-ungetc.o)
                0x0000e670                _ungetc_r
 .text.__sprint_r
                0x0000e770       0x74 ../../external/gcc/LPC1768/libc.a(lib_a-vfiprintf.o)
                0x0000e770                __sprint_r
 .text._vfiprintf_r
                0x0000e7e4      0x914 ../../external/gcc/LPC1768/libc.a(lib_a-vfiprintf.o)
                0x0000e7e4                _vfiprintf_r
 .text._calloc_r
                0x0000f0f8       0x58 ../../external/gcc/LPC1768/libc.a(lib_a-callocr.o)
                0x0000f0f8                _calloc_r
 .text._fputwc_r
                0x0000f150       0xbe ../../external/gcc/LPC1768/libc.a(lib_a-fputwc.o)
                0x0000f150                _fputwc_r
 .text.rshift   0x0000f20e       0x6c ../../external/gcc/LPC1768/libc.a(lib_a-gdtoa-gethex.o)
 *fill*         0x0000f27a        0x2 00
 .text.htinit.clone.0
                0x0000f27c       0x1c ../../external/gcc/LPC1768/libc.a(lib_a-gdtoa-gethex.o)
 .text.__hexdig_init
                0x0000f298       0x2c ../../external/gcc/LPC1768/libc.a(lib_a-gdtoa-gethex.o)
                0x0000f298                __hexdig_init
 .text.__gethex
                0x0000f2c4      0x460 ../../external/gcc/LPC1768/libc.a(lib_a-gdtoa-gethex.o)
                0x0000f2c4                __gethex
 .text.L_shift  0x0000f724       0x34 ../../external/gcc/LPC1768/libc.a(lib_a-gdtoa-hexnan.o)
 .text.__hexnan
                0x0000f758      0x11c ../../external/gcc/LPC1768/libc.a(lib_a-gdtoa-hexnan.o)
                0x0000f758                __hexnan
 .text._wcrtomb_r
                0x0000f874       0x50 ../../external/gcc/LPC1768/libc.a(lib_a-wcrtomb.o)
                0x0000f874                _wcrtomb_r
 .text.__ascii_wctomb
                0x0000f8c4       0x1a ../../external/gcc/LPC1768/libc.a(lib_a-wctomb_r.o)
                0x0000f8c4                __ascii_wctomb
 *fill*         0x0000f8de        0x2 00
 .text          0x0000f8e0      0x278 /media/6aafac43-5450-453e-a142-f588400933c0/Sandbox/arm/bin/../lib/gcc/arm-none-eabi/4.5.2/thumb2/libgcc.a(_udivsi3.o)
                0x0000f8e0                __udivsi3
                0x0000f8e0                __aeabi_uidiv
                0x0000fb3c                __aeabi_uidivmod
 .text          0x0000fb58      0x2b0 /media/6aafac43-5450-453e-a142-f588400933c0/Sandbox/arm/bin/../lib/gcc/arm-none-eabi/4.5.2/thumb2/libgcc.a(_divsi3.o)
                0x0000fb58                __aeabi_idiv
                0x0000fb58                __divsi3
                0x0000fdec                __aeabi_idivmod
 .text          0x0000fe08        0x4 /media/6aafac43-5450-453e-a142-f588400933c0/Sandbox/arm/bin/../lib/gcc/arm-none-eabi/4.5.2/thumb2/libgcc.a(_dvmd_tls.o)
                0x0000fe08                __aeabi_ldiv0
                0x0000fe08                __aeabi_idiv0
 .text          0x0000fe0c      0x110 /media/6aafac43-5450-453e-a142-f588400933c0/Sandbox/arm/bin/../lib/gcc/arm-none-eabi/4.5.2/thumb2/libgcc.a(_arm_cmpdf2.o)
                0x0000fe0c                __gtdf2
                0x0000fe0c                __gedf2
                0x0000fe14                __ltdf2
                0x0000fe14                __ledf2
                0x0000fe1c                __cmpdf2
                0x0000fe1c                __eqdf2
                0x0000fe1c                __nedf2
                0x0000fe98                __aeabi_cdrcmple
                0x0000fea8                __aeabi_cdcmple
                0x0000fea8                __aeabi_cdcmpeq
                0x0000feb8                __aeabi_dcmpeq
                0x0000fecc                __aeabi_dcmplt
                0x0000fee0                __aeabi_dcmple
                0x0000fef4                __aeabi_dcmpge
                0x0000ff08                __aeabi_dcmpgt
 .text          0x0000ff1c       0x40 /media/6aafac43-5450-453e-a142-f588400933c0/Sandbox/arm/bin/../lib/gcc/arm-none-eabi/4.5.2/thumb2/libgcc.a(_arm_fixunsdfsi.o)
                0x0000ff1c                __fixunsdfsi
                0x0000ff1c                __aeabi_d2uiz
 .text          0x0000ff5c       0x2c /media/6aafac43-5450-453e-a142-f588400933c0/Sandbox/arm/bin/../lib/gcc/arm-none-eabi/4.5.2/thumb2/libgcc.a(_aeabi_uldivmod.o)
                0x0000ff5c                __aeabi_uldivmod
 .text          0x0000ff88       0x60 /media/6aafac43-5450-453e-a142-f588400933c0/Sandbox/arm/bin/../lib/gcc/arm-none-eabi/4.5.2/thumb2/libgcc.a(bpabi.o)
                0x0000ff88                __gnu_ldivmod_helper
                0x0000ffb8                __gnu_uldivmod_helper
 .text          0x0000ffe8      0x360 /media/6aafac43-5450-453e-a142-f588400933c0/Sandbox/arm/bin/../lib/gcc/arm-none-eabi/4.5.2/thumb2/libgcc.a(_divdi3.o)
                0x0000ffe8                __divdi3
 .text          0x00010348      0x308 /media/6aafac43-5450-453e-a142-f588400933c0/Sandbox/arm/bin/../lib/gcc/arm-none-eabi/4.5.2/thumb2/libgcc.a(_udivdi3.o)
                0x00010348                __udivdi3
 *(.gnu.linkonce.t.*)
 *(.glue_7)
 .glue_7        0x00000000        0x0 linker stubs
 *(.glue_7t)
 .glue_7t       0x00000000        0x0 linker stubs
 *(.gcc_except_table)
 *(.rodata .rodata*)
 .rodata.str1.4
                0x00010650       0x84 ../../src/syscalls.o
 .rodata.str1.4
                0x000106d4      0x263 ./main.o
                                0x264 (size before relaxing)
 *fill*         0x00010937        0x1 00
 .rodata._ZTS12SDFileSystem
                0x00010938       0x10 ./SDFileSystem/SDFileSystem.o
                0x00010938                _ZTS12SDFileSystem
 .rodata._ZTV12SDFileSystem
                0x00010948       0x48 ./SDFileSystem/SDFileSystem.o
                0x00010948                _ZTV12SDFileSystem
 .rodata.str1.4
                0x00010990      0x164 ./SDFileSystem/SDFileSystem.o
 .rodata._ZTI12SDFileSystem
                0x00010af4        0xc ./SDFileSystem/SDFileSystem.o
                0x00010af4                _ZTI12SDFileSystem
 .rodata._ZZL35HandleQueryTransferMemoryMapCommandP9SMriStateE12MemoryMapXML
                0x00010b00      0x1fc ../../mri/mri.ar(mri.o)
 .rodata._ZZL26HandleQueryTransferCommandP9SMriStateE15MemoryMapObject
                0x00010cfc        0xb ../../mri/mri.ar(mri.o)
 .rodata._ZL15NibbleToHexChar
                0x00010d07       0x10 ../../mri/mri.ar(mri.o)
 *fill*         0x00010d17        0x1 00
 .rodata._ZZL16HandleGDBCommandP9SMriStateE12CommandTable
                0x00010d18       0x50 ../../mri/mri.ar(mri.o)
 .rodata._ZZL26DetermineCauseOfDebugEventvE21DebugEventToSignalMap
                0x00010d68       0x20 ../../mri/mri.ar(mri.o)
 .rodata.str1.1
                0x00010d88       0x78 ../../mri/mri.ar(mri.o)
 .rodata._ZZL18HandleQueryCommandP9SMriStateE17qSupportedCommand
                0x00010e00        0xa ../../mri/mri.ar(mri.o)
 .rodata._ZZL35HandleQueryTransferMemoryMapCommandP9SMriStateE11ReadCommand
                0x00010e0a        0x5 ../../mri/mri.ar(mri.o)
 .rodata._ZZL18HandleQueryCommandP9SMriStateE12qXferCommand
                0x00010e0f        0x5 ../../mri/mri.ar(mri.o)
 .rodata._ZZL27HandleQuerySupportedCommandP9SMriStateE20QuerySupportResponse
                0x00010e14       0x23 ../../mri/mri.ar(mri.o)
 *fill*         0x00010e37        0x1 00
 .rodata._ZTVN10__cxxabiv117__class_type_infoE
                0x00010e38       0x30 ../../external/gcc/LPC1768/libstdc++.a(class_type_info.o)
                0x00010e38                _ZTVN10__cxxabiv117__class_type_infoE
 .rodata._ZTIN10__cxxabiv117__class_type_infoE
                0x00010e68        0xc ../../external/gcc/LPC1768/libstdc++.a(class_type_info.o)
                0x00010e68                _ZTIN10__cxxabiv117__class_type_infoE
 .rodata._ZTSN10__cxxabiv117__class_type_infoE
                0x00010e74       0x22 ../../external/gcc/LPC1768/libstdc++.a(class_type_info.o)
                0x00010e74                _ZTSN10__cxxabiv117__class_type_infoE
 .rodata.str1.1
                0x00010e96       0x1c ../../external/gcc/LPC1768/libstdc++.a(pure.o)
 *fill*         0x00010eb2        0x6 00
 .rodata._ZTVN10__cxxabiv120__si_class_type_infoE
                0x00010eb8       0x30 ../../external/gcc/LPC1768/libstdc++.a(si_class_type_info.o)
                0x00010eb8                _ZTVN10__cxxabiv120__si_class_type_infoE
 .rodata._ZTIN10__cxxabiv120__si_class_type_infoE
                0x00010ee8        0xc ../../external/gcc/LPC1768/libstdc++.a(si_class_type_info.o)
                0x00010ee8                _ZTIN10__cxxabiv120__si_class_type_infoE
 .rodata._ZTSN10__cxxabiv120__si_class_type_infoE
                0x00010ef4       0x25 ../../external/gcc/LPC1768/libstdc++.a(si_class_type_info.o)
                0x00010ef4                _ZTSN10__cxxabiv120__si_class_type_infoE
 *fill*         0x00010f19        0x3 00
 .rodata._ZTISt9type_info
                0x00010f1c        0x8 ../../external/gcc/LPC1768/libstdc++.a(tinfo.o)
                0x00010f1c                _ZTISt9type_info
 .rodata._ZTSSt9type_info
                0x00010f24        0xd ../../external/gcc/LPC1768/libstdc++.a(tinfo.o)
                0x00010f24                _ZTSSt9type_info
 *fill*         0x00010f31        0x7 00
 .rodata._ZTVSt9type_info
                0x00010f38       0x20 ../../external/gcc/LPC1768/libstdc++.a(tinfo.o)
                0x00010f38                _ZTVSt9type_info
 .rodata._ZTIN10__cxxabiv121__vmi_class_type_infoE
                0x00010f58        0xc ../../external/gcc/LPC1768/libstdc++.a(vmi_class_type_info.o)
                0x00010f58                _ZTIN10__cxxabiv121__vmi_class_type_infoE
 .rodata._ZTSN10__cxxabiv121__vmi_class_type_infoE
                0x00010f64       0x26 ../../external/gcc/LPC1768/libstdc++.a(vmi_class_type_info.o)
                0x00010f64                _ZTSN10__cxxabiv121__vmi_class_type_infoE
 *fill*         0x00010f8a        0x6 00
 .rodata._ZTVN10__cxxabiv121__vmi_class_type_infoE
                0x00010f90       0x30 ../../external/gcc/LPC1768/libstdc++.a(vmi_class_type_info.o)
                0x00010f90                _ZTVN10__cxxabiv121__vmi_class_type_infoE
 .rodata.str1.1
                0x00010fc0       0x80 ../../external/gcc/LPC1768/libstdc++.a(vterminate.o)
 .rodata        0x00011040      0x694 ../../external/gcc/LPC1768/libstdc++.a(cp-demangle.o)
 .rodata.str1.1
                0x000116d4      0x552 ../../external/gcc/LPC1768/libstdc++.a(cp-demangle.o)
                                0x601 (size before relaxing)
 .rodata.__aeabi_ctype_table_C
                0x00011c26      0x101 ../../external/gcc/LPC1768/libc.a(lib_a-clibabi_ctype.o)
                0x00011c26                __aeabi_ctype_table_
                0x00011c26                __aeabi_ctype_table_C
 *fill*         0x00011d27        0x1 00
 .rodata.__sf_fake_stdin
                0x00011d28       0x20 ../../external/gcc/LPC1768/libc.a(lib_a-findfp.o)
                0x00011d28                __sf_fake_stdin
 .rodata.__sf_fake_stdout
                0x00011d48       0x20 ../../external/gcc/LPC1768/libc.a(lib_a-findfp.o)
                0x00011d48                __sf_fake_stdout
 .rodata.__sf_fake_stderr
                0x00011d68       0x20 ../../external/gcc/LPC1768/libc.a(lib_a-findfp.o)
                0x00011d68                __sf_fake_stderr
 .rodata.str1.1
                0x00011d88        0x2 ../../external/gcc/LPC1768/libc.a(lib_a-impure.o)
 *fill*         0x00011d8a        0x2 00
 .rodata._global_impure_ptr
                0x00011d8c        0x4 ../../external/gcc/LPC1768/libc.a(lib_a-impure.o)
                0x00011d8c                _global_impure_ptr
 .rodata.str1.1
                0x00000000        0x2 ../../external/gcc/LPC1768/libc.a(lib_a-puts.o)
 .rodata.zeroes.6599
                0x00011d90       0x10 ../../external/gcc/LPC1768/libc.a(lib_a-svfprintf.o)
 .rodata.str1.1
                0x00011da0       0x34 ../../external/gcc/LPC1768/libc.a(lib_a-svfprintf.o)
 .rodata.blanks.6598
                0x00011dd4       0x10 ../../external/gcc/LPC1768/libc.a(lib_a-svfprintf.o)
 .rodata.str1.1
                0x00011de4        0x5 ../../external/gcc/LPC1768/libc.a(lib_a-svfscanf.o)
 *fill*         0x00011de9        0x1 00
 .rodata.basefix.6519
                0x00011dea       0x22 ../../external/gcc/LPC1768/libc.a(lib_a-svfscanf.o)
 .rodata.blanks.6613
                0x00011e0c       0x10 ../../external/gcc/LPC1768/libc.a(lib_a-vfprintf.o)
 .rodata.str1.1
                0x00000000       0x34 ../../external/gcc/LPC1768/libc.a(lib_a-vfprintf.o)
 .rodata.zeroes.6614
                0x00011e1c       0x10 ../../external/gcc/LPC1768/libc.a(lib_a-vfprintf.o)
 .rodata.basefix.6535
                0x00011e2c       0x22 ../../external/gcc/LPC1768/libc.a(lib_a-vfscanf.o)
 .rodata.str1.1
                0x00000000        0x5 ../../external/gcc/LPC1768/libc.a(lib_a-vfscanf.o)
 .rodata.str1.1
                0x00011e4e       0x3c ../../external/gcc/LPC1768/libc.a(lib_a-assert.o)
                                 0x3d (size before relaxing)
 .rodata._ctype_
                0x00011e8a      0x101 ../../external/gcc/LPC1768/libc.a(lib_a-ctype_.o)
                0x00011e8a                _ctype_
 .rodata.str1.1
                0x00011f8b        0xd ../../external/gcc/LPC1768/libc.a(lib_a-dtoa.o)
                                  0xf (size before relaxing)
 .rodata.str1.1
                0x00011f98        0x6 ../../external/gcc/LPC1768/libc.a(lib_a-locale.o)
                                  0xb (size before relaxing)
 .rodata.str1.1
                0x00000000        0x1 ../../external/gcc/LPC1768/libc.a(lib_a-mbrtowc.o)
 *fill*         0x00011f9e        0x2 00
 .rodata.p05.5124
                0x00011fa0        0xc ../../external/gcc/LPC1768/libc.a(lib_a-mprec.o)
 *fill*         0x00011fac        0x4 00
 .rodata.__mprec_tens
                0x00011fb0       0xc8 ../../external/gcc/LPC1768/libc.a(lib_a-mprec.o)
                0x00011fb0                __mprec_tens
 .rodata.__mprec_bigtens
                0x00012078       0x28 ../../external/gcc/LPC1768/libc.a(lib_a-mprec.o)
                0x00012078                __mprec_bigtens
 .rodata.str1.1
                0x00000000        0x6 ../../external/gcc/LPC1768/libc.a(lib_a-strtod.o)
                                  0xc (size before relaxing)
 .rodata.tinytens
                0x000120a0       0x28 ../../external/gcc/LPC1768/libc.a(lib_a-strtod.o)
 .rodata.blanks.6556
                0x000120c8       0x10 ../../external/gcc/LPC1768/libc.a(lib_a-vfiprintf.o)
 .rodata.str1.1
                0x00000000       0x22 ../../external/gcc/LPC1768/libc.a(lib_a-vfiprintf.o)
 .rodata.zeroes.6557
                0x000120d8       0x10 ../../external/gcc/LPC1768/libc.a(lib_a-vfiprintf.o)
 .rodata.str1.1
                0x000120e8        0xb ../../external/gcc/LPC1768/libc.a(lib_a-gdtoa-gethex.o)
                                 0x19 (size before relaxing)
 *(.gnu.linkonce.r.*)
                0x000120f4                . = ALIGN (0x4)
 *fill*         0x000120f3        0x1 00
 *(.init)
 .init          0x000120f4        0x4 /media/6aafac43-5450-453e-a142-f588400933c0/Sandbox/arm/bin/../lib/gcc/arm-none-eabi/4.5.2/thumb2/crti.o
                0x000120f4                _init
 .init          0x000120f8        0x8 /media/6aafac43-5450-453e-a142-f588400933c0/Sandbox/arm/bin/../lib/gcc/arm-none-eabi/4.5.2/thumb2/crtn.o
                0x00012100                . = ALIGN (0x4)
                0x00012100                __preinit_array_start = .
 *(.preinit_array)
 .preinit_array
                0x00012100        0x4 ../../external/gcc/LPC1768/libc.a(lib_a-clibabi_stdio.o)
                0x00012104                __preinit_array_end = .
                0x00012104                . = ALIGN (0x4)
                0x00012104                __init_array_start = .
 *(SORT(.init_array.*))
 *(.init_array)
 .init_array    0x00012104        0x4 /media/6aafac43-5450-453e-a142-f588400933c0/Sandbox/arm/bin/../lib/gcc/arm-none-eabi/4.5.2/thumb2/crtbegin.o
 .init_array    0x00012108        0x4 ./main.o
 .init_array    0x0001210c        0x4 ../../mri/mri.ar(mri.o)
                0x00012110                __init_array_end = .
                0x00012110                . = ALIGN (0x4)
 *crtbegin.o(.ctors)
 *(EXCLUDE_FILE(*crtend.o) .ctors)
 *(SORT(.ctors.*))
 *crtend.o(.ctors)
                0x00012110                . = ALIGN (0x4)
 *(.fini)
 .fini          0x00012110        0x4 /media/6aafac43-5450-453e-a142-f588400933c0/Sandbox/arm/bin/../lib/gcc/arm-none-eabi/4.5.2/thumb2/crti.o
                0x00012110                _fini
 .fini          0x00012114        0x8 /media/6aafac43-5450-453e-a142-f588400933c0/Sandbox/arm/bin/../lib/gcc/arm-none-eabi/4.5.2/thumb2/crtn.o
                0x0001211c                . = ALIGN (0x4)
                0x0001211c                __fini_array_start = .
 *(.fini_array)
 .fini_array    0x0001211c        0x4 /media/6aafac43-5450-453e-a142-f588400933c0/Sandbox/arm/bin/../lib/gcc/arm-none-eabi/4.5.2/thumb2/crtbegin.o
 *(SORT(.fini_array.*))
                0x00012120                __fini_array_end = .
                0x00012120                . = ALIGN (0x4)
 *crtbegin.o(.dtors)
 *(EXCLUDE_FILE(*crtend.o) .dtors)
 *(SORT(.dtors.*))
 *crtend.o(.dtors)
                0x00012120                _etext = .
                0x00012120                _sifastcode = .
                0x00012120                __exidx_start = .

.vfp11_veneer   0x00012120        0x0
 .vfp11_veneer  0x00000000        0x0 linker stubs

.v4_bx          0x00012120        0x0
 .v4_bx         0x00000000        0x0 linker stubs

i._ZN4mbed10DigitalOut15get_rpc_methodsEv
                0x00012120        0x8
 i._ZN4mbed10DigitalOut15get_rpc_methodsEv
                0x00012120        0x8 ../../external/mbed/LPC1768/mbed.ar(DigitalOut.LPC1768.o)
                0x00012120                _ZN4mbed10DigitalOut15get_rpc_methodsEv

i._ZN4mbed10DigitalOutC1E7PinNamePKc
                0x00012128       0x3c
 i._ZN4mbed10DigitalOutC1E7PinNamePKc
                0x00012128       0x3c ../../external/mbed/LPC1768/mbed.ar(DigitalOut.LPC1768.o)
                0x00012128                _ZN4mbed10DigitalOutC1E7PinNamePKc
                0x00012128                _ZN4mbed10DigitalOutC2E7PinNamePKc

i._ZN4mbed10DigitalOutD1Ev
                0x00012164        0x4
 i._ZN4mbed10DigitalOutD1Ev
                0x00012164        0x4 ../../external/mbed/LPC1768/mbed.ar(DigitalOut.LPC1768.o)
                0x00012164                _ZN4mbed10DigitalOutD2Ev
                0x00012164                _ZN4mbed10DigitalOutD1Ev

t._ZN4mbed17rpc_method_callerINS_10DigitalOutEiXadL_ZNS1_5writeEiEEEEvPNS_4BaseEPKcPc
                0x00012168       0x78
 t._ZN4mbed17rpc_method_callerINS_10DigitalOutEiXadL_ZNS1_5writeEiEEEEvPNS_4BaseEPKcPc
                0x00012168       0x78 ../../external/mbed/LPC1768/mbed.ar(DigitalOut.LPC1768.o)
                0x00012168                _ZN4mbed17rpc_method_callerINS_10DigitalOutEiXadL_ZNS1_5writeEiEEEEvPNS_4BaseEPKcPc

t._ZN4mbed17rpc_method_callerIiNS_10DigitalOutEXadL_ZNS1_4readEvEEEEvPNS_4BaseEPKcPc
                0x000121e0       0x38
 t._ZN4mbed17rpc_method_callerIiNS_10DigitalOutEXadL_ZNS1_4readEvEEEEvPNS_4BaseEPKcPc
                0x000121e0       0x38 ../../external/mbed/LPC1768/mbed.ar(DigitalOut.LPC1768.o)
                0x000121e0                _ZN4mbed17rpc_method_callerIiNS_10DigitalOutEXadL_ZNS1_4readEvEEEEvPNS_4BaseEPKcPc

t._ZN4mbed9rpc_superINS_4BaseEEEPKNS_10rpc_methodEPS1_
                0x00012218        0x4
 t._ZN4mbed9rpc_superINS_4BaseEEEPKNS_10rpc_methodEPS1_
                0x00012218        0x4 ../../external/mbed/LPC1768/mbed.ar(DigitalOut.LPC1768.o)
                0x00012218                _ZN4mbed9rpc_superINS_4BaseEEEPKNS_10rpc_methodEPS1_

i._ZN4mbed10DigitalOut5writeEi
                0x0001221c        0xe
 i._ZN4mbed10DigitalOut5writeEi
                0x0001221c        0xe ../../external/mbed/LPC1768/mbed.ar(DigitalOut.LPC1768.o)
                0x0001221c                _ZN4mbed10DigitalOut5writeEi

i._ZN4mbed10DigitalOut4readEv
                0x0001222a        0xe
 i._ZN4mbed10DigitalOut4readEv
                0x0001222a        0xe ../../external/mbed/LPC1768/mbed.ar(DigitalOut.LPC1768.o)
                0x0001222a                _ZN4mbed10DigitalOut4readEv

i._ZN4mbed10DigitalOutD0Ev
                0x00012238        0xe
 i._ZN4mbed10DigitalOutD0Ev
                0x00012238        0xe ../../external/mbed/LPC1768/mbed.ar(DigitalOut.LPC1768.o)
                0x00012238                _ZN4mbed10DigitalOutD0Ev

i._ZN4mbed10parse_charEPKcPS1_
                0x00012246       0xa2
 i._ZN4mbed10parse_charEPKcPS1_
                0x00012246       0xa2 ../../external/mbed/LPC1768/mbed.ar(DigitalOut.LPC1768.o)
                0x00012246                _ZN4mbed10parse_charEPKcPS1_

i._ZN4mbed4Base11delete_selfEv
                0x000122e8       0x1e
 i._ZN4mbed4Base11delete_selfEv
                0x000122e8       0x1e ../../external/mbed/LPC1768/mbed.ar(Base.LPC1768.o)
                0x000122e8                _ZN4mbed4Base11delete_selfEv

i._ZN4mbed4Base15get_rpc_methodsEv
                0x00012308        0x8
 i._ZN4mbed4Base15get_rpc_methodsEv
                0x00012308        0x8 ../../external/mbed/LPC1768/mbed.ar(Base.LPC1768.o)
                0x00012308                _ZN4mbed4Base15get_rpc_methodsEv

i._ZN4mbed4Base15register_objectEPKc
                0x00012310       0x1c
 i._ZN4mbed4Base15register_objectEPKc
                0x00012310       0x1c ../../external/mbed/LPC1768/mbed.ar(Base.LPC1768.o)
                0x00012310                _ZN4mbed4Base15register_objectEPKc

i._ZN4mbed4Base3rpcEPKcS2_Pc
                0x0001232c       0x98
 i._ZN4mbed4Base3rpcEPKcS2_Pc
                0x0001232c       0x98 ../../external/mbed/LPC1768/mbed.ar(Base.LPC1768.o)
                0x0001232c                _ZN4mbed4Base3rpcEPKcS2_Pc

i._ZN4mbed4Base5clearEPKcPc
                0x000123c4       0x30
 i._ZN4mbed4Base5clearEPKcPc
                0x000123c4       0x30 ../../external/mbed/LPC1768/mbed.ar(Base.LPC1768.o)
                0x000123c4                _ZN4mbed4Base5clearEPKcPc

i._ZN4mbed4Base6lookupEPKcj
                0x000123f4       0x38
 i._ZN4mbed4Base6lookupEPKcj
                0x000123f4       0x38 ../../external/mbed/LPC1768/mbed.ar(Base.LPC1768.o)
                0x000123f4                _ZN4mbed4Base6lookupEPKcj

i._ZN4mbed4Base7opendirEv
                0x0001242c       0x18
 i._ZN4mbed4Base7opendirEv
                0x0001242c       0x18 ../../external/mbed/LPC1768/mbed.ar(Base.LPC1768.o)
                0x0001242c                _ZN4mbed4Base7opendirEv

i._ZN4mbed4Base8new_nameEPS0_
                0x00012444       0x20
 i._ZN4mbed4Base8new_nameEPS0_
                0x00012444       0x20 ../../external/mbed/LPC1768/mbed.ar(Base.LPC1768.o)
                0x00012444                _ZN4mbed4Base8new_nameEPS0_

i._ZN4mbed4Base9list_objsEPKcPc
                0x00012464       0x40
 i._ZN4mbed4Base9list_objsEPKcPc
                0x00012464       0x40 ../../external/mbed/LPC1768/mbed.ar(Base.LPC1768.o)
                0x00012464                _ZN4mbed4Base9list_objsEPKcPc

i._ZN4mbed4BaseC1EPKc
                0x000124a4       0x24
 i._ZN4mbed4BaseC1EPKc
                0x000124a4       0x24 ../../external/mbed/LPC1768/mbed.ar(Base.LPC1768.o)
                0x000124a4                _ZN4mbed4BaseC1EPKc
                0x000124a4                _ZN4mbed4BaseC2EPKc

i._ZN4mbed4BaseD0Ev
                0x000124c8       0x34
 i._ZN4mbed4BaseD0Ev
                0x000124c8       0x34 ../../external/mbed/LPC1768/mbed.ar(Base.LPC1768.o)
                0x000124c8                _ZN4mbed4BaseD0Ev

i._ZN4mbed4BaseD1Ev
                0x000124fc       0x38
 i._ZN4mbed4BaseD1Ev
                0x000124fc       0x38 ../../external/mbed/LPC1768/mbed.ar(Base.LPC1768.o)
                0x000124fc                _ZN4mbed4BaseD1Ev
                0x000124fc                _ZN4mbed4BaseD2Ev

t._ZN4mbed17rpc_method_callerINS_4BaseEXadL_ZNS1_11delete_selfEvEEEEvPS1_PKcPc
                0x00012534       0x28
 t._ZN4mbed17rpc_method_callerINS_4BaseEXadL_ZNS1_11delete_selfEvEEEEvPS1_PKcPc
                0x00012534       0x28 ../../external/mbed/LPC1768/mbed.ar(Base.LPC1768.o)
                0x00012534                _ZN4mbed17rpc_method_callerINS_4BaseEXadL_ZNS1_11delete_selfEvEEEEvPS1_PKcPc

i._ZN4mbed13BaseDirHandle8closedirEv
                0x0001255c        0xa
 i._ZN4mbed13BaseDirHandle8closedirEv
                0x0001255c        0xa ../../external/mbed/LPC1768/mbed.ar(Base.LPC1768.o)
                0x0001255c                _ZN4mbed13BaseDirHandle8closedirEv

i._ZN4mbed13BaseDirHandle7readdirEv
                0x00012568       0x64
 i._ZN4mbed13BaseDirHandle7readdirEv
                0x00012568       0x64 ../../external/mbed/LPC1768/mbed.ar(Base.LPC1768.o)
                0x00012568                _ZN4mbed13BaseDirHandle7readdirEv

i._ZN4mbed13BaseDirHandle7telldirEv
                0x000125cc        0x4
 i._ZN4mbed13BaseDirHandle7telldirEv
                0x000125cc        0x4 ../../external/mbed/LPC1768/mbed.ar(Base.LPC1768.o)
                0x000125cc                _ZN4mbed13BaseDirHandle7telldirEv

i._ZN4mbed13BaseDirHandle7seekdirEl
                0x000125d0        0x4
 i._ZN4mbed13BaseDirHandle7seekdirEl
                0x000125d0        0x4 ../../external/mbed/LPC1768/mbed.ar(Base.LPC1768.o)
                0x000125d0                _ZN4mbed13BaseDirHandle7seekdirEl

i._ZN4mbed13BaseDirHandle9rewinddirEv
                0x000125d4        0x6
 i._ZN4mbed13BaseDirHandle9rewinddirEv
                0x000125d4        0x6 ../../external/mbed/LPC1768/mbed.ar(Base.LPC1768.o)
                0x000125d4                _ZN4mbed13BaseDirHandle9rewinddirEv

i._ZN4mbed8FileLikeD0Ev
                0x000125dc       0x3c
 i._ZN4mbed8FileLikeD0Ev
                0x000125dc       0x3c ../../external/mbed/LPC1768/mbed.ar(stdio.LPC1768.o)
                0x000125dc                _ZN4mbed8FileLikeD0Ev

i._ZN4mbed8FileLikeD2Ev
                0x00012618       0x34
 i._ZN4mbed8FileLikeD2Ev
                0x00012618       0x34 ../../external/mbed/LPC1768/mbed.ar(stdio.LPC1768.o)
                0x00012618                _ZN4mbed8FileLikeD2Ev
                0x00012618                _ZN4mbed8FileLikeD1Ev

i._sys_close    0x0001264c       0x2c
 i._sys_close   0x0001264c       0x2c ../../external/mbed/LPC1768/mbed.ar(stdio.LPC1768.o)
                0x0001264c                _sys_close

i._sys_istty    0x00012678       0x28
 i._sys_istty   0x00012678       0x28 ../../external/mbed/LPC1768/mbed.ar(stdio.LPC1768.o)
                0x00012678                _sys_istty

i._sys_open     0x000126a0      0x184
 i._sys_open    0x000126a0      0x184 ../../external/mbed/LPC1768/mbed.ar(stdio.LPC1768.o)
                0x000126a0                _sys_open

i._sys_read     0x00012824       0x40
 i._sys_read    0x00012824       0x40 ../../external/mbed/LPC1768/mbed.ar(stdio.LPC1768.o)
                0x00012824                _sys_read

i._sys_seek     0x00012864       0x2c
 i._sys_seek    0x00012864       0x2c ../../external/mbed/LPC1768/mbed.ar(stdio.LPC1768.o)
                0x00012864                _sys_seek

i._sys_write    0x00012890       0x54
 i._sys_write   0x00012890       0x54 ../../external/mbed/LPC1768/mbed.ar(stdio.LPC1768.o)
                0x00012890                _sys_write

i.closedir      0x000128e4        0x6
 i.closedir     0x000128e4        0x6 ../../external/mbed/LPC1768/mbed.ar(stdio.LPC1768.o)
                0x000128e4                closedir

i.opendir       0x000128ec       0x54
 i.opendir      0x000128ec       0x54 ../../external/mbed/LPC1768/mbed.ar(stdio.LPC1768.o)
                0x000128ec                opendir

i.readdir       0x00012940        0x6
 i.readdir      0x00012940        0x6 ../../external/mbed/LPC1768/mbed.ar(stdio.LPC1768.o)
                0x00012940                readdir

i.remove        0x00012948       0x50
 i.remove       0x00012948       0x50 ../../external/mbed/LPC1768/mbed.ar(stdio.LPC1768.o)
                0x00012948                remove

i._ZN4mbed10FileHandle4flenEv
                0x00012998       0x3a
 i._ZN4mbed10FileHandle4flenEv
                0x00012998       0x3a ../../external/mbed/LPC1768/mbed.ar(stdio.LPC1768.o)
                0x00012998                _ZN4mbed10FileHandle4flenEv

i._ZN4mbed3SPI15get_rpc_methodsEv
                0x000129d4        0x8
 i._ZN4mbed3SPI15get_rpc_methodsEv
                0x000129d4        0x8 ../../external/mbed/LPC1768/mbed.ar(SPI.LPC1768.o)
                0x000129d4                _ZN4mbed3SPI15get_rpc_methodsEv

i._ZN4mbed3SPI5writeEi
                0x000129dc       0x16
 i._ZN4mbed3SPI5writeEi
                0x000129dc       0x16 ../../external/mbed/LPC1768/mbed.ar(SPI.LPC1768.o)
                0x000129dc                _ZN4mbed3SPI5writeEi

i._ZN4mbed3SPI6aquireEv
                0x000129f4       0x2c
 i._ZN4mbed3SPI6aquireEv
                0x000129f4       0x2c ../../external/mbed/LPC1768/mbed.ar(SPI.LPC1768.o)
                0x000129f4                _ZN4mbed3SPI6aquireEv

i._ZN4mbed3SPI6formatEii
                0x00012a20       0x14
 i._ZN4mbed3SPI6formatEii
                0x00012a20       0x14 ../../external/mbed/LPC1768/mbed.ar(SPI.LPC1768.o)
                0x00012a20                _ZN4mbed3SPI6formatEii

i._ZN4mbed3SPI9frequencyEi
                0x00012a34       0x10
 i._ZN4mbed3SPI9frequencyEi
                0x00012a34       0x10 ../../external/mbed/LPC1768/mbed.ar(SPI.LPC1768.o)
                0x00012a34                _ZN4mbed3SPI9frequencyEi

i._ZN4mbed3SPIC1E7PinNameS1_S1_PKc
                0x00012a44       0x4c
 i._ZN4mbed3SPIC1E7PinNameS1_S1_PKc
                0x00012a44       0x4c ../../external/mbed/LPC1768/mbed.ar(SPI.LPC1768.o)
                0x00012a44                _ZN4mbed3SPIC1E7PinNameS1_S1_PKc
                0x00012a44                _ZN4mbed3SPIC2E7PinNameS1_S1_PKc

i._ZN4mbed3SPID1Ev
                0x00012a90        0x4
 i._ZN4mbed3SPID1Ev
                0x00012a90        0x4 ../../external/mbed/LPC1768/mbed.ar(SPI.LPC1768.o)
                0x00012a90                _ZN4mbed3SPID1Ev
                0x00012a90                _ZN4mbed3SPID2Ev

i._ZN4mbed9parse_argI7PinNameEET_PKcPS4_
                0x00012a94       0xf0
 i._ZN4mbed9parse_argI7PinNameEET_PKcPS4_
                0x00012a94       0xf0 ../../external/mbed/LPC1768/mbed.ar(SPI.LPC1768.o)
                0x00012a94                _ZN4mbed9parse_argI7PinNameEET_PKcPS4_

t._ZN4mbed17rpc_method_callerINS_3SPIEiiXadL_ZNS1_6formatEiiEEEEvPNS_4BaseEPKcPc
                0x00012b84       0x84
 t._ZN4mbed17rpc_method_callerINS_3SPIEiiXadL_ZNS1_6formatEiiEEEEvPNS_4BaseEPKcPc
                0x00012b84       0x84 ../../external/mbed/LPC1768/mbed.ar(SPI.LPC1768.o)
                0x00012b84                _ZN4mbed17rpc_method_callerINS_3SPIEiiXadL_ZNS1_6formatEiiEEEEvPNS_4BaseEPKcPc

t._ZN4mbed17rpc_method_callerINS_3SPIEiXadL_ZNS1_9frequencyEiEEEEvPNS_4BaseEPKcPc
                0x00012c08       0x50
 t._ZN4mbed17rpc_method_callerINS_3SPIEiXadL_ZNS1_9frequencyEiEEEEvPNS_4BaseEPKcPc
                0x00012c08       0x50 ../../external/mbed/LPC1768/mbed.ar(SPI.LPC1768.o)
                0x00012c08                _ZN4mbed17rpc_method_callerINS_3SPIEiXadL_ZNS1_9frequencyEiEEEEvPNS_4BaseEPKcPc

t._ZN4mbed17rpc_method_callerIiNS_3SPIEiXadL_ZNS1_5writeEiEEEEvPNS_4BaseEPKcPc
                0x00012c58       0x5c
 t._ZN4mbed17rpc_method_callerIiNS_3SPIEiXadL_ZNS1_5writeEiEEEEvPNS_4BaseEPKcPc
                0x00012c58       0x5c ../../external/mbed/LPC1768/mbed.ar(SPI.LPC1768.o)
                0x00012c58                _ZN4mbed17rpc_method_callerIiNS_3SPIEiXadL_ZNS1_5writeEiEEEEvPNS_4BaseEPKcPc

t._ZN4mbed19rpc_function_callerIPKc7PinNameS3_S3_S2_XadL_ZNS_4Base9constructINS_3SPIES3_S3_S3_S2_EES2_T0_T1_T2_T3_EEEEvS2_Pc
                0x00012cb4      0x1cc
 t._ZN4mbed19rpc_function_callerIPKc7PinNameS3_S3_S2_XadL_ZNS_4Base9constructINS_3SPIES3_S3_S3_S2_EES2_T0_T1_T2_T3_EEEEvS2_Pc
                0x00012cb4      0x1cc ../../external/mbed/LPC1768/mbed.ar(SPI.LPC1768.o)
                0x00012cb4                _ZN4mbed19rpc_function_callerIPKc7PinNameS3_S3_S2_XadL_ZNS_4Base9constructINS_3SPIES3_S3_S3_S2_EES2_T0_T1_T2_T3_EEEEvS2_Pc

i._ZN4mbed3SPID0Ev
                0x00012e80        0xe
 i._ZN4mbed3SPID0Ev
                0x00012e80        0xe ../../external/mbed/LPC1768/mbed.ar(SPI.LPC1768.o)
                0x00012e80                _ZN4mbed3SPID0Ev

i._ZN4mbed8next_argEPKc
                0x00012e8e       0x2c
 i._ZN4mbed8next_argEPKc
                0x00012e8e       0x2c ../../external/mbed/LPC1768/mbed.ar(SPI.LPC1768.o)
                0x00012e8e                _ZN4mbed8next_argEPKc

i.<Func4>       0x00012eba        0x6
 i.<Func4>      0x00012eba        0x6 ../../external/mbed/LPC1768/mbed.ar(Serial.LPC1768.o)

i._ZN4mbed6Serial15get_rpc_methodsEv
                0x00012ec0        0x8
 i._ZN4mbed6Serial15get_rpc_methodsEv
                0x00012ec0        0x8 ../../external/mbed/LPC1768/mbed.ar(Serial.LPC1768.o)
                0x00012ec0                _ZN4mbed6Serial15get_rpc_methodsEv

i._ZN4mbed6Serial4baudEi
                0x00012ec8        0x6
 i._ZN4mbed6Serial4baudEi
                0x00012ec8        0x6 ../../external/mbed/LPC1768/mbed.ar(Serial.LPC1768.o)
                0x00012ec8                _ZN4mbed6Serial4baudEi

i._ZN4mbed6Serial5_getcEv
                0x00012ece        0x6
 i._ZN4mbed6Serial5_getcEv
                0x00012ece        0x6 ../../external/mbed/LPC1768/mbed.ar(Serial.LPC1768.o)
                0x00012ece                _ZN4mbed6Serial5_getcEv

i._ZN4mbed6Serial5_putcEi
                0x00012ed4        0xe
 i._ZN4mbed6Serial5_putcEi
                0x00012ed4        0xe ../../external/mbed/LPC1768/mbed.ar(Serial.LPC1768.o)
                0x00012ed4                _ZN4mbed6Serial5_putcEi

i._ZN4mbed6Serial8readableEv
                0x00012ee2        0x6
 i._ZN4mbed6Serial8readableEv
                0x00012ee2        0x6 ../../external/mbed/LPC1768/mbed.ar(Serial.LPC1768.o)
                0x00012ee2                _ZN4mbed6Serial8readableEv

i._ZN4mbed6Serial9writeableEv
                0x00012ee8        0x6
 i._ZN4mbed6Serial9writeableEv
                0x00012ee8        0x6 ../../external/mbed/LPC1768/mbed.ar(Serial.LPC1768.o)
                0x00012ee8                _ZN4mbed6Serial9writeableEv

i._ZN4mbed6SerialC1E7PinNameS1_PKc
                0x00012ef0       0x90
 i._ZN4mbed6SerialC1E7PinNameS1_PKc
                0x00012ef0       0x90 ../../external/mbed/LPC1768/mbed.ar(Serial.LPC1768.o)
                0x00012ef0                _ZN4mbed6SerialC2E7PinNameS1_PKc
                0x00012ef0                _ZN4mbed6SerialC1E7PinNameS1_PKc

i._ZN4mbed6SerialD1Ev
                0x00012f80        0x4
 i._ZN4mbed6SerialD1Ev
                0x00012f80        0x4 ../../external/mbed/LPC1768/mbed.ar(Serial.LPC1768.o)
                0x00012f80                _ZN4mbed6SerialD1Ev
                0x00012f80                _ZN4mbed6SerialD2Ev

t._ZN4mbed17rpc_method_callerINS_6SerialEiXadL_ZNS1_4baudEiEEEEvPNS_4BaseEPKcPc
                0x00012f84       0x78
 t._ZN4mbed17rpc_method_callerINS_6SerialEiXadL_ZNS1_4baudEiEEEEvPNS_4BaseEPKcPc
                0x00012f84       0x78 ../../external/mbed/LPC1768/mbed.ar(Serial.LPC1768.o)
                0x00012f84                _ZN4mbed17rpc_method_callerINS_6SerialEiXadL_ZNS1_4baudEiEEEEvPNS_4BaseEPKcPc

t._ZN4mbed17rpc_method_callerIiNS_6SerialEXadL_ZNS1_8readableEvEEEEvPNS_4BaseEPKcPc
                0x00012ffc       0x38
 t._ZN4mbed17rpc_method_callerIiNS_6SerialEXadL_ZNS1_8readableEvEEEEvPNS_4BaseEPKcPc
                0x00012ffc       0x38 ../../external/mbed/LPC1768/mbed.ar(Serial.LPC1768.o)
                0x00012ffc                _ZN4mbed17rpc_method_callerIiNS_6SerialEXadL_ZNS1_8readableEvEEEEvPNS_4BaseEPKcPc

t._ZN4mbed17rpc_method_callerIiNS_6SerialEXadL_ZNS1_9writeableEvEEEEvPNS_4BaseEPKcPc
                0x00013034       0x38
 t._ZN4mbed17rpc_method_callerIiNS_6SerialEXadL_ZNS1_9writeableEvEEEEvPNS_4BaseEPKcPc
                0x00013034       0x38 ../../external/mbed/LPC1768/mbed.ar(Serial.LPC1768.o)
                0x00013034                _ZN4mbed17rpc_method_callerIiNS_6SerialEXadL_ZNS1_9writeableEvEEEEvPNS_4BaseEPKcPc

t._ZN4mbed9rpc_superINS_6StreamEEEPKNS_10rpc_methodEPNS_4BaseE
                0x0001306c        0x4
 t._ZN4mbed9rpc_superINS_6StreamEEEPKNS_10rpc_methodEPNS_4BaseE
                0x0001306c        0x4 ../../external/mbed/LPC1768/mbed.ar(Serial.LPC1768.o)
                0x0001306c                _ZN4mbed9rpc_superINS_6StreamEEEPKNS_10rpc_methodEPNS_4BaseE

i._ZN4mbed6SerialD0Ev
                0x00013070        0xe
 i._ZN4mbed6SerialD0Ev
                0x00013070        0xe ../../external/mbed/LPC1768/mbed.ar(Serial.LPC1768.o)
                0x00013070                _ZN4mbed6SerialD0Ev

i._ZN4mbed6Stream15get_rpc_methodsEv
                0x00013080        0x8
 i._ZN4mbed6Stream15get_rpc_methodsEv
                0x00013080        0x8 ../../external/mbed/LPC1768/mbed.ar(Stream.LPC1768.o)
                0x00013080                _ZN4mbed6Stream15get_rpc_methodsEv

i._ZN4mbed6Stream4flenEv
                0x00013088        0x4
 i._ZN4mbed6Stream4flenEv
                0x00013088        0x4 ../../external/mbed/LPC1768/mbed.ar(Stream.LPC1768.o)
                0x00013088                _ZN4mbed6Stream4flenEv

i._ZN4mbed6Stream4readEPvj
                0x0001308c       0x2a
 i._ZN4mbed6Stream4readEPvj
                0x0001308c       0x2a ../../external/mbed/LPC1768/mbed.ar(Stream.LPC1768.o)
                0x0001308c                _ZN4mbed6Stream4readEPvj

i._ZN4mbed6Stream5closeEv
                0x000130b6        0x4
 i._ZN4mbed6Stream5closeEv
                0x000130b6        0x4 ../../external/mbed/LPC1768/mbed.ar(Stream.LPC1768.o)
                0x000130b6                _ZN4mbed6Stream5closeEv

i._ZN4mbed6Stream5fsyncEv
                0x000130ba        0x4
 i._ZN4mbed6Stream5fsyncEv
                0x000130ba        0x4 ../../external/mbed/LPC1768/mbed.ar(Stream.LPC1768.o)
                0x000130ba                _ZN4mbed6Stream5fsyncEv

i._ZN4mbed6Stream5lseekEli
                0x000130be        0x4
 i._ZN4mbed6Stream5lseekEli
                0x000130be        0x4 ../../external/mbed/LPC1768/mbed.ar(Stream.LPC1768.o)
                0x000130be                _ZN4mbed6Stream5lseekEli

i._ZN4mbed6Stream5writeEPKvj
                0x000130c2       0x2a
 i._ZN4mbed6Stream5writeEPKvj
                0x000130c2       0x2a ../../external/mbed/LPC1768/mbed.ar(Stream.LPC1768.o)
                0x000130c2                _ZN4mbed6Stream5writeEPKvj

i._ZN4mbed6Stream6isattyEv
                0x000130ec        0x4
 i._ZN4mbed6Stream6isattyEv
                0x000130ec        0x4 ../../external/mbed/LPC1768/mbed.ar(Stream.LPC1768.o)
                0x000130ec                _ZN4mbed6Stream6isattyEv

i._ZN4mbed6StreamC2EPKc
                0x000130f0       0x40
 i._ZN4mbed6StreamC2EPKc
                0x000130f0       0x40 ../../external/mbed/LPC1768/mbed.ar(Stream.LPC1768.o)
                0x000130f0                _ZN4mbed6StreamC2EPKc

i._ZN4mbed6StreamD0Ev
                0x00013130       0x24
 i._ZN4mbed6StreamD0Ev
                0x00013130       0x24 ../../external/mbed/LPC1768/mbed.ar(Stream.LPC1768.o)
                0x00013130                _ZN4mbed6StreamD0Ev

i._ZN4mbed6StreamD2Ev
                0x00013154       0x20
 i._ZN4mbed6StreamD2Ev
                0x00013154       0x20 ../../external/mbed/LPC1768/mbed.ar(Stream.LPC1768.o)
                0x00013154                _ZN4mbed6StreamD1Ev
                0x00013154                _ZN4mbed6StreamD2Ev

i._ZThn16_N4mbed6Stream4flenEv
                0x00013174        0x4
 i._ZThn16_N4mbed6Stream4flenEv
                0x00013174        0x4 ../../external/mbed/LPC1768/mbed.ar(Stream.LPC1768.o)
                0x00013174                _ZThn16_N4mbed6Stream4flenEv

i._ZThn16_N4mbed6Stream4readEPvj
                0x00013178       0x2c
 i._ZThn16_N4mbed6Stream4readEPvj
                0x00013178       0x2c ../../external/mbed/LPC1768/mbed.ar(Stream.LPC1768.o)